******************************************************************************
                  TI ARM Linker PC v18.12.4                    
******************************************************************************
>> Linked Tue Jan  5 23:35:01 2021

OUTPUT FILE NAME:   <pwm_with_led2.out>
ENTRY POINT SYMBOL: "resetISR"  address: 000049d5


MEMORY CONFIGURATION

         name            origin    length      used     unused   attr    fill
----------------------  --------  ---------  --------  --------  ----  --------
  MAIN                  00000000   00040000  00004cd9  0003b327  R  X
  INFO                  00200000   00004000  00000000  00004000  R  X
  SRAM_CODE             01000000   00010000  00009181  00006e7f  RW X
  SRAM_DATA             20000000   00010000  00009181  00006e7f  RW  


SEGMENT ALLOCATION MAP

run origin  load origin   length   init length attrs members
----------  ----------- ---------- ----------- ----- -------
00000000    00000000    00004ce0   00004ce0    r-x
  00000000    00000000    00000144   00000144    r-- .intvecs
  00000144    00000144    000049c6   000049c6    r-x .text
  00004b0c    00004b0c    00000117   00000117    r-- .const
  00004c28    00004c28    000000b8   000000b8    r-- .cinit
20000000    20000000    00008c99   00000000    rw-
  20000000    20000000    00008194   00000000    rw- .bss
  20008194    20008194    00000b05   00000000    rw- .data
20009000    20009000    000000e8   00000000    rw-
  20009000    20009000    000000e8   00000000    rw- .vtable
2000fc00    2000fc00    00000400   00000000    rw-
  2000fc00    2000fc00    00000400   00000000    rw- .stack


SECTION ALLOCATION MAP

 output                                  attributes/
section   page    origin      length       input sections
--------  ----  ----------  ----------   ----------------
.text      0    00000144    000049c6     
                  00000144    000002f8     drivers_msp432p401x.aem4f : PowerMSP432.oem4f (.text:Power_sleep)
                  0000043c    00000288                               : PowerMSP432.oem4f (.text:initPerfControl)
                  000006c4    00000208                               : PWMTimerMSP432.oem4f (.text:PWMTimerMSP432_open)
                  000008cc    000001b8     freertos_builds_MSP_EXP432P401R_release_ccs.lib : queue.obj (.text:xQueueGenericSend)
                  00000a84    000001ac                                                     : heap_4.obj (.text:pvPortMalloc)
                  00000c30    00000180                                                     : queue.obj (.text:xQueueReceive)
                  00000db0    00000164                                                     : timers.obj (.text:prvProcessReceivedCommands)
                  00000f14    00000140                                                     : tasks.obj (.text:xTaskIncrementTick)
                  00001054    00000138                                                     : pthread.obj (.text:pthread_create)
                  0000118c    00000128                                                     : queue.obj (.text:xQueueGenericSendFromISR)
                  000012b4    00000120                                                     : tasks.obj (.text:prvInitialiseNewTask)
                  000013d4    0000011c                                                     : tasks.obj (.text:xTaskResumeAll)
                  000014f0    00000118                                                     : tasks.obj (.text:vTaskSuspend)
                  00001608    00000114     drivers_msp432p401x.aem4f : PWMTimerMSP432.oem4f (.text:PWMTimerMSP432_setPeriod)
                  0000171c    00000104     msp432p4xx_driverlib.lib : cs.o (.text:_CSComputeCLKFrequency)
                  00001820    00000100     freertos_builds_MSP_EXP432P401R_release_ccs.lib : tasks.obj (.text:vTaskDelete)
                  00001920    000000f8     msp432p4xx_driverlib.lib : cs.o (.text:CS_getDCOFrequency)
                  00001a18    000000e4                              : cs.o (.text:CS_startHFXTWithTimeout)
                  00001afc    000000e0                              : cs.o (.text:CS_startLFXTWithTimeout)
                  00001bdc    000000dc                              : cs.o (.text:_CSGetHFXTFrequency)
                  00001cb8    000000dc     freertos_builds_MSP_EXP432P401R_release_ccs.lib : tasks.obj (.text:vTaskSwitchContext)
                  00001d94    000000da                                                     : portasm.obj (.text)
                  00001e6e    00000002     ti_drivers_config.obj (.text:Board_initHook)
                  00001e70    000000d0     freertos_builds_MSP_EXP432P401R_release_ccs.lib : port.obj (.text:xPortStartScheduler)
                  00001f40    000000d0                                                     : tasks.obj (.text:xTaskPriorityDisinherit)
                  00002010    000000c4                                                     : tasks.obj (.text:prvAddNewTaskToReadyList)
                  000020d4    000000be                                                     : queue.obj (.text:prvCopyDataToQueue)
                  00002192    00000002     drivers_msp432p401x.aem4f : PWMTimerMSP432.oem4f (.text:PWMTimerMSP432_init)
                  00002194    000000bc     freertos_builds_MSP_EXP432P401R_release_ccs.lib : heap_4.obj (.text:prvHeapInit)
                  00002250    000000bc                                                     : timers.obj (.text:prvSwitchTimerLists)
                  0000230c    000000b8                                                     : queue.obj (.text:xQueueGenericReset)
                  000023c4    000000b4                                                     : tasks.obj (.text:xTaskCheckForTimeOut)
                  00002478    000000b0                                                     : tasks.obj (.text:prvAddCurrentTaskToDelayedList)
                  00002528    000000ae                                                     : queue.obj (.text:prvUnlockQueue)
                  000025d6    00000002                                                     : PowerMSP432_freertos.obj (.text:PowerMSP432_initPolicy)
                  000025d8    000000a8                                                     : heap_4.obj (.text:prvInsertBlockIntoFreeList)
                  00002680    000000a8                                                     : heap_4.obj (.text:vPortFree)
                  00002728    000000a8                                                     : queue.obj (.text:xQueueGenericCreate)
                  000027d0    000000a8                                                     : tasks.obj (.text:xTaskRemoveFromEventList)
                  00002878    000000a4     drivers_msp432p401x.aem4f : PWMTimerMSP432.oem4f (.text:PWMTimerMSP432_stop)
                  0000291c    0000009c                               : PowerMSP432.oem4f (.text:Power_init)
                  000029b8    0000009c     pwm_led.obj (.text:mainThread)
                  00002a54    0000009c     rtsv7M4_T_le_v4SPD16_eabi.lib : memcpy_t2.asm.obj (.text)
                  00002af0    0000009c     pwm_led.obj (.text:secondThread)
                  00002b8c    0000009c     freertos_builds_MSP_EXP432P401R_release_ccs.lib : tasks.obj (.text:vTaskStartScheduler)
                  00002c28    00000096     rtsv7M4_T_le_v4SPD16_eabi.lib : ull_div_t2.asm.obj (.text)
                  00002cbe    00000002     freertos_builds_MSP_EXP432P401R_release_ccs.lib : startup_msp432_ccs.obj (.text:defaultISR)
                  00002cc0    00000094     drivers_msp432p401x.aem4f : PWMTimerMSP432.oem4f (.text:PWMTimerMSP432_setDuty)
                  00002d54    00000094     msp432p4xx_driverlib.lib : sysctl_a.o (.text:SysCtl_A_getTLVInfo)
                  00002de8    00000088     drivers_msp432p401x.aem4f : PWMTimerMSP432.oem4f (.text:PWMTimerMSP432_close)
                  00002e70    00000088     freertos_builds_MSP_EXP432P401R_release_ccs.lib : timers.obj (.text:prvProcessTimerOrBlockTask)
                  00002ef8    00000084     drivers_msp432p401x.aem4f : PWMTimerMSP432.oem4f (.text:PWMTimerMSP432_start)
                  00002f7c    00000084                               : PowerMSP432.oem4f (.text:restartHFXT)
                  00003000    00000084     freertos_builds_MSP_EXP432P401R_release_ccs.lib : timers.obj (.text:xTimerGenericCommand)
                  00003084    00000080     msp432p4xx_driverlib.lib : interrupt.o (.text:Interrupt_enableInterrupt)
                  00003104    00000080     freertos_builds_MSP_EXP432P401R_release_ccs.lib : timers.obj (.text:prvProcessExpiredTimer)
                  00003184    0000007c     msp432p4xx_driverlib.lib : cs.o (.text:_CSGetDOCFrequency)
                  00003200    0000007c     main_freertos.obj (.text:main)
                  0000327c    0000007c     drivers_msp432p401x.aem4f : PWMTimerMSP432.oem4f (.text:setConstraints)
                  000032f8    0000007a     freertos_builds_MSP_EXP432P401R_release_ccs.lib : pthread.obj (.text:removeThreadKeys)
                  00003372    0000007a     rtsv7M4_T_le_v4SPD16_eabi.lib : memset_t2.asm.obj (.text)
                  000033ec    0000007a     freertos_builds_MSP_EXP432P401R_release_ccs.lib : tasks.obj (.text:xTaskCreate)
                  00003466    00000002                                                     : startup_msp432_ccs.obj (.text:faultISR)
                  00003468    00000078     drivers_msp432p401x.aem4f : TimerMSP432.oem4f (.text:TimerMSP432_allocateTimerResource)
                  000034e0    00000078     freertos_builds_MSP_EXP432P401R_release_ccs.lib : timers.obj (.text:prvInsertTimerInActiveList)
                  00003558    00000078                                                     : port.obj (.text:vPortSetupTimerInterrupt)
                  000035d0    00000074                                                     : tasks.obj (.text:prvInitialiseTaskLists)
                  00003644    00000074                                                     : port.obj (.text:vPortValidateInterruptPriority)
                  000036b8    0000006a     drivers_msp432p401x.aem4f : PWMTimerMSP432.oem4f (.text:perfChangeNotifyFxn)
                  00003722    00000002     freertos_builds_MSP_EXP432P401R_release_ccs.lib : startup_msp432_ccs.obj (.text:nmiISR)
                  00003724    00000068     drivers_msp432p401x.aem4f : PowerMSP432.oem4f (.text:PowerMSP432_getFreqs)
                  0000378c    00000068     rtsv7M4_T_le_v4SPD16_eabi.lib : copy_decompress_lzss.c.obj (.text:decompress:lzss:__TI_decompress_lzss)
                  000037f4    00000068     drivers_msp432p401x.aem4f : PWMTimerMSP432.oem4f (.text:initHw)
                  0000385c    00000066     freertos_builds_MSP_EXP432P401R_release_ccs.lib : list.obj (.text:vListInsert)
                  000038c2    00000002     rtsv7M4_T_le_v4SPD16_eabi.lib : div0.asm.obj (.text)
                  000038c4    00000064     freertos_builds_MSP_EXP432P401R_release_ccs.lib : tasks.obj (.text:prvGetExpectedIdleTime)
                  00003928    00000062     msp432p4xx_driverlib.lib : cs.o (.text:_CSGetDividerValue)
                  0000398a    00000002     main_freertos.obj (.text:vApplicationMallocFailedHook)
                  0000398c    00000060     freertos_builds_MSP_EXP432P401R_release_ccs.lib : HwiPMSP432_freertos.obj (.text:HwiP_create)
                  000039ec    00000060                                                     : port.obj (.text:pxPortInitialiseStack)
                  00003a4c    0000005c     msp432p4xx_driverlib.lib : interrupt.o (.text:Interrupt_registerInterrupt)
                  00003aa8    0000005c     freertos_builds_MSP_EXP432P401R_release_ccs.lib : tasks.obj (.text:prvIdleTask)
                  00003b04    0000005c                                                     : pthread.obj (.text:pthread_exit)
                  00003b60    0000005c                                                     : queue.obj (.text:vQueueWaitForMessageRestricted)
                  00003bbc    0000005c                                                     : tasks.obj (.text:vTaskDelay)
                  00003c18    00000054     msp432p4xx_driverlib.lib : interrupt.o (.text:Interrupt_setPriority)
                  00003c6c    00000054     drivers_msp432p401x.aem4f : TimerMSP432.oem4f (.text:TimerMSP432_freeTimerResource)
                  00003cc0    00000054     freertos_builds_MSP_EXP432P401R_release_ccs.lib : timers.obj (.text:xTimerCreateTimerTask)
                  00003d14    0000004c                                                     : timers.obj (.text:prvCheckForValidListAndQueue)
                  00003d60    0000004c                                                     : tasks.obj (.text:prvCheckTasksWaitingTermination)
                  00003dac    0000004c                                                     : port.obj (.text:vPortEnterCritical)
                  00003df8    0000004c                                                     : tasks.obj (.text:vTaskSetThreadLocalStoragePointer)
                  00003e44    00000048                                                     : HwiPMSP432_freertos.obj (.text:HwiP_dispatch)
                  00003e8c    00000048     drivers_msp432p401x.aem4f : PowerMSP432.oem4f (.text:Power_releaseConstraint)
                  00003ed4    00000048     freertos_builds_MSP_EXP432P401R_release_ccs.lib : list.obj (.text:uxListRemove)
                  00003f1c    00000044     drivers_msp432p401x.aem4f : PWM.oem4f (.text:PWM_init)
                  00003f60    00000044     rtsv7M4_T_le_v4SPD16_eabi.lib : autoinit.c.obj (.text:__TI_auto_init_nobinit_nopinit:__TI_auto_init_nobinit_nopinit)
                  00003fa4    00000044     freertos_builds_MSP_EXP432P401R_release_ccs.lib : queue.obj (.text:prvInitialiseNewQueue)
                  00003fe8    00000040     drivers_msp432p401x.aem4f : PWM.oem4f (.text:PWM_open)
                  00004028    00000040     freertos_builds_MSP_EXP432P401R_release_ccs.lib : aeabi_portable.obj (.text:__aeabi_errno_addr)
                  00004068    00000040     drivers_msp432p401x.aem4f : PWMTimerMSP432.oem4f (.text:getDutyCounts)
                  000040a8    00000040                               : PWMTimerMSP432.oem4f (.text:getPeriodCounts)
                  000040e8    00000040     freertos_builds_MSP_EXP432P401R_release_ccs.lib : tasks.obj (.text:vTaskPlaceOnEventListRestricted)
                  00004128    0000003e                                                     : pthread.obj (.text:pthread_setcancelstate)
                  00004166    0000003c                                                     : queue.obj (.text:prvCopyDataFromQueue)
                  000041a2    00000002     --HOLE-- [fill = 0]
                  000041a4    0000003c                                                     : tasks.obj (.text:pvTaskGetThreadLocalStoragePointer)
                  000041e0    0000003c                                                     : sleep.obj (.text:usleep)
                  0000421c    0000003c                                                     : list.obj (.text:vListInsertEnd)
                  00004258    0000003a                                                     : PowerMSP432_freertos.obj (.text:PowerMSP432_sleepPolicy)
                  00004292    00000002     --HOLE-- [fill = 0]
                  00004294    00000038     drivers_msp432p401x.aem4f : PowerMSP432.oem4f (.text:Power_setConstraint)
                  000042cc    00000038                               : PowerMSP432.oem4f (.text:notify)
                  00004304    00000038     freertos_builds_MSP_EXP432P401R_release_ccs.lib : timers.obj (.text:prvGetNextExpireTime)
                  0000433c    00000038                                                     : port.obj (.text:prvTaskExitError)
                  00004374    00000034     rtsv7M4_T_le_v4SPD16_eabi.lib : boot_cortex_m.c.obj (.text:_c_int00_noargs:_c_int00_noargs)
                  000043a8    00000034     freertos_builds_MSP_EXP432P401R_release_ccs.lib : timers.obj (.text:prvSampleTimeNow)
                  000043dc    00000034                                                     : tasks.obj (.text:vTaskPlaceOnEventList)
                  00004410    00000030     msp432p4xx_driverlib.lib : cs.o (.text:CS_clearInterruptFlag)
                  00004440    00000030     drivers_msp432p401x.aem4f : PWMTimerMSP432.oem4f (.text:mapPin)
                  00004470    00000030     freertos_builds_MSP_EXP432P401R_release_ccs.lib : tasks.obj (.text:prvResetNextTaskUnblockTime)
                  000044a0    00000030                                                     : list.obj (.text:vListInitialise)
                  000044d0    00000030                                                     : port.obj (.text:vPortExitCritical)
                  00004500    00000030                                                     : tasks.obj (.text:xTaskGetSchedulerState)
                  00004530    0000002c                                                     : HwiPMSP432_freertos.obj (.text:HwiP_disable)
                  0000455c    0000002c                                                     : tasks.obj (.text:vTaskSetApplicationTaskTag)
                  00004588    0000002c                                                     : port.obj (.text:xPortSysTickHandler)
                  000045b4    00000028     msp432p4xx_driverlib.lib : cs.o (.text:CS_getMCLK)
                  000045dc    00000028     drivers_msp432p401x.aem4f : PowerMSP432.oem4f (.text:Power_registerNotify)
                  00004604    00000028                               : PowerMSP432.oem4f (.text:disableFaultCounter)
                  0000462c    00000028                               : PowerMSP432.oem4f (.text:disableHFXT)
                  00004654    00000028     freertos_builds_MSP_EXP432P401R_release_ccs.lib : pthread.obj (.text:pthread_attr_setschedparam)
                  0000467c    00000028                                                     : tasks.obj (.text:xTaskGetApplicationTaskTag)
                  000046a4    00000026     drivers_msp432p401x.aem4f : List.oem4f (.text:List_put)
                  000046ca    00000026                               : List.oem4f (.text:List_remove)
                  000046f0    00000026     freertos_builds_MSP_EXP432P401R_release_ccs.lib : pthread.obj (.text:_pthread_cleanup_pop)
                  00004716    00000026                                                     : queue.obj (.text:prvIsQueueFull)
                  0000473c    00000026     drivers_msp432p401x.aem4f : PWMTimerMSP432.oem4f (.text:releaseConstraints)
                  00004762    00000024     freertos_builds_MSP_EXP432P401R_release_ccs.lib : queue.obj (.text:vQueueDelete)
                  00004786    00000002     --HOLE-- [fill = 0]
                  00004788    00000024                                                     : tasks.obj (.text:vTaskInternalSetTimeOutState)
                  000047ac    00000022                                                     : pthread.obj (.text:pthread_attr_setdetachstate)
                  000047ce    00000002     --HOLE-- [fill = 0]
                  000047d0    00000020     msp432p4xx_driverlib.lib : cs.o (.text:CS_setExternalClockSourceFrequency)
                  000047f0    00000020     freertos_builds_MSP_EXP432P401R_release_ccs.lib : HwiPMSP432_freertos.obj (.text:HwiP_restore)
                  00004810    00000020     drivers_msp432p401x.aem4f : PowerMSP432.oem4f (.text:Power_unregisterNotify)
                  00004830    00000020     freertos_builds_MSP_EXP432P401R_release_ccs.lib : queue.obj (.text:prvIsQueueEmpty)
                  00004850    0000001e                                                     : HwiPMSP432_freertos.obj (.text:HwiP_Params_init)
                  0000486e    0000001e                                                     : pthread.obj (.text:_pthread_runStub)
                  0000488c    0000001e     drivers_msp432p401x.aem4f : PWMTimerMSP432.oem4f (.text:corroboratePeriod)
                  000048aa    00000002     --HOLE-- [fill = 0]
                  000048ac    0000001c     freertos_builds_MSP_EXP432P401R_release_ccs.lib : pthread.obj (.text:pthread_attr_init)
                  000048c8    0000001a                                                     : PTLS.obj (.text:PTLS_taskDeleteHook)
                  000048e2    0000001a                                                     : timers.obj (.text:prvTimerTask)
                  000048fc    00000018     msp432p4xx_driverlib.lib : sysctl_a.o (.text:SysCtl_A_disableNMISource)
                  00004914    00000018                              : sysctl_a.o (.text:SysCtl_A_enableNMISource)
                  0000492c    00000018     drivers_msp432p401x.aem4f : PWMTimerMSP432.oem4f (.text:corroborateDuty)
                  00004944    00000016     freertos_builds_MSP_EXP432P401R_release_ccs.lib : PTLS.obj (.text:PTLS_getBuf)
                  0000495a    00000016                                                     : PTLS.obj (.text:PTLS_setBuf)
                  00004970    00000014     drivers_msp432p401x.aem4f : PWM.oem4f (.text:PWM_Params_init)
                  00004984    00000014                               : PowerMSP432.oem4f (.text:Power_idleFunc)
                  00004998    00000014     freertos_builds_MSP_EXP432P401R_release_ccs.lib : tasks.obj (.text:prvDeleteTCB)
                  000049ac    00000014                                                     : pthread.obj (.text:pthread_attr_setstacksize)
                  000049c0    00000014                                                     : pthread.obj (.text:pthread_self)
                  000049d4    00000014                                                     : startup_msp432_ccs.obj (.text:resetISR)
                  000049e8    00000014                                                     : tasks.obj (.text:xTaskGetCurrentTaskHandle)
                  000049fc    00000014                                                     : tasks.obj (.text:xTaskGetTickCount)
                  00004a10    00000010     drivers_msp432p401x.aem4f : PowerMSP432.oem4f (.text:PowerMSP432_getNumPerfLevels)
                  00004a20    00000010     msp432p4xx_driverlib.lib : sysctl_a.o (.text:SysCtl_A_getNMISourceStatus)
                  00004a30    00000010                              : sysctl.o (.text:SysCtl_getNMISourceStatus)
                  00004a40    00000010     freertos_builds_MSP_EXP432P401R_release_ccs.lib : list.obj (.text:vListInitialiseItem)
                  00004a50    00000010                                                     : tasks.obj (.text:vTaskSuspendAll)
                  00004a60    0000000e     rtsv7M4_T_le_v4SPD16_eabi.lib : copy_decompress_none.c.obj (.text:decompress:none:__TI_decompress_none)
                  00004a6e    0000000c     ti_drivers_config.obj (.text:Board_init)
                  00004a7a    0000000c     msp432p4xx_driverlib.lib : cpu.o (.text:CPU_cpsid)
                  00004a86    0000000c                              : cpu.o (.text:CPU_cpsie)
                  00004a92    00000002     --HOLE-- [fill = 0]
                  00004a94    0000000c     drivers_msp432p401x.aem4f : PowerMSP432.oem4f (.text:Power_getConstraintMask)
                  00004aa0    0000000c                               : PowerMSP432.oem4f (.text:Power_getPerformanceLevel)
                  00004aac    0000000c     rtsv7M4_T_le_v4SPD16_eabi.lib : copy_zero_init.c.obj (.text:decompress:ZI:__TI_zero_init)
                  00004ab8    0000000c     freertos_builds_MSP_EXP432P401R_release_ccs.lib : tasks.obj (.text:vTaskMissedYield)
                  00004ac4    0000000a     drivers_msp432p401x.aem4f : PWM.oem4f (.text:PWM_setDuty)
                  00004ace    0000000a                               : PWM.oem4f (.text:PWM_start)
                  00004ad8    0000000a     freertos_builds_MSP_EXP432P401R_release_ccs.lib : PowerMSP432_freertos.obj (.text:PowerMSP432_updateFreqs)
                  00004ae2    0000000a     main_freertos.obj (.text:vApplicationStackOverflowHook)
                  00004aec    0000000a     freertos_builds_MSP_EXP432P401R_release_ccs.lib : PowerMSP432_freertos.obj (.text:vPortSuppressTicksAndSleep)
                  00004af6    00000006     drivers_msp432p401x.aem4f : PWMTimerMSP432.oem4f (.text:PWMTimerMSP432_control)
                  00004afc    00000006                               : PWMTimerMSP432.oem4f (.text:PWMTimerMSP432_setDutyAndPeriod)
                  00004b02    00000004     rtsv7M4_T_le_v4SPD16_eabi.lib : pre_init.c.obj (.text:_system_pre_init)
                  00004b06    00000004                                   : exit.c.obj (.text:abort:abort)

.const     0    00004b0c    00000117     
                  00004b0c    00000050     msp432p4xx_driverlib.lib : interrupt.o (.const:g_pulRegs)
                  00004b5c    00000038     ti_drivers_config.obj (.const:PowerMSP432_config)
                  00004b94    00000024     drivers_msp432p401x.aem4f : PWMTimerMSP432.oem4f (.const:PWMTimerMSP432_fxnTable)
                  00004bb8    00000018     ti_drivers_config.obj (.const:PWM_config)
                  00004bd0    00000018     drivers_msp432p401x.aem4f : PWM.oem4f (.const:PWM_defaultParams)
                  00004be8    00000010                               : PWMTimerMSP432.oem4f (.const:pwmTimerBaseAddr)
                  00004bf8    00000010     ti_drivers_config.obj (.const:pwmTimerMSP432HWAttrs)
                  00004c08    00000008     freertos_builds_MSP_EXP432P401R_release_ccs.lib : port.obj (.const)
                  00004c10    00000008     msp432p4xx_driverlib.lib : interrupt.o (.const:g_pulEnRegs)
                  00004c18    00000004     freertos_builds_MSP_EXP432P401R_release_ccs.lib : pthread.obj (.const)
                  00004c1c    00000004                                                     : tasks.obj (.const)
                  00004c20    00000002                                                     : pthread.obj (.const:.string)
                  00004c22    00000001     ti_drivers_config.obj (.const)

.cinit     0    00004c28    000000b8     
                  00004c28    00000080     (.cinit..data.load) [load image, compression = lzss]
                  00004ca8    0000000c     (__TI_handler_table)
                  00004cb4    00000004     --HOLE-- [fill = 0]
                  00004cb8    00000008     (.cinit..bss.load) [load image, compression = zero_init]
                  00004cc0    00000008     (.cinit..vtable.load) [load image, compression = zero_init]
                  00004cc8    00000018     (__TI_cinit_table)

.init_array 
*          0    00000000    00000000     UNINITIALIZED

.intvecs   0    00000000    00000144     
                  00000000    00000144     freertos_builds_MSP_EXP432P401R_release_ccs.lib : startup_msp432_ccs.obj (.intvecs:retain)

.bss       0    20000000    00008194     UNINITIALIZED
                  20000000    00008000     freertos_builds_MSP_EXP432P401R_release_ccs.lib : heap_4.obj (.bss:ucHeap)
                  20008000    000000c8                                                     : tasks.obj (.bss:pxReadyTasksLists)
                  200080c8    00000018     (.common:pwmTimerMSP432Objects)
                  200080e0    00000014                                                     : timers.obj (.bss:xActiveTimerList1)
                  200080f4    00000014                                                     : timers.obj (.bss:xActiveTimerList2)
                  20008108    00000014                                                     : tasks.obj (.bss:xDelayedTaskList1)
                  2000811c    00000014                                                     : tasks.obj (.bss:xDelayedTaskList2)
                  20008130    00000014                                                     : tasks.obj (.bss:xPendingReadyList)
                  20008144    00000014                                                     : tasks.obj (.bss:xSuspendedTaskList)
                  20008158    00000014                                                     : tasks.obj (.bss:xTasksWaitingTermination)
                  2000816c    00000008                                                     : tasks.obj (.bss)
                  20008174    00000008                                                     : timers.obj (.bss)
                  2000817c    00000008     msp432p4xx_driverlib.lib : cs.o (.bss)
                  20008184    00000008     freertos_builds_MSP_EXP432P401R_release_ccs.lib : heap_4.obj (.bss:xStart)
                  2000818c    00000004                                                     : aeabi_portable.obj (.bss:main_reent)
                  20008190    00000004     drivers_msp432p401x.aem4f : TimerMSP432.oem4f (.bss:timerState)

.data      0    20008194    00000b05     UNINITIALIZED
                  20008194    00000800     freertos_builds_MSP_EXP432P401R_release_ccs.lib : HwiPMSP432_freertos.obj (.data:HwiP_dispatchTable)
                  20008994    00000140     drivers_msp432p401x.aem4f : PowerMSP432.oem4f (.data:PowerMSP432_perfLevels)
                  20008ad4    00000110                               : PWMTimerMSP432.oem4f (.data:pwmTimerStatus)
                  20008be4    00000034     freertos_builds_MSP_EXP432P401R_release_ccs.lib : tasks.obj (.data)
                  20008c18    0000002c     drivers_msp432p401x.aem4f : PowerMSP432.oem4f (.data:PowerMSP432_module)
                  20008c44    00000018     freertos_builds_MSP_EXP432P401R_release_ccs.lib : heap_4.obj (.data)
                  20008c5c    00000018                                                     : port.obj (.data)
                  20008c74    00000014                                                     : pthread.obj (.data:defaultPthreadAttrs)
                  20008c88    0000000c                                                     : timers.obj (.data)
                  20008c94    00000004                                                     : HwiPMSP432_freertos.obj (.data)
                  20008c98    00000001     drivers_msp432p401x.aem4f : PWM.oem4f (.data)

.vtable    0    20009000    000000e8     UNINITIALIZED
                  20009000    000000e8     msp432p4xx_driverlib.lib : interrupt.o (.vtable)

.stack     0    2000fc00    00000400     UNINITIALIZED
                  2000fc00    00000004     rtsv7M4_T_le_v4SPD16_eabi.lib : boot_cortex_m.c.obj (.stack)
                  2000fc04    000003fc     --HOLE--

.binit     0    00000000    00000000     

MODULE SUMMARY

       Module                       code    ro data   rw data
       ------                       ----    -------   -------
    .\
       pwm_led.obj                  312     0         0      
       main_freertos.obj            136     0         0      
    +--+----------------------------+-------+---------+---------+
       Total:                       448     0         0      
                                                             
    .\syscfg\
       ti_drivers_config.obj        14      97        48     
    +--+----------------------------+-------+---------+---------+
       Total:                       14      97        48     
                                                             
    C:/Users/Jesus Minjares/Desktop/MSP432 FreeRTOS/freertos_builds_MSP_EXP432P401R_release_ccs/Debug/freertos_builds_MSP_EXP432P401R_release_ccs.lib
       heap_4.obj                   952     0         65600  
       tasks.obj                    3886    4         720    
       HwiPMSP432_freertos.obj      274     0         4104   
       queue.obj                    2162    0         0      
       timers.obj                   1354    0         120    
       pthread.obj                  798     6         40     
       port.obj                     764     8         48     
       startup_msp432_ccs.obj       26      324       0      
       list.obj                     298     0         0      
       portasm.obj                  218     0         0      
       PowerMSP432_freertos.obj     80      0         0      
       aeabi_portable.obj           64      0         8      
       PTLS.obj                     70      0         0      
       sleep.obj                    60      0         0      
    +--+----------------------------+-------+---------+---------+
       Total:                       11006   342       70640  
                                                             
    C:/ti/simplelink_msp432p4_sdk_3_40_01_02/source/ti/devices/msp432p4xx/driverlib/ccs/msp432p4xx_driverlib.lib
       cs.o                         1522    0         16     
       interrupt.o                  304     88        464    
       sysctl_a.o                   212     0         0      
       cpu.o                        24      0         0      
       sysctl.o                     16      0         0      
    +--+----------------------------+-------+---------+---------+
       Total:                       2078    88        480    
                                                             
    C:/ti/simplelink_msp432p4_sdk_3_40_01_02/source/ti/drivers/lib/drivers_msp432p401x.aem4f
       PowerMSP432.oem4f            2196    0         728    
       PWMTimerMSP432.oem4f         1992    52        544    
       TimerMSP432.oem4f            204     0         8      
       PWM.oem4f                    172     24        2      
       List.oem4f                   76      0         0      
    +--+----------------------------+-------+---------+---------+
       Total:                       4640    76        1282   
                                                             
    C:\ti\ccs930\ccs\tools\compiler\ti-cgt-arm_18.12.4.LTS\lib\rtsv7M4_T_le_v4SPD16_eabi.lib
       memcpy_t2.asm.obj            156     0         0      
       ull_div_t2.asm.obj           150     0         0      
       memset_t2.asm.obj            122     0         0      
       copy_decompress_lzss.c.obj   104     0         0      
       autoinit.c.obj               68      0         0      
       boot_cortex_m.c.obj          52      0         0      
       copy_decompress_none.c.obj   14      0         0      
       copy_zero_init.c.obj         12      0         0      
       exit.c.obj                   4       0         0      
       pre_init.c.obj               4       0         0      
       div0.asm.obj                 2       0         0      
    +--+----------------------------+-------+---------+---------+
       Total:                       688     0         0      
                                                             
       Stack:                       0       0         2048   
       Linker Generated:            0       180       0      
    +--+----------------------------+-------+---------+---------+
       Grand Total:                 18874   783       74498  


LINKER GENERATED COPY TABLES

__TI_cinit_table @ 00004cc8 records: 3, size/record: 8, table size: 24
	.data: load addr=00004c28, load size=00000080 bytes, run addr=20008194, run size=00000b05 bytes, compression=lzss
	.bss: load addr=00004cb8, load size=00000008 bytes, run addr=20000000, run size=00008194 bytes, compression=zero_init
	.vtable: load addr=00004cc0, load size=00000008 bytes, run addr=20009000, run size=000000e8 bytes, compression=zero_init


LINKER GENERATED HANDLER TABLE

__TI_handler_table @ 00004ca8 records: 3, size/record: 4, table size: 12
	index: 0, handler: __TI_decompress_lzss
	index: 1, handler: __TI_decompress_none
	index: 2, handler: __TI_zero_init


GLOBAL SYMBOLS: SORTED ALPHABETICALLY BY Name 

address   name                              
-------   ----                              
00004a6f  Board_init                        
00001e6f  Board_initHook                    
00004b07  C$$EXIT                           
00004a7b  CPU_cpsid                         
00004a87  CPU_cpsie                         
00004411  CS_clearInterruptFlag             
00001921  CS_getDCOFrequency                
000045b5  CS_getMCLK                        
000047d1  CS_setExternalClockSourceFrequency
00001a19  CS_startHFXTWithTimeout           
00001afd  CS_startLFXTWithTimeout           
00004851  HwiP_Params_init                  
0000398d  HwiP_create                       
00004531  HwiP_disable                      
00003e45  HwiP_dispatch                     
20008194  HwiP_dispatchTable                
000047f1  HwiP_restore                      
00003085  Interrupt_enableInterrupt         
00003a4d  Interrupt_registerInterrupt       
00003c19  Interrupt_setPriority             
000046a5  List_put                          
000046cb  List_remove                       
00004945  PTLS_getBuf                       
0000495b  PTLS_setBuf                       
000048c9  PTLS_taskDeleteHook               
00002de9  PWMTimerMSP432_close              
00004af7  PWMTimerMSP432_control            
00004b94  PWMTimerMSP432_fxnTable           
00002193  PWMTimerMSP432_init               
000006c5  PWMTimerMSP432_open               
00002cc1  PWMTimerMSP432_setDuty            
00004afd  PWMTimerMSP432_setDutyAndPeriod   
00001609  PWMTimerMSP432_setPeriod          
00002ef9  PWMTimerMSP432_start              
00002879  PWMTimerMSP432_stop               
00004971  PWM_Params_init                   
00004bb8  PWM_config                        
00004c22  PWM_count                         
00004bd0  PWM_defaultParams                 
00003f1d  PWM_init                          
00003fe9  PWM_open                          
00004ac5  PWM_setDuty                       
00004acf  PWM_start                         
00004b5c  PowerMSP432_config                
00003725  PowerMSP432_getFreqs              
00004a11  PowerMSP432_getNumPerfLevels      
000025d7  PowerMSP432_initPolicy            
20008c18  PowerMSP432_module                
20008994  PowerMSP432_perfLevels            
00004259  PowerMSP432_sleepPolicy           
00004ad9  PowerMSP432_updateFreqs           
00004a95  Power_getConstraintMask           
00004aa1  Power_getPerformanceLevel         
00004985  Power_idleFunc                    
0000291d  Power_init                        
000045dd  Power_registerNotify              
00003e8d  Power_releaseConstraint           
00004295  Power_setConstraint               
00000145  Power_sleep                       
00004811  Power_unregisterNotify            
000048fd  SysCtl_A_disableNMISource         
00004915  SysCtl_A_enableNMISource          
00004a21  SysCtl_A_getNMISourceStatus       
00002d55  SysCtl_A_getTLVInfo               
00004a31  SysCtl_getNMISourceStatus         
00003469  TimerMSP432_allocateTimerResource 
00003c6d  TimerMSP432_freeTimerResource     
4000480c  WDTCTL_SYM                        
20010000  __STACK_END                       
00000400  __STACK_SIZE                      
00004cc8  __TI_CINIT_Base                   
00004ce0  __TI_CINIT_Limit                  
00004ca8  __TI_Handler_Table_Base           
00004cb4  __TI_Handler_Table_Limit          
00003f61  __TI_auto_init_nobinit_nopinit    
0000378d  __TI_decompress_lzss              
00004a61  __TI_decompress_none              
ffffffff  __TI_pprof_out_hndl               
ffffffff  __TI_prof_data_size               
ffffffff  __TI_prof_data_start              
00004c28  __TI_static_base__                
00004aad  __TI_zero_init                    
00004029  __aeabi_errno_addr                
000038c3  __aeabi_idiv0                     
000038c3  __aeabi_ldiv0                     
00003373  __aeabi_memclr                    
00003373  __aeabi_memclr4                   
00003373  __aeabi_memclr8                   
00002a55  __aeabi_memcpy                    
00002a55  __aeabi_memcpy4                   
00002a55  __aeabi_memcpy8                   
00003375  __aeabi_memset                    
00003375  __aeabi_memset4                   
00003375  __aeabi_memset8                   
00002c29  __aeabi_uldivmod                  
ffffffff  __binit__                         
ffffffff  __c_args__                        
UNDEFED   __mpu_init                        
2000fc00  __stack                           
00004375  _c_int00_noargs                   
000046f1  _pthread_cleanup_pop              
UNDEFED   _system_post_cinit                
00004b03  _system_pre_init                  
00004b07  abort                             
ffffffff  binit                             
20009000  g_pfnRAMVectors                   
00000000  interruptVectors                  
00003201  main                              
000029b9  mainThread                        
00002a55  memcpy                            
0000337b  memset                            
000048ad  pthread_attr_init                 
000047ad  pthread_attr_setdetachstate       
00004655  pthread_attr_setschedparam        
000049ad  pthread_attr_setstacksize         
00001055  pthread_create                    
00003b05  pthread_exit                      
000049c1  pthread_self                      
00004129  pthread_setcancelstate            
00000a85  pvPortMalloc                      
000041a5  pvTaskGetThreadLocalStoragePointer
00004bf8  pwmTimerMSP432HWAttrs             
200080c8  pwmTimerMSP432Objects             
20008be4  pxCurrentTCB                      
000039ed  pxPortInitialiseStack             
000049d5  resetISR                          
00002af1  secondThread                      
00004c08  ulMaxSyscallInterruptPriority     
00001da5  ulPortGetIPSR                     
000041e1  usleep                            
00003ed5  uxListRemove                      
00004c1c  uxTopUsedPriority                 
0000398b  vApplicationMallocFailedHook      
00004ae3  vApplicationStackOverflowHook     
000044a1  vListInitialise                   
00004a41  vListInitialiseItem               
0000385d  vListInsert                       
0000421d  vListInsertEnd                    
00001e61  vPortEnableVFP                    
00003dad  vPortEnterCritical                
000044d1  vPortExitCritical                 
00002681  vPortFree                         
00001e1d  vPortSVCHandler                   
00003559  vPortSetupTimerInterrupt          
00001e3d  vPortStartFirstTask               
00004aed  vPortSuppressTicksAndSleep        
00003645  vPortValidateInterruptPriority    
00004763  vQueueDelete                      
00003b61  vQueueWaitForMessageRestricted    
00003bbd  vTaskDelay                        
00001821  vTaskDelete                       
00004789  vTaskInternalSetTimeOutState      
00004ab9  vTaskMissedYield                  
000043dd  vTaskPlaceOnEventList             
000040e9  vTaskPlaceOnEventListRestricted   
0000455d  vTaskSetApplicationTaskTag        
00003df9  vTaskSetThreadLocalStoragePointer 
00002b8d  vTaskStartScheduler               
000014f1  vTaskSuspend                      
00004a51  vTaskSuspendAll                   
00001cb9  vTaskSwitchContext                
00001dbd  xPortPendSVHandler                
00001e71  xPortStartScheduler               
00004589  xPortSysTickHandler               
00002729  xQueueGenericCreate               
0000230d  xQueueGenericReset                
000008cd  xQueueGenericSend                 
0000118d  xQueueGenericSendFromISR          
00000c31  xQueueReceive                     
000023c5  xTaskCheckForTimeOut              
000033ed  xTaskCreate                       
0000467d  xTaskGetApplicationTaskTag        
000049e9  xTaskGetCurrentTaskHandle         
00004501  xTaskGetSchedulerState            
000049fd  xTaskGetTickCount                 
00000f15  xTaskIncrementTick                
00001f41  xTaskPriorityDisinherit           
000027d1  xTaskRemoveFromEventList          
000013d5  xTaskResumeAll                    
00003cc1  xTimerCreateTimerTask             
00003001  xTimerGenericCommand              


GLOBAL SYMBOLS: SORTED BY Symbol Address 

address   name                              
-------   ----                              
00000000  interruptVectors                  
00000145  Power_sleep                       
00000400  __STACK_SIZE                      
000006c5  PWMTimerMSP432_open               
000008cd  xQueueGenericSend                 
00000a85  pvPortMalloc                      
00000c31  xQueueReceive                     
00000f15  xTaskIncrementTick                
00001055  pthread_create                    
0000118d  xQueueGenericSendFromISR          
000013d5  xTaskResumeAll                    
000014f1  vTaskSuspend                      
00001609  PWMTimerMSP432_setPeriod          
00001821  vTaskDelete                       
00001921  CS_getDCOFrequency                
00001a19  CS_startHFXTWithTimeout           
00001afd  CS_startLFXTWithTimeout           
00001cb9  vTaskSwitchContext                
00001da5  ulPortGetIPSR                     
00001dbd  xPortPendSVHandler                
00001e1d  vPortSVCHandler                   
00001e3d  vPortStartFirstTask               
00001e61  vPortEnableVFP                    
00001e6f  Board_initHook                    
00001e71  xPortStartScheduler               
00001f41  xTaskPriorityDisinherit           
00002193  PWMTimerMSP432_init               
0000230d  xQueueGenericReset                
000023c5  xTaskCheckForTimeOut              
000025d7  PowerMSP432_initPolicy            
00002681  vPortFree                         
00002729  xQueueGenericCreate               
000027d1  xTaskRemoveFromEventList          
00002879  PWMTimerMSP432_stop               
0000291d  Power_init                        
000029b9  mainThread                        
00002a55  __aeabi_memcpy                    
00002a55  __aeabi_memcpy4                   
00002a55  __aeabi_memcpy8                   
00002a55  memcpy                            
00002af1  secondThread                      
00002b8d  vTaskStartScheduler               
00002c29  __aeabi_uldivmod                  
00002cc1  PWMTimerMSP432_setDuty            
00002d55  SysCtl_A_getTLVInfo               
00002de9  PWMTimerMSP432_close              
00002ef9  PWMTimerMSP432_start              
00003001  xTimerGenericCommand              
00003085  Interrupt_enableInterrupt         
00003201  main                              
00003373  __aeabi_memclr                    
00003373  __aeabi_memclr4                   
00003373  __aeabi_memclr8                   
00003375  __aeabi_memset                    
00003375  __aeabi_memset4                   
00003375  __aeabi_memset8                   
0000337b  memset                            
000033ed  xTaskCreate                       
00003469  TimerMSP432_allocateTimerResource 
00003559  vPortSetupTimerInterrupt          
00003645  vPortValidateInterruptPriority    
00003725  PowerMSP432_getFreqs              
0000378d  __TI_decompress_lzss              
0000385d  vListInsert                       
000038c3  __aeabi_idiv0                     
000038c3  __aeabi_ldiv0                     
0000398b  vApplicationMallocFailedHook      
0000398d  HwiP_create                       
000039ed  pxPortInitialiseStack             
00003a4d  Interrupt_registerInterrupt       
00003b05  pthread_exit                      
00003b61  vQueueWaitForMessageRestricted    
00003bbd  vTaskDelay                        
00003c19  Interrupt_setPriority             
00003c6d  TimerMSP432_freeTimerResource     
00003cc1  xTimerCreateTimerTask             
00003dad  vPortEnterCritical                
00003df9  vTaskSetThreadLocalStoragePointer 
00003e45  HwiP_dispatch                     
00003e8d  Power_releaseConstraint           
00003ed5  uxListRemove                      
00003f1d  PWM_init                          
00003f61  __TI_auto_init_nobinit_nopinit    
00003fe9  PWM_open                          
00004029  __aeabi_errno_addr                
000040e9  vTaskPlaceOnEventListRestricted   
00004129  pthread_setcancelstate            
000041a5  pvTaskGetThreadLocalStoragePointer
000041e1  usleep                            
0000421d  vListInsertEnd                    
00004259  PowerMSP432_sleepPolicy           
00004295  Power_setConstraint               
00004375  _c_int00_noargs                   
000043dd  vTaskPlaceOnEventList             
00004411  CS_clearInterruptFlag             
000044a1  vListInitialise                   
000044d1  vPortExitCritical                 
00004501  xTaskGetSchedulerState            
00004531  HwiP_disable                      
0000455d  vTaskSetApplicationTaskTag        
00004589  xPortSysTickHandler               
000045b5  CS_getMCLK                        
000045dd  Power_registerNotify              
00004655  pthread_attr_setschedparam        
0000467d  xTaskGetApplicationTaskTag        
000046a5  List_put                          
000046cb  List_remove                       
000046f1  _pthread_cleanup_pop              
00004763  vQueueDelete                      
00004789  vTaskInternalSetTimeOutState      
000047ad  pthread_attr_setdetachstate       
000047d1  CS_setExternalClockSourceFrequency
000047f1  HwiP_restore                      
00004811  Power_unregisterNotify            
00004851  HwiP_Params_init                  
000048ad  pthread_attr_init                 
000048c9  PTLS_taskDeleteHook               
000048fd  SysCtl_A_disableNMISource         
00004915  SysCtl_A_enableNMISource          
00004945  PTLS_getBuf                       
0000495b  PTLS_setBuf                       
00004971  PWM_Params_init                   
00004985  Power_idleFunc                    
000049ad  pthread_attr_setstacksize         
000049c1  pthread_self                      
000049d5  resetISR                          
000049e9  xTaskGetCurrentTaskHandle         
000049fd  xTaskGetTickCount                 
00004a11  PowerMSP432_getNumPerfLevels      
00004a21  SysCtl_A_getNMISourceStatus       
00004a31  SysCtl_getNMISourceStatus         
00004a41  vListInitialiseItem               
00004a51  vTaskSuspendAll                   
00004a61  __TI_decompress_none              
00004a6f  Board_init                        
00004a7b  CPU_cpsid                         
00004a87  CPU_cpsie                         
00004a95  Power_getConstraintMask           
00004aa1  Power_getPerformanceLevel         
00004aad  __TI_zero_init                    
00004ab9  vTaskMissedYield                  
00004ac5  PWM_setDuty                       
00004acf  PWM_start                         
00004ad9  PowerMSP432_updateFreqs           
00004ae3  vApplicationStackOverflowHook     
00004aed  vPortSuppressTicksAndSleep        
00004af7  PWMTimerMSP432_control            
00004afd  PWMTimerMSP432_setDutyAndPeriod   
00004b03  _system_pre_init                  
00004b07  C$$EXIT                           
00004b07  abort                             
00004b5c  PowerMSP432_config                
00004b94  PWMTimerMSP432_fxnTable           
00004bb8  PWM_config                        
00004bd0  PWM_defaultParams                 
00004bf8  pwmTimerMSP432HWAttrs             
00004c08  ulMaxSyscallInterruptPriority     
00004c1c  uxTopUsedPriority                 
00004c22  PWM_count                         
00004c28  __TI_static_base__                
00004ca8  __TI_Handler_Table_Base           
00004cb4  __TI_Handler_Table_Limit          
00004cc8  __TI_CINIT_Base                   
00004ce0  __TI_CINIT_Limit                  
200080c8  pwmTimerMSP432Objects             
20008194  HwiP_dispatchTable                
20008994  PowerMSP432_perfLevels            
20008be4  pxCurrentTCB                      
20008c18  PowerMSP432_module                
20009000  g_pfnRAMVectors                   
2000fc00  __stack                           
20010000  __STACK_END                       
4000480c  WDTCTL_SYM                        
ffffffff  __TI_pprof_out_hndl               
ffffffff  __TI_prof_data_size               
ffffffff  __TI_prof_data_start              
ffffffff  __binit__                         
ffffffff  __c_args__                        
ffffffff  binit                             
UNDEFED   __mpu_init                        
UNDEFED   _system_post_cinit                

[181 symbols]
