******************************************************************************
                  TI ARM Linker PC v18.12.4                    
******************************************************************************
>> Linked Sun Jan 17 14:01:02 2021

OUTPUT FILE NAME:   <UART with SIM33EAU GPS.out>
ENTRY POINT SYMBOL: "resetISR"  address: 00007d79


MEMORY CONFIGURATION

         name            origin    length      used     unused   attr    fill
----------------------  --------  ---------  --------  --------  ----  --------
  MAIN                  00000000   00040000  0000830b  00037cf5  R  X
  INFO                  00200000   00004000  00000000  00004000  R  X
  SRAM_CODE             01000000   00010000  00009758  000068a8  RW X
  SRAM_DATA             20000000   00010000  00009758  000068a8  RW  


SEGMENT ALLOCATION MAP

run origin  load origin   length   init length attrs members
----------  ----------- ---------- ----------- ----- -------
00000000    00000000    00008310   00008310    r-x
  00000000    00000000    00000144   00000144    r-- .intvecs
  00000144    00000144    00007e10   00007e10    r-x .text
  00007f54    00007f54    000002e7   000002e7    r-- .const
  00008240    00008240    000000d0   000000d0    r-- .cinit
20000000    20000000    00009270   00000000    rw-
  20000000    20000000    0000883c   00000000    rw- .bss
  2000883c    2000883c    00000a24   00000000    rw- .data
  20009260    20009260    00000010   00000000    rw- .sysmem
20009400    20009400    000000e8   00000000    rw-
  20009400    20009400    000000e8   00000000    rw- .vtable
2000fc00    2000fc00    00000400   00000000    rw-
  2000fc00    2000fc00    00000400   00000000    rw- .stack


SECTION ALLOCATION MAP

 output                                  attributes/
section   page    origin      length       input sections
--------  ----  ----------  ----------   ----------------
.text      0    00000144    00007e10     
                  00000144    00000584     empty.obj (.text:gpsThread)
                  000006c8    000004a4     freertos_builds_MSP_EXP432P401R_release_ccs.lib : SystemP_freertos.obj (.text:doPrint)
                  00000b6c    000002f8     drivers_msp432p401x.aem4f : PowerMSP432.oem4f (.text:Power_sleep)
                  00000e64    000002d0                               : UARTMSP432.oem4f (.text:UARTMSP432_open)
                  00001134    00000288                               : PowerMSP432.oem4f (.text:initPerfControl)
                  000013bc    000001d4     freertos_builds_MSP_EXP432P401R_release_ccs.lib : queue.obj (.text:xQueueSemaphoreTake)
                  00001590    000001b8     GPS.obj (.text:str_to_double)
                  00001748    000001b8     freertos_builds_MSP_EXP432P401R_release_ccs.lib : queue.obj (.text:xQueueGenericSend)
                  00001900    000001b6     rtsv7M4_T_le_v4SPD16_eabi.lib : fd_add_t2.asm.obj (.text)
                  00001ab6    00000002     ti_drivers_config.obj (.text:Board_initHook)
                  00001ab8    000001ac     freertos_builds_MSP_EXP432P401R_release_ccs.lib : heap_4.obj (.text:pvPortMalloc)
                  00001c64    00000180                                                     : queue.obj (.text:xQueueReceive)
                  00001de4    00000170     drivers_msp432p401x.aem4f : GPIOMSP432.oem4f (.text:GPIO_setConfig)
                  00001f54    00000164     freertos_builds_MSP_EXP432P401R_release_ccs.lib : timers.obj (.text:prvProcessReceivedCommands)
                  000020b8    0000014c     drivers_msp432p401x.aem4f : TimerMSP432.oem4f (.text:TimerMSP432_open)
                  00002204    00000140     freertos_builds_MSP_EXP432P401R_release_ccs.lib : tasks.obj (.text:xTaskIncrementTick)
                  00002344    00000138                                                     : pthread.obj (.text:pthread_create)
                  0000247c    00000136     rtsv7M4_T_le_v4SPD16_eabi.lib : fd_div_t2.asm.obj (.text)
                  000025b2    00000128     freertos_builds_MSP_EXP432P401R_release_ccs.lib : queue.obj (.text:xQueueGenericSendFromISR)
                  000026da    00000120                                                     : tasks.obj (.text:prvInitialiseNewTask)
                  000027fa    00000002     display.aem4f : DisplayUart.oem4f (.text:DisplayUartMin_clear)
                  000027fc    0000011c     msp432p4xx_driverlib.lib : uart.o (.text:UART_initModule)
                  00002918    0000011c     freertos_builds_MSP_EXP432P401R_release_ccs.lib : tasks.obj (.text:xTaskResumeAll)
                  00002a34    00000118                                                     : tasks.obj (.text:vTaskSuspend)
                  00002b4c    0000010e                                                     : queue.obj (.text:xQueueGiveFromISR)
                  00002c5a    00000002     display.aem4f : DisplayUart.oem4f (.text:DisplayUartMin_clearLines)
                  00002c5c    00000104     msp432p4xx_driverlib.lib : cs.o (.text:_CSComputeCLKFrequency)
                  00002d60    00000104     freertos_builds_MSP_EXP432P401R_release_ccs.lib : tasks.obj (.text:vTaskPriorityDisinheritAfterTimeout)
                  00002e64    00000100                                                     : tasks.obj (.text:vTaskDelete)
                  00002f64    000000fc     rtsv7M4_T_le_v4SPD16_eabi.lib : fd_mul_t2.asm.obj (.text)
                  00003060    000000f8     msp432p4xx_driverlib.lib : cs.o (.text:CS_getDCOFrequency)
                  00003158    000000f6     freertos_builds_MSP_EXP432P401R_release_ccs.lib : queue.obj (.text:xQueueReceiveFromISR)
                  0000324e    00000002     display.aem4f : DisplayUart.oem4f (.text:DisplayUartMin_init)
                  00003250    000000e4     msp432p4xx_driverlib.lib : cs.o (.text:CS_startHFXTWithTimeout)
                  00003334    000000e0                              : cs.o (.text:CS_startLFXTWithTimeout)
                  00003414    000000dc     drivers_msp432p401x.aem4f : UARTMSP432.oem4f (.text:UARTMSP432_readPolling)
                  000034f0    000000dc     msp432p4xx_driverlib.lib : cs.o (.text:_CSGetHFXTFrequency)
                  000035cc    000000dc     freertos_builds_MSP_EXP432P401R_release_ccs.lib : tasks.obj (.text:vTaskSwitchContext)
                  000036a8    000000da                                                     : portasm.obj (.text)
                  00003782    00000002     msp432p4xx_driverlib.lib : interrupt.o (.text:IntDefaultHandler)
                  00003784    000000d8     GPS.obj (.text:latitudeDegrees)
                  0000385c    000000d8     GPS.obj (.text:longitudeDegrees)
                  00003934    000000d8     freertos_builds_MSP_EXP432P401R_release_ccs.lib : tasks.obj (.text:xTaskPriorityInherit)
                  00003a0c    000000d0                                                     : port.obj (.text:xPortStartScheduler)
                  00003adc    000000d0                                                     : tasks.obj (.text:xTaskPriorityDisinherit)
                  00003bac    000000ca     drivers_msp432p401x.aem4f : UARTMSP432.oem4f (.text:UARTMSP432_hwiIntFxn)
                  00003c76    00000002     freertos_builds_MSP_EXP432P401R_release_ccs.lib : PowerMSP432_freertos.obj (.text:PowerMSP432_initPolicy)
                  00003c78    000000c8     drivers_msp432p401x.aem4f : TimerMSP432.oem4f (.text:TimerMSP432_start)
                  00003d40    000000c4     freertos_builds_MSP_EXP432P401R_release_ccs.lib : tasks.obj (.text:prvAddNewTaskToReadyList)
                  00003e04    000000be                                                     : queue.obj (.text:prvCopyDataToQueue)
                  00003ec2    00000002     drivers_msp432p401x.aem4f : TimerMSP432.oem4f (.text:TimerMSP432_init)
                  00003ec4    000000bc                               : TimerMSP432.oem4f (.text:TimerMSP432_setPeriod)
                  00003f80    000000bc     freertos_builds_MSP_EXP432P401R_release_ccs.lib : heap_4.obj (.text:prvHeapInit)
                  0000403c    000000bc                                                     : timers.obj (.text:prvSwitchTimerLists)
                  000040f8    000000bc     GPS.obj (.text:token)
                  000041b4    000000b8     drivers_msp432p401x.aem4f : UARTMSP432.oem4f (.text:initHw)
                  0000426c    000000b8                               : UARTMSP432.oem4f (.text:readTaskCallback)
                  00004324    000000b8     freertos_builds_MSP_EXP432P401R_release_ccs.lib : queue.obj (.text:xQueueGenericReset)
                  000043dc    000000b6                                                     : SystemP_freertos.obj (.text:formatNum)
                  00004492    00000002     drivers_msp432p401x.aem4f : UARTMSP432.oem4f (.text:UARTMSP432_init)
                  00004494    000000b4                               : UARTMSP432.oem4f (.text:UARTMSP432_control)
                  00004548    000000b4                               : UARTMSP432.oem4f (.text:UARTMSP432_writePolling)
                  000045fc    000000b4     freertos_builds_MSP_EXP432P401R_release_ccs.lib : tasks.obj (.text:xTaskCheckForTimeOut)
                  000046b0    000000b0                                                     : tasks.obj (.text:prvAddCurrentTaskToDelayedList)
                  00004760    000000ae                                                     : queue.obj (.text:prvUnlockQueue)
                  0000480e    00000002                                                     : startup_msp432_ccs.obj (.text:defaultISR)
                  00004810    000000ac     drivers_msp432p401x.aem4f : GPIOMSP432.oem4f (.text:GPIO_init)
                  000048bc    000000a8                               : UARTMSP432.oem4f (.text:UARTMSP432_write)
                  00004964    000000a8     freertos_builds_MSP_EXP432P401R_release_ccs.lib : heap_4.obj (.text:prvInsertBlockIntoFreeList)
                  00004a0c    000000a8     drivers_msp432p401x.aem4f : UARTMSP432.oem4f (.text:readTaskBlocking)
                  00004ab4    000000a8     freertos_builds_MSP_EXP432P401R_release_ccs.lib : heap_4.obj (.text:vPortFree)
                  00004b5c    000000a8                                                     : queue.obj (.text:xQueueGenericCreate)
                  00004c04    000000a8                                                     : tasks.obj (.text:xTaskRemoveFromEventList)
                  00004cac    000000a4     drivers_msp432p401x.aem4f : TimerMSP432.oem4f (.text:initTimerHardware)
                  00004d50    000000a0     freertos_builds_MSP_EXP432P401R_release_ccs.lib : ClockP_freertos.obj (.text:ClockP_create)
                  00004df0    000000a0     drivers_msp432p401x.aem4f : UARTMSP432.oem4f (.text:readIsrTextCallback)
                  00004e90    0000009c                               : PowerMSP432.oem4f (.text:Power_init)
                  00004f2c    0000009c     rtsv7M4_T_le_v4SPD16_eabi.lib : memcpy_t2.asm.obj (.text)
                  00004fc8    0000009c     drivers_msp432p401x.aem4f : TimerMSP432.oem4f (.text:setT32TickCount)
                  00005064    0000009c                               : TimerMSP432.oem4f (.text:setTATickCount)
                  00005100    0000009c     freertos_builds_MSP_EXP432P401R_release_ccs.lib : tasks.obj (.text:vTaskStartScheduler)
                  0000519c    00000094     msp432p4xx_driverlib.lib : sysctl_a.o (.text:SysCtl_A_getTLVInfo)
                  00005230    00000092     drivers_msp432p401x.aem4f : UARTMSP432.oem4f (.text:UARTMSP432_close)
                  000052c2    00000002     freertos_builds_MSP_EXP432P401R_release_ccs.lib : startup_msp432_ccs.obj (.text:faultISR)
                  000052c4    00000092     GPS.obj (.text:setGnrmc)
                  00005356    00000092     drivers_msp432p401x.aem4f : UARTMSP432.oem4f (.text:writeData)
                  000053e8    00000090     empty.obj (.text:isSubstring)
                  00005478    0000008c     drivers_msp432p401x.aem4f : TimerMSP432.oem4f (.text:TimerMSP432_stop)
                  00005504    0000008c                               : UARTMSP432.oem4f (.text:readIsrTextBlocking)
                  00005590    00000088     freertos_builds_MSP_EXP432P401R_release_ccs.lib : timers.obj (.text:prvProcessTimerOrBlockTask)
                  00005618    00000086     rtsv7M4_T_le_v4SPD16_eabi.lib : fd_cmp_t2.asm.obj (.text:__aeabi_cdcmple)
                  0000569e    00000002     freertos_builds_MSP_EXP432P401R_release_ccs.lib : startup_msp432_ccs.obj (.text:nmiISR)
                  000056a0    00000084     drivers_msp432p401x.aem4f : PowerMSP432.oem4f (.text:restartHFXT)
                  00005724    00000084     freertos_builds_MSP_EXP432P401R_release_ccs.lib : timers.obj (.text:xTimerGenericCommand)
                  000057a8    00000080     msp432p4xx_driverlib.lib : interrupt.o (.text:Interrupt_disableInterrupt)
                  00005828    00000080                              : interrupt.o (.text:Interrupt_enableInterrupt)
                  000058a8    00000080     freertos_builds_MSP_EXP432P401R_release_ccs.lib : timers.obj (.text:prvProcessExpiredTimer)
                  00005928    0000007c     msp432p4xx_driverlib.lib : cs.o (.text:_CSGetDOCFrequency)
                  000059a4    0000007c     empty.obj (.text:str_to_uint8)
                  00005a20    0000007a     freertos_builds_MSP_EXP432P401R_release_ccs.lib : pthread.obj (.text:removeThreadKeys)
                  00005a9a    0000007a     rtsv7M4_T_le_v4SPD16_eabi.lib : memset_t2.asm.obj (.text)
                  00005b14    0000007a     empty.obj (.text:str_to_uint16)
                  00005b8e    0000007a     freertos_builds_MSP_EXP432P401R_release_ccs.lib : tasks.obj (.text:xTaskCreate)
                  00005c08    00000078     drivers_msp432p401x.aem4f : TimerMSP432.oem4f (.text:TimerMSP432_allocateTimerResource)
                  00005c80    00000078     freertos_builds_MSP_EXP432P401R_release_ccs.lib : timers.obj (.text:prvInsertTimerInActiveList)
                  00005cf8    00000078     empty.obj (.text:timerCallback)
                  00005d70    00000078     freertos_builds_MSP_EXP432P401R_release_ccs.lib : port.obj (.text:vPortSetupTimerInterrupt)
                  00005de8    00000074                                                     : tasks.obj (.text:prvInitialiseTaskLists)
                  00005e5c    00000074                                                     : port.obj (.text:vPortValidateInterruptPriority)
                  00005ed0    00000072     GPS.obj (.text:setTime)
                  00005f42    00000070     drivers_msp432p401x.aem4f : UARTMSP432.oem4f (.text:UARTMSP432_writeCancel)
                  00005fb2    00000002     rtsv7M4_T_le_v4SPD16_eabi.lib : div0.asm.obj (.text)
                  00005fb4    00000070     freertos_builds_MSP_EXP432P401R_release_ccs.lib : ClockP_freertos.obj (.text:setClockObjTimeout)
                  00006024    00000068     drivers_msp432p401x.aem4f : GPIOMSP432.oem4f (.text:GPIO_hwiIntFxn)
                  0000608c    00000068                               : PowerMSP432.oem4f (.text:PowerMSP432_getFreqs)
                  000060f4    00000068     rtsv7M4_T_le_v4SPD16_eabi.lib : copy_decompress_lzss.c.obj (.text:decompress:lzss:__TI_decompress_lzss)
                  0000615c    00000066     freertos_builds_MSP_EXP432P401R_release_ccs.lib : timers.obj (.text:prvInitialiseNewTimer)
                  000061c2    00000066                                                     : list.obj (.text:vListInsert)
                  00006228    00000064                                                     : ClockP_freertos.obj (.text:ClockP_stop)
                  0000628c    00000064     main_freertos.obj (.text:main)
                  000062f0    00000064     freertos_builds_MSP_EXP432P401R_release_ccs.lib : tasks.obj (.text:prvGetExpectedIdleTime)
                  00006354    00000062     msp432p4xx_driverlib.lib : cs.o (.text:_CSGetDividerValue)
                  000063b6    00000002     main_freertos.obj (.text:vApplicationMallocFailedHook)
                  000063b8    00000060     drivers_msp432p401x.aem4f : GPIOMSP432.oem4f (.text:GPIO_setCallback)
                  00006418    00000060     freertos_builds_MSP_EXP432P401R_release_ccs.lib : HwiPMSP432_freertos.obj (.text:HwiP_create)
                  00006478    00000060                                                     : port.obj (.text:pxPortInitialiseStack)
                  000064d8    0000005c     display.aem4f : Display.oem4f (.text:Display_doOpen)
                  00006534    0000005c     msp432p4xx_driverlib.lib : interrupt.o (.text:Interrupt_registerInterrupt)
                  00006590    0000005c     freertos_builds_MSP_EXP432P401R_release_ccs.lib : tasks.obj (.text:prvIdleTask)
                  000065ec    0000005c                                                     : pthread.obj (.text:pthread_exit)
                  00006648    0000005c                                                     : queue.obj (.text:vQueueWaitForMessageRestricted)
                  000066a4    0000005c                                                     : tasks.obj (.text:vTaskDelay)
                  00006700    00000058     drivers_msp432p401x.aem4f : GPIOMSP432.oem4f (.text:GPIO_write)
                  00006758    00000058                               : UARTMSP432.oem4f (.text:readIsrBinaryBlocking)
                  000067b0    00000058     freertos_builds_MSP_EXP432P401R_release_ccs.lib : queue.obj (.text:xQueueCreateCountingSemaphore)
                  00006808    00000056                                                     : SemaphoreP_freertos.obj (.text:SemaphoreP_create)
                  0000685e    00000002     --HOLE-- [fill = 0]
                  00006860    00000054                                                     : ClockP_freertos.obj (.text:ClockP_delete)
                  000068b4    00000054     msp432p4xx_driverlib.lib : interrupt.o (.text:Interrupt_setPriority)
                  00006908    00000054     drivers_msp432p401x.aem4f : TimerMSP432.oem4f (.text:TimerMSP432_freeTimerResource)
                  0000695c    00000054     freertos_builds_MSP_EXP432P401R_release_ccs.lib : timers.obj (.text:xTimerCreateTimerTask)
                  000069b0    00000050     drivers_msp432p401x.aem4f : TimerMSP432.oem4f (.text:TimerMSP432_hwiIntFunction)
                  00006a00    0000004e                               : TimerMSP432.oem4f (.text:TimerMSP432_close)
                  00006a4e    00000002     --HOLE-- [fill = 0]
                  00006a50    0000004c     freertos_builds_MSP_EXP432P401R_release_ccs.lib : timers.obj (.text:prvCheckForValidListAndQueue)
                  00006a9c    0000004c                                                     : tasks.obj (.text:prvCheckTasksWaitingTermination)
                  00006ae8    0000004c     drivers_msp432p401x.aem4f : UARTMSP432.oem4f (.text:readIsrBinaryCallback)
                  00006b34    0000004c     freertos_builds_MSP_EXP432P401R_release_ccs.lib : port.obj (.text:vPortEnterCritical)
                  00006b80    0000004a     display.aem4f : DisplayUart.oem4f (.text:DisplayUartMin_open)
                  00006bca    00000002     --HOLE-- [fill = 0]
                  00006bcc    00000048     freertos_builds_MSP_EXP432P401R_release_ccs.lib : HwiPMSP432_freertos.obj (.text:HwiP_dispatch)
                  00006c14    00000048     drivers_msp432p401x.aem4f : PowerMSP432.oem4f (.text:Power_releaseConstraint)
                  00006c5c    00000048     rtsv7M4_T_le_v4SPD16_eabi.lib : fd_toi_t2.asm.obj (.text)
                  00006ca4    00000048     freertos_builds_MSP_EXP432P401R_release_ccs.lib : sleep.obj (.text:sleep)
                  00006cec    00000048                                                     : list.obj (.text:uxListRemove)
                  00006d34    00000046     display.aem4f : DisplayUart.oem4f (.text:DisplayUartMin_vprintf)
                  00006d7a    00000046     drivers_msp432p401x.aem4f : RingBuf.oem4f (.text:RingBuf_put)
                  00006dc0    00000046     GPS.obj (.text:setCoordinates)
                  00006e06    00000002     --HOLE-- [fill = 0]
                  00006e08    00000044     drivers_msp432p401x.aem4f : Timer.oem4f (.text:Timer_init)
                  00006e4c    00000044                               : UART.oem4f (.text:UART_init)
                  00006e90    00000044     rtsv7M4_T_le_v4SPD16_eabi.lib : autoinit.c.obj (.text:__TI_auto_init_nobinit_nopinit:__TI_auto_init_nobinit_nopinit)
                  00006ed4    00000044     freertos_builds_MSP_EXP432P401R_release_ccs.lib : queue.obj (.text:prvInitialiseNewQueue)
                  00006f18    00000044     rtsv7M4_T_le_v4SPD16_eabi.lib : fd_tou_t2.asm.obj (.text)
                  00006f5c    00000044     empty.obj (.text:setSysTime)
                  00006fa0    00000040     drivers_msp432p401x.aem4f : RingBuf.oem4f (.text:RingBuf_get)
                  00006fe0    00000040                               : Timer.oem4f (.text:Timer_open)
                  00007020    00000040                               : UARTMSP432.oem4f (.text:UARTMSP432_read)
                  00007060    00000040                               : UART.oem4f (.text:UART_open)
                  000070a0    00000040                               : UARTMSP432.oem4f (.text:perfChangeNotifyFxn)
                  000070e0    00000040     rtsv7M4_T_le_v4SPD16_eabi.lib : u_divt2.asm.obj (.text)
                  00007120    00000040     freertos_builds_MSP_EXP432P401R_release_ccs.lib : tasks.obj (.text:vTaskPlaceOnEventListRestricted)
                  00007160    0000003e                                                     : ClockP_freertos.obj (.text:ClockP_callbackFxn)
                  0000719e    0000003e                                                     : pthread.obj (.text:pthread_setcancelstate)
                  000071dc    0000003c                                                     : queue.obj (.text:prvCopyDataFromQueue)
                  00007218    0000003c                                                     : tasks.obj (.text:pvTaskGetThreadLocalStoragePointer)
                  00007254    0000003c                                                     : list.obj (.text:vListInsertEnd)
                  00007290    0000003c                                                     : timers.obj (.text:xTimerCreate)
                  000072cc    0000003a                                                     : PowerMSP432_freertos.obj (.text:PowerMSP432_sleepPolicy)
                  00007306    00000002     --HOLE-- [fill = 0]
                  00007308    00000038     drivers_msp432p401x.aem4f : GPIOMSP432.oem4f (.text:GPIO_toggle)
                  00007340    00000038                               : PowerMSP432.oem4f (.text:Power_setConstraint)
                  00007378    00000038                               : TimerMSP432.oem4f (.text:TimerMSP432_getCount)
                  000073b0    00000038                               : PowerMSP432.oem4f (.text:notify)
                  000073e8    00000038     freertos_builds_MSP_EXP432P401R_release_ccs.lib : timers.obj (.text:prvGetNextExpireTime)
                  00007420    00000038                                                     : port.obj (.text:prvTaskExitError)
                  00007458    00000036     drivers_msp432p401x.aem4f : UARTMSP432.oem4f (.text:UARTMSP432_readCancel)
                  0000748e    00000034     freertos_builds_MSP_EXP432P401R_release_ccs.lib : SemaphoreP_freertos.obj (.text:SemaphoreP_pend)
                  000074c2    00000002     --HOLE-- [fill = 0]
                  000074c4    00000034     rtsv7M4_T_le_v4SPD16_eabi.lib : boot_cortex_m.c.obj (.text:_c_int00_noargs:_c_int00_noargs)
                  000074f8    00000034     freertos_builds_MSP_EXP432P401R_release_ccs.lib : timers.obj (.text:prvSampleTimeNow)
                  0000752c    00000034                                                     : tasks.obj (.text:vTaskPlaceOnEventList)
                  00007560    00000030     msp432p4xx_driverlib.lib : cs.o (.text:CS_clearInterruptFlag)
                  00007590    00000030     drivers_msp432p401x.aem4f : UARTMSP432.oem4f (.text:mapPin)
                  000075c0    00000030     freertos_builds_MSP_EXP432P401R_release_ccs.lib : tasks.obj (.text:prvResetNextTaskUnblockTime)
                  000075f0    00000030                                                     : list.obj (.text:vListInitialise)
                  00007620    00000030                                                     : port.obj (.text:vPortExitCritical)
                  00007650    00000030                                                     : tasks.obj (.text:xTaskGetSchedulerState)
                  00007680    0000002e                                                     : SystemP_freertos.obj (.text:putChar)
                  000076ae    0000002e                                                     : timers.obj (.text:pvTimerGetTimerID)
                  000076dc    0000002e     rtsv7M4_T_le_v4SPD16_eabi.lib : i_tofd_t2.asm.obj (.text)
                  0000770a    00000002     --HOLE-- [fill = 0]
                  0000770c    0000002c     freertos_builds_MSP_EXP432P401R_release_ccs.lib : HwiPMSP432_freertos.obj (.text:HwiP_disable)
                  00007738    0000002c                                                     : SemaphoreP_freertos.obj (.text:SemaphoreP_createBinary)
                  00007764    0000002c     drivers_msp432p401x.aem4f : TimerMSP432.oem4f (.text:perfChangeNotifyFxn)
                  00007790    0000002c     freertos_builds_MSP_EXP432P401R_release_ccs.lib : tasks.obj (.text:vTaskSetApplicationTaskTag)
                  000077bc    0000002c                                                     : port.obj (.text:xPortSysTickHandler)
                  000077e8    0000002a     display.aem4f : Display.oem4f (.text:Display_doPrintf)
                  00007812    00000002     --HOLE-- [fill = 0]
                  00007814    00000028     msp432p4xx_driverlib.lib : cs.o (.text:CS_getMCLK)
                  0000783c    00000028     display.aem4f : Display.oem4f (.text:Display_doInit)
                  00007864    00000028     freertos_builds_MSP_EXP432P401R_release_ccs.lib : HwiPMSP432_freertos.obj (.text:HwiP_inISR)
                  0000788c    00000028     drivers_msp432p401x.aem4f : PowerMSP432.oem4f (.text:Power_registerNotify)
                  000078b4    00000028                               : PowerMSP432.oem4f (.text:disableFaultCounter)
                  000078dc    00000028                               : PowerMSP432.oem4f (.text:disableHFXT)
                  00007904    00000028                               : UARTMSP432.oem4f (.text:findBaudDividerIndex)
                  0000792c    00000028     freertos_builds_MSP_EXP432P401R_release_ccs.lib : pthread.obj (.text:pthread_attr_setschedparam)
                  00007954    00000028                                                     : tasks.obj (.text:xTaskGetApplicationTaskTag)
                  0000797c    00000026     drivers_msp432p401x.aem4f : List.oem4f (.text:List_put)
                  000079a2    00000026                               : List.oem4f (.text:List_remove)
                  000079c8    00000026     freertos_builds_MSP_EXP432P401R_release_ccs.lib : pthread.obj (.text:_pthread_cleanup_pop)
                  000079ee    00000026                                                     : queue.obj (.text:prvIsQueueFull)
                  00007a14    00000024                                                     : queue.obj (.text:prvGetDisinheritPriorityAfterTimeout)
                  00007a38    00000024                                                     : queue.obj (.text:vQueueDelete)
                  00007a5c    00000024                                                     : tasks.obj (.text:vTaskInternalSetTimeOutState)
                  00007a80    00000022                                                     : SemaphoreP_freertos.obj (.text:SemaphoreP_post)
                  00007aa2    00000022                                                     : SystemP_freertos.obj (.text:SystemP_vsnprintf)
                  00007ac4    00000022                                                     : pthread.obj (.text:pthread_attr_setdetachstate)
                  00007ae6    00000002     --HOLE-- [fill = 0]
                  00007ae8    00000020     msp432p4xx_driverlib.lib : cs.o (.text:CS_setExternalClockSourceFrequency)
                  00007b08    00000020     freertos_builds_MSP_EXP432P401R_release_ccs.lib : HwiPMSP432_freertos.obj (.text:HwiP_restore)
                  00007b28    00000020     drivers_msp432p401x.aem4f : PowerMSP432.oem4f (.text:Power_unregisterNotify)
                  00007b48    00000020                               : RingBuf.oem4f (.text:RingBuf_peek)
                  00007b68    00000020     freertos_builds_MSP_EXP432P401R_release_ccs.lib : queue.obj (.text:prvIsQueueEmpty)
                  00007b88    0000001e                                                     : ClockP_freertos.obj (.text:ClockP_start)
                  00007ba6    0000001e                                                     : HwiPMSP432_freertos.obj (.text:HwiP_Params_init)
                  00007bc4    0000001e                                                     : pthread.obj (.text:_pthread_runStub)
                  00007be2    0000001c                                                     : ClockP_freertos.obj (.text:ClockP_Params_init)
                  00007bfe    00000002     --HOLE-- [fill = 0]
                  00007c00    0000001c     msp432p4xx_driverlib.lib : interrupt.o (.text:Interrupt_unregisterInterrupt)
                  00007c1c    0000001c     freertos_builds_MSP_EXP432P401R_release_ccs.lib : pthread.obj (.text:pthread_attr_init)
                  00007c38    0000001c                                                     : tasks.obj (.text:pvTaskIncrementMutexHeldCount)
                  00007c54    0000001a                                                     : PTLS.obj (.text:PTLS_taskDeleteHook)
                  00007c6e    0000001a                                                     : timers.obj (.text:prvTimerTask)
                  00007c88    00000018     msp432p4xx_driverlib.lib : sysctl_a.o (.text:SysCtl_A_disableNMISource)
                  00007ca0    00000018                              : sysctl_a.o (.text:SysCtl_A_enableNMISource)
                  00007cb8    00000018     drivers_msp432p401x.aem4f : UART.oem4f (.text:UART_Params_init)
                  00007cd0    00000016     freertos_builds_MSP_EXP432P401R_release_ccs.lib : ClockP_freertos.obj (.text:ClockP_setTimeout)
                  00007ce6    00000016     display.aem4f : DisplayUart.oem4f (.text:DisplayUartMin_close)
                  00007cfc    00000016     freertos_builds_MSP_EXP432P401R_release_ccs.lib : SemaphoreP_freertos.obj (.text:SemaphoreP_Params_init)
                  00007d12    00000002     --HOLE-- [fill = 0]
                  00007d14    00000014     drivers_msp432p401x.aem4f : PowerMSP432.oem4f (.text:Power_idleFunc)
                  00007d28    00000014                               : UARTMSP432.oem4f (.text:clearTXCPTIFG)
                  00007d3c    00000014     freertos_builds_MSP_EXP432P401R_release_ccs.lib : tasks.obj (.text:prvDeleteTCB)
                  00007d50    00000014                                                     : pthread.obj (.text:pthread_attr_setstacksize)
                  00007d64    00000014                                                     : pthread.obj (.text:pthread_self)
                  00007d78    00000014                                                     : startup_msp432_ccs.obj (.text:resetISR)
                  00007d8c    00000014     rtsv7M4_T_le_v4SPD16_eabi.lib : strlen.c.obj (.text:strlen)
                  00007da0    00000014     freertos_builds_MSP_EXP432P401R_release_ccs.lib : tasks.obj (.text:xTaskGetCurrentTaskHandle)
                  00007db4    00000014                                                     : tasks.obj (.text:xTaskGetTickCount)
                  00007dc8    00000012                                                     : HwiPMSP432_freertos.obj (.text:HwiP_delete)
                  00007dda    00000012     drivers_msp432p401x.aem4f : RingBuf.oem4f (.text:RingBuf_construct)
                  00007dec    00000010                               : PowerMSP432.oem4f (.text:PowerMSP432_getNumPerfLevels)
                  00007dfc    00000010     msp432p4xx_driverlib.lib : sysctl_a.o (.text:SysCtl_A_getNMISourceStatus)
                  00007e0c    00000010                              : sysctl.o (.text:SysCtl_getNMISourceStatus)
                  00007e1c    00000010     drivers_msp432p401x.aem4f : Timer.oem4f (.text:Timer_Params_init)
                  00007e2c    00000010                               : UARTMSP432.oem4f (.text:readBlockingTimeout)
                  00007e3c    00000010     freertos_builds_MSP_EXP432P401R_release_ccs.lib : list.obj (.text:vListInitialiseItem)
                  00007e4c    00000010                                                     : tasks.obj (.text:vTaskSuspendAll)
                  00007e5c    0000000e     rtsv7M4_T_le_v4SPD16_eabi.lib : copy_decompress_none.c.obj (.text:decompress:none:__TI_decompress_none)
                  00007e6a    0000000c     ti_drivers_config.obj (.text:Board_init)
                  00007e76    0000000c     msp432p4xx_driverlib.lib : cpu.o (.text:CPU_cpsid)
                  00007e82    0000000c                              : cpu.o (.text:CPU_cpsie)
                  00007e8e    00000002     --HOLE-- [fill = 0]
                  00007e90    0000000c     drivers_msp432p401x.aem4f : PowerMSP432.oem4f (.text:Power_getConstraintMask)
                  00007e9c    0000000c                               : PowerMSP432.oem4f (.text:Power_getPerformanceLevel)
                  00007ea8    0000000c     freertos_builds_MSP_EXP432P401R_release_ccs.lib : SemaphoreP_freertos.obj (.text:SemaphoreP_delete)
                  00007eb4    0000000c     rtsv7M4_T_le_v4SPD16_eabi.lib : copy_zero_init.c.obj (.text:decompress:ZI:__TI_zero_init)
                  00007ec0    0000000c     freertos_builds_MSP_EXP432P401R_release_ccs.lib : tasks.obj (.text:vTaskMissedYield)
                  00007ecc    0000000a                                                     : PowerMSP432_freertos.obj (.text:PowerMSP432_updateFreqs)
                  00007ed6    0000000a     drivers_msp432p401x.aem4f : Timer.oem4f (.text:Timer_start)
                  00007ee0    0000000a                               : UART.oem4f (.text:UART_close)
                  00007eea    0000000a                               : UART.oem4f (.text:UART_control)
                  00007ef4    0000000a                               : UART.oem4f (.text:UART_read)
                  00007efe    0000000a                               : UART.oem4f (.text:UART_write)
                  00007f08    0000000a     main_freertos.obj (.text:vApplicationStackOverflowHook)
                  00007f12    0000000a     freertos_builds_MSP_EXP432P401R_release_ccs.lib : PowerMSP432_freertos.obj (.text:vPortSuppressTicksAndSleep)
                  00007f1c    00000008     drivers_msp432p401x.aem4f : UARTMSP432.oem4f (.text:readSemCallback)
                  00007f24    00000008                               : UARTMSP432.oem4f (.text:txcptEnabledStatus)
                  00007f2c    00000008                               : UARTMSP432.oem4f (.text:writeSemCallback)
                  00007f34    00000006     display.aem4f : DisplayUart.oem4f (.text:DisplayUartMin_control)
                  00007f3a    00000006                   : DisplayUart.oem4f (.text:DisplayUartMin_getType)
                  00007f40    00000006                   : Display.oem4f (.text:Display_doParamsInit)
                  00007f46    00000006     drivers_msp432p401x.aem4f : TimerMSP432.oem4f (.text:TimerMSP432_control)
                  00007f4c    00000004     rtsv7M4_T_le_v4SPD16_eabi.lib : pre_init.c.obj (.text:_system_pre_init)
                  00007f50    00000004                                   : exit.c.obj (.text:abort:abort)

.const     0    00007f54    000002e7     
                  00007f54    00000058     ti_drivers_config.obj (.const:uartMSP432HWAttrs)
                  00007fac    00000050     msp432p4xx_driverlib.lib : interrupt.o (.const:g_pulRegs)
                  00007ffc    00000050     drivers_msp432p401x.aem4f : TimerMSP432.oem4f (.const:timerADividers)
                  0000804c    00000050     ti_drivers_config.obj (.const:uartMSP432Baudrates)
                  0000809c    00000038     ti_drivers_config.obj (.const:PowerMSP432_config)
                  000080d4    00000028     drivers_msp432p401x.aem4f : UARTMSP432.oem4f (.const:UARTMSP432_fxnTable)
                  000080fc    00000024                               : UART.oem4f (.const:UART_defaultParams)
                  00008120    00000020     display.aem4f : DisplayUart.oem4f (.const:DisplayUartMin_fxnTable)
                  00008140    00000020     drivers_msp432p401x.aem4f : TimerMSP432.oem4f (.const:TimerMSP432_Timer_A_fxnTable)
                  00008160    00000020                               : UARTMSP432.oem4f (.const:staticFxnTable)
                  00008180    00000018     ti_drivers_config.obj (.const:UART_config)
                  00008198    00000014     ti_drivers_config.obj (.const:GPIOMSP432_config)
                  000081ac    00000014     ti_drivers_config.obj (.const:displayUartHWAttrs)
                  000081c0    00000010     ti_drivers_config.obj (.const:TimerMSP432HWAttrs)
                  000081d0    0000000c     ti_drivers_config.obj (.const:Display_config)
                  000081dc    0000000c     ti_drivers_config.obj (.const:Timer_config)
                  000081e8    0000000c     drivers_msp432p401x.aem4f : Timer.oem4f (.const:defaultParams)
                  000081f4    0000000c                               : TimerMSP432.oem4f (.const:timer32Dividers)
                  00008200    00000008     freertos_builds_MSP_EXP432P401R_release_ccs.lib : port.obj (.const)
                  00008208    00000008     msp432p4xx_driverlib.lib : interrupt.o (.const:g_pulDisRegs)
                  00008210    00000008                              : interrupt.o (.const:g_pulEnRegs)
                  00008218    00000006     drivers_msp432p401x.aem4f : GPIOMSP432.oem4f (.const:.string:interruptType)
                  0000821e    00000006                               : GPIOMSP432.oem4f (.const:.string:portInterruptIds)
                  00008224    00000005                               : UARTMSP432.oem4f (.const:.string:parityTypes)
                  00008229    00000003     ti_drivers_config.obj (.const)
                  0000822c    00000004     freertos_builds_MSP_EXP432P401R_release_ccs.lib : pthread.obj (.const)
                  00008230    00000004                                                     : tasks.obj (.const)
                  00008234    00000004     drivers_msp432p401x.aem4f : UARTMSP432.oem4f (.const:stopBits)
                  00008238    00000002     freertos_builds_MSP_EXP432P401R_release_ccs.lib : pthread.obj (.const:.string)
                  0000823a    00000001     display.aem4f : Display.oem4f (.const:Display_defaultParams)

.cinit     0    00008240    000000d0     
                  00008240    0000009b     (.cinit..data.load) [load image, compression = lzss]
                  000082db    00000001     --HOLE-- [fill = 0]
                  000082dc    0000000c     (__TI_handler_table)
                  000082e8    00000008     (.cinit..bss.load) [load image, compression = zero_init]
                  000082f0    00000008     (.cinit..vtable.load) [load image, compression = zero_init]
                  000082f8    00000018     (__TI_cinit_table)

.init_array 
*          0    00000000    00000000     UNINITIALIZED

.intvecs   0    00000000    00000144     
                  00000000    00000144     freertos_builds_MSP_EXP432P401R_release_ccs.lib : startup_msp432_ccs.obj (.intvecs:retain)

.bss       0    20000000    0000883c     UNINITIALIZED
                  20000000    00008000     freertos_builds_MSP_EXP432P401R_release_ccs.lib : heap_4.obj (.bss:ucHeap)
                  20008000    00000400     ti_drivers_config.obj (.bss:displayUARTBuffer)
                  20008400    00000100     (.common:uartMSP432Objects)
                  20008500    000000c8     freertos_builds_MSP_EXP432P401R_release_ccs.lib : tasks.obj (.bss:pxReadyTasksLists)
                  200085c8    00000080     ti_drivers_config.obj (.bss:uartMSP432RingBuffer0)
                  20008648    00000054     (.common:gpsData)
                  2000869c    00000034     (.common:timerMSP432Objects)
                  200086d0    00000030     drivers_msp432p401x.aem4f : GPIOMSP432.oem4f (.bss:gpioCallbackInfo)
                  20008700    0000002c     (.common:nmeaGnrmc)
                  2000872c    00000020     ti_drivers_config.obj (.bss:uartMSP432RingBuffer1)
                  2000874c    00000014     freertos_builds_MSP_EXP432P401R_release_ccs.lib : timers.obj (.bss:xActiveTimerList1)
                  20008760    00000014                                                     : timers.obj (.bss:xActiveTimerList2)
                  20008774    00000014                                                     : tasks.obj (.bss:xDelayedTaskList1)
                  20008788    00000014                                                     : tasks.obj (.bss:xDelayedTaskList2)
                  2000879c    00000014                                                     : tasks.obj (.bss:xPendingReadyList)
                  200087b0    00000014                                                     : tasks.obj (.bss:xSuspendedTaskList)
                  200087c4    00000014                                                     : tasks.obj (.bss:xTasksWaitingTermination)
                  200087d8    00000010     (.common:coordinate)
                  200087e8    0000000d     (.common:utcTime)
                  200087f5    00000003     --HOLE--
                  200087f8    0000000c     (.common:displayUartObject)
                  20008804    00000008                                                     : tasks.obj (.bss)
                  2000880c    00000008                                                     : timers.obj (.bss)
                  20008814    00000008     msp432p4xx_driverlib.lib : cs.o (.bss)
                  2000881c    00000008     freertos_builds_MSP_EXP432P401R_release_ccs.lib : heap_4.obj (.bss:xStart)
                  20008824    00000006     (.common:sysTime)
                  2000882a    00000002     --HOLE--
                  2000882c    00000004     GPS.obj (.bss)
                  20008830    00000004     drivers_msp432p401x.aem4f : GPIOMSP432.oem4f (.bss)
                  20008834    00000004                               : TimerMSP432.oem4f (.bss:timerState)
                  20008838    00000004     (.common:displayHandle)

.data      0    2000883c    00000a24     UNINITIALIZED
                  2000883c    00000800     freertos_builds_MSP_EXP432P401R_release_ccs.lib : HwiPMSP432_freertos.obj (.data:HwiP_dispatchTable)
                  2000903c    00000140     drivers_msp432p401x.aem4f : PowerMSP432.oem4f (.data:PowerMSP432_perfLevels)
                  2000917c    00000034     freertos_builds_MSP_EXP432P401R_release_ccs.lib : tasks.obj (.data)
                  200091b0    0000002c     drivers_msp432p401x.aem4f : PowerMSP432.oem4f (.data:PowerMSP432_module)
                  200091dc    00000018     freertos_builds_MSP_EXP432P401R_release_ccs.lib : heap_4.obj (.data)
                  200091f4    00000018                                                     : port.obj (.data)
                  2000920c    00000018     drivers_msp432p401x.aem4f : TimerMSP432.oem4f (.data:upConfig)
                  20009224    00000014     freertos_builds_MSP_EXP432P401R_release_ccs.lib : pthread.obj (.data:defaultPthreadAttrs)
                  20009238    0000000c                                                     : timers.obj (.data)
                  20009244    00000008     ti_drivers_config.obj (.data:gpioCallbackFunctions)
                  2000924c    00000008     ti_drivers_config.obj (.data:gpioPinConfigs)
                  20009254    00000004     freertos_builds_MSP_EXP432P401R_release_ccs.lib : ClockP_freertos.obj (.data)
                  20009258    00000004                                                     : HwiPMSP432_freertos.obj (.data)
                  2000925c    00000002     drivers_msp432p401x.aem4f : GPIOMSP432.oem4f (.data)
                  2000925e    00000001                               : Timer.oem4f (.data)
                  2000925f    00000001                               : UART.oem4f (.data)

.sysmem    0    20009260    00000010     UNINITIALIZED
                  20009260    00000010     rtsv7M4_T_le_v4SPD16_eabi.lib : memory.c.obj (.sysmem)

.vtable    0    20009400    000000e8     UNINITIALIZED
                  20009400    000000e8     msp432p4xx_driverlib.lib : interrupt.o (.vtable)

.stack     0    2000fc00    00000400     UNINITIALIZED
                  2000fc00    00000004     rtsv7M4_T_le_v4SPD16_eabi.lib : boot_cortex_m.c.obj (.stack)
                  2000fc04    000003fc     --HOLE--

.binit     0    00000000    00000000     

MODULE SUMMARY

       Module                       code    ro data   rw data
       ------                       ----    -------   -------
    .\
       empty.obj                    1990    0         334    
       GPS.obj                      1390    0         8      
       main_freertos.obj            112     0         0      
    +--+----------------------------+-------+---------+---------+
       Total:                       3492    0         342    
                                                             
    .\syscfg\
       ti_drivers_config.obj        14      331       3040   
    +--+----------------------------+-------+---------+---------+
       Total:                       14      331       3040   
                                                             
    C:/Users/Jesus Minjares/Desktop/MSP432 FreeRTOS/freertos_builds_MSP_EXP432P401R_release_ccs/Debug/freertos_builds_MSP_EXP432P401R_release_ccs.lib
       heap_4.obj                   952     0         65600  
       tasks.obj                    4314    4         720    
       HwiPMSP432_freertos.obj      332     0         4104   
       queue.obj                    3270    0         0      
       timers.obj                   1562    0         120    
       SystemP_freertos.obj         1450    0         0      
       pthread.obj                  798     6         40     
       port.obj                     764     8         48     
       ClockP_freertos.obj          598     0         8      
       startup_msp432_ccs.obj       26      324       0      
       list.obj                     298     0         0      
       SemaphoreP_freertos.obj      250     0         0      
       portasm.obj                  218     0         0      
       PowerMSP432_freertos.obj     80      0         0      
       sleep.obj                    72      0         0      
       PTLS.obj                     26      0         0      
    +--+----------------------------+-------+---------+---------+
       Total:                       15010   342       70640  
                                                             
    C:/ti/simplelink_msp432p4_sdk_3_40_01_02/source/ti/devices/msp432p4xx/driverlib/ccs/msp432p4xx_driverlib.lib
       cs.o                         1522    0         16     
       interrupt.o                  462     96        464    
       uart.o                       284     0         0      
       sysctl_a.o                   212     0         0      
       cpu.o                        24      0         0      
       sysctl.o                     16      0         0      
    +--+----------------------------+-------+---------+---------+
       Total:                       2520    96        480    
                                                             
    C:/ti/simplelink_msp432p4_sdk_3_40_01_02/source/ti/display/lib/display.aem4f
       DisplayUart.oem4f            184     32        0      
       Display.oem4f                180     1         0      
    +--+----------------------------+-------+---------+---------+
       Total:                       364     33        0      
                                                             
    C:/ti/simplelink_msp432p4_sdk_3_40_01_02/source/ti/drivers/lib/drivers_msp432p401x.aem4f
       UARTMSP432.oem4f             3406    81        0      
       PowerMSP432.oem4f            2196    0         728    
       TimerMSP432.oem4f            1806    124       56     
       GPIOMSP432.oem4f             884     12        108    
       UART.oem4f                   196     36        2      
       RingBuf.oem4f                184     0         0      
       Timer.oem4f                  158     12        2      
       List.oem4f                   76      0         0      
    +--+----------------------------+-------+---------+---------+
       Total:                       8906    265       896    
                                                             
    C:\ti\ccs930\ccs\tools\compiler\ti-cgt-arm_18.12.4.LTS\lib\rtsv7M4_T_le_v4SPD16_eabi.lib
       fd_add_t2.asm.obj            438     0         0      
       fd_div_t2.asm.obj            310     0         0      
       fd_mul_t2.asm.obj            252     0         0      
       memcpy_t2.asm.obj            156     0         0      
       fd_cmp_t2.asm.obj            134     0         0      
       memset_t2.asm.obj            122     0         0      
       copy_decompress_lzss.c.obj   104     0         0      
       fd_toi_t2.asm.obj            72      0         0      
       autoinit.c.obj               68      0         0      
       fd_tou_t2.asm.obj            68      0         0      
       u_divt2.asm.obj              64      0         0      
       boot_cortex_m.c.obj          52      0         0      
       i_tofd_t2.asm.obj            46      0         0      
       strlen.c.obj                 20      0         0      
       copy_decompress_none.c.obj   14      0         0      
       copy_zero_init.c.obj         12      0         0      
       exit.c.obj                   4       0         0      
       pre_init.c.obj               4       0         0      
       div0.asm.obj                 2       0         0      
    +--+----------------------------+-------+---------+---------+
       Total:                       1942    0         0      
                                                             
       Heap:                        0       0         32     
       Stack:                       0       0         2048   
       Linker Generated:            0       207       0      
    +--+----------------------------+-------+---------+---------+
       Grand Total:                 32248   1274      77478  


LINKER GENERATED COPY TABLES

__TI_cinit_table @ 000082f8 records: 3, size/record: 8, table size: 24
	.data: load addr=00008240, load size=0000009b bytes, run addr=2000883c, run size=00000a24 bytes, compression=lzss
	.bss: load addr=000082e8, load size=00000008 bytes, run addr=20000000, run size=0000883c bytes, compression=zero_init
	.vtable: load addr=000082f0, load size=00000008 bytes, run addr=20009400, run size=000000e8 bytes, compression=zero_init


LINKER GENERATED HANDLER TABLE

__TI_handler_table @ 000082dc records: 3, size/record: 4, table size: 12
	index: 0, handler: __TI_decompress_lzss
	index: 1, handler: __TI_decompress_none
	index: 2, handler: __TI_zero_init


GLOBAL SYMBOLS: SORTED ALPHABETICALLY BY Name 

address   name                               
-------   ----                               
00007e6b  Board_init                         
00001ab7  Board_initHook                     
00007f51  C$$EXIT                            
00007e77  CPU_cpsid                          
00007e83  CPU_cpsie                          
00007561  CS_clearInterruptFlag              
00003061  CS_getDCOFrequency                 
00007815  CS_getMCLK                         
00007ae9  CS_setExternalClockSourceFrequency 
00003251  CS_startHFXTWithTimeout            
00003335  CS_startLFXTWithTimeout            
00007be3  ClockP_Params_init                 
00007161  ClockP_callbackFxn                 
00004d51  ClockP_create                      
00006861  ClockP_delete                      
00007cd1  ClockP_setTimeout                  
00007b89  ClockP_start                       
00006229  ClockP_stop                        
000027fb  DisplayUartMin_clear               
00002c5b  DisplayUartMin_clearLines          
00007ce7  DisplayUartMin_close               
00007f35  DisplayUartMin_control             
00008120  DisplayUartMin_fxnTable            
00007f3b  DisplayUartMin_getType             
0000324f  DisplayUartMin_init                
00006b81  DisplayUartMin_open                
00006d35  DisplayUartMin_vprintf             
000081d0  Display_config                     
00008229  Display_count                      
0000823a  Display_defaultParams              
0000783d  Display_doInit                     
000064d9  Display_doOpen                     
00007f41  Display_doParamsInit               
000077e9  Display_doPrintf                   
00008198  GPIOMSP432_config                  
00006025  GPIO_hwiIntFxn                     
00004811  GPIO_init                          
000063b9  GPIO_setCallback                   
00001de5  GPIO_setConfig                     
00007309  GPIO_toggle                        
00006701  GPIO_write                         
00007ba7  HwiP_Params_init                   
00006419  HwiP_create                        
00007dc9  HwiP_delete                        
0000770d  HwiP_disable                       
00006bcd  HwiP_dispatch                      
2000883c  HwiP_dispatchTable                 
00007865  HwiP_inISR                         
00007b09  HwiP_restore                       
000057a9  Interrupt_disableInterrupt         
00005829  Interrupt_enableInterrupt          
00006535  Interrupt_registerInterrupt        
000068b5  Interrupt_setPriority              
00007c01  Interrupt_unregisterInterrupt      
0000797d  List_put                           
000079a3  List_remove                        
00007c55  PTLS_taskDeleteHook                
0000809c  PowerMSP432_config                 
0000608d  PowerMSP432_getFreqs               
00007ded  PowerMSP432_getNumPerfLevels       
00003c77  PowerMSP432_initPolicy             
200091b0  PowerMSP432_module                 
2000903c  PowerMSP432_perfLevels             
000072cd  PowerMSP432_sleepPolicy            
00007ecd  PowerMSP432_updateFreqs            
00007e91  Power_getConstraintMask            
00007e9d  Power_getPerformanceLevel          
00007d15  Power_idleFunc                     
00004e91  Power_init                         
0000788d  Power_registerNotify               
00006c15  Power_releaseConstraint            
00007341  Power_setConstraint                
00000b6d  Power_sleep                        
00007b29  Power_unregisterNotify             
00007ddb  RingBuf_construct                  
00006fa1  RingBuf_get                        
00007b49  RingBuf_peek                       
00006d7b  RingBuf_put                        
00007cfd  SemaphoreP_Params_init             
00006809  SemaphoreP_create                  
00007739  SemaphoreP_createBinary            
00007ea9  SemaphoreP_delete                  
0000748f  SemaphoreP_pend                    
00007a81  SemaphoreP_post                    
00007c89  SysCtl_A_disableNMISource          
00007ca1  SysCtl_A_enableNMISource           
00007dfd  SysCtl_A_getNMISourceStatus        
0000519d  SysCtl_A_getTLVInfo                
00007e0d  SysCtl_getNMISourceStatus          
00007aa3  SystemP_vsnprintf                  
000081c0  TimerMSP432HWAttrs                 
00008140  TimerMSP432_Timer_A_fxnTable       
00005c09  TimerMSP432_allocateTimerResource  
00006a01  TimerMSP432_close                  
00007f47  TimerMSP432_control                
00006909  TimerMSP432_freeTimerResource      
00007379  TimerMSP432_getCount               
00003ec3  TimerMSP432_init                   
000020b9  TimerMSP432_open                   
00003ec5  TimerMSP432_setPeriod              
00003c79  TimerMSP432_start                  
00005479  TimerMSP432_stop                   
00007e1d  Timer_Params_init                  
000081dc  Timer_config                       
0000822a  Timer_count                        
00006e09  Timer_init                         
00006fe1  Timer_open                         
00007ed7  Timer_start                        
00005231  UARTMSP432_close                   
00004495  UARTMSP432_control                 
000080d4  UARTMSP432_fxnTable                
00003bad  UARTMSP432_hwiIntFxn               
00004493  UARTMSP432_init                    
00000e65  UARTMSP432_open                    
00007021  UARTMSP432_read                    
00007459  UARTMSP432_readCancel              
00003415  UARTMSP432_readPolling             
000048bd  UARTMSP432_write                   
00005f43  UARTMSP432_writeCancel             
00004549  UARTMSP432_writePolling            
00007cb9  UART_Params_init                   
00007ee1  UART_close                         
00008180  UART_config                        
00007eeb  UART_control                       
0000822b  UART_count                         
000080fc  UART_defaultParams                 
00006e4d  UART_init                          
000027fd  UART_initModule                    
00007061  UART_open                          
00007ef5  UART_read                          
00007eff  UART_write                         
4000480c  WDTCTL_SYM                         
20010000  __STACK_END                        
00000400  __STACK_SIZE                       
00000010  __SYSMEM_SIZE                      
000082f8  __TI_CINIT_Base                    
00008310  __TI_CINIT_Limit                   
000082dc  __TI_Handler_Table_Base            
000082e8  __TI_Handler_Table_Limit           
00006e91  __TI_auto_init_nobinit_nopinit     
000060f5  __TI_decompress_lzss               
00007e5d  __TI_decompress_none               
ffffffff  __TI_pprof_out_hndl                
ffffffff  __TI_prof_data_size                
ffffffff  __TI_prof_data_start               
00008240  __TI_static_base__                 
00007eb5  __TI_zero_init                     
00005619  __aeabi_cdcmpeq                    
00005619  __aeabi_cdcmple                    
00006c5d  __aeabi_d2iz                       
00006f19  __aeabi_d2uiz                      
0000190b  __aeabi_dadd                       
0000247d  __aeabi_ddiv                       
00002f65  __aeabi_dmul                       
00001901  __aeabi_dsub                       
000076dd  __aeabi_i2d                        
00005fb3  __aeabi_idiv0                      
00005fb3  __aeabi_ldiv0                      
00005a9b  __aeabi_memclr                     
00005a9b  __aeabi_memclr4                    
00005a9b  __aeabi_memclr8                    
00004f2d  __aeabi_memcpy                     
00004f2d  __aeabi_memcpy4                    
00004f2d  __aeabi_memcpy8                    
00005a9d  __aeabi_memset                     
00005a9d  __aeabi_memset4                    
00005a9d  __aeabi_memset8                    
000070e1  __aeabi_uidiv                      
000070e1  __aeabi_uidivmod                   
ffffffff  __binit__                          
ffffffff  __c_args__                         
UNDEFED   __mpu_init                         
2000fc00  __stack                            
000074c5  _c_int00_noargs                    
000079c9  _pthread_cleanup_pop               
20009260  _sys_memory                        
UNDEFED   _system_post_cinit                 
00007f4d  _system_pre_init                   
00007f51  abort                              
ffffffff  binit                              
200087d8  coordinate                         
20008838  displayHandle                      
000081ac  displayUartHWAttrs                 
200087f8  displayUartObject                  
20009400  g_pfnRAMVectors                    
20009244  gpioCallbackFunctions              
2000924c  gpioPinConfigs                     
20008648  gpsData                            
00000145  gpsThread                          
00000000  interruptVectors                   
000053e9  isSubstring                        
00003785  latitudeDegrees                    
0000385d  longitudeDegrees                   
0000628d  main                               
00004f2d  memcpy                             
00005aa3  memset                             
20008700  nmeaGnrmc                          
00007c1d  pthread_attr_init                  
00007ac5  pthread_attr_setdetachstate        
0000792d  pthread_attr_setschedparam         
00007d51  pthread_attr_setstacksize          
00002345  pthread_create                     
000065ed  pthread_exit                       
00007d65  pthread_self                       
0000719f  pthread_setcancelstate             
00001ab9  pvPortMalloc                       
00007219  pvTaskGetThreadLocalStoragePointer 
00007c39  pvTaskIncrementMutexHeldCount      
000076af  pvTimerGetTimerID                  
2000917c  pxCurrentTCB                       
00006479  pxPortInitialiseStack              
00007d79  resetISR                           
00006dc1  setCoordinates                     
000052c5  setGnrmc                           
00006f5d  setSysTime                         
00005ed1  setTime                            
00006ca5  sleep                              
00001591  str_to_double                      
00005b15  str_to_uint16                      
000059a5  str_to_uint8                       
00007d8d  strlen                             
20008824  sysTime                            
00005cf9  timerCallback                      
2000869c  timerMSP432Objects                 
000040f9  token                              
20008400  uartMSP432Objects                  
00008200  ulMaxSyscallInterruptPriority      
000036b9  ulPortGetIPSR                      
200087e8  utcTime                            
00006ced  uxListRemove                       
00008230  uxTopUsedPriority                  
000063b7  vApplicationMallocFailedHook       
00007f09  vApplicationStackOverflowHook      
000075f1  vListInitialise                    
00007e3d  vListInitialiseItem                
000061c3  vListInsert                        
00007255  vListInsertEnd                     
00003775  vPortEnableVFP                     
00006b35  vPortEnterCritical                 
00007621  vPortExitCritical                  
00004ab5  vPortFree                          
00003731  vPortSVCHandler                    
00005d71  vPortSetupTimerInterrupt           
00003751  vPortStartFirstTask                
00007f13  vPortSuppressTicksAndSleep         
00005e5d  vPortValidateInterruptPriority     
00007a39  vQueueDelete                       
00006649  vQueueWaitForMessageRestricted     
000066a5  vTaskDelay                         
00002e65  vTaskDelete                        
00007a5d  vTaskInternalSetTimeOutState       
00007ec1  vTaskMissedYield                   
0000752d  vTaskPlaceOnEventList              
00007121  vTaskPlaceOnEventListRestricted    
00002d61  vTaskPriorityDisinheritAfterTimeout
00007791  vTaskSetApplicationTaskTag         
00005101  vTaskStartScheduler                
00002a35  vTaskSuspend                       
00007e4d  vTaskSuspendAll                    
000035cd  vTaskSwitchContext                 
000036d1  xPortPendSVHandler                 
00003a0d  xPortStartScheduler                
000077bd  xPortSysTickHandler                
000067b1  xQueueCreateCountingSemaphore      
00004b5d  xQueueGenericCreate                
00004325  xQueueGenericReset                 
00001749  xQueueGenericSend                  
000025b3  xQueueGenericSendFromISR           
00002b4d  xQueueGiveFromISR                  
00001c65  xQueueReceive                      
00003159  xQueueReceiveFromISR               
000013bd  xQueueSemaphoreTake                
000045fd  xTaskCheckForTimeOut               
00005b8f  xTaskCreate                        
00007955  xTaskGetApplicationTaskTag         
00007da1  xTaskGetCurrentTaskHandle          
00007651  xTaskGetSchedulerState             
00007db5  xTaskGetTickCount                  
00002205  xTaskIncrementTick                 
00003add  xTaskPriorityDisinherit            
00003935  xTaskPriorityInherit               
00004c05  xTaskRemoveFromEventList           
00002919  xTaskResumeAll                     
00007291  xTimerCreate                       
0000695d  xTimerCreateTimerTask              
00005725  xTimerGenericCommand               


GLOBAL SYMBOLS: SORTED BY Symbol Address 

address   name                               
-------   ----                               
00000000  interruptVectors                   
00000010  __SYSMEM_SIZE                      
00000145  gpsThread                          
00000400  __STACK_SIZE                       
00000b6d  Power_sleep                        
00000e65  UARTMSP432_open                    
000013bd  xQueueSemaphoreTake                
00001591  str_to_double                      
00001749  xQueueGenericSend                  
00001901  __aeabi_dsub                       
0000190b  __aeabi_dadd                       
00001ab7  Board_initHook                     
00001ab9  pvPortMalloc                       
00001c65  xQueueReceive                      
00001de5  GPIO_setConfig                     
000020b9  TimerMSP432_open                   
00002205  xTaskIncrementTick                 
00002345  pthread_create                     
0000247d  __aeabi_ddiv                       
000025b3  xQueueGenericSendFromISR           
000027fb  DisplayUartMin_clear               
000027fd  UART_initModule                    
00002919  xTaskResumeAll                     
00002a35  vTaskSuspend                       
00002b4d  xQueueGiveFromISR                  
00002c5b  DisplayUartMin_clearLines          
00002d61  vTaskPriorityDisinheritAfterTimeout
00002e65  vTaskDelete                        
00002f65  __aeabi_dmul                       
00003061  CS_getDCOFrequency                 
00003159  xQueueReceiveFromISR               
0000324f  DisplayUartMin_init                
00003251  CS_startHFXTWithTimeout            
00003335  CS_startLFXTWithTimeout            
00003415  UARTMSP432_readPolling             
000035cd  vTaskSwitchContext                 
000036b9  ulPortGetIPSR                      
000036d1  xPortPendSVHandler                 
00003731  vPortSVCHandler                    
00003751  vPortStartFirstTask                
00003775  vPortEnableVFP                     
00003785  latitudeDegrees                    
0000385d  longitudeDegrees                   
00003935  xTaskPriorityInherit               
00003a0d  xPortStartScheduler                
00003add  xTaskPriorityDisinherit            
00003bad  UARTMSP432_hwiIntFxn               
00003c77  PowerMSP432_initPolicy             
00003c79  TimerMSP432_start                  
00003ec3  TimerMSP432_init                   
00003ec5  TimerMSP432_setPeriod              
000040f9  token                              
00004325  xQueueGenericReset                 
00004493  UARTMSP432_init                    
00004495  UARTMSP432_control                 
00004549  UARTMSP432_writePolling            
000045fd  xTaskCheckForTimeOut               
00004811  GPIO_init                          
000048bd  UARTMSP432_write                   
00004ab5  vPortFree                          
00004b5d  xQueueGenericCreate                
00004c05  xTaskRemoveFromEventList           
00004d51  ClockP_create                      
00004e91  Power_init                         
00004f2d  __aeabi_memcpy                     
00004f2d  __aeabi_memcpy4                    
00004f2d  __aeabi_memcpy8                    
00004f2d  memcpy                             
00005101  vTaskStartScheduler                
0000519d  SysCtl_A_getTLVInfo                
00005231  UARTMSP432_close                   
000052c5  setGnrmc                           
000053e9  isSubstring                        
00005479  TimerMSP432_stop                   
00005619  __aeabi_cdcmpeq                    
00005619  __aeabi_cdcmple                    
00005725  xTimerGenericCommand               
000057a9  Interrupt_disableInterrupt         
00005829  Interrupt_enableInterrupt          
000059a5  str_to_uint8                       
00005a9b  __aeabi_memclr                     
00005a9b  __aeabi_memclr4                    
00005a9b  __aeabi_memclr8                    
00005a9d  __aeabi_memset                     
00005a9d  __aeabi_memset4                    
00005a9d  __aeabi_memset8                    
00005aa3  memset                             
00005b15  str_to_uint16                      
00005b8f  xTaskCreate                        
00005c09  TimerMSP432_allocateTimerResource  
00005cf9  timerCallback                      
00005d71  vPortSetupTimerInterrupt           
00005e5d  vPortValidateInterruptPriority     
00005ed1  setTime                            
00005f43  UARTMSP432_writeCancel             
00005fb3  __aeabi_idiv0                      
00005fb3  __aeabi_ldiv0                      
00006025  GPIO_hwiIntFxn                     
0000608d  PowerMSP432_getFreqs               
000060f5  __TI_decompress_lzss               
000061c3  vListInsert                        
00006229  ClockP_stop                        
0000628d  main                               
000063b7  vApplicationMallocFailedHook       
000063b9  GPIO_setCallback                   
00006419  HwiP_create                        
00006479  pxPortInitialiseStack              
000064d9  Display_doOpen                     
00006535  Interrupt_registerInterrupt        
000065ed  pthread_exit                       
00006649  vQueueWaitForMessageRestricted     
000066a5  vTaskDelay                         
00006701  GPIO_write                         
000067b1  xQueueCreateCountingSemaphore      
00006809  SemaphoreP_create                  
00006861  ClockP_delete                      
000068b5  Interrupt_setPriority              
00006909  TimerMSP432_freeTimerResource      
0000695d  xTimerCreateTimerTask              
00006a01  TimerMSP432_close                  
00006b35  vPortEnterCritical                 
00006b81  DisplayUartMin_open                
00006bcd  HwiP_dispatch                      
00006c15  Power_releaseConstraint            
00006c5d  __aeabi_d2iz                       
00006ca5  sleep                              
00006ced  uxListRemove                       
00006d35  DisplayUartMin_vprintf             
00006d7b  RingBuf_put                        
00006dc1  setCoordinates                     
00006e09  Timer_init                         
00006e4d  UART_init                          
00006e91  __TI_auto_init_nobinit_nopinit     
00006f19  __aeabi_d2uiz                      
00006f5d  setSysTime                         
00006fa1  RingBuf_get                        
00006fe1  Timer_open                         
00007021  UARTMSP432_read                    
00007061  UART_open                          
000070e1  __aeabi_uidiv                      
000070e1  __aeabi_uidivmod                   
00007121  vTaskPlaceOnEventListRestricted    
00007161  ClockP_callbackFxn                 
0000719f  pthread_setcancelstate             
00007219  pvTaskGetThreadLocalStoragePointer 
00007255  vListInsertEnd                     
00007291  xTimerCreate                       
000072cd  PowerMSP432_sleepPolicy            
00007309  GPIO_toggle                        
00007341  Power_setConstraint                
00007379  TimerMSP432_getCount               
00007459  UARTMSP432_readCancel              
0000748f  SemaphoreP_pend                    
000074c5  _c_int00_noargs                    
0000752d  vTaskPlaceOnEventList              
00007561  CS_clearInterruptFlag              
000075f1  vListInitialise                    
00007621  vPortExitCritical                  
00007651  xTaskGetSchedulerState             
000076af  pvTimerGetTimerID                  
000076dd  __aeabi_i2d                        
0000770d  HwiP_disable                       
00007739  SemaphoreP_createBinary            
00007791  vTaskSetApplicationTaskTag         
000077bd  xPortSysTickHandler                
000077e9  Display_doPrintf                   
00007815  CS_getMCLK                         
0000783d  Display_doInit                     
00007865  HwiP_inISR                         
0000788d  Power_registerNotify               
0000792d  pthread_attr_setschedparam         
00007955  xTaskGetApplicationTaskTag         
0000797d  List_put                           
000079a3  List_remove                        
000079c9  _pthread_cleanup_pop               
00007a39  vQueueDelete                       
00007a5d  vTaskInternalSetTimeOutState       
00007a81  SemaphoreP_post                    
00007aa3  SystemP_vsnprintf                  
00007ac5  pthread_attr_setdetachstate        
00007ae9  CS_setExternalClockSourceFrequency 
00007b09  HwiP_restore                       
00007b29  Power_unregisterNotify             
00007b49  RingBuf_peek                       
00007b89  ClockP_start                       
00007ba7  HwiP_Params_init                   
00007be3  ClockP_Params_init                 
00007c01  Interrupt_unregisterInterrupt      
00007c1d  pthread_attr_init                  
00007c39  pvTaskIncrementMutexHeldCount      
00007c55  PTLS_taskDeleteHook                
00007c89  SysCtl_A_disableNMISource          
00007ca1  SysCtl_A_enableNMISource           
00007cb9  UART_Params_init                   
00007cd1  ClockP_setTimeout                  
00007ce7  DisplayUartMin_close               
00007cfd  SemaphoreP_Params_init             
00007d15  Power_idleFunc                     
00007d51  pthread_attr_setstacksize          
00007d65  pthread_self                       
00007d79  resetISR                           
00007d8d  strlen                             
00007da1  xTaskGetCurrentTaskHandle          
00007db5  xTaskGetTickCount                  
00007dc9  HwiP_delete                        
00007ddb  RingBuf_construct                  
00007ded  PowerMSP432_getNumPerfLevels       
00007dfd  SysCtl_A_getNMISourceStatus        
00007e0d  SysCtl_getNMISourceStatus          
00007e1d  Timer_Params_init                  
00007e3d  vListInitialiseItem                
00007e4d  vTaskSuspendAll                    
00007e5d  __TI_decompress_none               
00007e6b  Board_init                         
00007e77  CPU_cpsid                          
00007e83  CPU_cpsie                          
00007e91  Power_getConstraintMask            
00007e9d  Power_getPerformanceLevel          
00007ea9  SemaphoreP_delete                  
00007eb5  __TI_zero_init                     
00007ec1  vTaskMissedYield                   
00007ecd  PowerMSP432_updateFreqs            
00007ed7  Timer_start                        
00007ee1  UART_close                         
00007eeb  UART_control                       
00007ef5  UART_read                          
00007eff  UART_write                         
00007f09  vApplicationStackOverflowHook      
00007f13  vPortSuppressTicksAndSleep         
00007f35  DisplayUartMin_control             
00007f3b  DisplayUartMin_getType             
00007f41  Display_doParamsInit               
00007f47  TimerMSP432_control                
00007f4d  _system_pre_init                   
00007f51  C$$EXIT                            
00007f51  abort                              
0000809c  PowerMSP432_config                 
000080d4  UARTMSP432_fxnTable                
000080fc  UART_defaultParams                 
00008120  DisplayUartMin_fxnTable            
00008140  TimerMSP432_Timer_A_fxnTable       
00008180  UART_config                        
00008198  GPIOMSP432_config                  
000081ac  displayUartHWAttrs                 
000081c0  TimerMSP432HWAttrs                 
000081d0  Display_config                     
000081dc  Timer_config                       
00008200  ulMaxSyscallInterruptPriority      
00008229  Display_count                      
0000822a  Timer_count                        
0000822b  UART_count                         
00008230  uxTopUsedPriority                  
0000823a  Display_defaultParams              
00008240  __TI_static_base__                 
000082dc  __TI_Handler_Table_Base            
000082e8  __TI_Handler_Table_Limit           
000082f8  __TI_CINIT_Base                    
00008310  __TI_CINIT_Limit                   
20008400  uartMSP432Objects                  
20008648  gpsData                            
2000869c  timerMSP432Objects                 
20008700  nmeaGnrmc                          
200087d8  coordinate                         
200087e8  utcTime                            
200087f8  displayUartObject                  
20008824  sysTime                            
20008838  displayHandle                      
2000883c  HwiP_dispatchTable                 
2000903c  PowerMSP432_perfLevels             
2000917c  pxCurrentTCB                       
200091b0  PowerMSP432_module                 
20009244  gpioCallbackFunctions              
2000924c  gpioPinConfigs                     
20009260  _sys_memory                        
20009400  g_pfnRAMVectors                    
2000fc00  __stack                            
20010000  __STACK_END                        
4000480c  WDTCTL_SYM                         
ffffffff  __TI_pprof_out_hndl                
ffffffff  __TI_prof_data_size                
ffffffff  __TI_prof_data_start               
ffffffff  __binit__                          
ffffffff  __c_args__                         
ffffffff  binit                              
UNDEFED   __mpu_init                         
UNDEFED   _system_post_cinit                 

[286 symbols]
