<?xml version="1.0" encoding="ISO-8859-1" ?>
<link_info>
   <banner>TI ARM Linker PC v18.12.4.LTS</banner>
   <copyright>Copyright (c) 1996-2018 Texas Instruments Incorporated</copyright>
   <link_time>0x5ff774d3</link_time>
   <link_errors>0x0</link_errors>
   <output_file>timer_with_gpio_interrupts.out</output_file>
   <entry_point>
      <name>resetISR</name>
      <address>0x50fd</address>
   </entry_point>
   <input_file_list>
      <input_file id="fl-2">
         <path>.\</path>
         <kind>object</kind>
         <file>main_freertos.obj</file>
         <name>main_freertos.obj</name>
      </input_file>
      <input_file id="fl-3">
         <path>.\</path>
         <kind>object</kind>
         <file>timerWithGpio.obj</file>
         <name>timerWithGpio.obj</name>
      </input_file>
      <input_file id="fl-4">
         <path>.\syscfg\</path>
         <kind>object</kind>
         <file>ti_drivers_config.obj</file>
         <name>ti_drivers_config.obj</name>
      </input_file>
      <input_file id="fl-f">
         <kind>object</kind>
         <file>&lt;internal&gt;</file>
         <name>&lt;internal&gt;</name>
      </input_file>
      <input_file id="fl-10">
         <path>C:\ti\simplelink_msp432p4_sdk_3_40_01_02\source\ti\drivers\lib\</path>
         <kind>archive</kind>
         <file>drivers_msp432p401x.aem4f</file>
         <name>GPIOMSP432.oem4f</name>
      </input_file>
      <input_file id="fl-11">
         <path>C:\ti\simplelink_msp432p4_sdk_3_40_01_02\source\ti\drivers\lib\</path>
         <kind>archive</kind>
         <file>drivers_msp432p401x.aem4f</file>
         <name>PowerMSP432.oem4f</name>
      </input_file>
      <input_file id="fl-12">
         <path>C:\ti\simplelink_msp432p4_sdk_3_40_01_02\source\ti\drivers\lib\</path>
         <kind>archive</kind>
         <file>drivers_msp432p401x.aem4f</file>
         <name>Timer.oem4f</name>
      </input_file>
      <input_file id="fl-13">
         <path>C:\ti\simplelink_msp432p4_sdk_3_40_01_02\source\ti\drivers\lib\</path>
         <kind>archive</kind>
         <file>drivers_msp432p401x.aem4f</file>
         <name>TimerMSP432.oem4f</name>
      </input_file>
      <input_file id="fl-14">
         <path>C:\ti\simplelink_msp432p4_sdk_3_40_01_02\source\ti\drivers\lib\</path>
         <kind>archive</kind>
         <file>drivers_msp432p401x.aem4f</file>
         <name>List.oem4f</name>
      </input_file>
      <input_file id="fl-15">
         <path>C:\Users\Jesus Minjares\Desktop\MSP432 FreeRTOS\freertos_builds_MSP_EXP432P401R_release_ccs\Debug\</path>
         <kind>archive</kind>
         <file>freertos_builds_MSP_EXP432P401R_release_ccs.lib</file>
         <name>HwiPMSP432_freertos.obj</name>
      </input_file>
      <input_file id="fl-16">
         <path>C:\Users\Jesus Minjares\Desktop\MSP432 FreeRTOS\freertos_builds_MSP_EXP432P401R_release_ccs\Debug\</path>
         <kind>archive</kind>
         <file>freertos_builds_MSP_EXP432P401R_release_ccs.lib</file>
         <name>PowerMSP432_freertos.obj</name>
      </input_file>
      <input_file id="fl-17">
         <path>C:\Users\Jesus Minjares\Desktop\MSP432 FreeRTOS\freertos_builds_MSP_EXP432P401R_release_ccs\Debug\</path>
         <kind>archive</kind>
         <file>freertos_builds_MSP_EXP432P401R_release_ccs.lib</file>
         <name>SemaphoreP_freertos.obj</name>
      </input_file>
      <input_file id="fl-18">
         <path>C:\Users\Jesus Minjares\Desktop\MSP432 FreeRTOS\freertos_builds_MSP_EXP432P401R_release_ccs\Debug\</path>
         <kind>archive</kind>
         <file>freertos_builds_MSP_EXP432P401R_release_ccs.lib</file>
         <name>queue.obj</name>
      </input_file>
      <input_file id="fl-19">
         <path>C:\Users\Jesus Minjares\Desktop\MSP432 FreeRTOS\freertos_builds_MSP_EXP432P401R_release_ccs\Debug\</path>
         <kind>archive</kind>
         <file>freertos_builds_MSP_EXP432P401R_release_ccs.lib</file>
         <name>tasks.obj</name>
      </input_file>
      <input_file id="fl-1a">
         <path>C:\Users\Jesus Minjares\Desktop\MSP432 FreeRTOS\freertos_builds_MSP_EXP432P401R_release_ccs\Debug\</path>
         <kind>archive</kind>
         <file>freertos_builds_MSP_EXP432P401R_release_ccs.lib</file>
         <name>timers.obj</name>
      </input_file>
      <input_file id="fl-1b">
         <path>C:\Users\Jesus Minjares\Desktop\MSP432 FreeRTOS\freertos_builds_MSP_EXP432P401R_release_ccs\Debug\</path>
         <kind>archive</kind>
         <file>freertos_builds_MSP_EXP432P401R_release_ccs.lib</file>
         <name>port.obj</name>
      </input_file>
      <input_file id="fl-1c">
         <path>C:\Users\Jesus Minjares\Desktop\MSP432 FreeRTOS\freertos_builds_MSP_EXP432P401R_release_ccs\Debug\</path>
         <kind>archive</kind>
         <file>freertos_builds_MSP_EXP432P401R_release_ccs.lib</file>
         <name>portasm.obj</name>
      </input_file>
      <input_file id="fl-1d">
         <path>C:\Users\Jesus Minjares\Desktop\MSP432 FreeRTOS\freertos_builds_MSP_EXP432P401R_release_ccs\Debug\</path>
         <kind>archive</kind>
         <file>freertos_builds_MSP_EXP432P401R_release_ccs.lib</file>
         <name>startup_msp432_ccs.obj</name>
      </input_file>
      <input_file id="fl-1e">
         <path>C:\Users\Jesus Minjares\Desktop\MSP432 FreeRTOS\freertos_builds_MSP_EXP432P401R_release_ccs\Debug\</path>
         <kind>archive</kind>
         <file>freertos_builds_MSP_EXP432P401R_release_ccs.lib</file>
         <name>PTLS.obj</name>
      </input_file>
      <input_file id="fl-1f">
         <path>C:\Users\Jesus Minjares\Desktop\MSP432 FreeRTOS\freertos_builds_MSP_EXP432P401R_release_ccs\Debug\</path>
         <kind>archive</kind>
         <file>freertos_builds_MSP_EXP432P401R_release_ccs.lib</file>
         <name>pthread.obj</name>
      </input_file>
      <input_file id="fl-20">
         <path>C:\Users\Jesus Minjares\Desktop\MSP432 FreeRTOS\freertos_builds_MSP_EXP432P401R_release_ccs\Debug\</path>
         <kind>archive</kind>
         <file>freertos_builds_MSP_EXP432P401R_release_ccs.lib</file>
         <name>heap_4.obj</name>
      </input_file>
      <input_file id="fl-21">
         <path>C:\Users\Jesus Minjares\Desktop\MSP432 FreeRTOS\freertos_builds_MSP_EXP432P401R_release_ccs\Debug\</path>
         <kind>archive</kind>
         <file>freertos_builds_MSP_EXP432P401R_release_ccs.lib</file>
         <name>list.obj</name>
      </input_file>
      <input_file id="fl-22">
         <path>C:\ti\simplelink_msp432p4_sdk_3_40_01_02\source\ti\devices\msp432p4xx\driverlib\ccs\</path>
         <kind>archive</kind>
         <file>msp432p4xx_driverlib.lib</file>
         <name>cpu.o</name>
      </input_file>
      <input_file id="fl-23">
         <path>C:\ti\simplelink_msp432p4_sdk_3_40_01_02\source\ti\devices\msp432p4xx\driverlib\ccs\</path>
         <kind>archive</kind>
         <file>msp432p4xx_driverlib.lib</file>
         <name>cs.o</name>
      </input_file>
      <input_file id="fl-24">
         <path>C:\ti\simplelink_msp432p4_sdk_3_40_01_02\source\ti\devices\msp432p4xx\driverlib\ccs\</path>
         <kind>archive</kind>
         <file>msp432p4xx_driverlib.lib</file>
         <name>interrupt.o</name>
      </input_file>
      <input_file id="fl-25">
         <path>C:\ti\simplelink_msp432p4_sdk_3_40_01_02\source\ti\devices\msp432p4xx\driverlib\ccs\</path>
         <kind>archive</kind>
         <file>msp432p4xx_driverlib.lib</file>
         <name>sysctl.o</name>
      </input_file>
      <input_file id="fl-26">
         <path>C:\ti\simplelink_msp432p4_sdk_3_40_01_02\source\ti\devices\msp432p4xx\driverlib\ccs\</path>
         <kind>archive</kind>
         <file>msp432p4xx_driverlib.lib</file>
         <name>sysctl_a.o</name>
      </input_file>
      <input_file id="fl-dc">
         <path>C:\ti\ccs930\ccs\tools\compiler\ti-cgt-arm_18.12.4.LTS\lib\</path>
         <kind>archive</kind>
         <file>rtsv7M4_T_le_v4SPD16_eabi.lib</file>
         <name>memcpy_t2.asm.obj</name>
      </input_file>
      <input_file id="fl-dd">
         <path>C:\ti\ccs930\ccs\tools\compiler\ti-cgt-arm_18.12.4.LTS\lib\</path>
         <kind>archive</kind>
         <file>rtsv7M4_T_le_v4SPD16_eabi.lib</file>
         <name>memset_t2.asm.obj</name>
      </input_file>
      <input_file id="fl-de">
         <path>C:\ti\ccs930\ccs\tools\compiler\ti-cgt-arm_18.12.4.LTS\lib\</path>
         <kind>archive</kind>
         <file>rtsv7M4_T_le_v4SPD16_eabi.lib</file>
         <name>copy_zero_init.c.obj</name>
      </input_file>
      <input_file id="fl-df">
         <path>C:\ti\ccs930\ccs\tools\compiler\ti-cgt-arm_18.12.4.LTS\lib\</path>
         <kind>archive</kind>
         <file>rtsv7M4_T_le_v4SPD16_eabi.lib</file>
         <name>copy_decompress_none.c.obj</name>
      </input_file>
      <input_file id="fl-e0">
         <path>C:\ti\ccs930\ccs\tools\compiler\ti-cgt-arm_18.12.4.LTS\lib\</path>
         <kind>archive</kind>
         <file>rtsv7M4_T_le_v4SPD16_eabi.lib</file>
         <name>copy_decompress_lzss.c.obj</name>
      </input_file>
      <input_file id="fl-e1">
         <path>C:\ti\ccs930\ccs\tools\compiler\ti-cgt-arm_18.12.4.LTS\lib\</path>
         <kind>archive</kind>
         <file>rtsv7M4_T_le_v4SPD16_eabi.lib</file>
         <name>boot_cortex_m.c.obj</name>
      </input_file>
      <input_file id="fl-e2">
         <path>C:\ti\ccs930\ccs\tools\compiler\ti-cgt-arm_18.12.4.LTS\lib\</path>
         <kind>archive</kind>
         <file>rtsv7M4_T_le_v4SPD16_eabi.lib</file>
         <name>autoinit.c.obj</name>
      </input_file>
      <input_file id="fl-e3">
         <path>C:\ti\ccs930\ccs\tools\compiler\ti-cgt-arm_18.12.4.LTS\lib\</path>
         <kind>archive</kind>
         <file>rtsv7M4_T_le_v4SPD16_eabi.lib</file>
         <name>pre_init.c.obj</name>
      </input_file>
      <input_file id="fl-e4">
         <path>C:\ti\ccs930\ccs\tools\compiler\ti-cgt-arm_18.12.4.LTS\lib\</path>
         <kind>archive</kind>
         <file>rtsv7M4_T_le_v4SPD16_eabi.lib</file>
         <name>cpy_tbl.c.obj</name>
      </input_file>
      <input_file id="fl-e5">
         <path>C:\ti\ccs930\ccs\tools\compiler\ti-cgt-arm_18.12.4.LTS\lib\</path>
         <kind>archive</kind>
         <file>rtsv7M4_T_le_v4SPD16_eabi.lib</file>
         <name>exit.c.obj</name>
      </input_file>
      <input_file id="fl-e6">
         <path>C:\ti\ccs930\ccs\tools\compiler\ti-cgt-arm_18.12.4.LTS\lib\</path>
         <kind>archive</kind>
         <file>rtsv7M4_T_le_v4SPD16_eabi.lib</file>
         <name>_lock.c.obj</name>
      </input_file>
      <input_file id="fl-e7">
         <path>C:\ti\ccs930\ccs\tools\compiler\ti-cgt-arm_18.12.4.LTS\lib\</path>
         <kind>archive</kind>
         <file>rtsv7M4_T_le_v4SPD16_eabi.lib</file>
         <name>args_main.c.obj</name>
      </input_file>
   </input_file_list>
   <object_component_list>
      <object_component id="oc-66c">
         <name>.text:Power_sleep</name>
         <load_address>0x144</load_address>
         <run_address>0x144</run_address>
         <size>0x2f8</size>
         <input_file_ref idref="fl-11"/>
      </object_component>
      <object_component id="oc-33a">
         <name>.text:initPerfControl</name>
         <load_address>0x43c</load_address>
         <run_address>0x43c</run_address>
         <size>0x288</size>
         <input_file_ref idref="fl-11"/>
      </object_component>
      <object_component id="oc-37b">
         <name>.text:xQueueSemaphoreTake</name>
         <load_address>0x6c4</load_address>
         <run_address>0x6c4</run_address>
         <size>0x1d4</size>
         <input_file_ref idref="fl-18"/>
      </object_component>
      <object_component id="oc-354">
         <name>.text:xQueueGenericSend</name>
         <load_address>0x898</load_address>
         <run_address>0x898</run_address>
         <size>0x1b8</size>
         <input_file_ref idref="fl-18"/>
      </object_component>
      <object_component id="oc-28f">
         <name>.text:pvPortMalloc</name>
         <load_address>0xa50</load_address>
         <run_address>0xa50</run_address>
         <size>0x1ac</size>
         <input_file_ref idref="fl-20"/>
      </object_component>
      <object_component id="oc-770">
         <name>.text:xQueueReceive</name>
         <load_address>0xbfc</load_address>
         <run_address>0xbfc</run_address>
         <size>0x180</size>
         <input_file_ref idref="fl-18"/>
      </object_component>
      <object_component id="oc-25b">
         <name>.text:GPIO_setConfig</name>
         <load_address>0xd7c</load_address>
         <run_address>0xd7c</run_address>
         <size>0x170</size>
         <input_file_ref idref="fl-10"/>
      </object_component>
      <object_component id="oc-5e7">
         <name>.text:prvProcessReceivedCommands</name>
         <load_address>0xeec</load_address>
         <run_address>0xeec</run_address>
         <size>0x164</size>
         <input_file_ref idref="fl-1a"/>
      </object_component>
      <object_component id="oc-550">
         <name>.text:TimerMSP432_open</name>
         <load_address>0x1050</load_address>
         <run_address>0x1050</run_address>
         <size>0x14c</size>
         <input_file_ref idref="fl-13"/>
      </object_component>
      <object_component id="oc-b3">
         <name>.text:xTaskIncrementTick</name>
         <load_address>0x119c</load_address>
         <run_address>0x119c</run_address>
         <size>0x140</size>
         <input_file_ref idref="fl-19"/>
      </object_component>
      <object_component id="oc-15a">
         <name>.text:pthread_create</name>
         <load_address>0x12dc</load_address>
         <run_address>0x12dc</run_address>
         <size>0x138</size>
         <input_file_ref idref="fl-1f"/>
      </object_component>
      <object_component id="oc-818">
         <name>.text:xQueueGenericSendFromISR</name>
         <load_address>0x1414</load_address>
         <run_address>0x1414</run_address>
         <size>0x128</size>
         <input_file_ref idref="fl-18"/>
      </object_component>
      <object_component id="oc-3f2">
         <name>.text:prvInitialiseNewTask</name>
         <load_address>0x153c</load_address>
         <run_address>0x153c</run_address>
         <size>0x120</size>
         <input_file_ref idref="fl-19"/>
      </object_component>
      <object_component id="oc-2bf">
         <name>.text:xTaskResumeAll</name>
         <load_address>0x165c</load_address>
         <run_address>0x165c</run_address>
         <size>0x11c</size>
         <input_file_ref idref="fl-19"/>
      </object_component>
      <object_component id="oc-5b9">
         <name>.text:vTaskSuspend</name>
         <load_address>0x1778</load_address>
         <run_address>0x1778</run_address>
         <size>0x118</size>
         <input_file_ref idref="fl-19"/>
      </object_component>
      <object_component id="oc-391">
         <name>.text:xQueueGiveFromISR</name>
         <load_address>0x1890</load_address>
         <run_address>0x1890</run_address>
         <size>0x10e</size>
         <input_file_ref idref="fl-18"/>
      </object_component>
      <object_component id="oc-236">
         <name>.text:Board_initHook</name>
         <load_address>0x199e</load_address>
         <run_address>0x199e</run_address>
         <size>0x2</size>
         <input_file_ref idref="fl-4"/>
      </object_component>
      <object_component id="oc-777">
         <name>.text:_CSComputeCLKFrequency</name>
         <load_address>0x19a0</load_address>
         <run_address>0x19a0</run_address>
         <size>0x104</size>
         <input_file_ref idref="fl-23"/>
      </object_component>
      <object_component id="oc-520">
         <name>.text:vTaskPriorityDisinheritAfterTimeout</name>
         <load_address>0x1aa4</load_address>
         <run_address>0x1aa4</run_address>
         <size>0x104</size>
         <input_file_ref idref="fl-19"/>
      </object_component>
      <object_component id="oc-5bf">
         <name>.text:vTaskDelete</name>
         <load_address>0x1ba8</load_address>
         <run_address>0x1ba8</run_address>
         <size>0x100</size>
         <input_file_ref idref="fl-19"/>
      </object_component>
      <object_component id="oc-82c">
         <name>.text:CS_getDCOFrequency</name>
         <load_address>0x1ca8</load_address>
         <run_address>0x1ca8</run_address>
         <size>0xf8</size>
         <input_file_ref idref="fl-23"/>
      </object_component>
      <object_component id="oc-375">
         <name>.text:xQueueReceiveFromISR</name>
         <load_address>0x1da0</load_address>
         <run_address>0x1da0</run_address>
         <size>0xf6</size>
         <input_file_ref idref="fl-18"/>
      </object_component>
      <object_component id="oc-841">
         <name>.text:IntDefaultHandler</name>
         <load_address>0x1e96</load_address>
         <run_address>0x1e96</run_address>
         <size>0x2</size>
         <input_file_ref idref="fl-24"/>
      </object_component>
      <object_component id="oc-488">
         <name>.text:CS_startHFXTWithTimeout</name>
         <load_address>0x1e98</load_address>
         <run_address>0x1e98</run_address>
         <size>0xe4</size>
         <input_file_ref idref="fl-23"/>
      </object_component>
      <object_component id="oc-48e">
         <name>.text:CS_startLFXTWithTimeout</name>
         <load_address>0x1f7c</load_address>
         <run_address>0x1f7c</run_address>
         <size>0xe0</size>
         <input_file_ref idref="fl-23"/>
      </object_component>
      <object_component id="oc-62c">
         <name>.text:_CSGetHFXTFrequency</name>
         <load_address>0x205c</load_address>
         <run_address>0x205c</run_address>
         <size>0xdc</size>
         <input_file_ref idref="fl-23"/>
      </object_component>
      <object_component id="oc-ac">
         <name>.text:vTaskSwitchContext</name>
         <load_address>0x2138</load_address>
         <run_address>0x2138</run_address>
         <size>0xdc</size>
         <input_file_ref idref="fl-19"/>
      </object_component>
      <object_component id="oc-60">
         <name>.text</name>
         <load_address>0x2214</load_address>
         <run_address>0x2214</run_address>
         <size>0xda</size>
         <input_file_ref idref="fl-1c"/>
      </object_component>
      <object_component id="oc-4bf">
         <name>.text:PowerMSP432_initPolicy</name>
         <load_address>0x22ee</load_address>
         <run_address>0x22ee</run_address>
         <size>0x2</size>
         <input_file_ref idref="fl-16"/>
      </object_component>
      <object_component id="oc-514">
         <name>.text:xTaskPriorityInherit</name>
         <load_address>0x22f0</load_address>
         <run_address>0x22f0</run_address>
         <size>0xd8</size>
         <input_file_ref idref="fl-19"/>
      </object_component>
      <object_component id="oc-2d5">
         <name>.text:xPortStartScheduler</name>
         <load_address>0x23c8</load_address>
         <run_address>0x23c8</run_address>
         <size>0xd0</size>
         <input_file_ref idref="fl-1b"/>
      </object_component>
      <object_component id="oc-679">
         <name>.text:xTaskPriorityDisinherit</name>
         <load_address>0x2498</load_address>
         <run_address>0x2498</run_address>
         <size>0xd0</size>
         <input_file_ref idref="fl-19"/>
      </object_component>
      <object_component id="oc-55c">
         <name>.text:TimerMSP432_start</name>
         <load_address>0x2568</load_address>
         <run_address>0x2568</run_address>
         <size>0xc8</size>
         <input_file_ref idref="fl-13"/>
      </object_component>
      <object_component id="oc-3f8">
         <name>.text:prvAddNewTaskToReadyList</name>
         <load_address>0x2630</load_address>
         <run_address>0x2630</run_address>
         <size>0xc4</size>
         <input_file_ref idref="fl-19"/>
      </object_component>
      <object_component id="oc-4cd">
         <name>.text:prvCopyDataToQueue</name>
         <load_address>0x26f4</load_address>
         <run_address>0x26f4</run_address>
         <size>0xbe</size>
         <input_file_ref idref="fl-18"/>
      </object_component>
      <object_component id="oc-54a">
         <name>.text:TimerMSP432_init</name>
         <load_address>0x27b2</load_address>
         <run_address>0x27b2</run_address>
         <size>0x2</size>
         <input_file_ref idref="fl-13"/>
      </object_component>
      <object_component id="oc-556">
         <name>.text:TimerMSP432_setPeriod</name>
         <load_address>0x27b4</load_address>
         <run_address>0x27b4</run_address>
         <size>0xbc</size>
         <input_file_ref idref="fl-13"/>
      </object_component>
      <object_component id="oc-3c9">
         <name>.text:prvHeapInit</name>
         <load_address>0x2870</load_address>
         <run_address>0x2870</run_address>
         <size>0xbc</size>
         <input_file_ref idref="fl-20"/>
      </object_component>
      <object_component id="oc-809">
         <name>.text:prvSwitchTimerLists</name>
         <load_address>0x292c</load_address>
         <run_address>0x292c</run_address>
         <size>0xbc</size>
         <input_file_ref idref="fl-1a"/>
      </object_component>
      <object_component id="oc-584">
         <name>.text:xQueueGenericReset</name>
         <load_address>0x29e8</load_address>
         <run_address>0x29e8</run_address>
         <size>0xb8</size>
         <input_file_ref idref="fl-18"/>
      </object_component>
      <object_component id="oc-4df">
         <name>.text:xTaskCheckForTimeOut</name>
         <load_address>0x2aa0</load_address>
         <run_address>0x2aa0</run_address>
         <size>0xb4</size>
         <input_file_ref idref="fl-19"/>
      </object_component>
      <object_component id="oc-68a">
         <name>.text:prvAddCurrentTaskToDelayedList</name>
         <load_address>0x2b54</load_address>
         <run_address>0x2b54</run_address>
         <size>0xb0</size>
         <input_file_ref idref="fl-19"/>
      </object_component>
      <object_component id="oc-4f1">
         <name>.text:prvUnlockQueue</name>
         <load_address>0x2c04</load_address>
         <run_address>0x2c04</run_address>
         <size>0xae</size>
         <input_file_ref idref="fl-18"/>
      </object_component>
      <object_component id="oc-5a">
         <name>.text:defaultISR</name>
         <load_address>0x2cb2</load_address>
         <run_address>0x2cb2</run_address>
         <size>0x2</size>
         <input_file_ref idref="fl-1d"/>
      </object_component>
      <object_component id="oc-136">
         <name>.text:GPIO_init</name>
         <load_address>0x2cb4</load_address>
         <run_address>0x2cb4</run_address>
         <size>0xac</size>
         <input_file_ref idref="fl-10"/>
      </object_component>
      <object_component id="oc-3cf">
         <name>.text:prvInsertBlockIntoFreeList</name>
         <load_address>0x2d60</load_address>
         <run_address>0x2d60</run_address>
         <size>0xa8</size>
         <input_file_ref idref="fl-20"/>
      </object_component>
      <object_component id="oc-29b">
         <name>.text:vPortFree</name>
         <load_address>0x2e08</load_address>
         <run_address>0x2e08</run_address>
         <size>0xa8</size>
         <input_file_ref idref="fl-20"/>
      </object_component>
      <object_component id="oc-295">
         <name>.text:xQueueGenericCreate</name>
         <load_address>0x2eb0</load_address>
         <run_address>0x2eb0</run_address>
         <size>0xa8</size>
         <input_file_ref idref="fl-18"/>
      </object_component>
      <object_component id="oc-4d3">
         <name>.text:xTaskRemoveFromEventList</name>
         <load_address>0x2f58</load_address>
         <run_address>0x2f58</run_address>
         <size>0xa8</size>
         <input_file_ref idref="fl-19"/>
      </object_component>
      <object_component id="oc-6df">
         <name>.text:initTimerHardware</name>
         <load_address>0x3000</load_address>
         <run_address>0x3000</run_address>
         <size>0xa4</size>
         <input_file_ref idref="fl-13"/>
      </object_component>
      <object_component id="oc-230">
         <name>.text:Power_init</name>
         <load_address>0x30a4</load_address>
         <run_address>0x30a4</run_address>
         <size>0x9c</size>
         <input_file_ref idref="fl-11"/>
      </object_component>
      <object_component id="oc-34">
         <name>.text</name>
         <load_address>0x3140</load_address>
         <run_address>0x3140</run_address>
         <size>0x9c</size>
         <input_file_ref idref="fl-dc"/>
      </object_component>
      <object_component id="oc-6fe">
         <name>.text:setT32TickCount</name>
         <load_address>0x31dc</load_address>
         <run_address>0x31dc</run_address>
         <size>0x9c</size>
         <input_file_ref idref="fl-13"/>
      </object_component>
      <object_component id="oc-704">
         <name>.text:setTATickCount</name>
         <load_address>0x3278</load_address>
         <run_address>0x3278</run_address>
         <size>0x9c</size>
         <input_file_ref idref="fl-13"/>
      </object_component>
      <object_component id="oc-160">
         <name>.text:vTaskStartScheduler</name>
         <load_address>0x3314</load_address>
         <run_address>0x3314</run_address>
         <size>0x9c</size>
         <input_file_ref idref="fl-19"/>
      </object_component>
      <object_component id="oc-85f">
         <name>.text:SysCtl_A_getTLVInfo</name>
         <load_address>0x33b0</load_address>
         <run_address>0x33b0</run_address>
         <size>0x94</size>
         <input_file_ref idref="fl-26"/>
      </object_component>
      <object_component id="oc-562">
         <name>.text:TimerMSP432_stop</name>
         <load_address>0x3444</load_address>
         <run_address>0x3444</run_address>
         <size>0x8c</size>
         <input_file_ref idref="fl-13"/>
      </object_component>
      <object_component id="oc-5e1">
         <name>.text:prvProcessTimerOrBlockTask</name>
         <load_address>0x34d0</load_address>
         <run_address>0x34d0</run_address>
         <size>0x88</size>
         <input_file_ref idref="fl-1a"/>
      </object_component>
      <object_component id="oc-e5">
         <name>.text:main</name>
         <load_address>0x3558</load_address>
         <run_address>0x3558</run_address>
         <size>0x84</size>
         <input_file_ref idref="fl-2"/>
      </object_component>
      <object_component id="oc-7a7">
         <name>.text:restartHFXT</name>
         <load_address>0x35dc</load_address>
         <run_address>0x35dc</run_address>
         <size>0x84</size>
         <input_file_ref idref="fl-11"/>
      </object_component>
      <object_component id="oc-76a">
         <name>.text:xTimerGenericCommand</name>
         <load_address>0x3660</load_address>
         <run_address>0x3660</run_address>
         <size>0x84</size>
         <input_file_ref idref="fl-1a"/>
      </object_component>
      <object_component id="oc-7b3">
         <name>.text:Interrupt_disableInterrupt</name>
         <load_address>0x36e4</load_address>
         <run_address>0x36e4</run_address>
         <size>0x80</size>
         <input_file_ref idref="fl-24"/>
      </object_component>
      <object_component id="oc-4ad">
         <name>.text:Interrupt_enableInterrupt</name>
         <load_address>0x3764</load_address>
         <run_address>0x3764</run_address>
         <size>0x80</size>
         <input_file_ref idref="fl-24"/>
      </object_component>
      <object_component id="oc-757">
         <name>.text:prvProcessExpiredTimer</name>
         <load_address>0x37e4</load_address>
         <run_address>0x37e4</run_address>
         <size>0x80</size>
         <input_file_ref idref="fl-1a"/>
      </object_component>
      <object_component id="oc-865">
         <name>.text:_CSGetDOCFrequency</name>
         <load_address>0x3864</load_address>
         <run_address>0x3864</run_address>
         <size>0x7c</size>
         <input_file_ref idref="fl-23"/>
      </object_component>
      <object_component id="oc-5b3">
         <name>.text:removeThreadKeys</name>
         <load_address>0x38e0</load_address>
         <run_address>0x38e0</run_address>
         <size>0x7a</size>
         <input_file_ref idref="fl-1f"/>
      </object_component>
      <object_component id="oc-85">
         <name>.text</name>
         <load_address>0x395a</load_address>
         <run_address>0x395a</run_address>
         <size>0x7a</size>
         <input_file_ref idref="fl-dd"/>
      </object_component>
      <object_component id="oc-2ad">
         <name>.text:xTaskCreate</name>
         <load_address>0x39d4</load_address>
         <run_address>0x39d4</run_address>
         <size>0x7a</size>
         <input_file_ref idref="fl-19"/>
      </object_component>
      <object_component id="oc-54">
         <name>.text:faultISR</name>
         <load_address>0x3a4e</load_address>
         <run_address>0x3a4e</run_address>
         <size>0x2</size>
         <input_file_ref idref="fl-1d"/>
      </object_component>
      <object_component id="oc-6bb">
         <name>.text:TimerMSP432_allocateTimerResource</name>
         <load_address>0x3a50</load_address>
         <run_address>0x3a50</run_address>
         <size>0x78</size>
         <input_file_ref idref="fl-13"/>
      </object_component>
      <object_component id="oc-764">
         <name>.text:prvInsertTimerInActiveList</name>
         <load_address>0x3ac8</load_address>
         <run_address>0x3ac8</run_address>
         <size>0x78</size>
         <input_file_ref idref="fl-1a"/>
      </object_component>
      <object_component id="oc-422">
         <name>.text:vPortSetupTimerInterrupt</name>
         <load_address>0x3b40</load_address>
         <run_address>0x3b40</run_address>
         <size>0x78</size>
         <input_file_ref idref="fl-1b"/>
      </object_component>
      <object_component id="oc-598">
         <name>.text:prvInitialiseTaskLists</name>
         <load_address>0x3bb8</load_address>
         <run_address>0x3bb8</run_address>
         <size>0x74</size>
         <input_file_ref idref="fl-19"/>
      </object_component>
      <object_component id="oc-4fb">
         <name>.text:vPortValidateInterruptPriority</name>
         <load_address>0x3c2c</load_address>
         <run_address>0x3c2c</run_address>
         <size>0x74</size>
         <input_file_ref idref="fl-1b"/>
      </object_component>
      <object_component id="oc-385">
         <name>.text:GPIO_hwiIntFxn</name>
         <load_address>0x3ca0</load_address>
         <run_address>0x3ca0</run_address>
         <size>0x68</size>
         <input_file_ref idref="fl-10"/>
      </object_component>
      <object_component id="oc-6d9">
         <name>.text:PowerMSP432_getFreqs</name>
         <load_address>0x3d08</load_address>
         <run_address>0x3d08</run_address>
         <size>0x68</size>
         <input_file_ref idref="fl-11"/>
      </object_component>
      <object_component id="oc-f">
         <name>.text:decompress:lzss:__TI_decompress_lzss</name>
         <load_address>0x3d70</load_address>
         <run_address>0x3d70</run_address>
         <size>0x68</size>
         <input_file_ref idref="fl-e0"/>
      </object_component>
      <object_component id="oc-684">
         <name>.text:vListInsert</name>
         <load_address>0x3dd8</load_address>
         <run_address>0x3dd8</run_address>
         <size>0x66</size>
         <input_file_ref idref="fl-21"/>
      </object_component>
      <object_component id="oc-4e">
         <name>.text:nmiISR</name>
         <load_address>0x3e3e</load_address>
         <run_address>0x3e3e</run_address>
         <size>0x2</size>
         <input_file_ref idref="fl-1d"/>
      </object_component>
      <object_component id="oc-432">
         <name>.text:prvGetExpectedIdleTime</name>
         <load_address>0x3e40</load_address>
         <run_address>0x3e40</run_address>
         <size>0x64</size>
         <input_file_ref idref="fl-19"/>
      </object_component>
      <object_component id="oc-820">
         <name>.text:_CSGetDividerValue</name>
         <load_address>0x3ea4</load_address>
         <run_address>0x3ea4</run_address>
         <size>0x62</size>
         <input_file_ref idref="fl-23"/>
      </object_component>
      <object_component id="oc-3d5">
         <name>.text:vApplicationMallocFailedHook</name>
         <load_address>0x3f06</load_address>
         <run_address>0x3f06</run_address>
         <size>0x2</size>
         <input_file_ref idref="fl-2"/>
      </object_component>
      <object_component id="oc-261">
         <name>.text:GPIO_setCallback</name>
         <load_address>0x3f08</load_address>
         <run_address>0x3f08</run_address>
         <size>0x60</size>
         <input_file_ref idref="fl-10"/>
      </object_component>
      <object_component id="oc-346">
         <name>.text:HwiP_create</name>
         <load_address>0x3f68</load_address>
         <run_address>0x3f68</run_address>
         <size>0x60</size>
         <input_file_ref idref="fl-15"/>
      </object_component>
      <object_component id="oc-591">
         <name>.text:pxPortInitialiseStack</name>
         <load_address>0x3fc8</load_address>
         <run_address>0x3fc8</run_address>
         <size>0x60</size>
         <input_file_ref idref="fl-1b"/>
      </object_component>
      <object_component id="oc-4a1">
         <name>.text:Interrupt_registerInterrupt</name>
         <load_address>0x4028</load_address>
         <run_address>0x4028</run_address>
         <size>0x5c</size>
         <input_file_ref idref="fl-24"/>
      </object_component>
      <object_component id="oc-2db">
         <name>.text:prvIdleTask</name>
         <load_address>0x4084</load_address>
         <run_address>0x4084</run_address>
         <size>0x5c</size>
         <input_file_ref idref="fl-19"/>
      </object_component>
      <object_component id="oc-408">
         <name>.text:pthread_exit</name>
         <load_address>0x40e0</load_address>
         <run_address>0x40e0</run_address>
         <size>0x5c</size>
         <input_file_ref idref="fl-1f"/>
      </object_component>
      <object_component id="oc-75d">
         <name>.text:vQueueWaitForMessageRestricted</name>
         <load_address>0x413c</load_address>
         <run_address>0x413c</run_address>
         <size>0x5c</size>
         <input_file_ref idref="fl-18"/>
      </object_component>
      <object_component id="oc-7ce">
         <name>.text:xQueueCreateCountingSemaphore</name>
         <load_address>0x4198</load_address>
         <run_address>0x4198</run_address>
         <size>0x58</size>
         <input_file_ref idref="fl-18"/>
      </object_component>
      <object_component id="oc-6c7">
         <name>.text:SemaphoreP_create</name>
         <load_address>0x41f0</load_address>
         <run_address>0x41f0</run_address>
         <size>0x56</size>
         <input_file_ref idref="fl-17"/>
      </object_component>
      <object_component id="oc-4a7">
         <name>.text:Interrupt_setPriority</name>
         <load_address>0x4248</load_address>
         <run_address>0x4248</run_address>
         <size>0x54</size>
         <input_file_ref idref="fl-24"/>
      </object_component>
      <object_component id="oc-6b1">
         <name>.text:TimerMSP432_freeTimerResource</name>
         <load_address>0x429c</load_address>
         <run_address>0x429c</run_address>
         <size>0x54</size>
         <input_file_ref idref="fl-13"/>
      </object_component>
      <object_component id="oc-166">
         <name>.text:mainThread</name>
         <load_address>0x42f0</load_address>
         <run_address>0x42f0</run_address>
         <size>0x54</size>
         <input_file_ref idref="fl-3"/>
      </object_component>
      <object_component id="oc-2cf">
         <name>.text:xTimerCreateTimerTask</name>
         <load_address>0x4344</load_address>
         <run_address>0x4344</run_address>
         <size>0x54</size>
         <input_file_ref idref="fl-1a"/>
      </object_component>
      <object_component id="oc-6f1">
         <name>.text:TimerMSP432_hwiIntFunction</name>
         <load_address>0x4398</load_address>
         <run_address>0x4398</run_address>
         <size>0x50</size>
         <input_file_ref idref="fl-13"/>
      </object_component>
      <object_component id="oc-538">
         <name>.text:TimerMSP432_close</name>
         <load_address>0x43e8</load_address>
         <run_address>0x43e8</run_address>
         <size>0x4e</size>
         <input_file_ref idref="fl-13"/>
      </object_component>
      <object_component id="oc-40f">
         <name>.text:prvCheckForValidListAndQueue</name>
         <load_address>0x4438</load_address>
         <run_address>0x4438</run_address>
         <size>0x4c</size>
         <input_file_ref idref="fl-1a"/>
      </object_component>
      <object_component id="oc-42c">
         <name>.text:prvCheckTasksWaitingTermination</name>
         <load_address>0x4484</load_address>
         <run_address>0x4484</run_address>
         <size>0x4c</size>
         <input_file_ref idref="fl-19"/>
      </object_component>
      <object_component id="oc-360">
         <name>.text:vPortEnterCritical</name>
         <load_address>0x44d0</load_address>
         <run_address>0x44d0</run_address>
         <size>0x4c</size>
         <input_file_ref idref="fl-1b"/>
      </object_component>
      <object_component id="oc-4b6">
         <name>.text:HwiP_dispatch</name>
         <load_address>0x451c</load_address>
         <run_address>0x451c</run_address>
         <size>0x48</size>
         <input_file_ref idref="fl-15"/>
      </object_component>
      <object_component id="oc-6a5">
         <name>.text:Power_releaseConstraint</name>
         <load_address>0x4564</load_address>
         <run_address>0x4564</run_address>
         <size>0x48</size>
         <input_file_ref idref="fl-11"/>
      </object_component>
      <object_component id="oc-117">
         <name>.text:uxListRemove</name>
         <load_address>0x45ac</load_address>
         <run_address>0x45ac</run_address>
         <size>0x48</size>
         <input_file_ref idref="fl-21"/>
      </object_component>
      <object_component id="oc-13c">
         <name>.text:Timer_init</name>
         <load_address>0x45f4</load_address>
         <run_address>0x45f4</run_address>
         <size>0x44</size>
         <input_file_ref idref="fl-12"/>
      </object_component>
      <object_component id="oc-189">
         <name>.text:__TI_auto_init_nobinit_nopinit:__TI_auto_init_nobinit_nopinit</name>
         <load_address>0x4638</load_address>
         <run_address>0x4638</run_address>
         <size>0x44</size>
         <input_file_ref idref="fl-e2"/>
      </object_component>
      <object_component id="oc-3e3">
         <name>.text:prvInitialiseNewQueue</name>
         <load_address>0x467c</load_address>
         <run_address>0x467c</run_address>
         <size>0x44</size>
         <input_file_ref idref="fl-18"/>
      </object_component>
      <object_component id="oc-2eb">
         <name>.text:Timer_open</name>
         <load_address>0x46c0</load_address>
         <run_address>0x46c0</run_address>
         <size>0x40</size>
         <input_file_ref idref="fl-12"/>
      </object_component>
      <object_component id="oc-810">
         <name>.text:vTaskPlaceOnEventListRestricted</name>
         <load_address>0x4700</load_address>
         <run_address>0x4700</run_address>
         <size>0x40</size>
         <input_file_ref idref="fl-19"/>
      </object_component>
      <object_component id="oc-5a7">
         <name>.text:pthread_setcancelstate</name>
         <load_address>0x4740</load_address>
         <run_address>0x4740</run_address>
         <size>0x3e</size>
         <input_file_ref idref="fl-1f"/>
      </object_component>
      <object_component id="oc-501">
         <name>.text:prvCopyDataFromQueue</name>
         <load_address>0x477e</load_address>
         <run_address>0x477e</run_address>
         <size>0x3c</size>
         <input_file_ref idref="fl-18"/>
      </object_component>
      <object_component id="oc-7fb">
         <name>.text:pvTaskGetThreadLocalStoragePointer</name>
         <load_address>0x47bc</load_address>
         <run_address>0x47bc</run_address>
         <size>0x3c</size>
         <input_file_ref idref="fl-19"/>
      </object_component>
      <object_component id="oc-11d">
         <name>.text:vListInsertEnd</name>
         <load_address>0x47f8</load_address>
         <run_address>0x47f8</run_address>
         <size>0x3c</size>
         <input_file_ref idref="fl-21"/>
      </object_component>
      <object_component id="oc-4c5">
         <name>.text:PowerMSP432_sleepPolicy</name>
         <load_address>0x4834</load_address>
         <run_address>0x4834</run_address>
         <size>0x3a</size>
         <input_file_ref idref="fl-16"/>
      </object_component>
      <object_component id="oc-447">
         <name>.text:GPIO_toggle</name>
         <load_address>0x4870</load_address>
         <run_address>0x4870</run_address>
         <size>0x38</size>
         <input_file_ref idref="fl-10"/>
      </object_component>
      <object_component id="oc-6cd">
         <name>.text:Power_setConstraint</name>
         <load_address>0x48a8</load_address>
         <run_address>0x48a8</run_address>
         <size>0x38</size>
         <input_file_ref idref="fl-11"/>
      </object_component>
      <object_component id="oc-544">
         <name>.text:TimerMSP432_getCount</name>
         <load_address>0x48e0</load_address>
         <run_address>0x48e0</run_address>
         <size>0x38</size>
         <input_file_ref idref="fl-13"/>
      </object_component>
      <object_component id="oc-79b">
         <name>.text:notify</name>
         <load_address>0x4918</load_address>
         <run_address>0x4918</run_address>
         <size>0x38</size>
         <input_file_ref idref="fl-11"/>
      </object_component>
      <object_component id="oc-5db">
         <name>.text:prvGetNextExpireTime</name>
         <load_address>0x4950</load_address>
         <run_address>0x4950</run_address>
         <size>0x38</size>
         <input_file_ref idref="fl-1a"/>
      </object_component>
      <object_component id="oc-718">
         <name>.text:prvTaskExitError</name>
         <load_address>0x4988</load_address>
         <run_address>0x4988</run_address>
         <size>0x38</size>
         <input_file_ref idref="fl-1b"/>
      </object_component>
      <object_component id="oc-2ff">
         <name>.text:GPIO_enableInt</name>
         <load_address>0x49c0</load_address>
         <run_address>0x49c0</run_address>
         <size>0x34</size>
         <input_file_ref idref="fl-10"/>
      </object_component>
      <object_component id="oc-255">
         <name>.text:SemaphoreP_pend</name>
         <load_address>0x49f4</load_address>
         <run_address>0x49f4</run_address>
         <size>0x34</size>
         <input_file_ref idref="fl-17"/>
      </object_component>
      <object_component id="oc-91">
         <name>.text:_c_int00_noargs:_c_int00_noargs</name>
         <load_address>0x4a28</load_address>
         <run_address>0x4a28</run_address>
         <size>0x34</size>
         <input_file_ref idref="fl-e1"/>
      </object_component>
      <object_component id="oc-755">
         <name>.text:prvSampleTimeNow</name>
         <load_address>0x4a5c</load_address>
         <run_address>0x4a5c</run_address>
         <size>0x34</size>
         <input_file_ref idref="fl-1a"/>
      </object_component>
      <object_component id="oc-4eb">
         <name>.text:vTaskPlaceOnEventList</name>
         <load_address>0x4a90</load_address>
         <run_address>0x4a90</run_address>
         <size>0x34</size>
         <input_file_ref idref="fl-19"/>
      </object_component>
      <object_component id="oc-826">
         <name>.text:CS_clearInterruptFlag</name>
         <load_address>0x4ac4</load_address>
         <run_address>0x4ac4</run_address>
         <size>0x30</size>
         <input_file_ref idref="fl-23"/>
      </object_component>
      <object_component id="oc-111">
         <name>.text:prvResetNextTaskUnblockTime</name>
         <load_address>0x4af4</load_address>
         <run_address>0x4af4</run_address>
         <size>0x30</size>
         <input_file_ref idref="fl-19"/>
      </object_component>
      <object_component id="oc-16c">
         <name>.text:secondThread</name>
         <load_address>0x4b24</load_address>
         <run_address>0x4b24</run_address>
         <size>0x30</size>
         <input_file_ref idref="fl-3"/>
      </object_component>
      <object_component id="oc-5c6">
         <name>.text:vListInitialise</name>
         <load_address>0x4b54</load_address>
         <run_address>0x4b54</run_address>
         <size>0x30</size>
         <input_file_ref idref="fl-21"/>
      </object_component>
      <object_component id="oc-367">
         <name>.text:vPortExitCritical</name>
         <load_address>0x4b84</load_address>
         <run_address>0x4b84</run_address>
         <size>0x30</size>
         <input_file_ref idref="fl-1b"/>
      </object_component>
      <object_component id="oc-2a1">
         <name>.text:xTaskGetSchedulerState</name>
         <load_address>0x4bb4</load_address>
         <run_address>0x4bb4</run_address>
         <size>0x30</size>
         <input_file_ref idref="fl-19"/>
      </object_component>
      <object_component id="oc-243">
         <name>.text:HwiP_disable</name>
         <load_address>0x4be4</load_address>
         <run_address>0x4be4</run_address>
         <size>0x2c</size>
         <input_file_ref idref="fl-15"/>
      </object_component>
      <object_component id="oc-23d">
         <name>.text:SemaphoreP_createBinary</name>
         <load_address>0x4c10</load_address>
         <run_address>0x4c10</run_address>
         <size>0x2c</size>
         <input_file_ref idref="fl-17"/>
      </object_component>
      <object_component id="oc-6f7">
         <name>.text:perfChangeNotifyFxn</name>
         <load_address>0x4c3c</load_address>
         <run_address>0x4c3c</run_address>
         <size>0x2c</size>
         <input_file_ref idref="fl-13"/>
      </object_component>
      <object_component id="oc-2b3">
         <name>.text:vTaskSetApplicationTaskTag</name>
         <load_address>0x4c68</load_address>
         <run_address>0x4c68</run_address>
         <size>0x2c</size>
         <input_file_ref idref="fl-19"/>
      </object_component>
      <object_component id="oc-65">
         <name>.text:xPortSysTickHandler</name>
         <load_address>0x4c94</load_address>
         <run_address>0x4c94</run_address>
         <size>0x2c</size>
         <input_file_ref idref="fl-1b"/>
      </object_component>
      <object_component id="oc-5ee">
         <name>.text:CS_getMCLK</name>
         <load_address>0x4cc0</load_address>
         <run_address>0x4cc0</run_address>
         <size>0x28</size>
         <input_file_ref idref="fl-23"/>
      </object_component>
      <object_component id="oc-36f">
         <name>.text:HwiP_inISR</name>
         <load_address>0x4ce8</load_address>
         <run_address>0x4ce8</run_address>
         <size>0x28</size>
         <input_file_ref idref="fl-15"/>
      </object_component>
      <object_component id="oc-6eb">
         <name>.text:Power_registerNotify</name>
         <load_address>0x4d10</load_address>
         <run_address>0x4d10</run_address>
         <size>0x28</size>
         <input_file_ref idref="fl-11"/>
      </object_component>
      <object_component id="oc-482">
         <name>.text:disableFaultCounter</name>
         <load_address>0x4d38</load_address>
         <run_address>0x4d38</run_address>
         <size>0x28</size>
         <input_file_ref idref="fl-11"/>
      </object_component>
      <object_component id="oc-7a1">
         <name>.text:disableHFXT</name>
         <load_address>0x4d60</load_address>
         <run_address>0x4d60</run_address>
         <size>0x28</size>
         <input_file_ref idref="fl-11"/>
      </object_component>
      <object_component id="oc-148">
         <name>.text:pthread_attr_setschedparam</name>
         <load_address>0x4d88</load_address>
         <run_address>0x4d88</run_address>
         <size>0x28</size>
         <input_file_ref idref="fl-1f"/>
      </object_component>
      <object_component id="oc-72f">
         <name>.text:xTaskGetApplicationTaskTag</name>
         <load_address>0x4db0</load_address>
         <run_address>0x4db0</run_address>
         <size>0x28</size>
         <input_file_ref idref="fl-19"/>
      </object_component>
      <object_component id="oc-7da">
         <name>.text:List_put</name>
         <load_address>0x4dd8</load_address>
         <run_address>0x4dd8</run_address>
         <size>0x26</size>
         <input_file_ref idref="fl-14"/>
      </object_component>
      <object_component id="oc-7c1">
         <name>.text:List_remove</name>
         <load_address>0x4dfe</load_address>
         <run_address>0x4dfe</run_address>
         <size>0x26</size>
         <input_file_ref idref="fl-14"/>
      </object_component>
      <object_component id="oc-5ad">
         <name>.text:_pthread_cleanup_pop</name>
         <load_address>0x4e24</load_address>
         <run_address>0x4e24</run_address>
         <size>0x26</size>
         <input_file_ref idref="fl-1f"/>
      </object_component>
      <object_component id="oc-4e5">
         <name>.text:prvIsQueueFull</name>
         <load_address>0x4e4a</load_address>
         <run_address>0x4e4a</run_address>
         <size>0x26</size>
         <input_file_ref idref="fl-18"/>
      </object_component>
      <object_component id="oc-51a">
         <name>.text:prvGetDisinheritPriorityAfterTimeout</name>
         <load_address>0x4e70</load_address>
         <run_address>0x4e70</run_address>
         <size>0x24</size>
         <input_file_ref idref="fl-18"/>
      </object_component>
      <object_component id="oc-2b9">
         <name>.text:vQueueDelete</name>
         <load_address>0x4e94</load_address>
         <run_address>0x4e94</run_address>
         <size>0x24</size>
         <input_file_ref idref="fl-18"/>
      </object_component>
      <object_component id="oc-4d9">
         <name>.text:vTaskInternalSetTimeOutState</name>
         <load_address>0x4eb8</load_address>
         <run_address>0x4eb8</run_address>
         <size>0x24</size>
         <input_file_ref idref="fl-19"/>
      </object_component>
      <object_component id="oc-267">
         <name>.text:SemaphoreP_post</name>
         <load_address>0x4edc</load_address>
         <run_address>0x4edc</run_address>
         <size>0x22</size>
         <input_file_ref idref="fl-17"/>
      </object_component>
      <object_component id="oc-14e">
         <name>.text:pthread_attr_setdetachstate</name>
         <load_address>0x4efe</load_address>
         <run_address>0x4efe</run_address>
         <size>0x22</size>
         <input_file_ref idref="fl-1f"/>
      </object_component>
      <object_component id="oc-47c">
         <name>.text:CS_setExternalClockSourceFrequency</name>
         <load_address>0x4f20</load_address>
         <run_address>0x4f20</run_address>
         <size>0x20</size>
         <input_file_ref idref="fl-23"/>
      </object_component>
      <object_component id="oc-249">
         <name>.text:HwiP_restore</name>
         <load_address>0x4f40</load_address>
         <run_address>0x4f40</run_address>
         <size>0x20</size>
         <input_file_ref idref="fl-15"/>
      </object_component>
      <object_component id="oc-6ab">
         <name>.text:Power_unregisterNotify</name>
         <load_address>0x4f60</load_address>
         <run_address>0x4f60</run_address>
         <size>0x20</size>
         <input_file_ref idref="fl-11"/>
      </object_component>
      <object_component id="oc-50e">
         <name>.text:prvIsQueueEmpty</name>
         <load_address>0x4f80</load_address>
         <run_address>0x4f80</run_address>
         <size>0x20</size>
         <input_file_ref idref="fl-18"/>
      </object_component>
      <object_component id="oc-340">
         <name>.text:HwiP_Params_init</name>
         <load_address>0x4fa0</load_address>
         <run_address>0x4fa0</run_address>
         <size>0x1e</size>
         <input_file_ref idref="fl-15"/>
      </object_component>
      <object_component id="oc-2c8">
         <name>.text:_pthread_runStub</name>
         <load_address>0x4fbe</load_address>
         <run_address>0x4fbe</run_address>
         <size>0x1e</size>
         <input_file_ref idref="fl-1f"/>
      </object_component>
      <object_component id="oc-7b9">
         <name>.text:Interrupt_unregisterInterrupt</name>
         <load_address>0x4fdc</load_address>
         <run_address>0x4fdc</run_address>
         <size>0x1c</size>
         <input_file_ref idref="fl-24"/>
      </object_component>
      <object_component id="oc-142">
         <name>.text:pthread_attr_init</name>
         <load_address>0x4ff8</load_address>
         <run_address>0x4ff8</run_address>
         <size>0x1c</size>
         <input_file_ref idref="fl-1f"/>
      </object_component>
      <object_component id="oc-508">
         <name>.text:pvTaskIncrementMutexHeldCount</name>
         <load_address>0x5014</load_address>
         <run_address>0x5014</run_address>
         <size>0x1c</size>
         <input_file_ref idref="fl-19"/>
      </object_component>
      <object_component id="oc-73a">
         <name>.text:PTLS_taskDeleteHook</name>
         <load_address>0x5030</load_address>
         <run_address>0x5030</run_address>
         <size>0x1a</size>
         <input_file_ref idref="fl-1e"/>
      </object_component>
      <object_component id="oc-41b">
         <name>.text:prvTimerTask</name>
         <load_address>0x504a</load_address>
         <run_address>0x504a</run_address>
         <size>0x1a</size>
         <input_file_ref idref="fl-1a"/>
      </object_component>
      <object_component id="oc-626">
         <name>.text:SysCtl_A_disableNMISource</name>
         <load_address>0x5064</load_address>
         <run_address>0x5064</run_address>
         <size>0x18</size>
         <input_file_ref idref="fl-26"/>
      </object_component>
      <object_component id="oc-632">
         <name>.text:SysCtl_A_enableNMISource</name>
         <load_address>0x507c</load_address>
         <run_address>0x507c</run_address>
         <size>0x18</size>
         <input_file_ref idref="fl-26"/>
      </object_component>
      <object_component id="oc-6c1">
         <name>.text:SemaphoreP_Params_init</name>
         <load_address>0x5094</load_address>
         <run_address>0x5094</run_address>
         <size>0x16</size>
         <input_file_ref idref="fl-17"/>
      </object_component>
      <object_component id="oc-602">
         <name>.text:Power_idleFunc</name>
         <load_address>0x50ac</load_address>
         <run_address>0x50ac</run_address>
         <size>0x14</size>
         <input_file_ref idref="fl-11"/>
      </object_component>
      <object_component id="oc-5f7">
         <name>.text:prvDeleteTCB</name>
         <load_address>0x50c0</load_address>
         <run_address>0x50c0</run_address>
         <size>0x14</size>
         <input_file_ref idref="fl-19"/>
      </object_component>
      <object_component id="oc-154">
         <name>.text:pthread_attr_setstacksize</name>
         <load_address>0x50d4</load_address>
         <run_address>0x50d4</run_address>
         <size>0x14</size>
         <input_file_ref idref="fl-1f"/>
      </object_component>
      <object_component id="oc-5a1">
         <name>.text:pthread_self</name>
         <load_address>0x50e8</load_address>
         <run_address>0x50e8</run_address>
         <size>0x14</size>
         <input_file_ref idref="fl-1f"/>
      </object_component>
      <object_component id="oc-1c">
         <name>.text:resetISR</name>
         <load_address>0x50fc</load_address>
         <run_address>0x50fc</run_address>
         <size>0x14</size>
         <input_file_ref idref="fl-1d"/>
      </object_component>
      <object_component id="oc-729">
         <name>.text:xTaskGetCurrentTaskHandle</name>
         <load_address>0x5110</load_address>
         <run_address>0x5110</run_address>
         <size>0x14</size>
         <input_file_ref idref="fl-19"/>
      </object_component>
      <object_component id="oc-803">
         <name>.text:xTaskGetTickCount</name>
         <load_address>0x5124</load_address>
         <run_address>0x5124</run_address>
         <size>0x14</size>
         <input_file_ref idref="fl-19"/>
      </object_component>
      <object_component id="oc-69f">
         <name>.text:HwiP_delete</name>
         <load_address>0x5138</load_address>
         <run_address>0x5138</run_address>
         <size>0x12</size>
         <input_file_ref idref="fl-15"/>
      </object_component>
      <object_component id="oc-6e5">
         <name>.text:PowerMSP432_getNumPerfLevels</name>
         <load_address>0x514c</load_address>
         <run_address>0x514c</run_address>
         <size>0x10</size>
         <input_file_ref idref="fl-11"/>
      </object_component>
      <object_component id="oc-620">
         <name>.text:SysCtl_A_getNMISourceStatus</name>
         <load_address>0x515c</load_address>
         <run_address>0x515c</run_address>
         <size>0x10</size>
         <input_file_ref idref="fl-26"/>
      </object_component>
      <object_component id="oc-836">
         <name>.text:SysCtl_getNMISourceStatus</name>
         <load_address>0x516c</load_address>
         <run_address>0x516c</run_address>
         <size>0x10</size>
         <input_file_ref idref="fl-25"/>
      </object_component>
      <object_component id="oc-2e5">
         <name>.text:Timer_Params_init</name>
         <load_address>0x517c</load_address>
         <run_address>0x517c</run_address>
         <size>0x10</size>
         <input_file_ref idref="fl-12"/>
      </object_component>
      <object_component id="oc-58b">
         <name>.text:vListInitialiseItem</name>
         <load_address>0x518c</load_address>
         <run_address>0x518c</run_address>
         <size>0x10</size>
         <input_file_ref idref="fl-21"/>
      </object_component>
      <object_component id="oc-2a7">
         <name>.text:vTaskSuspendAll</name>
         <load_address>0x519c</load_address>
         <run_address>0x519c</run_address>
         <size>0x10</size>
         <input_file_ref idref="fl-19"/>
      </object_component>
      <object_component id="oc-305">
         <name>.text:blinkingV2</name>
         <load_address>0x51ac</load_address>
         <run_address>0x51ac</run_address>
         <size>0xe</size>
         <input_file_ref idref="fl-3"/>
      </object_component>
      <object_component id="oc-15">
         <name>.text:decompress:none:__TI_decompress_none</name>
         <load_address>0x51ba</load_address>
         <run_address>0x51ba</run_address>
         <size>0xe</size>
         <input_file_ref idref="fl-df"/>
      </object_component>
      <object_component id="oc-130">
         <name>.text:Board_init</name>
         <load_address>0x51c8</load_address>
         <run_address>0x51c8</run_address>
         <size>0xc</size>
         <input_file_ref idref="fl-4"/>
      </object_component>
      <object_component id="oc-660">
         <name>.text:CPU_cpsid</name>
         <load_address>0x51d4</load_address>
         <run_address>0x51d4</run_address>
         <size>0xc</size>
         <input_file_ref idref="fl-22"/>
      </object_component>
      <object_component id="oc-672">
         <name>.text:CPU_cpsie</name>
         <load_address>0x51e0</load_address>
         <run_address>0x51e0</run_address>
         <size>0xc</size>
         <input_file_ref idref="fl-22"/>
      </object_component>
      <object_component id="oc-666">
         <name>.text:Power_getConstraintMask</name>
         <load_address>0x51ec</load_address>
         <run_address>0x51ec</run_address>
         <size>0xc</size>
         <input_file_ref idref="fl-11"/>
      </object_component>
      <object_component id="oc-6d3">
         <name>.text:Power_getPerformanceLevel</name>
         <load_address>0x51f8</load_address>
         <run_address>0x51f8</run_address>
         <size>0xc</size>
         <input_file_ref idref="fl-11"/>
      </object_component>
      <object_component id="oc-24f">
         <name>.text:SemaphoreP_delete</name>
         <load_address>0x5204</load_address>
         <run_address>0x5204</run_address>
         <size>0xc</size>
         <input_file_ref idref="fl-17"/>
      </object_component>
      <object_component id="oc-2f7">
         <name>.text:blinking</name>
         <load_address>0x5210</load_address>
         <run_address>0x5210</run_address>
         <size>0xc</size>
         <input_file_ref idref="fl-3"/>
      </object_component>
      <object_component id="oc-46">
         <name>.text:decompress:ZI:__TI_zero_init</name>
         <load_address>0x521c</load_address>
         <run_address>0x521c</run_address>
         <size>0xc</size>
         <input_file_ref idref="fl-de"/>
      </object_component>
      <object_component id="oc-691">
         <name>.text:vTaskMissedYield</name>
         <load_address>0x5228</load_address>
         <run_address>0x5228</run_address>
         <size>0xc</size>
         <input_file_ref idref="fl-19"/>
      </object_component>
      <object_component id="oc-494">
         <name>.text:PowerMSP432_updateFreqs</name>
         <load_address>0x5234</load_address>
         <run_address>0x5234</run_address>
         <size>0xa</size>
         <input_file_ref idref="fl-16"/>
      </object_component>
      <object_component id="oc-2f1">
         <name>.text:Timer_start</name>
         <load_address>0x523e</load_address>
         <run_address>0x523e</run_address>
         <size>0xa</size>
         <input_file_ref idref="fl-12"/>
      </object_component>
      <object_component id="oc-107">
         <name>.text:vApplicationStackOverflowHook</name>
         <load_address>0x5248</load_address>
         <run_address>0x5248</run_address>
         <size>0xa</size>
         <input_file_ref idref="fl-2"/>
      </object_component>
      <object_component id="oc-438">
         <name>.text:vPortSuppressTicksAndSleep</name>
         <load_address>0x5252</load_address>
         <run_address>0x5252</run_address>
         <size>0xa</size>
         <input_file_ref idref="fl-16"/>
      </object_component>
      <object_component id="oc-53e">
         <name>.text:TimerMSP432_control</name>
         <load_address>0x525c</load_address>
         <run_address>0x525c</run_address>
         <size>0x6</size>
         <input_file_ref idref="fl-13"/>
      </object_component>
      <object_component id="oc-df">
         <name>.text:_system_pre_init</name>
         <load_address>0x5262</load_address>
         <run_address>0x5262</run_address>
         <size>0x4</size>
         <input_file_ref idref="fl-e3"/>
      </object_component>
      <object_component id="oc-17d">
         <name>.text:abort:abort</name>
         <load_address>0x5266</load_address>
         <run_address>0x5266</run_address>
         <size>0x4</size>
         <input_file_ref idref="fl-e5"/>
      </object_component>
      <object_component id="oc-651">
         <name>.const:g_pulRegs</name>
         <load_address>0x526c</load_address>
         <run_address>0x526c</run_address>
         <size>0x50</size>
         <input_file_ref idref="fl-24"/>
      </object_component>
      <object_component id="oc-7e7">
         <name>.const:timerADividers</name>
         <load_address>0x52bc</load_address>
         <run_address>0x52bc</run_address>
         <size>0x50</size>
         <input_file_ref idref="fl-13"/>
      </object_component>
      <object_component id="oc-34f">
         <name>.const:PowerMSP432_config</name>
         <load_address>0x530c</load_address>
         <run_address>0x530c</run_address>
         <size>0x38</size>
         <input_file_ref idref="fl-4"/>
      </object_component>
      <object_component id="oc-3a8">
         <name>.const:TimerMSP432_Timer_A_fxnTable</name>
         <load_address>0x5344</load_address>
         <run_address>0x5344</run_address>
         <size>0x20</size>
         <input_file_ref idref="fl-13"/>
      </object_component>
      <object_component id="oc-271">
         <name>.const:GPIOMSP432_config</name>
         <load_address>0x5364</load_address>
         <run_address>0x5364</run_address>
         <size>0x14</size>
         <input_file_ref idref="fl-4"/>
      </object_component>
      <object_component id="oc-3ac">
         <name>.const:TimerMSP432HWAttrs</name>
         <load_address>0x5378</load_address>
         <run_address>0x5378</run_address>
         <size>0x10</size>
         <input_file_ref idref="fl-4"/>
      </object_component>
      <object_component id="oc-283">
         <name>.const:Timer_config</name>
         <load_address>0x5388</load_address>
         <run_address>0x5388</run_address>
         <size>0xc</size>
         <input_file_ref idref="fl-4"/>
      </object_component>
      <object_component id="oc-441">
         <name>.const:defaultParams</name>
         <load_address>0x5394</load_address>
         <run_address>0x5394</run_address>
         <size>0xc</size>
         <input_file_ref idref="fl-12"/>
      </object_component>
      <object_component id="oc-7e3">
         <name>.const:timer32Dividers</name>
         <load_address>0x53a0</load_address>
         <run_address>0x53a0</run_address>
         <size>0xc</size>
         <input_file_ref idref="fl-13"/>
      </object_component>
      <object_component id="oc-a9">
         <name>.const</name>
         <load_address>0x53ac</load_address>
         <run_address>0x53ac</run_address>
         <size>0x8</size>
         <input_file_ref idref="fl-1b"/>
      </object_component>
      <object_component id="oc-83d">
         <name>.const:g_pulDisRegs</name>
         <load_address>0x53b4</load_address>
         <run_address>0x53b4</run_address>
         <size>0x8</size>
         <input_file_ref idref="fl-24"/>
      </object_component>
      <object_component id="oc-655">
         <name>.const:g_pulEnRegs</name>
         <load_address>0x53bc</load_address>
         <run_address>0x53bc</run_address>
         <size>0x8</size>
         <input_file_ref idref="fl-24"/>
      </object_component>
      <object_component id="oc-38b">
         <name>.const:.string:interruptType</name>
         <load_address>0x53c4</load_address>
         <run_address>0x53c4</run_address>
         <size>0x6</size>
         <input_file_ref idref="fl-10"/>
      </object_component>
      <object_component id="oc-382">
         <name>.const:.string:portInterruptIds</name>
         <load_address>0x53ca</load_address>
         <run_address>0x53ca</run_address>
         <size>0x6</size>
         <input_file_ref idref="fl-10"/>
      </object_component>
      <object_component id="oc-2c5">
         <name>.const</name>
         <load_address>0x53d0</load_address>
         <run_address>0x53d0</run_address>
         <size>0x4</size>
         <input_file_ref idref="fl-1f"/>
      </object_component>
      <object_component id="oc-2e1">
         <name>.const</name>
         <load_address>0x53d4</load_address>
         <run_address>0x53d4</run_address>
         <size>0x4</size>
         <input_file_ref idref="fl-19"/>
      </object_component>
      <object_component id="oc-405">
         <name>.const:.string</name>
         <load_address>0x53d8</load_address>
         <run_address>0x53d8</run_address>
         <size>0x2</size>
         <input_file_ref idref="fl-1f"/>
      </object_component>
      <object_component id="oc-280">
         <name>.const</name>
         <load_address>0x53da</load_address>
         <run_address>0x53da</run_address>
         <size>0x1</size>
         <input_file_ref idref="fl-4"/>
      </object_component>
      <object_component id="oc-8ae">
         <name>.cinit..data.load</name>
         <load_address>0x53e0</load_address>
         <run_address>0x53e0</run_address>
         <size>0x9c</size>
      </object_component>
      <object_component id="oc-8ac">
         <name>__TI_handler_table</name>
         <load_address>0x547c</load_address>
         <run_address>0x547c</run_address>
         <size>0xc</size>
      </object_component>
      <object_component id="oc-8af">
         <name>.cinit..bss.load</name>
         <load_address>0x5488</load_address>
         <run_address>0x5488</run_address>
         <size>0x8</size>
      </object_component>
      <object_component id="oc-8b0">
         <name>.cinit..vtable.load</name>
         <load_address>0x5490</load_address>
         <run_address>0x5490</run_address>
         <size>0x8</size>
      </object_component>
      <object_component id="oc-8ad">
         <name>__TI_cinit_table</name>
         <load_address>0x5498</load_address>
         <run_address>0x5498</run_address>
         <size>0x18</size>
      </object_component>
      <object_component id="oc-39a">
         <name>.data:gpioPinConfigs</name>
         <load_address>0x20008bf4</load_address>
         <run_address>0x20008bf4</run_address>
         <size>0xc</size>
         <input_file_ref idref="fl-4"/>
      </object_component>
      <object_component id="oc-39d">
         <name>.data:gpioCallbackFunctions</name>
         <load_address>0x20008be8</load_address>
         <run_address>0x20008be8</run_address>
         <size>0xc</size>
         <input_file_ref idref="fl-4"/>
      </object_component>
      <object_component id="oc-26e">
         <name>.data</name>
         <load_address>0x20008c04</load_address>
         <run_address>0x20008c04</run_address>
         <size>0x2</size>
         <input_file_ref idref="fl-10"/>
      </object_component>
      <object_component id="oc-34c">
         <name>.data:PowerMSP432_module</name>
         <load_address>0x20008b54</load_address>
         <run_address>0x20008b54</run_address>
         <size>0x2c</size>
         <input_file_ref idref="fl-11"/>
      </object_component>
      <object_component id="oc-49a">
         <name>.data:PowerMSP432_perfLevels</name>
         <load_address>0x200089e0</load_address>
         <run_address>0x200089e0</run_address>
         <size>0x140</size>
         <input_file_ref idref="fl-11"/>
      </object_component>
      <object_component id="oc-27d">
         <name>.data</name>
         <load_address>0x20008c06</load_address>
         <run_address>0x20008c06</run_address>
         <size>0x1</size>
         <input_file_ref idref="fl-12"/>
      </object_component>
      <object_component id="oc-70a">
         <name>.data:upConfig</name>
         <load_address>0x20008bb0</load_address>
         <run_address>0x20008bb0</run_address>
         <size>0x18</size>
         <input_file_ref idref="fl-13"/>
      </object_component>
      <object_component id="oc-4b3">
         <name>.data:HwiP_dispatchTable</name>
         <load_address>0x200081e0</load_address>
         <run_address>0x200081e0</run_address>
         <size>0x800</size>
         <input_file_ref idref="fl-15"/>
      </object_component>
      <object_component id="oc-65b">
         <name>.data</name>
         <load_address>0x20008c00</load_address>
         <run_address>0x20008c00</run_address>
         <size>0x4</size>
         <input_file_ref idref="fl-15"/>
      </object_component>
      <object_component id="oc-a6">
         <name>.data</name>
         <load_address>0x20008b20</load_address>
         <run_address>0x20008b20</run_address>
         <size>0x34</size>
         <input_file_ref idref="fl-19"/>
      </object_component>
      <object_component id="oc-415">
         <name>.data</name>
         <load_address>0x20008bdc</load_address>
         <run_address>0x20008bdc</run_address>
         <size>0xc</size>
         <input_file_ref idref="fl-1a"/>
      </object_component>
      <object_component id="oc-428">
         <name>.data</name>
         <load_address>0x20008b98</load_address>
         <run_address>0x20008b98</run_address>
         <size>0x18</size>
         <input_file_ref idref="fl-1b"/>
      </object_component>
      <object_component id="oc-287">
         <name>.data:defaultPthreadAttrs</name>
         <load_address>0x20008bc8</load_address>
         <run_address>0x20008bc8</run_address>
         <size>0x14</size>
         <input_file_ref idref="fl-1f"/>
      </object_component>
      <object_component id="oc-3db">
         <name>.data</name>
         <load_address>0x20008b80</load_address>
         <run_address>0x20008b80</run_address>
         <size>0x18</size>
         <input_file_ref idref="fl-20"/>
      </object_component>
      <object_component id="oc-274">
         <name>.bss:gpioCallbackInfo</name>
         <uninitialized>true</uninitialized>
         <run_address>0x200080fc</run_address>
         <size>0x30</size>
         <input_file_ref idref="fl-10"/>
      </object_component>
      <object_component id="oc-26d">
         <name>.bss</name>
         <uninitialized>true</uninitialized>
         <run_address>0x200081d8</run_address>
         <size>0x4</size>
         <input_file_ref idref="fl-10"/>
      </object_component>
      <object_component id="oc-7c8">
         <name>.bss:timerState</name>
         <uninitialized>true</uninitialized>
         <run_address>0x200081dc</run_address>
         <size>0x4</size>
         <input_file_ref idref="fl-13"/>
      </object_component>
      <object_component id="oc-10d">
         <name>.bss:pxReadyTasksLists</name>
         <uninitialized>true</uninitialized>
         <run_address>0x20008000</run_address>
         <size>0xc8</size>
         <input_file_ref idref="fl-19"/>
      </object_component>
      <object_component id="oc-71f">
         <name>.bss:xDelayedTaskList1</name>
         <uninitialized>true</uninitialized>
         <run_address>0x20008154</run_address>
         <size>0x14</size>
         <input_file_ref idref="fl-19"/>
      </object_component>
      <object_component id="oc-722">
         <name>.bss:xDelayedTaskList2</name>
         <uninitialized>true</uninitialized>
         <run_address>0x20008168</run_address>
         <size>0x14</size>
         <input_file_ref idref="fl-19"/>
      </object_component>
      <object_component id="oc-123">
         <name>.bss</name>
         <uninitialized>true</uninitialized>
         <run_address>0x200081b8</run_address>
         <size>0x8</size>
         <input_file_ref idref="fl-19"/>
      </object_component>
      <object_component id="oc-401">
         <name>.bss:xPendingReadyList</name>
         <uninitialized>true</uninitialized>
         <run_address>0x2000817c</run_address>
         <size>0x14</size>
         <input_file_ref idref="fl-19"/>
      </object_component>
      <object_component id="oc-5fd">
         <name>.bss:xTasksWaitingTermination</name>
         <uninitialized>true</uninitialized>
         <run_address>0x200081a4</run_address>
         <size>0x14</size>
         <input_file_ref idref="fl-19"/>
      </object_component>
      <object_component id="oc-725">
         <name>.bss:xSuspendedTaskList</name>
         <uninitialized>true</uninitialized>
         <run_address>0x20008190</run_address>
         <size>0x14</size>
         <input_file_ref idref="fl-19"/>
      </object_component>
      <object_component id="oc-5cc">
         <name>.bss:xActiveTimerList1</name>
         <uninitialized>true</uninitialized>
         <run_address>0x2000812c</run_address>
         <size>0x14</size>
         <input_file_ref idref="fl-1a"/>
      </object_component>
      <object_component id="oc-5cf">
         <name>.bss:xActiveTimerList2</name>
         <uninitialized>true</uninitialized>
         <run_address>0x20008140</run_address>
         <size>0x14</size>
         <input_file_ref idref="fl-1a"/>
      </object_component>
      <object_component id="oc-5d2">
         <name>.bss</name>
         <uninitialized>true</uninitialized>
         <run_address>0x200081c0</run_address>
         <size>0x8</size>
         <input_file_ref idref="fl-1a"/>
      </object_component>
      <object_component id="oc-56e">
         <name>.bss:ucHeap</name>
         <uninitialized>true</uninitialized>
         <run_address>0x20000000</run_address>
         <size>0x8000</size>
         <input_file_ref idref="fl-20"/>
      </object_component>
      <object_component id="oc-3de">
         <name>.bss:xStart</name>
         <uninitialized>true</uninitialized>
         <run_address>0x200081d0</run_address>
         <size>0x8</size>
         <input_file_ref idref="fl-20"/>
      </object_component>
      <object_component id="oc-61b">
         <name>.bss</name>
         <uninitialized>true</uninitialized>
         <run_address>0x200081c8</run_address>
         <size>0x8</size>
         <input_file_ref idref="fl-23"/>
      </object_component>
      <object_component id="oc-3ab">
         <name>.common:timerMSP432Objects</name>
         <uninitialized>true</uninitialized>
         <run_address>0x200080c8</run_address>
         <size>0x34</size>
      </object_component>
      <object_component id="oc-26">
         <name>.stack</name>
         <uninitialized>true</uninitialized>
         <run_address>0x2000fc00</run_address>
         <size>0x4</size>
         <input_file_ref idref="fl-e1"/>
      </object_component>
      <object_component id="oc-8b1">
         <name>.stack</name>
         <uninitialized>true</uninitialized>
         <run_address>0x2000fc00</run_address>
         <size>0x0</size>
      </object_component>
      <object_component id="oc-23">
         <name>.intvecs:retain</name>
         <load_address>0x0</load_address>
         <run_address>0x0</run_address>
         <size>0x144</size>
         <input_file_ref idref="fl-1d"/>
      </object_component>
      <object_component id="oc-64c">
[...]
      </symbol>
      <symbol id="sm-55b">
         <name>SemaphoreP_create</name>
         <value>0x41f1</value>
         <object_component_ref idref="oc-6c7"/>
      </symbol>
      <symbol id="sm-55c">
         <name>SemaphoreP_post</name>
         <value>0x4edd</value>
         <object_component_ref idref="oc-267"/>
      </symbol>
      <symbol id="sm-55d">
         <name>SemaphoreP_pend</name>
         <value>0x49f5</value>
         <object_component_ref idref="oc-255"/>
      </symbol>
      <symbol id="sm-55e">
         <name>SemaphoreP_delete</name>
         <value>0x5205</value>
         <object_component_ref idref="oc-24f"/>
      </symbol>
      <symbol id="sm-55f">
         <name>SemaphoreP_createBinary</name>
         <value>0x4c11</value>
         <object_component_ref idref="oc-23d"/>
      </symbol>
      <symbol id="sm-560">
         <name>SemaphoreP_Params_init</name>
         <value>0x5095</value>
         <object_component_ref idref="oc-6c1"/>
      </symbol>
      <symbol id="sm-6cc">
         <name>xQueueGenericSendFromISR</name>
         <value>0x1415</value>
         <object_component_ref idref="oc-818"/>
      </symbol>
      <symbol id="sm-6cd">
         <name>xQueueGenericCreate</name>
         <value>0x2eb1</value>
         <object_component_ref idref="oc-295"/>
      </symbol>
      <symbol id="sm-6ce">
         <name>xQueueGenericSend</name>
         <value>0x899</value>
         <object_component_ref idref="oc-354"/>
      </symbol>
      <symbol id="sm-6cf">
         <name>xQueueGenericReset</name>
         <value>0x29e9</value>
         <object_component_ref idref="oc-584"/>
      </symbol>
      <symbol id="sm-6d0">
         <name>xQueueReceiveFromISR</name>
         <value>0x1da1</value>
         <object_component_ref idref="oc-375"/>
      </symbol>
      <symbol id="sm-6d1">
         <name>xQueueSemaphoreTake</name>
         <value>0x6c5</value>
         <object_component_ref idref="oc-37b"/>
      </symbol>
      <symbol id="sm-6d2">
         <name>xQueueGiveFromISR</name>
         <value>0x1891</value>
         <object_component_ref idref="oc-391"/>
      </symbol>
      <symbol id="sm-6d3">
         <name>xQueueCreateCountingSemaphore</name>
         <value>0x4199</value>
         <object_component_ref idref="oc-7ce"/>
      </symbol>
      <symbol id="sm-6d4">
         <name>vQueueWaitForMessageRestricted</name>
         <value>0x413d</value>
         <object_component_ref idref="oc-75d"/>
      </symbol>
      <symbol id="sm-6d5">
         <name>vQueueDelete</name>
         <value>0x4e95</value>
         <object_component_ref idref="oc-2b9"/>
      </symbol>
      <symbol id="sm-6d6">
         <name>xQueueReceive</name>
         <value>0xbfd</value>
         <object_component_ref idref="oc-770"/>
      </symbol>
      <symbol id="sm-97e">
         <name>vTaskSuspendAll</name>
         <value>0x519d</value>
         <object_component_ref idref="oc-2a7"/>
      </symbol>
      <symbol id="sm-97f">
         <name>vTaskPlaceOnEventList</name>
         <value>0x4a91</value>
         <object_component_ref idref="oc-4eb"/>
      </symbol>
      <symbol id="sm-980">
         <name>pvTaskGetThreadLocalStoragePointer</name>
         <value>0x47bd</value>
         <object_component_ref idref="oc-7fb"/>
      </symbol>
      <symbol id="sm-981">
         <name>xTaskCheckForTimeOut</name>
         <value>0x2aa1</value>
         <object_component_ref idref="oc-4df"/>
      </symbol>
      <symbol id="sm-982">
         <name>xTaskPriorityDisinherit</name>
         <value>0x2499</value>
         <object_component_ref idref="oc-679"/>
      </symbol>
      <symbol id="sm-983">
         <name>vTaskStartScheduler</name>
         <value>0x3315</value>
         <object_component_ref idref="oc-160"/>
      </symbol>
      <symbol id="sm-984">
         <name>vTaskInternalSetTimeOutState</name>
         <value>0x4eb9</value>
         <object_component_ref idref="oc-4d9"/>
      </symbol>
      <symbol id="sm-985">
         <name>pvTaskIncrementMutexHeldCount</name>
         <value>0x5015</value>
         <object_component_ref idref="oc-508"/>
      </symbol>
      <symbol id="sm-986">
         <name>vTaskPriorityDisinheritAfterTimeout</name>
         <value>0x1aa5</value>
         <object_component_ref idref="oc-520"/>
      </symbol>
      <symbol id="sm-987">
         <name>xTaskCreate</name>
         <value>0x39d5</value>
         <object_component_ref idref="oc-2ad"/>
      </symbol>
      <symbol id="sm-988">
         <name>vTaskMissedYield</name>
         <value>0x5229</value>
         <object_component_ref idref="oc-691"/>
      </symbol>
      <symbol id="sm-989">
         <name>xTaskResumeAll</name>
         <value>0x165d</value>
         <object_component_ref idref="oc-2bf"/>
      </symbol>
      <symbol id="sm-98a">
         <name>vTaskSetApplicationTaskTag</name>
         <value>0x4c69</value>
         <object_component_ref idref="oc-2b3"/>
      </symbol>
      <symbol id="sm-98b">
         <name>xTaskGetTickCount</name>
         <value>0x5125</value>
         <object_component_ref idref="oc-803"/>
      </symbol>
      <symbol id="sm-98c">
         <name>vTaskDelete</name>
         <value>0x1ba9</value>
         <object_component_ref idref="oc-5bf"/>
      </symbol>
      <symbol id="sm-98d">
         <name>xTaskGetApplicationTaskTag</name>
         <value>0x4db1</value>
         <object_component_ref idref="oc-72f"/>
      </symbol>
      <symbol id="sm-98e">
         <name>pxCurrentTCB</name>
         <value>0x20008b20</value>
         <object_component_ref idref="oc-a6"/>
      </symbol>
      <symbol id="sm-98f">
         <name>vTaskSuspend</name>
         <value>0x1779</value>
         <object_component_ref idref="oc-5b9"/>
      </symbol>
      <symbol id="sm-990">
         <name>uxTopUsedPriority</name>
         <value>0x53d4</value>
         <object_component_ref idref="oc-2e1"/>
      </symbol>
      <symbol id="sm-991">
         <name>vTaskPlaceOnEventListRestricted</name>
         <value>0x4701</value>
         <object_component_ref idref="oc-810"/>
      </symbol>
      <symbol id="sm-992">
         <name>xTaskIncrementTick</name>
         <value>0x119d</value>
         <object_component_ref idref="oc-b3"/>
      </symbol>
      <symbol id="sm-993">
         <name>vTaskSwitchContext</name>
         <value>0x2139</value>
         <object_component_ref idref="oc-ac"/>
      </symbol>
      <symbol id="sm-994">
         <name>xTaskGetSchedulerState</name>
         <value>0x4bb5</value>
         <object_component_ref idref="oc-2a1"/>
      </symbol>
      <symbol id="sm-995">
         <name>xTaskGetCurrentTaskHandle</name>
         <value>0x5111</value>
         <object_component_ref idref="oc-729"/>
      </symbol>
      <symbol id="sm-996">
         <name>xTaskRemoveFromEventList</name>
         <value>0x2f59</value>
         <object_component_ref idref="oc-4d3"/>
      </symbol>
      <symbol id="sm-997">
         <name>xTaskPriorityInherit</name>
         <value>0x22f1</value>
         <object_component_ref idref="oc-514"/>
      </symbol>
      <symbol id="sm-a7b">
         <name>xTimerCreateTimerTask</name>
         <value>0x4345</value>
         <object_component_ref idref="oc-2cf"/>
      </symbol>
      <symbol id="sm-a7c">
         <name>xTimerGenericCommand</name>
         <value>0x3661</value>
         <object_component_ref idref="oc-76a"/>
      </symbol>
      <symbol id="sm-b0f">
         <name>ulMaxSyscallInterruptPriority</name>
         <value>0x53ac</value>
         <object_component_ref idref="oc-a9"/>
      </symbol>
      <symbol id="sm-b10">
         <name>vPortSetupTimerInterrupt</name>
         <value>0x3b41</value>
         <object_component_ref idref="oc-422"/>
      </symbol>
      <symbol id="sm-b11">
         <name>xPortSysTickHandler</name>
         <value>0x4c95</value>
         <object_component_ref idref="oc-65"/>
      </symbol>
      <symbol id="sm-b12">
         <name>vPortValidateInterruptPriority</name>
         <value>0x3c2d</value>
         <object_component_ref idref="oc-4fb"/>
      </symbol>
      <symbol id="sm-b13">
         <name>pxPortInitialiseStack</name>
         <value>0x3fc9</value>
         <object_component_ref idref="oc-591"/>
      </symbol>
      <symbol id="sm-b14">
         <name>vPortExitCritical</name>
         <value>0x4b85</value>
         <object_component_ref idref="oc-367"/>
      </symbol>
      <symbol id="sm-b15">
         <name>xPortStartScheduler</name>
         <value>0x23c9</value>
         <object_component_ref idref="oc-2d5"/>
      </symbol>
      <symbol id="sm-b16">
         <name>vPortEnterCritical</name>
         <value>0x44d1</value>
         <object_component_ref idref="oc-360"/>
      </symbol>
      <symbol id="sm-b25">
         <name>vPortStartFirstTask</name>
         <value>0x22bd</value>
         <object_component_ref idref="oc-60"/>
      </symbol>
      <symbol id="sm-b26">
         <name>ulPortGetIPSR</name>
         <value>0x2225</value>
         <object_component_ref idref="oc-60"/>
      </symbol>
      <symbol id="sm-b27">
         <name>vPortEnableVFP</name>
         <value>0x22e1</value>
         <object_component_ref idref="oc-60"/>
      </symbol>
      <symbol id="sm-b28">
         <name>xPortPendSVHandler</name>
         <value>0x223d</value>
         <object_component_ref idref="oc-60"/>
      </symbol>
      <symbol id="sm-b29">
         <name>vPortSVCHandler</name>
         <value>0x229d</value>
         <object_component_ref idref="oc-60"/>
      </symbol>
      <symbol id="sm-b5c">
         <name>resetISR</name>
         <value>0x50fd</value>
         <object_component_ref idref="oc-1c"/>
      </symbol>
      <symbol id="sm-b5d">
         <name>interruptVectors</name>
         <value>0x0</value>
         <object_component_ref idref="oc-23"/>
      </symbol>
      <symbol id="sm-b6b">
         <name>PTLS_taskDeleteHook</name>
         <value>0x5031</value>
         <object_component_ref idref="oc-73a"/>
      </symbol>
      <symbol id="sm-c12">
         <name>pthread_create</name>
         <value>0x12dd</value>
         <object_component_ref idref="oc-15a"/>
      </symbol>
      <symbol id="sm-c13">
         <name>pthread_attr_init</name>
         <value>0x4ff9</value>
         <object_component_ref idref="oc-142"/>
      </symbol>
      <symbol id="sm-c14">
         <name>pthread_self</name>
         <value>0x50e9</value>
         <object_component_ref idref="oc-5a1"/>
      </symbol>
      <symbol id="sm-c15">
         <name>pthread_attr_setschedparam</name>
         <value>0x4d89</value>
         <object_component_ref idref="oc-148"/>
      </symbol>
      <symbol id="sm-c16">
         <name>pthread_attr_setdetachstate</name>
         <value>0x4eff</value>
         <object_component_ref idref="oc-14e"/>
      </symbol>
      <symbol id="sm-c17">
         <name>pthread_attr_setstacksize</name>
         <value>0x50d5</value>
         <object_component_ref idref="oc-154"/>
      </symbol>
      <symbol id="sm-c18">
         <name>pthread_setcancelstate</name>
         <value>0x4741</value>
         <object_component_ref idref="oc-5a7"/>
      </symbol>
      <symbol id="sm-c19">
         <name>_pthread_cleanup_pop</name>
         <value>0x4e25</value>
         <object_component_ref idref="oc-5ad"/>
      </symbol>
      <symbol id="sm-c1a">
         <name>pthread_exit</name>
         <value>0x40e1</value>
         <object_component_ref idref="oc-408"/>
      </symbol>
      <symbol id="sm-c9b">
         <name>pvPortMalloc</name>
         <value>0xa51</value>
         <object_component_ref idref="oc-28f"/>
      </symbol>
      <symbol id="sm-c9c">
         <name>vPortFree</name>
         <value>0x2e09</value>
         <object_component_ref idref="oc-29b"/>
      </symbol>
      <symbol id="sm-cce">
         <name>uxListRemove</name>
         <value>0x45ad</value>
         <object_component_ref idref="oc-117"/>
      </symbol>
      <symbol id="sm-ccf">
         <name>vListInsert</name>
         <value>0x3dd9</value>
         <object_component_ref idref="oc-684"/>
      </symbol>
      <symbol id="sm-cd0">
         <name>vListInitialiseItem</name>
         <value>0x518d</value>
         <object_component_ref idref="oc-58b"/>
      </symbol>
      <symbol id="sm-cd1">
         <name>vListInsertEnd</name>
         <value>0x47f9</value>
         <object_component_ref idref="oc-11d"/>
      </symbol>
      <symbol id="sm-cd2">
         <name>vListInitialise</name>
         <value>0x4b55</value>
         <object_component_ref idref="oc-5c6"/>
      </symbol>
      <symbol id="sm-cec">
         <name>CPU_cpsie</name>
         <value>0x51e1</value>
         <object_component_ref idref="oc-672"/>
      </symbol>
      <symbol id="sm-ced">
         <name>CPU_cpsid</name>
         <value>0x51d5</value>
         <object_component_ref idref="oc-660"/>
      </symbol>
      <symbol id="sm-dd7">
         <name>CS_getMCLK</name>
         <value>0x4cc1</value>
         <object_component_ref idref="oc-5ee"/>
      </symbol>
      <symbol id="sm-dd8">
         <name>CS_clearInterruptFlag</name>
         <value>0x4ac5</value>
         <object_component_ref idref="oc-826"/>
      </symbol>
      <symbol id="sm-dd9">
         <name>CS_getDCOFrequency</name>
         <value>0x1ca9</value>
         <object_component_ref idref="oc-82c"/>
      </symbol>
      <symbol id="sm-dda">
         <name>CS_setExternalClockSourceFrequency</name>
         <value>0x4f21</value>
         <object_component_ref idref="oc-47c"/>
      </symbol>
      <symbol id="sm-ddb">
         <name>CS_startHFXTWithTimeout</name>
         <value>0x1e99</value>
         <object_component_ref idref="oc-488"/>
      </symbol>
      <symbol id="sm-ddc">
         <name>CS_startLFXTWithTimeout</name>
         <value>0x1f7d</value>
         <object_component_ref idref="oc-48e"/>
      </symbol>
      <symbol id="sm-e4a">
         <name>Interrupt_disableInterrupt</name>
         <value>0x36e5</value>
         <object_component_ref idref="oc-7b3"/>
      </symbol>
      <symbol id="sm-e4b">
         <name>Interrupt_unregisterInterrupt</name>
         <value>0x4fdd</value>
         <object_component_ref idref="oc-7b9"/>
      </symbol>
      <symbol id="sm-e4c">
         <name>Interrupt_setPriority</name>
         <value>0x4249</value>
         <object_component_ref idref="oc-4a7"/>
      </symbol>
      <symbol id="sm-e4d">
         <name>Interrupt_enableInterrupt</name>
         <value>0x3765</value>
         <object_component_ref idref="oc-4ad"/>
      </symbol>
      <symbol id="sm-e4e">
         <name>Interrupt_registerInterrupt</name>
         <value>0x4029</value>
         <object_component_ref idref="oc-4a1"/>
      </symbol>
      <symbol id="sm-e4f">
         <name>g_pfnRAMVectors</name>
         <value>0x20009000</value>
         <object_component_ref idref="oc-64c"/>
      </symbol>
      <symbol id="sm-e5b">
         <name>SysCtl_getNMISourceStatus</name>
         <value>0x516d</value>
         <object_component_ref idref="oc-836"/>
      </symbol>
      <symbol id="sm-e8f">
         <name>SysCtl_A_enableNMISource</name>
         <value>0x507d</value>
         <object_component_ref idref="oc-632"/>
      </symbol>
      <symbol id="sm-e90">
         <name>SysCtl_A_getTLVInfo</name>
         <value>0x33b1</value>
         <object_component_ref idref="oc-85f"/>
      </symbol>
      <symbol id="sm-e91">
         <name>SysCtl_A_getNMISourceStatus</name>
         <value>0x515d</value>
         <object_component_ref idref="oc-620"/>
      </symbol>
      <symbol id="sm-e92">
         <name>SysCtl_A_disableNMISource</name>
         <value>0x5065</value>
         <object_component_ref idref="oc-626"/>
      </symbol>
      <symbol id="sm-ead">
         <name>memcpy</name>
         <value>0x3141</value>
         <object_component_ref idref="oc-34"/>
      </symbol>
      <symbol id="sm-eae">
         <name>__aeabi_memcpy</name>
         <value>0x3141</value>
         <object_component_ref idref="oc-34"/>
      </symbol>
      <symbol id="sm-eaf">
         <name>__aeabi_memcpy8</name>
         <value>0x3141</value>
         <object_component_ref idref="oc-34"/>
      </symbol>
      <symbol id="sm-eb0">
         <name>__aeabi_memcpy4</name>
         <value>0x3141</value>
         <object_component_ref idref="oc-34"/>
      </symbol>
      <symbol id="sm-ebf">
         <name>__aeabi_memset</name>
         <value>0x395d</value>
         <object_component_ref idref="oc-85"/>
      </symbol>
      <symbol id="sm-ec0">
         <name>memset</name>
         <value>0x3963</value>
         <object_component_ref idref="oc-85"/>
      </symbol>
      <symbol id="sm-ec1">
         <name>__aeabi_memset8</name>
         <value>0x395d</value>
         <object_component_ref idref="oc-85"/>
      </symbol>
      <symbol id="sm-ec2">
         <name>__aeabi_memset4</name>
         <value>0x395d</value>
         <object_component_ref idref="oc-85"/>
      </symbol>
      <symbol id="sm-ec3">
         <name>__aeabi_memclr8</name>
         <value>0x395b</value>
         <object_component_ref idref="oc-85"/>
      </symbol>
      <symbol id="sm-ec4">
         <name>__aeabi_memclr4</name>
         <value>0x395b</value>
         <object_component_ref idref="oc-85"/>
      </symbol>
      <symbol id="sm-ec5">
         <name>__aeabi_memclr</name>
         <value>0x395b</value>
         <object_component_ref idref="oc-85"/>
      </symbol>
      <symbol id="sm-edc">
         <name>__TI_zero_init</name>
         <value>0x521d</value>
         <object_component_ref idref="oc-46"/>
      </symbol>
      <symbol id="sm-ef3">
         <name>__TI_decompress_none</name>
         <value>0x51bb</value>
         <object_component_ref idref="oc-15"/>
      </symbol>
      <symbol id="sm-f16">
         <name>__TI_decompress_lzss</name>
         <value>0x3d71</value>
         <object_component_ref idref="oc-f"/>
      </symbol>
      <symbol id="sm-f29">
         <name>__stack</name>
         <value>0x2000fc00</value>
         <object_component_ref idref="oc-26"/>
      </symbol>
      <symbol id="sm-f2a">
         <name>_c_int00_noargs</name>
         <value>0x4a29</value>
         <object_component_ref idref="oc-91"/>
      </symbol>
      <symbol id="sm-f52">
         <name>__TI_auto_init_nobinit_nopinit</name>
         <value>0x4639</value>
         <object_component_ref idref="oc-189"/>
      </symbol>
      <symbol id="sm-f5c">
         <name>_system_pre_init</name>
         <value>0x5263</value>
         <object_component_ref idref="oc-df"/>
      </symbol>
      <symbol id="sm-f68">
         <name>C$$EXIT</name>
         <value>0x5267</value>
         <object_component_ref idref="oc-17d"/>
      </symbol>
      <symbol id="sm-f69">
         <name>abort</name>
         <value>0x5267</value>
         <object_component_ref idref="oc-17d"/>
      </symbol>
      <symbol id="sm-f6c">
         <name>__TI_static_base__</name>
         <value>0x53e0</value>
      </symbol>
      <symbol id="sm-f6f">
         <name>__mpu_init</name>
         <value>0x0</value>
      </symbol>
      <symbol id="sm-f70">
         <name>_system_post_cinit</name>
         <value>0x0</value>
      </symbol>
   </symbol_table>
   <title>Link successful</title>
</link_info>
