******************************************************************************
                  TI ARM Linker PC v20.2.0                     
******************************************************************************
>> Linked Mon Jan 18 22:11:37 2021

OUTPUT FILE NAME:   <Bluetooth Module HC05.out>
ENTRY POINT SYMBOL: "resetISR"  address: 000068b1


MEMORY CONFIGURATION

         name            origin    length      used     unused   attr    fill
----------------------  --------  ---------  --------  --------  ----  --------
  MAIN                  00000000   00040000  00006d38  000392c8  R  X
  INFO                  00200000   00004000  00000000  00004000  R  X
  SRAM_CODE             01000000   00010000  000097c5  0000683b  RW X
  SRAM_DATA             20000000   00010000  000097c5  0000683b  RW  


SEGMENT ALLOCATION MAP

run origin  load origin   length   init length attrs members
----------  ----------- ---------- ----------- ----- -------
00000000    00000000    00006d40   00006d40    r-x
  00000000    00000000    00000144   00000144    r-- .intvecs
  00000144    00000144    0000691e   0000691e    r-x .text
  00006a64    00006a64    0000021e   0000021e    r-- .const
  00006c88    00006c88    000000b8   000000b8    r-- .cinit
20000000    20000000    000092dd   00000000    rw-
  20000000    20000000    000088e4   00000000    rw- .bss
  200088e4    200088e4    000009f9   00000000    rw- .data
20009400    20009400    000000e8   00000000    rw-
  20009400    20009400    000000e8   00000000    rw- .vtable
2000fc00    2000fc00    00000400   00000000    rw-
  2000fc00    2000fc00    00000400   00000000    rw- .stack


SECTION ALLOCATION MAP

 output                                  attributes/
section   page    origin      length       input sections
--------  ----  ----------  ----------   ----------------
.text      0    00000144    0000691e     
                  00000144    000004a4     freertos_builds_MSP_EXP432P401R_release_ccs.lib : SystemP_freertos.obj (.text:doPrint)
                  000005e8    000002f8     drivers_msp432p401x.aem4f : PowerMSP432.oem4f (.text:Power_sleep)
                  000008e0    000002d0                               : UARTMSP432.oem4f (.text:UARTMSP432_open)
                  00000bb0    00000288                               : PowerMSP432.oem4f (.text:initPerfControl)
                  00000e38    000001d0     freertos_builds_MSP_EXP432P401R_release_ccs.lib : queue.obj (.text:xQueueSemaphoreTake)
                  00001008    000001b8                                                     : queue.obj (.text:xQueueGenericSend)
                  000011c0    000001b6     rtsv7M4_T_le_v4SPD16_eabi.lib : fd_add_t2.asm.obj (.text)
                  00001376    00000002     ti_drivers_config.obj (.text:Board_initHook)
                  00001378    00000184     freertos_builds_MSP_EXP432P401R_release_ccs.lib : heap_4.obj (.text:pvPortMalloc)
                  000014fc    0000017c                                                     : queue.obj (.text:xQueueReceive)
                  00001678    0000016c     bluetooth.obj (.text:bluetooth_float)
                  000017e4    00000164     freertos_builds_MSP_EXP432P401R_release_ccs.lib : timers.obj (.text:prvProcessReceivedCommands)
                  00001948    00000154     bluetooth.obj (.text:bluetoothThread)
                  00001a9c    00000140     freertos_builds_MSP_EXP432P401R_release_ccs.lib : tasks.obj (.text:xTaskIncrementTick)
                  00001bdc    00000138                                                     : pthread.obj (.text:pthread_create)
                  00001d14    00000128                                                     : tasks.obj (.text:prvInitialiseNewTask)
                  00001e3c    0000011c     msp432p4xx_driverlib.lib : uart.o (.text:UART_initModule)
                  00001f58    0000011c     freertos_builds_MSP_EXP432P401R_release_ccs.lib : tasks.obj (.text:xTaskResumeAll)
                  00002074    0000010a                                                     : queue.obj (.text:xQueueGenericSendFromISR)
                  0000217e    00000002     display.aem4f : DisplayUart.oem4f (.text:DisplayUartMin_clear)
                  00002180    00000104     msp432p4xx_driverlib.lib : cs.o (.text:_CSComputeCLKFrequency)
                  00002284    00000104     freertos_builds_MSP_EXP432P401R_release_ccs.lib : tasks.obj (.text:vTaskPriorityDisinheritAfterTimeout)
                  00002388    00000100     bluetooth.obj (.text:bluetooth_sprintf)
                  00002488    00000100     freertos_builds_MSP_EXP432P401R_release_ccs.lib : tasks.obj (.text:vTaskDelete)
                  00002588    000000fc     rtsv7M4_T_le_v4SPD16_eabi.lib : fd_mul_t2.asm.obj (.text)
                  00002684    000000fc     freertos_builds_MSP_EXP432P401R_release_ccs.lib : tasks.obj (.text:vTaskSuspend)
                  00002780    000000f8     msp432p4xx_driverlib.lib : cs.o (.text:CS_getDCOFrequency)
                  00002878    000000f0     freertos_builds_MSP_EXP432P401R_release_ccs.lib : queue.obj (.text:xQueueGiveFromISR)
                  00002968    000000e4     msp432p4xx_driverlib.lib : cs.o (.text:CS_startHFXTWithTimeout)
                  00002a4c    000000e0                              : cs.o (.text:CS_startLFXTWithTimeout)
                  00002b2c    000000e0     freertos_builds_MSP_EXP432P401R_release_ccs.lib : tasks.obj (.text:xTaskPriorityDisinherit)
                  00002c0c    000000dc     drivers_msp432p401x.aem4f : UARTMSP432.oem4f (.text:UARTMSP432_readPolling)
                  00002ce8    000000dc     msp432p4xx_driverlib.lib : cs.o (.text:_CSGetHFXTFrequency)
                  00002dc4    000000dc     freertos_builds_MSP_EXP432P401R_release_ccs.lib : tasks.obj (.text:vTaskSwitchContext)
                  00002ea0    000000da                                                     : portasm.obj (.text)
                  00002f7a    000000d8                                                     : queue.obj (.text:xQueueReceiveFromISR)
                  00003052    00000002     display.aem4f : DisplayUart.oem4f (.text:DisplayUartMin_clearLines)
                  00003054    000000d4     freertos_builds_MSP_EXP432P401R_release_ccs.lib : tasks.obj (.text:xTaskPriorityInherit)
                  00003128    000000d0                                                     : port.obj (.text:xPortStartScheduler)
                  000031f8    000000ca     drivers_msp432p401x.aem4f : UARTMSP432.oem4f (.text:UARTMSP432_hwiIntFxn)
                  000032c2    00000002     display.aem4f : DisplayUart.oem4f (.text:DisplayUartMin_init)
                  000032c4    000000c4     freertos_builds_MSP_EXP432P401R_release_ccs.lib : tasks.obj (.text:prvAddNewTaskToReadyList)
                  00003388    000000bc                                                     : queue.obj (.text:prvCopyDataToQueue)
                  00003444    000000bc                                                     : heap_4.obj (.text:prvHeapInit)
                  00003500    000000bc                                                     : timers.obj (.text:prvSwitchTimerLists)
                  000035bc    000000b8     drivers_msp432p401x.aem4f : UARTMSP432.oem4f (.text:initHw)
                  00003674    000000b8                               : UARTMSP432.oem4f (.text:readTaskCallback)
                  0000372c    000000b8     freertos_builds_MSP_EXP432P401R_release_ccs.lib : queue.obj (.text:xQueueGenericReset)
                  000037e4    000000b6                                                     : SystemP_freertos.obj (.text:formatNum)
                  0000389a    00000002     msp432p4xx_driverlib.lib : interrupt.o (.text:IntDefaultHandler)
                  0000389c    000000b4     drivers_msp432p401x.aem4f : UARTMSP432.oem4f (.text:UARTMSP432_control)
                  00003950    000000b4                               : UARTMSP432.oem4f (.text:UARTMSP432_writePolling)
                  00003a04    000000b0     freertos_builds_MSP_EXP432P401R_release_ccs.lib : tasks.obj (.text:prvAddCurrentTaskToDelayedList)
                  00003ab4    000000b0                                                     : tasks.obj (.text:xTaskCheckForTimeOut)
                  00003b64    000000ae                                                     : queue.obj (.text:prvUnlockQueue)
                  00003c12    000000a8     drivers_msp432p401x.aem4f : UARTMSP432.oem4f (.text:UARTMSP432_write)
                  00003cba    00000002     freertos_builds_MSP_EXP432P401R_release_ccs.lib : PowerMSP432_freertos.obj (.text:PowerMSP432_initPolicy)
                  00003cbc    000000a8                                                     : heap_4.obj (.text:prvInsertBlockIntoFreeList)
                  00003d64    000000a8     drivers_msp432p401x.aem4f : UARTMSP432.oem4f (.text:readTaskBlocking)
                  00003e0c    000000a8     freertos_builds_MSP_EXP432P401R_release_ccs.lib : heap_4.obj (.text:vPortFree)
                  00003eb4    000000a8                                                     : tasks.obj (.text:xTaskRemoveFromEventList)
                  00003f5c    000000a0                                                     : ClockP_freertos.obj (.text:ClockP_create)
                  00003ffc    000000a0     drivers_msp432p401x.aem4f : UARTMSP432.oem4f (.text:readIsrTextCallback)
                  0000409c    0000009c                               : PowerMSP432.oem4f (.text:Power_init)
                  00004138    0000009c     rtsv7M4_T_le_v4SPD16_eabi.lib : memcpy_t2.asm.obj (.text)
                  000041d4    0000009a     bluetooth.obj (.text:bluetooth_integer)
                  0000426e    00000002     drivers_msp432p401x.aem4f : UARTMSP432.oem4f (.text:UARTMSP432_init)
                  00004270    00000094     msp432p4xx_driverlib.lib : sysctl_a.o (.text:SysCtl_A_getTLVInfo)
                  00004304    00000094     freertos_builds_MSP_EXP432P401R_release_ccs.lib : tasks.obj (.text:vTaskStartScheduler)
                  00004398    00000092     drivers_msp432p401x.aem4f : UARTMSP432.oem4f (.text:UARTMSP432_close)
                  0000442a    00000092                               : UARTMSP432.oem4f (.text:writeData)
                  000044bc    0000008c                               : UARTMSP432.oem4f (.text:readIsrTextBlocking)
                  00004548    00000088     freertos_builds_MSP_EXP432P401R_release_ccs.lib : timers.obj (.text:prvProcessTimerOrBlockTask)
                  000045d0    00000086     rtsv7M4_T_le_v4SPD16_eabi.lib : fd_cmp_t2.asm.obj (.text:__aeabi_cdcmple)
                  00004656    00000002     freertos_builds_MSP_EXP432P401R_release_ccs.lib : startup_msp432_ccs.obj (.text:defaultISR)
                  00004658    00000084     drivers_msp432p401x.aem4f : PowerMSP432.oem4f (.text:restartHFXT)
                  000046dc    00000084     freertos_builds_MSP_EXP432P401R_release_ccs.lib : timers.obj (.text:xTimerGenericCommand)
                  00004760    00000080     msp432p4xx_driverlib.lib : interrupt.o (.text:Interrupt_disableInterrupt)
                  000047e0    00000080                              : interrupt.o (.text:Interrupt_enableInterrupt)
                  00004860    00000080     freertos_builds_MSP_EXP432P401R_release_ccs.lib : timers.obj (.text:prvProcessExpiredTimer)
                  000048e0    0000007c     msp432p4xx_driverlib.lib : cs.o (.text:_CSGetDOCFrequency)
                  0000495c    0000007a     freertos_builds_MSP_EXP432P401R_release_ccs.lib : pthread.obj (.text:removeThreadKeys)
                  000049d6    0000007a     rtsv7M4_T_le_v4SPD16_eabi.lib : memset_t2.asm.obj (.text)
                  00004a50    0000007a     freertos_builds_MSP_EXP432P401R_release_ccs.lib : tasks.obj (.text:xTaskCreate)
                  00004aca    00000002                                                     : startup_msp432_ccs.obj (.text:faultISR)
                  00004acc    00000078                                                     : timers.obj (.text:prvInsertTimerInActiveList)
                  00004b44    00000078                                                     : port.obj (.text:vPortSetupTimerInterrupt)
                  00004bbc    00000074                                                     : tasks.obj (.text:prvInitialiseTaskLists)
                  00004c30    00000074                                                     : port.obj (.text:vPortValidateInterruptPriority)
                  00004ca4    00000070     drivers_msp432p401x.aem4f : UARTMSP432.oem4f (.text:UARTMSP432_writeCancel)
                  00004d14    00000070     bluetooth.obj (.text:bluetooth_send)
                  00004d84    00000070     freertos_builds_MSP_EXP432P401R_release_ccs.lib : ClockP_freertos.obj (.text:setClockObjTimeout)
                  00004df4    0000006e     rtsv7M4_T_le_v4SPD16_eabi.lib : fd_tos_t2.asm.obj (.text)
                  00004e62    00000002     freertos_builds_MSP_EXP432P401R_release_ccs.lib : startup_msp432_ccs.obj (.text:nmiISR)
                  00004e64    00000068     drivers_msp432p401x.aem4f : PowerMSP432.oem4f (.text:PowerMSP432_getFreqs)
                  00004ecc    00000068     rtsv7M4_T_le_v4SPD16_eabi.lib : copy_decompress_lzss.c.obj (.text:decompress:lzss:__TI_decompress_lzss)
                  00004f34    00000066     freertos_builds_MSP_EXP432P401R_release_ccs.lib : timers.obj (.text:prvInitialiseNewTimer)
                  00004f9a    00000066                                                     : list.obj (.text:vListInsert)
                  00005000    00000064                                                     : ClockP_freertos.obj (.text:ClockP_stop)
                  00005064    00000064     main_freertos.obj (.text:main)
                  000050c8    00000064     freertos_builds_MSP_EXP432P401R_release_ccs.lib : tasks.obj (.text:prvGetExpectedIdleTime)
                  0000512c    00000062     msp432p4xx_driverlib.lib : cs.o (.text:_CSGetDividerValue)
                  0000518e    00000002     rtsv7M4_T_le_v4SPD16_eabi.lib : div0.asm.obj (.text)
                  00005190    00000060     freertos_builds_MSP_EXP432P401R_release_ccs.lib : HwiPMSP432_freertos.obj (.text:HwiP_create)
                  000051f0    00000060                                                     : port.obj (.text:pxPortInitialiseStack)
                  00005250    00000060                                                     : queue.obj (.text:xQueueGenericCreate)
                  000052b0    0000005c     display.aem4f : Display.oem4f (.text:Display_doOpen)
                  0000530c    0000005c     msp432p4xx_driverlib.lib : interrupt.o (.text:Interrupt_registerInterrupt)
                  00005368    0000005c     freertos_builds_MSP_EXP432P401R_release_ccs.lib : tasks.obj (.text:prvIdleTask)
                  000053c4    0000005c                                                     : pthread.obj (.text:pthread_exit)
                  00005420    0000005c                                                     : queue.obj (.text:vQueueWaitForMessageRestricted)
                  0000547c    0000005c                                                     : tasks.obj (.text:vTaskDelay)
                  000054d8    00000058     drivers_msp432p401x.aem4f : UARTMSP432.oem4f (.text:readIsrBinaryBlocking)
                  00005530    00000058     freertos_builds_MSP_EXP432P401R_release_ccs.lib : queue.obj (.text:xQueueCreateCountingSemaphore)
                  00005588    00000056                                                     : SemaphoreP_freertos.obj (.text:SemaphoreP_create)
                  000055de    00000002     main_freertos.obj (.text:vApplicationMallocFailedHook)
                  000055e0    00000054     freertos_builds_MSP_EXP432P401R_release_ccs.lib : ClockP_freertos.obj (.text:ClockP_delete)
                  00005634    00000054     msp432p4xx_driverlib.lib : interrupt.o (.text:Interrupt_setPriority)
                  00005688    00000054     freertos_builds_MSP_EXP432P401R_release_ccs.lib : timers.obj (.text:xTimerCreateTimerTask)
                  000056dc    0000004c                                                     : timers.obj (.text:prvCheckForValidListAndQueue)
                  00005728    0000004c                                                     : tasks.obj (.text:prvCheckTasksWaitingTermination)
                  00005774    0000004c     drivers_msp432p401x.aem4f : UARTMSP432.oem4f (.text:readIsrBinaryCallback)
                  000057c0    0000004c     freertos_builds_MSP_EXP432P401R_release_ccs.lib : port.obj (.text:vPortEnterCritical)
                  0000580c    0000004a     display.aem4f : DisplayUart.oem4f (.text:DisplayUartMin_open)
                  00005856    00000002     --HOLE-- [fill = 0]
                  00005858    00000048     freertos_builds_MSP_EXP432P401R_release_ccs.lib : HwiPMSP432_freertos.obj (.text:HwiP_dispatch)
                  000058a0    00000048     drivers_msp432p401x.aem4f : PowerMSP432.oem4f (.text:Power_releaseConstraint)
                  000058e8    00000048     rtsv7M4_T_le_v4SPD16_eabi.lib : fd_toi_t2.asm.obj (.text)
                  00005930    00000048     freertos_builds_MSP_EXP432P401R_release_ccs.lib : sleep.obj (.text:sleep)
                  00005978    00000048                                                     : list.obj (.text:uxListRemove)
                  000059c0    00000046     display.aem4f : DisplayUart.oem4f (.text:DisplayUartMin_vprintf)
                  00005a06    00000046     drivers_msp432p401x.aem4f : RingBuf.oem4f (.text:RingBuf_put)
                  00005a4c    00000044                               : UART.oem4f (.text:UART_init)
                  00005a90    00000044     rtsv7M4_T_le_v4SPD16_eabi.lib : autoinit.c.obj (.text:__TI_auto_init_nobinit_nopinit:__TI_auto_init_nobinit_nopinit)
                  00005ad4    00000044     freertos_builds_MSP_EXP432P401R_release_ccs.lib : queue.obj (.text:prvInitialiseNewQueue)
                  00005b18    00000044     rtsv7M4_T_le_v4SPD16_eabi.lib : fd_tou_t2.asm.obj (.text)
                  00005b5c    00000040     drivers_msp432p401x.aem4f : RingBuf.oem4f (.text:RingBuf_get)
                  00005b9c    00000040                               : UARTMSP432.oem4f (.text:UARTMSP432_read)
                  00005bdc    00000040                               : UART.oem4f (.text:UART_open)
                  00005c1c    00000040                               : UARTMSP432.oem4f (.text:perfChangeNotifyFxn)
                  00005c5c    00000040     rtsv7M4_T_le_v4SPD16_eabi.lib : u_divt2.asm.obj (.text)
                  00005c9c    00000040     freertos_builds_MSP_EXP432P401R_release_ccs.lib : tasks.obj (.text:vTaskPlaceOnEventListRestricted)
                  00005cdc    0000003e                                                     : ClockP_freertos.obj (.text:ClockP_callbackFxn)
                  00005d1a    0000003e                                                     : pthread.obj (.text:pthread_setcancelstate)
                  00005d58    0000003c                                                     : queue.obj (.text:prvCopyDataFromQueue)
                  00005d94    0000003c                                                     : tasks.obj (.text:prvResetNextTaskUnblockTime)
                  00005dd0    0000003c                                                     : tasks.obj (.text:pvTaskGetThreadLocalStoragePointer)
                  00005e0c    0000003c                                                     : list.obj (.text:vListInsertEnd)
                  00005e48    0000003c                                                     : timers.obj (.text:xTimerCreate)
                  00005e84    0000003a                                                     : PowerMSP432_freertos.obj (.text:PowerMSP432_sleepPolicy)
                  00005ebe    00000002     --HOLE-- [fill = 0]
                  00005ec0    00000038     drivers_msp432p401x.aem4f : PowerMSP432.oem4f (.text:Power_setConstraint)
                  00005ef8    00000038                               : PowerMSP432.oem4f (.text:notify)
                  00005f30    00000038     freertos_builds_MSP_EXP432P401R_release_ccs.lib : timers.obj (.text:prvGetNextExpireTime)
                  00005f68    00000038                                                     : port.obj (.text:prvTaskExitError)
                  00005fa0    00000036     drivers_msp432p401x.aem4f : UARTMSP432.oem4f (.text:UARTMSP432_readCancel)
                  00005fd6    00000034     freertos_builds_MSP_EXP432P401R_release_ccs.lib : SemaphoreP_freertos.obj (.text:SemaphoreP_pend)
                  0000600a    00000002     --HOLE-- [fill = 0]
                  0000600c    00000034     rtsv7M4_T_le_v4SPD16_eabi.lib : boot_cortex_m.c.obj (.text:_c_int00_noargs:_c_int00_noargs)
                  00006040    00000034     freertos_builds_MSP_EXP432P401R_release_ccs.lib : timers.obj (.text:prvSampleTimeNow)
                  00006074    00000034                                                     : tasks.obj (.text:vTaskPlaceOnEventList)
                  000060a8    00000030     msp432p4xx_driverlib.lib : cs.o (.text:CS_clearInterruptFlag)
                  000060d8    00000030     drivers_msp432p401x.aem4f : UARTMSP432.oem4f (.text:mapPin)
                  00006108    00000030     freertos_builds_MSP_EXP432P401R_release_ccs.lib : list.obj (.text:vListInitialise)
                  00006138    00000030                                                     : port.obj (.text:vPortExitCritical)
                  00006168    00000030                                                     : tasks.obj (.text:xTaskGetSchedulerState)
                  00006198    0000002e                                                     : SystemP_freertos.obj (.text:putChar)
                  000061c6    0000002e                                                     : timers.obj (.text:pvTimerGetTimerID)
                  000061f4    0000002e     rtsv7M4_T_le_v4SPD16_eabi.lib : i_tofd_t2.asm.obj (.text)
                  00006222    00000002     --HOLE-- [fill = 0]
                  00006224    0000002c     freertos_builds_MSP_EXP432P401R_release_ccs.lib : HwiPMSP432_freertos.obj (.text:HwiP_disable)
                  00006250    0000002c                                                     : SemaphoreP_freertos.obj (.text:SemaphoreP_createBinary)
                  0000627c    0000002c                                                     : tasks.obj (.text:vTaskSetApplicationTaskTag)
                  000062a8    0000002c                                                     : port.obj (.text:xPortSysTickHandler)
                  000062d4    0000002a     display.aem4f : Display.oem4f (.text:Display_doPrintf)
                  000062fe    00000002     --HOLE-- [fill = 0]
                  00006300    00000028     msp432p4xx_driverlib.lib : cs.o (.text:CS_getMCLK)
                  00006328    00000028     display.aem4f : Display.oem4f (.text:Display_doInit)
                  00006350    00000028     freertos_builds_MSP_EXP432P401R_release_ccs.lib : HwiPMSP432_freertos.obj (.text:HwiP_inISR)
                  00006378    00000028     drivers_msp432p401x.aem4f : PowerMSP432.oem4f (.text:Power_registerNotify)
                  000063a0    00000028                               : PowerMSP432.oem4f (.text:disableFaultCounter)
                  000063c8    00000028                               : PowerMSP432.oem4f (.text:disableHFXT)
                  000063f0    00000028                               : UARTMSP432.oem4f (.text:findBaudDividerIndex)
                  00006418    00000028     freertos_builds_MSP_EXP432P401R_release_ccs.lib : pthread.obj (.text:pthread_attr_setschedparam)
                  00006440    00000028                                                     : tasks.obj (.text:xTaskGetApplicationTaskTag)
                  00006468    00000026     drivers_msp432p401x.aem4f : List.oem4f (.text:List_put)
                  0000648e    00000026                               : List.oem4f (.text:List_remove)
                  000064b4    00000026     freertos_builds_MSP_EXP432P401R_release_ccs.lib : pthread.obj (.text:_pthread_cleanup_pop)
                  000064da    00000026     bluetooth.obj (.text:bluetooth_char)
                  00006500    00000026     bluetooth.obj (.text:bluetooth_string)
                  00006526    00000026     freertos_builds_MSP_EXP432P401R_release_ccs.lib : queue.obj (.text:prvIsQueueFull)
                  0000654c    00000024                                                     : queue.obj (.text:prvGetDisinheritPriorityAfterTimeout)
                  00006570    00000024                                                     : queue.obj (.text:vQueueDelete)
                  00006594    00000024                                                     : tasks.obj (.text:vTaskInternalSetTimeOutState)
                  000065b8    00000022                                                     : SemaphoreP_freertos.obj (.text:SemaphoreP_post)
                  000065da    00000022                                                     : SystemP_freertos.obj (.text:SystemP_vsnprintf)
                  000065fc    00000022                                                     : pthread.obj (.text:pthread_attr_setdetachstate)
                  0000661e    00000002     --HOLE-- [fill = 0]
                  00006620    00000020     msp432p4xx_driverlib.lib : cs.o (.text:CS_setExternalClockSourceFrequency)
                  00006640    00000020     freertos_builds_MSP_EXP432P401R_release_ccs.lib : HwiPMSP432_freertos.obj (.text:HwiP_restore)
                  00006660    00000020     drivers_msp432p401x.aem4f : PowerMSP432.oem4f (.text:Power_unregisterNotify)
                  00006680    00000020                               : RingBuf.oem4f (.text:RingBuf_peek)
                  000066a0    00000020     freertos_builds_MSP_EXP432P401R_release_ccs.lib : queue.obj (.text:prvIsQueueEmpty)
                  000066c0    0000001e                                                     : ClockP_freertos.obj (.text:ClockP_start)
                  000066de    0000001e                                                     : HwiPMSP432_freertos.obj (.text:HwiP_Params_init)
                  000066fc    0000001e                                                     : pthread.obj (.text:_pthread_runStub)
                  0000671a    0000001c                                                     : ClockP_freertos.obj (.text:ClockP_Params_init)
                  00006736    00000002     --HOLE-- [fill = 0]
                  00006738    0000001c     msp432p4xx_driverlib.lib : interrupt.o (.text:Interrupt_unregisterInterrupt)
                  00006754    0000001c     freertos_builds_MSP_EXP432P401R_release_ccs.lib : pthread.obj (.text:pthread_attr_init)
                  00006770    0000001c                                                     : tasks.obj (.text:pvTaskIncrementMutexHeldCount)
                  0000678c    0000001a                                                     : PTLS.obj (.text:PTLS_taskDeleteHook)
                  000067a6    0000001a                                                     : timers.obj (.text:prvTimerTask)
                  000067c0    00000018     msp432p4xx_driverlib.lib : sysctl_a.o (.text:SysCtl_A_disableNMISource)
                  000067d8    00000018                              : sysctl_a.o (.text:SysCtl_A_enableNMISource)
                  000067f0    00000018     drivers_msp432p401x.aem4f : UART.oem4f (.text:UART_Params_init)
                  00006808    00000016     freertos_builds_MSP_EXP432P401R_release_ccs.lib : ClockP_freertos.obj (.text:ClockP_setTimeout)
                  0000681e    00000016     display.aem4f : DisplayUart.oem4f (.text:DisplayUartMin_close)
                  00006834    00000016     freertos_builds_MSP_EXP432P401R_release_ccs.lib : SemaphoreP_freertos.obj (.text:SemaphoreP_Params_init)
                  0000684a    00000002     --HOLE-- [fill = 0]
                  0000684c    00000014     drivers_msp432p401x.aem4f : PowerMSP432.oem4f (.text:Power_idleFunc)
                  00006860    00000014                               : UARTMSP432.oem4f (.text:clearTXCPTIFG)
                  00006874    00000014     freertos_builds_MSP_EXP432P401R_release_ccs.lib : tasks.obj (.text:prvDeleteTCB)
                  00006888    00000014                                                     : pthread.obj (.text:pthread_attr_setstacksize)
                  0000689c    00000014                                                     : pthread.obj (.text:pthread_self)
                  000068b0    00000014                                                     : startup_msp432_ccs.obj (.text:resetISR)
                  000068c4    00000014     rtsv7M4_T_le_v4SPD16_eabi.lib : strlen.c.obj (.text:strlen)
                  000068d8    00000014     freertos_builds_MSP_EXP432P401R_release_ccs.lib : tasks.obj (.text:xTaskGetCurrentTaskHandle)
                  000068ec    00000014                                                     : tasks.obj (.text:xTaskGetTickCount)
                  00006900    00000012                                                     : HwiPMSP432_freertos.obj (.text:HwiP_delete)
                  00006912    00000012     drivers_msp432p401x.aem4f : RingBuf.oem4f (.text:RingBuf_construct)
                  00006924    00000010                               : PowerMSP432.oem4f (.text:PowerMSP432_getNumPerfLevels)
                  00006934    00000010     msp432p4xx_driverlib.lib : sysctl_a.o (.text:SysCtl_A_getNMISourceStatus)
                  00006944    00000010                              : sysctl.o (.text:SysCtl_getNMISourceStatus)
                  00006954    00000010     drivers_msp432p401x.aem4f : UARTMSP432.oem4f (.text:readBlockingTimeout)
                  00006964    00000010     freertos_builds_MSP_EXP432P401R_release_ccs.lib : list.obj (.text:vListInitialiseItem)
                  00006974    00000010                                                     : tasks.obj (.text:vTaskSuspendAll)
                  00006984    0000000e     rtsv7M4_T_le_v4SPD16_eabi.lib : copy_decompress_none.c.obj (.text:decompress:none:__TI_decompress_none)
                  00006992    0000000c     ti_drivers_config.obj (.text:Board_init)
                  0000699e    0000000c     msp432p4xx_driverlib.lib : cpu.o (.text:CPU_cpsid)
                  000069aa    0000000c                              : cpu.o (.text:CPU_cpsie)
                  000069b6    00000002     --HOLE-- [fill = 0]
                  000069b8    0000000c     drivers_msp432p401x.aem4f : PowerMSP432.oem4f (.text:Power_getConstraintMask)
                  000069c4    0000000c                               : PowerMSP432.oem4f (.text:Power_getPerformanceLevel)
                  000069d0    0000000c     freertos_builds_MSP_EXP432P401R_release_ccs.lib : SemaphoreP_freertos.obj (.text:SemaphoreP_delete)
                  000069dc    0000000c     rtsv7M4_T_le_v4SPD16_eabi.lib : copy_zero_init.c.obj (.text:decompress:ZI:__TI_zero_init)
                  000069e8    0000000c     freertos_builds_MSP_EXP432P401R_release_ccs.lib : tasks.obj (.text:vTaskMissedYield)
                  000069f4    0000000a                                                     : PowerMSP432_freertos.obj (.text:PowerMSP432_updateFreqs)
                  000069fe    0000000a     drivers_msp432p401x.aem4f : UART.oem4f (.text:UART_close)
                  00006a08    0000000a                               : UART.oem4f (.text:UART_control)
                  00006a12    0000000a                               : UART.oem4f (.text:UART_write)
                  00006a1c    0000000a     main_freertos.obj (.text:vApplicationStackOverflowHook)
                  00006a26    0000000a     freertos_builds_MSP_EXP432P401R_release_ccs.lib : PowerMSP432_freertos.obj (.text:vPortSuppressTicksAndSleep)
                  00006a30    00000008     drivers_msp432p401x.aem4f : UARTMSP432.oem4f (.text:readSemCallback)
                  00006a38    00000008                               : UARTMSP432.oem4f (.text:txcptEnabledStatus)
                  00006a40    00000008                               : UARTMSP432.oem4f (.text:writeSemCallback)
                  00006a48    00000006     display.aem4f : DisplayUart.oem4f (.text:DisplayUartMin_control)
                  00006a4e    00000006                   : DisplayUart.oem4f (.text:DisplayUartMin_getType)
                  00006a54    00000006                   : Display.oem4f (.text:Display_doParamsInit)
                  00006a5a    00000004     rtsv7M4_T_le_v4SPD16_eabi.lib : pre_init.c.obj (.text:_system_pre_init)
                  00006a5e    00000004                                   : exit.c.obj (.text:abort:abort)

.const     0    00006a64    0000021e     
                  00006a64    00000058     ti_drivers_config.obj (.const:uartMSP432HWAttrs)
                  00006abc    00000050     msp432p4xx_driverlib.lib : interrupt.o (.const:g_pulRegs)
                  00006b0c    00000050     ti_drivers_config.obj (.const:uartMSP432Baudrates)
                  00006b5c    00000038     ti_drivers_config.obj (.const:PowerMSP432_config)
                  00006b94    00000028     drivers_msp432p401x.aem4f : UARTMSP432.oem4f (.const:UARTMSP432_fxnTable)
                  00006bbc    00000024                               : UART.oem4f (.const:UART_defaultParams)
                  00006be0    00000020     display.aem4f : DisplayUart.oem4f (.const:DisplayUartMin_fxnTable)
                  00006c00    00000020     drivers_msp432p401x.aem4f : UARTMSP432.oem4f (.const:staticFxnTable)
                  00006c20    00000018     ti_drivers_config.obj (.const:UART_config)
                  00006c38    00000014     ti_drivers_config.obj (.const:displayUartHWAttrs)
                  00006c4c    0000000c     ti_drivers_config.obj (.const:Display_config)
                  00006c58    00000008     freertos_builds_MSP_EXP432P401R_release_ccs.lib : port.obj (.const)
                  00006c60    00000008     msp432p4xx_driverlib.lib : interrupt.o (.const:g_pulDisRegs)
                  00006c68    00000008                              : interrupt.o (.const:g_pulEnRegs)
                  00006c70    00000005     drivers_msp432p401x.aem4f : UARTMSP432.oem4f (.const:.string:parityTypes)
                  00006c75    00000002     ti_drivers_config.obj (.const)
                  00006c77    00000001     display.aem4f : Display.oem4f (.const:Display_defaultParams)
                  00006c78    00000004     freertos_builds_MSP_EXP432P401R_release_ccs.lib : pthread.obj (.const)
                  00006c7c    00000004     drivers_msp432p401x.aem4f : UARTMSP432.oem4f (.const:stopBits)
                  00006c80    00000002     freertos_builds_MSP_EXP432P401R_release_ccs.lib : pthread.obj (.const:.string)

.cinit     0    00006c88    000000b8     
                  00006c88    00000084     (.cinit..data.load) [load image, compression = lzss]
                  00006d0c    0000000c     (__TI_handler_table)
                  00006d18    00000008     (.cinit..bss.load) [load image, compression = zero_init]
                  00006d20    00000008     (.cinit..vtable.load) [load image, compression = zero_init]
                  00006d28    00000018     (__TI_cinit_table)

.init_array 
*          0    00000000    00000000     UNINITIALIZED

.intvecs   0    00000000    00000144     
                  00000000    00000144     freertos_builds_MSP_EXP432P401R_release_ccs.lib : startup_msp432_ccs.obj (.intvecs:retain)

.bss       0    20000000    000088e4     UNINITIALIZED
                  20000000    00008000     freertos_builds_MSP_EXP432P401R_release_ccs.lib : heap_4.obj (.bss:ucHeap)
                  20008000    00000400     ti_drivers_config.obj (.bss:displayUARTBuffer)
                  20008400    00000200     (.common:bluetooth_buffer)
                  20008600    00000100     (.common:uartMSP432Objects)
                  20008700    000000c8     freertos_builds_MSP_EXP432P401R_release_ccs.lib : tasks.obj (.bss:pxReadyTasksLists)
                  200087c8    00000040     ti_drivers_config.obj (.bss:uartMSP432RingBuffer1)
                  20008808    00000020     ti_drivers_config.obj (.bss:uartMSP432RingBuffer0)
                  20008828    00000014     freertos_builds_MSP_EXP432P401R_release_ccs.lib : timers.obj (.bss:xActiveTimerList1)
                  2000883c    00000014                                                     : timers.obj (.bss:xActiveTimerList2)
                  20008850    00000014                                                     : tasks.obj (.bss:xDelayedTaskList1)
                  20008864    00000014                                                     : tasks.obj (.bss:xDelayedTaskList2)
                  20008878    00000014                                                     : tasks.obj (.bss:xPendingReadyList)
                  2000888c    00000014                                                     : tasks.obj (.bss:xSuspendedTaskList)
                  200088a0    00000014                                                     : tasks.obj (.bss:xTasksWaitingTermination)
                  200088b4    0000000c     (.common:displayUartObject)
                  200088c0    00000008                                                     : tasks.obj (.bss)
                  200088c8    00000008                                                     : timers.obj (.bss)
                  200088d0    00000008     msp432p4xx_driverlib.lib : cs.o (.bss)
                  200088d8    00000008     freertos_builds_MSP_EXP432P401R_release_ccs.lib : heap_4.obj (.bss:xStart)
                  200088e0    00000004     (.common:uartHandle)

.data      0    200088e4    000009f9     UNINITIALIZED
                  200088e4    00000800     freertos_builds_MSP_EXP432P401R_release_ccs.lib : HwiPMSP432_freertos.obj (.data:HwiP_dispatchTable)
                  200090e4    00000140     drivers_msp432p401x.aem4f : PowerMSP432.oem4f (.data:PowerMSP432_perfLevels)
                  20009224    00000034     freertos_builds_MSP_EXP432P401R_release_ccs.lib : tasks.obj (.data)
                  20009258    0000002c     drivers_msp432p401x.aem4f : PowerMSP432.oem4f (.data:PowerMSP432_module)
                  20009284    00000018     freertos_builds_MSP_EXP432P401R_release_ccs.lib : heap_4.obj (.data)
                  2000929c    00000018                                                     : port.obj (.data)
                  200092b4    00000014                                                     : pthread.obj (.data:defaultPthreadAttrs)
                  200092c8    0000000c                                                     : timers.obj (.data)
                  200092d4    00000004                                                     : ClockP_freertos.obj (.data)
                  200092d8    00000004                                                     : HwiPMSP432_freertos.obj (.data)
                  200092dc    00000001     drivers_msp432p401x.aem4f : UART.oem4f (.data)

.vtable    0    20009400    000000e8     UNINITIALIZED
                  20009400    000000e8     msp432p4xx_driverlib.lib : interrupt.o (.vtable)

.stack     0    2000fc00    00000400     UNINITIALIZED
                  2000fc00    00000004     rtsv7M4_T_le_v4SPD16_eabi.lib : boot_cortex_m.c.obj (.stack)
                  2000fc04    000003fc     --HOLE--

__llvm_prf_cnts 
*          0    20000000    00000000     UNINITIALIZED

.binit     0    00000000    00000000     

MODULE SUMMARY

       Module                       code    ro data   rw data
       ------                       ----    -------   -------
    .\
       bluetooth.obj                1302    0         1032   
       main_freertos.obj            112     0         0      
    +--+----------------------------+-------+---------+---------+
       Total:                       1414    0         1032   
                                                             
    .\syscfg\
       ti_drivers_config.obj        14      282       2776   
    +--+----------------------------+-------+---------+---------+
       Total:                       14      282       2776   
                                                             
    C:/Users/19152/Desktop/MSP432 FreeRTOS/freertos_builds_MSP_EXP432P401R_release_ccs/Debug/freertos_builds_MSP_EXP432P401R_release_ccs.lib
       heap_4.obj                   912     0         65600  
       tasks.obj                    4306    0         720    
       HwiPMSP432_freertos.obj      332     0         4104   
       queue.obj                    3098    0         0      
       timers.obj                   1562    0         120    
       SystemP_freertos.obj         1450    0         0      
       pthread.obj                  798     6         40     
       port.obj                     764     8         48     
       ClockP_freertos.obj          598     0         8      
       startup_msp432_ccs.obj       26      324       0      
       list.obj                     298     0         0      
       SemaphoreP_freertos.obj      250     0         0      
       portasm.obj                  218     0         0      
       PowerMSP432_freertos.obj     80      0         0      
       sleep.obj                    72      0         0      
       PTLS.obj                     26      0         0      
    +--+----------------------------+-------+---------+---------+
       Total:                       14790   338       70640  
                                                             
    C:/ti/simplelink_msp432p4_sdk_3_40_01_02/source/ti/devices/msp432p4xx/driverlib/ccs/msp432p4xx_driverlib.lib
       cs.o                         1522    0         16     
       interrupt.o                  462     96        464    
       uart.o                       284     0         0      
       sysctl_a.o                   212     0         0      
       cpu.o                        24      0         0      
       sysctl.o                     16      0         0      
    +--+----------------------------+-------+---------+---------+
       Total:                       2520    96        480    
                                                             
    C:/ti/simplelink_msp432p4_sdk_3_40_01_02/source/ti/display/lib/display.aem4f
       DisplayUart.oem4f            184     32        0      
       Display.oem4f                180     1         0      
    +--+----------------------------+-------+---------+---------+
       Total:                       364     33        0      
                                                             
    C:/ti/simplelink_msp432p4_sdk_3_40_01_02/source/ti/drivers/lib/drivers_msp432p401x.aem4f
       UARTMSP432.oem4f             3406    81        0      
       PowerMSP432.oem4f            2196    0         728    
       UART.oem4f                   186     36        2      
       RingBuf.oem4f                184     0         0      
       List.oem4f                   76      0         0      
    +--+----------------------------+-------+---------+---------+
       Total:                       6048    117       730    
                                                             
    C:\ti\ccs1000\ccs\tools\compiler\ti-cgt-arm_20.2.0.LTS\lib\rtsv7M4_T_le_v4SPD16_eabi.lib
       fd_add_t2.asm.obj            438     0         0      
       fd_mul_t2.asm.obj            252     0         0      
       memcpy_t2.asm.obj            156     0         0      
       fd_cmp_t2.asm.obj            134     0         0      
       memset_t2.asm.obj            122     0         0      
       fd_tos_t2.asm.obj            110     0         0      
       copy_decompress_lzss.c.obj   104     0         0      
       fd_toi_t2.asm.obj            72      0         0      
       autoinit.c.obj               68      0         0      
       fd_tou_t2.asm.obj            68      0         0      
       u_divt2.asm.obj              64      0         0      
       boot_cortex_m.c.obj          52      0         0      
       i_tofd_t2.asm.obj            46      0         0      
       strlen.c.obj                 20      0         0      
       copy_decompress_none.c.obj   14      0         0      
       copy_zero_init.c.obj         12      0         0      
       exit.c.obj                   4       0         0      
       pre_init.c.obj               4       0         0      
       div0.asm.obj                 2       0         0      
    +--+----------------------------+-------+---------+---------+
       Total:                       1742    0         0      
                                                             
       Stack:                       0       0         2048   
       Linker Generated:            0       184       0      
    +--+----------------------------+-------+---------+---------+
       Grand Total:                 26892   1050      77706  


LINKER GENERATED COPY TABLES

__TI_cinit_table @ 00006d28 records: 3, size/record: 8, table size: 24
	.data: load addr=00006c88, load size=00000084 bytes, run addr=200088e4, run size=000009f9 bytes, compression=lzss
	.bss: load addr=00006d18, load size=00000008 bytes, run addr=20000000, run size=000088e4 bytes, compression=zero_init
	.vtable: load addr=00006d20, load size=00000008 bytes, run addr=20009400, run size=000000e8 bytes, compression=zero_init


LINKER GENERATED HANDLER TABLE

__TI_handler_table @ 00006d0c records: 3, size/record: 4, table size: 12
	index: 0, handler: __TI_decompress_lzss
	index: 1, handler: __TI_decompress_none
	index: 2, handler: __TI_zero_init


GLOBAL SYMBOLS: SORTED ALPHABETICALLY BY Name 

address   name                               
-------   ----                               
00006993  Board_init                         
00001377  Board_initHook                     
00006a5f  C$$EXIT                            
0000699f  CPU_cpsid                          
000069ab  CPU_cpsie                          
000060a9  CS_clearInterruptFlag              
00002781  CS_getDCOFrequency                 
00006301  CS_getMCLK                         
00006621  CS_setExternalClockSourceFrequency 
00002969  CS_startHFXTWithTimeout            
00002a4d  CS_startLFXTWithTimeout            
0000671b  ClockP_Params_init                 
00005cdd  ClockP_callbackFxn                 
00003f5d  ClockP_create                      
000055e1  ClockP_delete                      
00006809  ClockP_setTimeout                  
000066c1  ClockP_start                       
00005001  ClockP_stop                        
0000217f  DisplayUartMin_clear               
00003053  DisplayUartMin_clearLines          
0000681f  DisplayUartMin_close               
00006a49  DisplayUartMin_control             
00006be0  DisplayUartMin_fxnTable            
00006a4f  DisplayUartMin_getType             
000032c3  DisplayUartMin_init                
0000580d  DisplayUartMin_open                
000059c1  DisplayUartMin_vprintf             
00006c4c  Display_config                     
00006c75  Display_count                      
00006c77  Display_defaultParams              
00006329  Display_doInit                     
000052b1  Display_doOpen                     
00006a55  Display_doParamsInit               
000062d5  Display_doPrintf                   
000066df  HwiP_Params_init                   
00005191  HwiP_create                        
00006901  HwiP_delete                        
00006225  HwiP_disable                       
00005859  HwiP_dispatch                      
200088e4  HwiP_dispatchTable                 
00006351  HwiP_inISR                         
00006641  HwiP_restore                       
00004761  Interrupt_disableInterrupt         
000047e1  Interrupt_enableInterrupt          
0000530d  Interrupt_registerInterrupt        
00005635  Interrupt_setPriority              
00006739  Interrupt_unregisterInterrupt      
00006469  List_put                           
0000648f  List_remove                        
0000678d  PTLS_taskDeleteHook                
00006b5c  PowerMSP432_config                 
00004e65  PowerMSP432_getFreqs               
00006925  PowerMSP432_getNumPerfLevels       
00003cbb  PowerMSP432_initPolicy             
20009258  PowerMSP432_module                 
200090e4  PowerMSP432_perfLevels             
00005e85  PowerMSP432_sleepPolicy            
000069f5  PowerMSP432_updateFreqs            
000069b9  Power_getConstraintMask            
000069c5  Power_getPerformanceLevel          
0000684d  Power_idleFunc                     
0000409d  Power_init                         
00006379  Power_registerNotify               
000058a1  Power_releaseConstraint            
00005ec1  Power_setConstraint                
000005e9  Power_sleep                        
00006661  Power_unregisterNotify             
00006913  RingBuf_construct                  
00005b5d  RingBuf_get                        
00006681  RingBuf_peek                       
00005a07  RingBuf_put                        
00006835  SemaphoreP_Params_init             
00005589  SemaphoreP_create                  
00006251  SemaphoreP_createBinary            
000069d1  SemaphoreP_delete                  
00005fd7  SemaphoreP_pend                    
000065b9  SemaphoreP_post                    
000067c1  SysCtl_A_disableNMISource          
000067d9  SysCtl_A_enableNMISource           
00006935  SysCtl_A_getNMISourceStatus        
00004271  SysCtl_A_getTLVInfo                
00006945  SysCtl_getNMISourceStatus          
000065db  SystemP_vsnprintf                  
00004399  UARTMSP432_close                   
0000389d  UARTMSP432_control                 
00006b94  UARTMSP432_fxnTable                
000031f9  UARTMSP432_hwiIntFxn               
0000426f  UARTMSP432_init                    
000008e1  UARTMSP432_open                    
00005b9d  UARTMSP432_read                    
00005fa1  UARTMSP432_readCancel              
00002c0d  UARTMSP432_readPolling             
00003c13  UARTMSP432_write                   
00004ca5  UARTMSP432_writeCancel             
00003951  UARTMSP432_writePolling            
000067f1  UART_Params_init                   
000069ff  UART_close                         
00006c20  UART_config                        
00006a09  UART_control                       
00006c76  UART_count                         
00006bbc  UART_defaultParams                 
00005a4d  UART_init                          
00001e3d  UART_initModule                    
00005bdd  UART_open                          
00006a13  UART_write                         
4000480c  WDTCTL_SYM                         
20010000  __STACK_END                        
00000400  __STACK_SIZE                       
00006d28  __TI_CINIT_Base                    
00006d40  __TI_CINIT_Limit                   
00006d0c  __TI_Handler_Table_Base            
00006d18  __TI_Handler_Table_Limit           
00005a91  __TI_auto_init_nobinit_nopinit     
00004ecd  __TI_decompress_lzss               
00006985  __TI_decompress_none               
ffffffff  __TI_pprof_out_hndl                
ffffffff  __TI_prof_data_size                
ffffffff  __TI_prof_data_start               
00006c88  __TI_static_base__                 
000069dd  __TI_zero_init                     
000045d1  __aeabi_cdcmpeq                    
000045d1  __aeabi_cdcmple                    
00004df5  __aeabi_d2f                        
000058e9  __aeabi_d2iz                       
00005b19  __aeabi_d2uiz                      
000011cb  __aeabi_dadd                       
00002589  __aeabi_dmul                       
000011c1  __aeabi_dsub                       
000061f5  __aeabi_i2d                        
0000518f  __aeabi_idiv0                      
0000518f  __aeabi_ldiv0                      
000049d7  __aeabi_memclr                     
000049d7  __aeabi_memclr4                    
000049d7  __aeabi_memclr8                    
00004139  __aeabi_memcpy                     
00004139  __aeabi_memcpy4                    
00004139  __aeabi_memcpy8                    
000049d9  __aeabi_memset                     
000049d9  __aeabi_memset4                    
000049d9  __aeabi_memset8                    
00005c5d  __aeabi_uidiv                      
00005c5d  __aeabi_uidivmod                   
ffffffff  __binit__                          
ffffffff  __c_args__                         
UNDEFED   __mpu_init                         
2000fc00  __stack                            
20000000  __start___llvm_prf_cnts            
20000000  __stop___llvm_prf_cnts             
0000600d  _c_int00_noargs                    
000064b5  _pthread_cleanup_pop               
UNDEFED   _system_post_cinit                 
00006a5b  _system_pre_init                   
00006a5f  abort                              
ffffffff  binit                              
00001949  bluetoothThread                    
20008400  bluetooth_buffer                   
000064db  bluetooth_char                     
00001679  bluetooth_float                    
000041d5  bluetooth_integer                  
00004d15  bluetooth_send                     
00002389  bluetooth_sprintf                  
00006501  bluetooth_string                   
00006c38  displayUartHWAttrs                 
200088b4  displayUartObject                  
20009400  g_pfnRAMVectors                    
00000000  interruptVectors                   
00005065  main                               
00004139  memcpy                             
000049df  memset                             
00006755  pthread_attr_init                  
000065fd  pthread_attr_setdetachstate        
00006419  pthread_attr_setschedparam         
00006889  pthread_attr_setstacksize          
00001bdd  pthread_create                     
000053c5  pthread_exit                       
0000689d  pthread_self                       
00005d1b  pthread_setcancelstate             
00001379  pvPortMalloc                       
00005dd1  pvTaskGetThreadLocalStoragePointer 
00006771  pvTaskIncrementMutexHeldCount      
000061c7  pvTimerGetTimerID                  
20009224  pxCurrentTCB                       
000051f1  pxPortInitialiseStack              
000068b1  resetISR                           
00005931  sleep                              
000068c5  strlen                             
200088e0  uartHandle                         
20008600  uartMSP432Objects                  
00006c58  ulMaxSyscallInterruptPriority      
00002eb1  ulPortGetIPSR                      
00005979  uxListRemove                       
000055df  vApplicationMallocFailedHook       
00006a1d  vApplicationStackOverflowHook      
00006109  vListInitialise                    
00006965  vListInitialiseItem                
00004f9b  vListInsert                        
00005e0d  vListInsertEnd                     
00002f6d  vPortEnableVFP                     
000057c1  vPortEnterCritical                 
00006139  vPortExitCritical                  
00003e0d  vPortFree                          
00002f29  vPortSVCHandler                    
00004b45  vPortSetupTimerInterrupt           
00002f49  vPortStartFirstTask                
00006a27  vPortSuppressTicksAndSleep         
00004c31  vPortValidateInterruptPriority     
00006571  vQueueDelete                       
00005421  vQueueWaitForMessageRestricted     
0000547d  vTaskDelay                         
00002489  vTaskDelete                        
00006595  vTaskInternalSetTimeOutState       
000069e9  vTaskMissedYield                   
00006075  vTaskPlaceOnEventList              
00005c9d  vTaskPlaceOnEventListRestricted    
00002285  vTaskPriorityDisinheritAfterTimeout
0000627d  vTaskSetApplicationTaskTag         
00004305  vTaskStartScheduler                
00002685  vTaskSuspend                       
00006975  vTaskSuspendAll                    
00002dc5  vTaskSwitchContext                 
00002ec9  xPortPendSVHandler                 
00003129  xPortStartScheduler                
000062a9  xPortSysTickHandler                
00005531  xQueueCreateCountingSemaphore      
00005251  xQueueGenericCreate                
0000372d  xQueueGenericReset                 
00001009  xQueueGenericSend                  
00002075  xQueueGenericSendFromISR           
00002879  xQueueGiveFromISR                  
000014fd  xQueueReceive                      
00002f7b  xQueueReceiveFromISR               
00000e39  xQueueSemaphoreTake                
00003ab5  xTaskCheckForTimeOut               
00004a51  xTaskCreate                        
00006441  xTaskGetApplicationTaskTag         
000068d9  xTaskGetCurrentTaskHandle          
00006169  xTaskGetSchedulerState             
000068ed  xTaskGetTickCount                  
00001a9d  xTaskIncrementTick                 
00002b2d  xTaskPriorityDisinherit            
00003055  xTaskPriorityInherit               
00003eb5  xTaskRemoveFromEventList           
00001f59  xTaskResumeAll                     
00005e49  xTimerCreate                       
00005689  xTimerCreateTimerTask              
000046dd  xTimerGenericCommand               


GLOBAL SYMBOLS: SORTED BY Symbol Address 

address   name                               
-------   ----                               
00000000  interruptVectors                   
00000400  __STACK_SIZE                       
000005e9  Power_sleep                        
000008e1  UARTMSP432_open                    
00000e39  xQueueSemaphoreTake                
00001009  xQueueGenericSend                  
000011c1  __aeabi_dsub                       
000011cb  __aeabi_dadd                       
00001377  Board_initHook                     
00001379  pvPortMalloc                       
000014fd  xQueueReceive                      
00001679  bluetooth_float                    
00001949  bluetoothThread                    
00001a9d  xTaskIncrementTick                 
00001bdd  pthread_create                     
00001e3d  UART_initModule                    
00001f59  xTaskResumeAll                     
00002075  xQueueGenericSendFromISR           
0000217f  DisplayUartMin_clear               
00002285  vTaskPriorityDisinheritAfterTimeout
00002389  bluetooth_sprintf                  
00002489  vTaskDelete                        
00002589  __aeabi_dmul                       
00002685  vTaskSuspend                       
00002781  CS_getDCOFrequency                 
00002879  xQueueGiveFromISR                  
00002969  CS_startHFXTWithTimeout            
00002a4d  CS_startLFXTWithTimeout            
00002b2d  xTaskPriorityDisinherit            
00002c0d  UARTMSP432_readPolling             
00002dc5  vTaskSwitchContext                 
00002eb1  ulPortGetIPSR                      
00002ec9  xPortPendSVHandler                 
00002f29  vPortSVCHandler                    
00002f49  vPortStartFirstTask                
00002f6d  vPortEnableVFP                     
00002f7b  xQueueReceiveFromISR               
00003053  DisplayUartMin_clearLines          
00003055  xTaskPriorityInherit               
00003129  xPortStartScheduler                
000031f9  UARTMSP432_hwiIntFxn               
000032c3  DisplayUartMin_init                
0000372d  xQueueGenericReset                 
0000389d  UARTMSP432_control                 
00003951  UARTMSP432_writePolling            
00003ab5  xTaskCheckForTimeOut               
00003c13  UARTMSP432_write                   
00003cbb  PowerMSP432_initPolicy             
00003e0d  vPortFree                          
00003eb5  xTaskRemoveFromEventList           
00003f5d  ClockP_create                      
0000409d  Power_init                         
00004139  __aeabi_memcpy                     
00004139  __aeabi_memcpy4                    
00004139  __aeabi_memcpy8                    
00004139  memcpy                             
000041d5  bluetooth_integer                  
0000426f  UARTMSP432_init                    
00004271  SysCtl_A_getTLVInfo                
00004305  vTaskStartScheduler                
00004399  UARTMSP432_close                   
000045d1  __aeabi_cdcmpeq                    
000045d1  __aeabi_cdcmple                    
000046dd  xTimerGenericCommand               
00004761  Interrupt_disableInterrupt         
000047e1  Interrupt_enableInterrupt          
000049d7  __aeabi_memclr                     
000049d7  __aeabi_memclr4                    
000049d7  __aeabi_memclr8                    
000049d9  __aeabi_memset                     
000049d9  __aeabi_memset4                    
000049d9  __aeabi_memset8                    
000049df  memset                             
00004a51  xTaskCreate                        
00004b45  vPortSetupTimerInterrupt           
00004c31  vPortValidateInterruptPriority     
00004ca5  UARTMSP432_writeCancel             
00004d15  bluetooth_send                     
00004df5  __aeabi_d2f                        
00004e65  PowerMSP432_getFreqs               
00004ecd  __TI_decompress_lzss               
00004f9b  vListInsert                        
00005001  ClockP_stop                        
00005065  main                               
0000518f  __aeabi_idiv0                      
0000518f  __aeabi_ldiv0                      
00005191  HwiP_create                        
000051f1  pxPortInitialiseStack              
00005251  xQueueGenericCreate                
000052b1  Display_doOpen                     
0000530d  Interrupt_registerInterrupt        
000053c5  pthread_exit                       
00005421  vQueueWaitForMessageRestricted     
0000547d  vTaskDelay                         
00005531  xQueueCreateCountingSemaphore      
00005589  SemaphoreP_create                  
000055df  vApplicationMallocFailedHook       
000055e1  ClockP_delete                      
00005635  Interrupt_setPriority              
00005689  xTimerCreateTimerTask              
000057c1  vPortEnterCritical                 
0000580d  DisplayUartMin_open                
00005859  HwiP_dispatch                      
000058a1  Power_releaseConstraint            
000058e9  __aeabi_d2iz                       
00005931  sleep                              
00005979  uxListRemove                       
000059c1  DisplayUartMin_vprintf             
00005a07  RingBuf_put                        
00005a4d  UART_init                          
00005a91  __TI_auto_init_nobinit_nopinit     
00005b19  __aeabi_d2uiz                      
00005b5d  RingBuf_get                        
00005b9d  UARTMSP432_read                    
00005bdd  UART_open                          
00005c5d  __aeabi_uidiv                      
00005c5d  __aeabi_uidivmod                   
00005c9d  vTaskPlaceOnEventListRestricted    
00005cdd  ClockP_callbackFxn                 
00005d1b  pthread_setcancelstate             
00005dd1  pvTaskGetThreadLocalStoragePointer 
00005e0d  vListInsertEnd                     
00005e49  xTimerCreate                       
00005e85  PowerMSP432_sleepPolicy            
00005ec1  Power_setConstraint                
00005fa1  UARTMSP432_readCancel              
00005fd7  SemaphoreP_pend                    
0000600d  _c_int00_noargs                    
00006075  vTaskPlaceOnEventList              
000060a9  CS_clearInterruptFlag              
00006109  vListInitialise                    
00006139  vPortExitCritical                  
00006169  xTaskGetSchedulerState             
000061c7  pvTimerGetTimerID                  
000061f5  __aeabi_i2d                        
00006225  HwiP_disable                       
00006251  SemaphoreP_createBinary            
0000627d  vTaskSetApplicationTaskTag         
000062a9  xPortSysTickHandler                
000062d5  Display_doPrintf                   
00006301  CS_getMCLK                         
00006329  Display_doInit                     
00006351  HwiP_inISR                         
00006379  Power_registerNotify               
00006419  pthread_attr_setschedparam         
00006441  xTaskGetApplicationTaskTag         
00006469  List_put                           
0000648f  List_remove                        
000064b5  _pthread_cleanup_pop               
000064db  bluetooth_char                     
00006501  bluetooth_string                   
00006571  vQueueDelete                       
00006595  vTaskInternalSetTimeOutState       
000065b9  SemaphoreP_post                    
000065db  SystemP_vsnprintf                  
000065fd  pthread_attr_setdetachstate        
00006621  CS_setExternalClockSourceFrequency 
00006641  HwiP_restore                       
00006661  Power_unregisterNotify             
00006681  RingBuf_peek                       
000066c1  ClockP_start                       
000066df  HwiP_Params_init                   
0000671b  ClockP_Params_init                 
00006739  Interrupt_unregisterInterrupt      
00006755  pthread_attr_init                  
00006771  pvTaskIncrementMutexHeldCount      
0000678d  PTLS_taskDeleteHook                
000067c1  SysCtl_A_disableNMISource          
000067d9  SysCtl_A_enableNMISource           
000067f1  UART_Params_init                   
00006809  ClockP_setTimeout                  
0000681f  DisplayUartMin_close               
00006835  SemaphoreP_Params_init             
0000684d  Power_idleFunc                     
00006889  pthread_attr_setstacksize          
0000689d  pthread_self                       
000068b1  resetISR                           
000068c5  strlen                             
000068d9  xTaskGetCurrentTaskHandle          
000068ed  xTaskGetTickCount                  
00006901  HwiP_delete                        
00006913  RingBuf_construct                  
00006925  PowerMSP432_getNumPerfLevels       
00006935  SysCtl_A_getNMISourceStatus        
00006945  SysCtl_getNMISourceStatus          
00006965  vListInitialiseItem                
00006975  vTaskSuspendAll                    
00006985  __TI_decompress_none               
00006993  Board_init                         
0000699f  CPU_cpsid                          
000069ab  CPU_cpsie                          
000069b9  Power_getConstraintMask            
000069c5  Power_getPerformanceLevel          
000069d1  SemaphoreP_delete                  
000069dd  __TI_zero_init                     
000069e9  vTaskMissedYield                   
000069f5  PowerMSP432_updateFreqs            
000069ff  UART_close                         
00006a09  UART_control                       
00006a13  UART_write                         
00006a1d  vApplicationStackOverflowHook      
00006a27  vPortSuppressTicksAndSleep         
00006a49  DisplayUartMin_control             
00006a4f  DisplayUartMin_getType             
00006a55  Display_doParamsInit               
00006a5b  _system_pre_init                   
00006a5f  C$$EXIT                            
00006a5f  abort                              
00006b5c  PowerMSP432_config                 
00006b94  UARTMSP432_fxnTable                
00006bbc  UART_defaultParams                 
00006be0  DisplayUartMin_fxnTable            
00006c20  UART_config                        
00006c38  displayUartHWAttrs                 
00006c4c  Display_config                     
00006c58  ulMaxSyscallInterruptPriority      
00006c75  Display_count                      
00006c76  UART_count                         
00006c77  Display_defaultParams              
00006c88  __TI_static_base__                 
00006d0c  __TI_Handler_Table_Base            
00006d18  __TI_Handler_Table_Limit           
00006d28  __TI_CINIT_Base                    
00006d40  __TI_CINIT_Limit                   
20000000  __start___llvm_prf_cnts            
20000000  __stop___llvm_prf_cnts             
20008400  bluetooth_buffer                   
20008600  uartMSP432Objects                  
200088b4  displayUartObject                  
200088e0  uartHandle                         
200088e4  HwiP_dispatchTable                 
200090e4  PowerMSP432_perfLevels             
20009224  pxCurrentTCB                       
20009258  PowerMSP432_module                 
20009400  g_pfnRAMVectors                    
2000fc00  __stack                            
20010000  __STACK_END                        
4000480c  WDTCTL_SYM                         
ffffffff  __TI_pprof_out_hndl                
ffffffff  __TI_prof_data_size                
ffffffff  __TI_prof_data_start               
ffffffff  __binit__                          
ffffffff  __c_args__                         
ffffffff  binit                              
UNDEFED   __mpu_init                         
UNDEFED   _system_post_cinit                 

[246 symbols]
