******************************************************************************
                  TI ARM Linker PC v20.2.0                     
******************************************************************************
>> Linked Tue Jan 12 22:03:27 2021

OUTPUT FILE NAME:   <Solar_tracker.out>
ENTRY POINT SYMBOL: "resetISR"  address: 0000742d


MEMORY CONFIGURATION

         name            origin    length      used     unused   attr    fill
----------------------  --------  ---------  --------  --------  ----  --------
  MAIN                  00000000   00040000  000079e8  00038618  R  X
  INFO                  00200000   00004000  00000000  00004000  R  X
  SRAM_CODE             01000000   00010000  0000963f  000069c1  RW X
  SRAM_DATA             20000000   00010000  0000963f  000069c1  RW  


SEGMENT ALLOCATION MAP

run origin  load origin   length   init length attrs members
----------  ----------- ---------- ----------- ----- -------
00000000    00000000    000079f0   000079f0    r-x
  00000000    00000000    00000144   00000144    r-- .intvecs
  00000144    00000144    000074da   000074da    r-x .text
  00007620    00007620    0000030a   0000030a    r-- .const
  00007930    00007930    000000c0   000000c0    r-- .cinit
20000000    20000000    00009157   00000000    rw-
  20000000    20000000    00008644   00000000    rw- .bss
  20008644    20008644    00000b13   00000000    rw- .data
20009400    20009400    000000e8   00000000    rw-
  20009400    20009400    000000e8   00000000    rw- .vtable
2000fc00    2000fc00    00000400   00000000    rw-
  2000fc00    2000fc00    00000400   00000000    rw- .stack


SECTION ALLOCATION MAP

 output                                  attributes/
section   page    origin      length       input sections
--------  ----  ----------  ----------   ----------------
.text      0    00000144    000074da     
                  00000144    000004a4     freertos_builds_MSP_EXP432P401R_release_ccs.lib : SystemP_freertos.obj (.text:doPrint)
                  000005e8    000002f8     drivers_msp432p401x.aem4f : PowerMSP432.oem4f (.text:Power_sleep)
                  000008e0    000002d0                               : UARTMSP432.oem4f (.text:UARTMSP432_open)
                  00000bb0    00000288                               : PowerMSP432.oem4f (.text:initPerfControl)
                  00000e38    00000208                               : PWMTimerMSP432.oem4f (.text:PWMTimerMSP432_open)
                  00001040    000001d0     freertos_builds_MSP_EXP432P401R_release_ccs.lib : queue.obj (.text:xQueueSemaphoreTake)
                  00001210    000001b8                                                     : queue.obj (.text:xQueueGenericSend)
                  000013c8    000001b6     rtsv7M4_T_le_v4SPD16_eabi.lib : fd_add_t2.asm.obj (.text)
                  0000157e    00000002     ti_drivers_config.obj (.text:Board_initHook)
                  00001580    00000184     freertos_builds_MSP_EXP432P401R_release_ccs.lib : heap_4.obj (.text:pvPortMalloc)
                  00001704    0000017c                                                     : queue.obj (.text:xQueueReceive)
                  00001880    00000164                                                     : timers.obj (.text:prvProcessReceivedCommands)
                  000019e4    00000160     msp432p4xx_driverlib.lib : adc14.o (.text:_getIndexForMemRegister)
                  00001b44    00000140     freertos_builds_MSP_EXP432P401R_release_ccs.lib : tasks.obj (.text:xTaskIncrementTick)
                  00001c84    00000138                                                     : pthread.obj (.text:pthread_create)
                  00001dbc    0000012c     solarTracker.obj (.text:mainThread)
                  00001ee8    00000128     freertos_builds_MSP_EXP432P401R_release_ccs.lib : tasks.obj (.text:prvInitialiseNewTask)
                  00002010    0000011c     msp432p4xx_driverlib.lib : uart.o (.text:UART_initModule)
                  0000212c    0000011c     freertos_builds_MSP_EXP432P401R_release_ccs.lib : tasks.obj (.text:xTaskResumeAll)
                  00002248    00000114     drivers_msp432p401x.aem4f : PWMTimerMSP432.oem4f (.text:PWMTimerMSP432_setPeriod)
                  0000235c    0000010a     freertos_builds_MSP_EXP432P401R_release_ccs.lib : queue.obj (.text:xQueueGenericSendFromISR)
                  00002466    00000002     display.aem4f : DisplayUart.oem4f (.text:DisplayUartMin_clear)
                  00002468    00000104     msp432p4xx_driverlib.lib : cs.o (.text:_CSComputeCLKFrequency)
                  0000256c    00000104     freertos_builds_MSP_EXP432P401R_release_ccs.lib : tasks.obj (.text:vTaskPriorityDisinheritAfterTimeout)
                  00002670    00000100                                                     : tasks.obj (.text:vTaskDelete)
                  00002770    000000fc     drivers_msp432p401x.aem4f : ADCMSP432.oem4f (.text:ADCMSP432_convert)
                  0000286c    000000fc     rtsv7M4_T_le_v4SPD16_eabi.lib : fd_mul_t2.asm.obj (.text)
                  00002968    000000fc     freertos_builds_MSP_EXP432P401R_release_ccs.lib : tasks.obj (.text:vTaskSuspend)
                  00002a64    000000f8     msp432p4xx_driverlib.lib : cs.o (.text:CS_getDCOFrequency)
                  00002b5c    000000f0     freertos_builds_MSP_EXP432P401R_release_ccs.lib : queue.obj (.text:xQueueGiveFromISR)
                  00002c4c    000000e4     msp432p4xx_driverlib.lib : cs.o (.text:CS_startHFXTWithTimeout)
                  00002d30    000000e0                              : cs.o (.text:CS_startLFXTWithTimeout)
                  00002e10    000000e0     freertos_builds_MSP_EXP432P401R_release_ccs.lib : tasks.obj (.text:xTaskPriorityDisinherit)
                  00002ef0    000000dc     drivers_msp432p401x.aem4f : UARTMSP432.oem4f (.text:UARTMSP432_readPolling)
                  00002fcc    000000dc     msp432p4xx_driverlib.lib : cs.o (.text:_CSGetHFXTFrequency)
                  000030a8    000000dc     freertos_builds_MSP_EXP432P401R_release_ccs.lib : tasks.obj (.text:vTaskSwitchContext)
                  00003184    000000da                                                     : portasm.obj (.text)
                  0000325e    000000d8                                                     : queue.obj (.text:xQueueReceiveFromISR)
                  00003336    00000002     display.aem4f : DisplayUart.oem4f (.text:DisplayUartMin_clearLines)
                  00003338    000000d4     freertos_builds_MSP_EXP432P401R_release_ccs.lib : tasks.obj (.text:xTaskPriorityInherit)
                  0000340c    000000d0                                                     : port.obj (.text:xPortStartScheduler)
                  000034dc    000000ca     drivers_msp432p401x.aem4f : UARTMSP432.oem4f (.text:UARTMSP432_hwiIntFxn)
                  000035a6    00000002     display.aem4f : DisplayUart.oem4f (.text:DisplayUartMin_init)
                  000035a8    000000c4     freertos_builds_MSP_EXP432P401R_release_ccs.lib : tasks.obj (.text:prvAddNewTaskToReadyList)
                  0000366c    000000bc                                                     : queue.obj (.text:prvCopyDataToQueue)
                  00003728    000000bc                                                     : heap_4.obj (.text:prvHeapInit)
                  000037e4    000000bc                                                     : timers.obj (.text:prvSwitchTimerLists)
                  000038a0    000000b8     drivers_msp432p401x.aem4f : UARTMSP432.oem4f (.text:initHw)
                  00003958    000000b8                               : UARTMSP432.oem4f (.text:readTaskCallback)
                  00003a10    000000b8     freertos_builds_MSP_EXP432P401R_release_ccs.lib : queue.obj (.text:xQueueGenericReset)
                  00003ac8    000000b6                                                     : SystemP_freertos.obj (.text:formatNum)
                  00003b7e    00000002     msp432p4xx_driverlib.lib : interrupt.o (.text:IntDefaultHandler)
                  00003b80    000000b4                              : adc14.o (.text:ADC14_configureConversionMemory)
                  00003c34    000000b4     drivers_msp432p401x.aem4f : UARTMSP432.oem4f (.text:UARTMSP432_control)
                  00003ce8    000000b4                               : UARTMSP432.oem4f (.text:UARTMSP432_writePolling)
                  00003d9c    000000b0     freertos_builds_MSP_EXP432P401R_release_ccs.lib : tasks.obj (.text:prvAddCurrentTaskToDelayedList)
                  00003e4c    000000b0                                                     : tasks.obj (.text:xTaskCheckForTimeOut)
                  00003efc    000000ae                                                     : queue.obj (.text:prvUnlockQueue)
                  00003faa    000000a8     drivers_msp432p401x.aem4f : UARTMSP432.oem4f (.text:UARTMSP432_write)
                  00004052    00000002                               : PWMTimerMSP432.oem4f (.text:PWMTimerMSP432_init)
                  00004054    000000a8     freertos_builds_MSP_EXP432P401R_release_ccs.lib : heap_4.obj (.text:prvInsertBlockIntoFreeList)
                  000040fc    000000a8     drivers_msp432p401x.aem4f : UARTMSP432.oem4f (.text:readTaskBlocking)
                  000041a4    000000a8     freertos_builds_MSP_EXP432P401R_release_ccs.lib : heap_4.obj (.text:vPortFree)
                  0000424c    000000a8                                                     : tasks.obj (.text:xTaskRemoveFromEventList)
                  000042f4    000000a4     drivers_msp432p401x.aem4f : PWMTimerMSP432.oem4f (.text:PWMTimerMSP432_stop)
                  00004398    000000a0     freertos_builds_MSP_EXP432P401R_release_ccs.lib : ClockP_freertos.obj (.text:ClockP_create)
                  00004438    000000a0     drivers_msp432p401x.aem4f : UARTMSP432.oem4f (.text:readIsrTextCallback)
                  000044d8    0000009c                               : PowerMSP432.oem4f (.text:Power_init)
                  00004574    0000009c     rtsv7M4_T_le_v4SPD16_eabi.lib : memcpy_t2.asm.obj (.text)
                  00004610    00000096                                   : ull_div_t2.asm.obj (.text)
                  000046a6    00000002     freertos_builds_MSP_EXP432P401R_release_ccs.lib : PowerMSP432_freertos.obj (.text:PowerMSP432_initPolicy)
                  000046a8    00000094     drivers_msp432p401x.aem4f : PWMTimerMSP432.oem4f (.text:PWMTimerMSP432_setDuty)
                  0000473c    00000094     msp432p4xx_driverlib.lib : sysctl_a.o (.text:SysCtl_A_getTLVInfo)
                  000047d0    00000094     freertos_builds_MSP_EXP432P401R_release_ccs.lib : tasks.obj (.text:vTaskStartScheduler)
                  00004864    00000092     drivers_msp432p401x.aem4f : UARTMSP432.oem4f (.text:UARTMSP432_close)
                  000048f6    00000092                               : UARTMSP432.oem4f (.text:writeData)
                  00004988    0000008c                               : ADCMSP432.oem4f (.text:ADCMSP432_open)
                  00004a14    0000008c                               : UARTMSP432.oem4f (.text:readIsrTextBlocking)
                  00004aa0    00000088                               : PWMTimerMSP432.oem4f (.text:PWMTimerMSP432_close)
                  00004b28    00000088     freertos_builds_MSP_EXP432P401R_release_ccs.lib : timers.obj (.text:prvProcessTimerOrBlockTask)
                  00004bb0    00000086     rtsv7M4_T_le_v4SPD16_eabi.lib : fd_cmp_t2.asm.obj (.text:__aeabi_cdcmple)
                  00004c36    00000002     drivers_msp432p401x.aem4f : UARTMSP432.oem4f (.text:UARTMSP432_init)
                  00004c38    00000084                               : PWMTimerMSP432.oem4f (.text:PWMTimerMSP432_start)
                  00004cbc    00000084                               : PowerMSP432.oem4f (.text:restartHFXT)
                  00004d40    00000084     freertos_builds_MSP_EXP432P401R_release_ccs.lib : timers.obj (.text:xTimerGenericCommand)
                  00004dc4    00000080     msp432p4xx_driverlib.lib : interrupt.o (.text:Interrupt_disableInterrupt)
                  00004e44    00000080                              : interrupt.o (.text:Interrupt_enableInterrupt)
                  00004ec4    00000080     freertos_builds_MSP_EXP432P401R_release_ccs.lib : timers.obj (.text:prvProcessExpiredTimer)
                  00004f44    0000007c     msp432p4xx_driverlib.lib : cs.o (.text:_CSGetDOCFrequency)
                  00004fc0    0000007c     drivers_msp432p401x.aem4f : PWMTimerMSP432.oem4f (.text:setConstraints)
                  0000503c    0000007a     freertos_builds_MSP_EXP432P401R_release_ccs.lib : pthread.obj (.text:removeThreadKeys)
                  000050b6    0000007a     rtsv7M4_T_le_v4SPD16_eabi.lib : memset_t2.asm.obj (.text)
                  00005130    0000007a     freertos_builds_MSP_EXP432P401R_release_ccs.lib : tasks.obj (.text:xTaskCreate)
                  000051aa    00000002                                                     : startup_msp432_ccs.obj (.text:defaultISR)
                  000051ac    00000078     drivers_msp432p401x.aem4f : TimerMSP432.oem4f (.text:TimerMSP432_allocateTimerResource)
                  00005224    00000078     freertos_builds_MSP_EXP432P401R_release_ccs.lib : timers.obj (.text:prvInsertTimerInActiveList)
                  0000529c    00000078                                                     : port.obj (.text:vPortSetupTimerInterrupt)
                  00005314    00000074                                                     : tasks.obj (.text:prvInitialiseTaskLists)
                  00005388    00000074                                                     : port.obj (.text:vPortValidateInterruptPriority)
                  000053fc    00000070     drivers_msp432p401x.aem4f : UARTMSP432.oem4f (.text:UARTMSP432_writeCancel)
                  0000546c    00000070     freertos_builds_MSP_EXP432P401R_release_ccs.lib : ClockP_freertos.obj (.text:setClockObjTimeout)
                  000054dc    0000006a     drivers_msp432p401x.aem4f : PWMTimerMSP432.oem4f (.text:perfChangeNotifyFxn)
                  00005546    00000002     freertos_builds_MSP_EXP432P401R_release_ccs.lib : startup_msp432_ccs.obj (.text:faultISR)
                  00005548    00000068     drivers_msp432p401x.aem4f : PowerMSP432.oem4f (.text:PowerMSP432_getFreqs)
                  000055b0    00000068     rtsv7M4_T_le_v4SPD16_eabi.lib : copy_decompress_lzss.c.obj (.text:decompress:lzss:__TI_decompress_lzss)
                  00005618    00000068     drivers_msp432p401x.aem4f : PWMTimerMSP432.oem4f (.text:initHw)
                  00005680    00000066     freertos_builds_MSP_EXP432P401R_release_ccs.lib : timers.obj (.text:prvInitialiseNewTimer)
                  000056e6    00000066                                                     : list.obj (.text:vListInsert)
                  0000574c    00000064                                                     : ClockP_freertos.obj (.text:ClockP_stop)
                  000057b0    00000064     main_freertos.obj (.text:main)
                  00005814    00000064     freertos_builds_MSP_EXP432P401R_release_ccs.lib : tasks.obj (.text:prvGetExpectedIdleTime)
                  00005878    00000062     msp432p4xx_driverlib.lib : cs.o (.text:_CSGetDividerValue)
                  000058da    00000002     freertos_builds_MSP_EXP432P401R_release_ccs.lib : startup_msp432_ccs.obj (.text:nmiISR)
                  000058dc    00000060     drivers_msp432p401x.aem4f : ADCMSP432.oem4f (.text:ADCMSP432_convertToMicroVolts)
                  0000593c    00000060     freertos_builds_MSP_EXP432P401R_release_ccs.lib : HwiPMSP432_freertos.obj (.text:HwiP_create)
                  0000599c    00000060                                                     : port.obj (.text:pxPortInitialiseStack)
                  000059fc    00000060                                                     : queue.obj (.text:xQueueGenericCreate)
                  00005a5c    0000005c     display.aem4f : Display.oem4f (.text:Display_doOpen)
                  00005ab8    0000005c     msp432p4xx_driverlib.lib : interrupt.o (.text:Interrupt_registerInterrupt)
                  00005b14    0000005c     freertos_builds_MSP_EXP432P401R_release_ccs.lib : tasks.obj (.text:prvIdleTask)
                  00005b70    0000005c                                                     : pthread.obj (.text:pthread_exit)
                  00005bcc    0000005c                                                     : queue.obj (.text:vQueueWaitForMessageRestricted)
                  00005c28    0000005c                                                     : tasks.obj (.text:vTaskDelay)
                  00005c84    0000005a     drivers_msp432p401x.aem4f : ADCMSP432.oem4f (.text:initHw)
                  00005cde    00000002     rtsv7M4_T_le_v4SPD16_eabi.lib : div0.asm.obj (.text)
                  00005ce0    00000058     drivers_msp432p401x.aem4f : UARTMSP432.oem4f (.text:readIsrBinaryBlocking)
                  00005d38    00000058     freertos_builds_MSP_EXP432P401R_release_ccs.lib : queue.obj (.text:xQueueCreateCountingSemaphore)
                  00005d90    00000056                                                     : SemaphoreP_freertos.obj (.text:SemaphoreP_create)
                  00005de6    00000002     main_freertos.obj (.text:vApplicationMallocFailedHook)
                  00005de8    00000054     freertos_builds_MSP_EXP432P401R_release_ccs.lib : ClockP_freertos.obj (.text:ClockP_delete)
                  00005e3c    00000054     msp432p4xx_driverlib.lib : interrupt.o (.text:Interrupt_setPriority)
                  00005e90    00000054     drivers_msp432p401x.aem4f : TimerMSP432.oem4f (.text:TimerMSP432_freeTimerResource)
                  00005ee4    00000054     freertos_builds_MSP_EXP432P401R_release_ccs.lib : timers.obj (.text:xTimerCreateTimerTask)
                  00005f38    0000004c                                                     : timers.obj (.text:prvCheckForValidListAndQueue)
                  00005f84    0000004c                                                     : tasks.obj (.text:prvCheckTasksWaitingTermination)
                  00005fd0    0000004c     drivers_msp432p401x.aem4f : UARTMSP432.oem4f (.text:readIsrBinaryCallback)
                  0000601c    0000004c     freertos_builds_MSP_EXP432P401R_release_ccs.lib : port.obj (.text:vPortEnterCritical)
                  00006068    0000004c                                                     : tasks.obj (.text:vTaskSetThreadLocalStoragePointer)
                  000060b4    0000004a     display.aem4f : DisplayUart.oem4f (.text:DisplayUartMin_open)
                  000060fe    00000002     --HOLE-- [fill = 0]
                  00006100    00000048     freertos_builds_MSP_EXP432P401R_release_ccs.lib : HwiPMSP432_freertos.obj (.text:HwiP_dispatch)
                  00006148    00000048     drivers_msp432p401x.aem4f : PowerMSP432.oem4f (.text:Power_releaseConstraint)
                  00006190    00000048     rtsv7M4_T_le_v4SPD16_eabi.lib : fd_toi_t2.asm.obj (.text)
                  000061d8    00000048     freertos_builds_MSP_EXP432P401R_release_ccs.lib : list.obj (.text:uxListRemove)
                  00006220    00000046     display.aem4f : DisplayUart.oem4f (.text:DisplayUartMin_vprintf)
                  00006266    00000046     drivers_msp432p401x.aem4f : RingBuf.oem4f (.text:RingBuf_put)
                  000062ac    00000044                               : ADC.oem4f (.text:ADC_init)
                  000062f0    00000044                               : PWM.oem4f (.text:PWM_init)
                  00006334    00000044                               : UART.oem4f (.text:UART_init)
                  00006378    00000044     rtsv7M4_T_le_v4SPD16_eabi.lib : autoinit.c.obj (.text:__TI_auto_init_nobinit_nopinit:__TI_auto_init_nobinit_nopinit)
                  000063bc    00000044     freertos_builds_MSP_EXP432P401R_release_ccs.lib : queue.obj (.text:prvInitialiseNewQueue)
                  00006400    00000044     rtsv7M4_T_le_v4SPD16_eabi.lib : fd_tou_t2.asm.obj (.text)
                  00006444    00000040     drivers_msp432p401x.aem4f : ADCMSP432.oem4f (.text:ADCMSP432_close)
                  00006484    00000040                               : ADC.oem4f (.text:ADC_open)
                  000064c4    00000040                               : PWM.oem4f (.text:PWM_open)
                  00006504    00000040                               : RingBuf.oem4f (.text:RingBuf_get)
                  00006544    00000040                               : UARTMSP432.oem4f (.text:UARTMSP432_read)
                  00006584    00000040                               : UART.oem4f (.text:UART_open)
                  000065c4    00000040     freertos_builds_MSP_EXP432P401R_release_ccs.lib : aeabi_portable.obj (.text:__aeabi_errno_addr)
                  00006604    00000040     drivers_msp432p401x.aem4f : PWMTimerMSP432.oem4f (.text:getDutyCounts)
                  00006644    00000040                               : PWMTimerMSP432.oem4f (.text:getPeriodCounts)
                  00006684    00000040                               : UARTMSP432.oem4f (.text:perfChangeNotifyFxn)
                  000066c4    00000040     rtsv7M4_T_le_v4SPD16_eabi.lib : u_divt2.asm.obj (.text)
                  00006704    00000040     freertos_builds_MSP_EXP432P401R_release_ccs.lib : tasks.obj (.text:vTaskPlaceOnEventListRestricted)
                  00006744    0000003e                                                     : ClockP_freertos.obj (.text:ClockP_callbackFxn)
                  00006782    0000003e                                                     : pthread.obj (.text:pthread_setcancelstate)
                  000067c0    0000003c                                                     : queue.obj (.text:prvCopyDataFromQueue)
                  000067fc    0000003c                                                     : tasks.obj (.text:prvResetNextTaskUnblockTime)
                  00006838    0000003c                                                     : tasks.obj (.text:pvTaskGetThreadLocalStoragePointer)
                  00006874    0000003c                                                     : sleep.obj (.text:usleep)
                  000068b0    0000003c                                                     : list.obj (.text:vListInsertEnd)
                  000068ec    0000003c                                                     : timers.obj (.text:xTimerCreate)
                  00006928    0000003a                                                     : PowerMSP432_freertos.obj (.text:PowerMSP432_sleepPolicy)
                  00006962    00000002     --HOLE-- [fill = 0]
                  00006964    00000038     drivers_msp432p401x.aem4f : PowerMSP432.oem4f (.text:Power_setConstraint)
                  0000699c    00000038                               : PowerMSP432.oem4f (.text:notify)
                  000069d4    00000038     freertos_builds_MSP_EXP432P401R_release_ccs.lib : timers.obj (.text:prvGetNextExpireTime)
                  00006a0c    00000038                                                     : port.obj (.text:prvTaskExitError)
                  00006a44    00000036     drivers_msp432p401x.aem4f : UARTMSP432.oem4f (.text:UARTMSP432_readCancel)
                  00006a7a    00000034     freertos_builds_MSP_EXP432P401R_release_ccs.lib : SemaphoreP_freertos.obj (.text:SemaphoreP_pend)
                  00006aae    00000002     --HOLE-- [fill = 0]
                  00006ab0    00000034     rtsv7M4_T_le_v4SPD16_eabi.lib : boot_cortex_m.c.obj (.text:_c_int00_noargs:_c_int00_noargs)
                  00006ae4    00000034     freertos_builds_MSP_EXP432P401R_release_ccs.lib : timers.obj (.text:prvSampleTimeNow)
                  00006b18    00000034                                                     : tasks.obj (.text:vTaskPlaceOnEventList)
                  00006b4c    00000030     drivers_msp432p401x.aem4f : ADCMSP432.oem4f (.text:ADCMSP432_init)
                  00006b7c    00000030     msp432p4xx_driverlib.lib : cs.o (.text:CS_clearInterruptFlag)
                  00006bac    00000030     drivers_msp432p401x.aem4f : PWMTimerMSP432.oem4f (.text:mapPin)
                  00006bdc    00000030                               : UARTMSP432.oem4f (.text:mapPin)
                  00006c0c    00000030     freertos_builds_MSP_EXP432P401R_release_ccs.lib : list.obj (.text:vListInitialise)
                  00006c3c    00000030                                                     : port.obj (.text:vPortExitCritical)
                  00006c6c    00000030                                                     : tasks.obj (.text:xTaskGetSchedulerState)
                  00006c9c    0000002e                                                     : SystemP_freertos.obj (.text:putChar)
                  00006cca    0000002e                                                     : timers.obj (.text:pvTimerGetTimerID)
                  00006cf8    0000002e     rtsv7M4_T_le_v4SPD16_eabi.lib : i_tofd_t2.asm.obj (.text)
                  00006d26    00000002     --HOLE-- [fill = 0]
                  00006d28    0000002c     freertos_builds_MSP_EXP432P401R_release_ccs.lib : HwiPMSP432_freertos.obj (.text:HwiP_disable)
                  00006d54    0000002c                                                     : SemaphoreP_freertos.obj (.text:SemaphoreP_createBinary)
                  00006d80    0000002c                                                     : tasks.obj (.text:vTaskSetApplicationTaskTag)
                  00006dac    0000002c                                                     : port.obj (.text:xPortSysTickHandler)
                  00006dd8    0000002a     display.aem4f : Display.oem4f (.text:Display_doPrintf)
                  00006e02    00000002     --HOLE-- [fill = 0]
                  00006e04    00000028     msp432p4xx_driverlib.lib : adc14.o (.text:ADC14_getResult)
                  00006e2c    00000028                              : cs.o (.text:CS_getMCLK)
                  00006e54    00000028     display.aem4f : Display.oem4f (.text:Display_doInit)
                  00006e7c    00000028     freertos_builds_MSP_EXP432P401R_release_ccs.lib : HwiPMSP432_freertos.obj (.text:HwiP_inISR)
                  00006ea4    00000028     drivers_msp432p401x.aem4f : PowerMSP432.oem4f (.text:Power_registerNotify)
                  00006ecc    00000028                               : PowerMSP432.oem4f (.text:disableFaultCounter)
                  00006ef4    00000028                               : PowerMSP432.oem4f (.text:disableHFXT)
                  00006f1c    00000028                               : UARTMSP432.oem4f (.text:findBaudDividerIndex)
                  00006f44    00000028     freertos_builds_MSP_EXP432P401R_release_ccs.lib : pthread.obj (.text:pthread_attr_setschedparam)
                  00006f6c    00000028                                                     : tasks.obj (.text:xTaskGetApplicationTaskTag)
                  00006f94    00000026     drivers_msp432p401x.aem4f : List.oem4f (.text:List_put)
                  00006fba    00000026                               : List.oem4f (.text:List_remove)
                  00006fe0    00000026     freertos_builds_MSP_EXP432P401R_release_ccs.lib : pthread.obj (.text:_pthread_cleanup_pop)
                  00007006    00000026                                                     : queue.obj (.text:prvIsQueueFull)
                  0000702c    00000026     drivers_msp432p401x.aem4f : PWMTimerMSP432.oem4f (.text:releaseConstraints)
                  00007052    00000024     freertos_builds_MSP_EXP432P401R_release_ccs.lib : queue.obj (.text:prvGetDisinheritPriorityAfterTimeout)
                  00007076    00000024                                                     : queue.obj (.text:vQueueDelete)
                  0000709a    00000002     --HOLE-- [fill = 0]
                  0000709c    00000024                                                     : tasks.obj (.text:vTaskInternalSetTimeOutState)
                  000070c0    00000022                                                     : SemaphoreP_freertos.obj (.text:SemaphoreP_post)
                  000070e2    00000022                                                     : SystemP_freertos.obj (.text:SystemP_vsnprintf)
                  00007104    00000022                                                     : pthread.obj (.text:pthread_attr_setdetachstate)
                  00007126    00000002     --HOLE-- [fill = 0]
                  00007128    00000020     msp432p4xx_driverlib.lib : cs.o (.text:CS_setExternalClockSourceFrequency)
                  00007148    00000020     freertos_builds_MSP_EXP432P401R_release_ccs.lib : HwiPMSP432_freertos.obj (.text:HwiP_restore)
                  00007168    00000020     drivers_msp432p401x.aem4f : PowerMSP432.oem4f (.text:Power_unregisterNotify)
                  00007188    00000020                               : RingBuf.oem4f (.text:RingBuf_peek)
                  000071a8    00000020     freertos_builds_MSP_EXP432P401R_release_ccs.lib : queue.obj (.text:prvIsQueueEmpty)
                  000071c8    0000001e                                                     : ClockP_freertos.obj (.text:ClockP_start)
                  000071e6    0000001e                                                     : HwiPMSP432_freertos.obj (.text:HwiP_Params_init)
                  00007204    0000001e                                                     : pthread.obj (.text:_pthread_runStub)
                  00007222    0000001e     drivers_msp432p401x.aem4f : PWMTimerMSP432.oem4f (.text:corroboratePeriod)
                  00007240    0000001c     freertos_builds_MSP_EXP432P401R_release_ccs.lib : ClockP_freertos.obj (.text:ClockP_Params_init)
                  0000725c    0000001c     msp432p4xx_driverlib.lib : interrupt.o (.text:Interrupt_unregisterInterrupt)
                  00007278    0000001c     freertos_builds_MSP_EXP432P401R_release_ccs.lib : pthread.obj (.text:pthread_attr_init)
                  00007294    0000001c                                                     : tasks.obj (.text:pvTaskIncrementMutexHeldCount)
                  000072b0    0000001a                                                     : PTLS.obj (.text:PTLS_taskDeleteHook)
                  000072ca    0000001a                                                     : timers.obj (.text:prvTimerTask)
                  000072e4    00000018     msp432p4xx_driverlib.lib : sysctl_a.o (.text:SysCtl_A_disableNMISource)
                  000072fc    00000018                              : sysctl_a.o (.text:SysCtl_A_enableNMISource)
                  00007314    00000018     drivers_msp432p401x.aem4f : UART.oem4f (.text:UART_Params_init)
                  0000732c    00000018                               : PWMTimerMSP432.oem4f (.text:corroborateDuty)
                  00007344    00000016     freertos_builds_MSP_EXP432P401R_release_ccs.lib : ClockP_freertos.obj (.text:ClockP_setTimeout)
                  0000735a    00000016     display.aem4f : DisplayUart.oem4f (.text:DisplayUartMin_close)
                  00007370    00000016     freertos_builds_MSP_EXP432P401R_release_ccs.lib : PTLS.obj (.text:PTLS_getBuf)
                  00007386    00000016                                                     : PTLS.obj (.text:PTLS_setBuf)
                  0000739c    00000016                                                     : SemaphoreP_freertos.obj (.text:SemaphoreP_Params_init)
                  000073b2    00000002     --HOLE-- [fill = 0]
                  000073b4    00000014     drivers_msp432p401x.aem4f : PWM.oem4f (.text:PWM_Params_init)
                  000073c8    00000014                               : PowerMSP432.oem4f (.text:Power_idleFunc)
                  000073dc    00000014                               : UARTMSP432.oem4f (.text:clearTXCPTIFG)
                  000073f0    00000014     freertos_builds_MSP_EXP432P401R_release_ccs.lib : tasks.obj (.text:prvDeleteTCB)
                  00007404    00000014                                                     : pthread.obj (.text:pthread_attr_setstacksize)
                  00007418    00000014                                                     : pthread.obj (.text:pthread_self)
                  0000742c    00000014                                                     : startup_msp432_ccs.obj (.text:resetISR)
                  00007440    00000014     rtsv7M4_T_le_v4SPD16_eabi.lib : strlen.c.obj (.text:strlen)
                  00007454    00000014     freertos_builds_MSP_EXP432P401R_release_ccs.lib : tasks.obj (.text:xTaskGetCurrentTaskHandle)
                  00007468    00000014                                                     : tasks.obj (.text:xTaskGetTickCount)
                  0000747c    00000012                                                     : HwiPMSP432_freertos.obj (.text:HwiP_delete)
                  0000748e    00000012     drivers_msp432p401x.aem4f : RingBuf.oem4f (.text:RingBuf_construct)
                  000074a0    00000010     msp432p4xx_driverlib.lib : adc14.o (.text:ADCIsConversionRunning)
                  000074b0    00000010     drivers_msp432p401x.aem4f : PowerMSP432.oem4f (.text:PowerMSP432_getNumPerfLevels)
                  000074c0    00000010     msp432p4xx_driverlib.lib : sysctl_a.o (.text:SysCtl_A_getNMISourceStatus)
                  000074d0    00000010                              : sysctl.o (.text:SysCtl_getNMISourceStatus)
                  000074e0    00000010     drivers_msp432p401x.aem4f : UARTMSP432.oem4f (.text:readBlockingTimeout)
                  000074f0    00000010     freertos_builds_MSP_EXP432P401R_release_ccs.lib : list.obj (.text:vListInitialiseItem)
                  00007500    00000010                                                     : tasks.obj (.text:vTaskSuspendAll)
                  00007510    0000000e     rtsv7M4_T_le_v4SPD16_eabi.lib : copy_decompress_none.c.obj (.text:decompress:none:__TI_decompress_none)
                  0000751e    0000000c     ti_drivers_config.obj (.text:Board_init)
                  0000752a    0000000c     msp432p4xx_driverlib.lib : cpu.o (.text:CPU_cpsid)
                  00007536    0000000c                              : cpu.o (.text:CPU_cpsie)
                  00007542    00000002     --HOLE-- [fill = 0]
                  00007544    0000000c     drivers_msp432p401x.aem4f : PowerMSP432.oem4f (.text:Power_getConstraintMask)
                  00007550    0000000c                               : PowerMSP432.oem4f (.text:Power_getPerformanceLevel)
                  0000755c    0000000c     freertos_builds_MSP_EXP432P401R_release_ccs.lib : SemaphoreP_freertos.obj (.text:SemaphoreP_delete)
                  00007568    0000000c     rtsv7M4_T_le_v4SPD16_eabi.lib : copy_zero_init.c.obj (.text:decompress:ZI:__TI_zero_init)
                  00007574    0000000c     freertos_builds_MSP_EXP432P401R_release_ccs.lib : tasks.obj (.text:vTaskMissedYield)
                  00007580    0000000a     drivers_msp432p401x.aem4f : ADC.oem4f (.text:ADC_Params_init)
                  0000758a    0000000a                               : PWM.oem4f (.text:PWM_setDuty)
                  00007594    0000000a                               : PWM.oem4f (.text:PWM_start)
                  0000759e    0000000a     freertos_builds_MSP_EXP432P401R_release_ccs.lib : PowerMSP432_freertos.obj (.text:PowerMSP432_updateFreqs)
                  000075a8    0000000a     drivers_msp432p401x.aem4f : UART.oem4f (.text:UART_close)
                  000075b2    0000000a                               : UART.oem4f (.text:UART_control)
                  000075bc    0000000a                               : UART.oem4f (.text:UART_write)
                  000075c6    0000000a     main_freertos.obj (.text:vApplicationStackOverflowHook)
                  000075d0    0000000a     freertos_builds_MSP_EXP432P401R_release_ccs.lib : PowerMSP432_freertos.obj (.text:vPortSuppressTicksAndSleep)
                  000075da    00000008     drivers_msp432p401x.aem4f : UARTMSP432.oem4f (.text:readSemCallback)
                  000075e2    00000008                               : UARTMSP432.oem4f (.text:txcptEnabledStatus)
                  000075ea    00000008                               : UARTMSP432.oem4f (.text:writeSemCallback)
                  000075f2    00000006                               : ADCMSP432.oem4f (.text:ADCMSP432_control)
                  000075f8    00000006     display.aem4f : DisplayUart.oem4f (.text:DisplayUartMin_control)
                  000075fe    00000006                   : DisplayUart.oem4f (.text:DisplayUartMin_getType)
                  00007604    00000006                   : Display.oem4f (.text:Display_doParamsInit)
                  0000760a    00000006     drivers_msp432p401x.aem4f : PWMTimerMSP432.oem4f (.text:PWMTimerMSP432_control)
                  00007610    00000006                               : PWMTimerMSP432.oem4f (.text:PWMTimerMSP432_setDutyAndPeriod)
                  00007616    00000004     rtsv7M4_T_le_v4SPD16_eabi.lib : pre_init.c.obj (.text:_system_pre_init)
                  0000761a    00000004                                   : exit.c.obj (.text:abort:abort)

.const     0    00007620    0000030a     
                  00007620    00000080     msp432p4xx_driverlib.lib : adc14.o (.const:_ctlRegs)
                  000076a0    00000050                              : interrupt.o (.const:g_pulRegs)
                  000076f0    00000040     ti_drivers_config.obj (.const:uartMSP432Baudrates)
                  00007730    00000038     ti_drivers_config.obj (.const:PowerMSP432_config)
                  00007768    0000002c     ti_drivers_config.obj (.const:uartMSP432HWAttrs)
                  00007794    00000028     drivers_msp432p401x.aem4f : UARTMSP432.oem4f (.const:UARTMSP432_fxnTable)
                  000077bc    00000024                               : PWMTimerMSP432.oem4f (.const:PWMTimerMSP432_fxnTable)
                  000077e0    00000024                               : UART.oem4f (.const:UART_defaultParams)
                  00007804    00000020     display.aem4f : DisplayUart.oem4f (.const:DisplayUartMin_fxnTable)
                  00007824    00000020     drivers_msp432p401x.aem4f : UARTMSP432.oem4f (.const:staticFxnTable)
                  00007844    00000018                               : ADCMSP432.oem4f (.const:ADCMSP432_fxnTable)
                  0000785c    00000018     ti_drivers_config.obj (.const:PWM_config)
                  00007874    00000018     drivers_msp432p401x.aem4f : PWM.oem4f (.const:PWM_defaultParams)
                  0000788c    00000014     ti_drivers_config.obj (.const:displayUartHWAttrs)
                  000078a0    00000010     ti_drivers_config.obj (.const:adcMSP432HWAttrs)
                  000078b0    00000010     drivers_msp432p401x.aem4f : PWMTimerMSP432.oem4f (.const:pwmTimerBaseAddr)
                  000078c0    00000010     ti_drivers_config.obj (.const:pwmTimerMSP432HWAttrs)
                  000078d0    0000000c     ti_drivers_config.obj (.const:ADC_config)
                  000078dc    0000000c     ti_drivers_config.obj (.const:Display_config)
                  000078e8    0000000c     ti_drivers_config.obj (.const:UART_config)
                  000078f4    00000008     drivers_msp432p401x.aem4f : ADC.oem4f (.const:ADC_defaultParams)
                  000078fc    00000008     freertos_builds_MSP_EXP432P401R_release_ccs.lib : port.obj (.const)
                  00007904    00000008     msp432p4xx_driverlib.lib : interrupt.o (.const:g_pulDisRegs)
                  0000790c    00000008                              : interrupt.o (.const:g_pulEnRegs)
                  00007914    00000005     drivers_msp432p401x.aem4f : UARTMSP432.oem4f (.const:.string:parityTypes)
                  00007919    00000001     display.aem4f : Display.oem4f (.const:Display_defaultParams)
                  0000791a    00000002     --HOLE-- [fill = 0]
                  0000791c    00000004     freertos_builds_MSP_EXP432P401R_release_ccs.lib : pthread.obj (.const)
                  00007920    00000004     drivers_msp432p401x.aem4f : UARTMSP432.oem4f (.const:stopBits)
                  00007924    00000004     ti_drivers_config.obj (.const)
                  00007928    00000002     freertos_builds_MSP_EXP432P401R_release_ccs.lib : pthread.obj (.const:.string)

.cinit     0    00007930    000000c0     
                  00007930    00000087     (.cinit..data.load) [load image, compression = lzss]
                  000079b7    00000001     --HOLE-- [fill = 0]
                  000079b8    0000000c     (__TI_handler_table)
                  000079c4    00000004     --HOLE-- [fill = 0]
                  000079c8    00000008     (.cinit..bss.load) [load image, compression = zero_init]
                  000079d0    00000008     (.cinit..vtable.load) [load image, compression = zero_init]
                  000079d8    00000018     (__TI_cinit_table)

.init_array 
*          0    00000000    00000000     UNINITIALIZED

.intvecs   0    00000000    00000144     
                  00000000    00000144     freertos_builds_MSP_EXP432P401R_release_ccs.lib : startup_msp432_ccs.obj (.intvecs:retain)

.bss       0    20000000    00008644     UNINITIALIZED
                  20000000    00008000     freertos_builds_MSP_EXP432P401R_release_ccs.lib : heap_4.obj (.bss:ucHeap)
                  20008000    00000400     ti_drivers_config.obj (.bss:displayUARTBuffer)
                  20008400    000000c8     freertos_builds_MSP_EXP432P401R_release_ccs.lib : tasks.obj (.bss:pxReadyTasksLists)
                  200084c8    00000080     (.common:uartMSP432Objects)
                  20008548    00000020     ti_drivers_config.obj (.bss:uartMSP432RingBuffer0)
                  20008568    00000018     (.common:pwmTimerMSP432Objects)
                  20008580    00000014     freertos_builds_MSP_EXP432P401R_release_ccs.lib : timers.obj (.bss:xActiveTimerList1)
                  20008594    00000014                                                     : timers.obj (.bss:xActiveTimerList2)
                  200085a8    00000014                                                     : tasks.obj (.bss:xDelayedTaskList1)
                  200085bc    00000014                                                     : tasks.obj (.bss:xDelayedTaskList2)
                  200085d0    00000014                                                     : tasks.obj (.bss:xPendingReadyList)
                  200085e4    00000014                                                     : tasks.obj (.bss:xSuspendedTaskList)
                  200085f8    00000014                                                     : tasks.obj (.bss:xTasksWaitingTermination)
                  2000860c    0000000c     (.common:displayUartObject)
                  20008618    00000008                                                     : tasks.obj (.bss)
                  20008620    00000008                                                     : timers.obj (.bss)
                  20008628    00000008     msp432p4xx_driverlib.lib : cs.o (.bss)
                  20008630    00000008     freertos_builds_MSP_EXP432P401R_release_ccs.lib : heap_4.obj (.bss:xStart)
                  20008638    00000004                                                     : aeabi_portable.obj (.bss:main_reent)
                  2000863c    00000004     drivers_msp432p401x.aem4f : TimerMSP432.oem4f (.bss:timerState)
                  20008640    00000004     (.common:adcMSP432Objects)

.data      0    20008644    00000b13     UNINITIALIZED
                  20008644    00000800     freertos_builds_MSP_EXP432P401R_release_ccs.lib : HwiPMSP432_freertos.obj (.data:HwiP_dispatchTable)
                  20008e44    00000140     drivers_msp432p401x.aem4f : PowerMSP432.oem4f (.data:PowerMSP432_perfLevels)
                  20008f84    00000110                               : PWMTimerMSP432.oem4f (.data:pwmTimerStatus)
                  20009094    00000034     freertos_builds_MSP_EXP432P401R_release_ccs.lib : tasks.obj (.data)
                  200090c8    0000002c     drivers_msp432p401x.aem4f : PowerMSP432.oem4f (.data:PowerMSP432_module)
                  200090f4    00000018     freertos_builds_MSP_EXP432P401R_release_ccs.lib : heap_4.obj (.data)
                  2000910c    00000018                                                     : port.obj (.data)
                  20009124    00000014                                                     : pthread.obj (.data:defaultPthreadAttrs)
                  20009138    0000000c                                                     : timers.obj (.data)
                  20009144    00000008     drivers_msp432p401x.aem4f : ADCMSP432.oem4f (.data)
                  2000914c    00000004     freertos_builds_MSP_EXP432P401R_release_ccs.lib : ClockP_freertos.obj (.data)
                  20009150    00000004                                                     : HwiPMSP432_freertos.obj (.data)
                  20009154    00000001     drivers_msp432p401x.aem4f : ADC.oem4f (.data)
                  20009155    00000001                               : PWM.oem4f (.data)
                  20009156    00000001                               : UART.oem4f (.data)

.vtable    0    20009400    000000e8     UNINITIALIZED
                  20009400    000000e8     msp432p4xx_driverlib.lib : interrupt.o (.vtable)

.stack     0    2000fc00    00000400     UNINITIALIZED
                  2000fc00    00000004     rtsv7M4_T_le_v4SPD16_eabi.lib : boot_cortex_m.c.obj (.stack)
                  2000fc04    000003fc     --HOLE--

__llvm_prf_cnts 
*          0    20000000    00000000     UNINITIALIZED

.binit     0    00000000    00000000     

MODULE SUMMARY

       Module                       code    ro data   rw data
       ------                       ----    -------   -------
    .\
       solarTracker.obj             300     0         0      
       main_freertos.obj            112     0         0      
    +--+----------------------------+-------+---------+---------+
       Total:                       412     0         0      
                                                             
    .\syscfg\
       ti_drivers_config.obj        14      280       2448   
    +--+----------------------------+-------+---------+---------+
       Total:                       14      280       2448   
                                                             
    C:/Users/19152/Desktop/MSP432 FreeRTOS/freertos_builds_MSP_EXP432P401R_release_ccs/Debug/freertos_builds_MSP_EXP432P401R_release_ccs.lib
       heap_4.obj                   912     0         65600  
       tasks.obj                    4382    0         720    
       HwiPMSP432_freertos.obj      332     0         4104   
       queue.obj                    3098    0         0      
       timers.obj                   1562    0         120    
       SystemP_freertos.obj         1450    0         0      
       pthread.obj                  798     6         40     
       port.obj                     764     8         48     
       ClockP_freertos.obj          598     0         8      
       startup_msp432_ccs.obj       26      324       0      
       list.obj                     298     0         0      
       SemaphoreP_freertos.obj      250     0         0      
       portasm.obj                  218     0         0      
       PowerMSP432_freertos.obj     80      0         0      
       aeabi_portable.obj           64      0         8      
       PTLS.obj                     70      0         0      
       sleep.obj                    60      0         0      
    +--+----------------------------+-------+---------+---------+
       Total:                       14962   338       70648  
                                                             
    C:/ti/simplelink_msp432p4_sdk_3_40_01_02/source/ti/devices/msp432p4xx/driverlib/ccs/msp432p4xx_driverlib.lib
       cs.o                         1522    0         16     
       interrupt.o                  462     96        464    
       adc14.o                      588     128       0      
       uart.o                       284     0         0      
       sysctl_a.o                   212     0         0      
       cpu.o                        24      0         0      
       sysctl.o                     16      0         0      
    +--+----------------------------+-------+---------+---------+
       Total:                       3108    224       480    
                                                             
    C:/ti/simplelink_msp432p4_sdk_3_40_01_02/source/ti/display/lib/display.aem4f
       DisplayUart.oem4f            184     32        0      
       Display.oem4f                180     1         0      
    +--+----------------------------+-------+---------+---------+
       Total:                       364     33        0      
                                                             
    C:/ti/simplelink_msp432p4_sdk_3_40_01_02/source/ti/drivers/lib/drivers_msp432p401x.aem4f
       UARTMSP432.oem4f             3406    81        0      
       PowerMSP432.oem4f            2196    0         728    
       PWMTimerMSP432.oem4f         1992    52        544    
       ADCMSP432.oem4f              696     24        16     
       UART.oem4f                   186     36        2      
       TimerMSP432.oem4f            204     0         8      
       PWM.oem4f                    172     24        2      
       RingBuf.oem4f                184     0         0      
       ADC.oem4f                    142     8         2      
       List.oem4f                   76      0         0      
    +--+----------------------------+-------+---------+---------+
       Total:                       9254    225       1302   
                                                             
    C:\ti\ccs1000\ccs\tools\compiler\ti-cgt-arm_20.2.0.LTS\lib\rtsv7M4_T_le_v4SPD16_eabi.lib
       fd_add_t2.asm.obj            438     0         0      
       fd_mul_t2.asm.obj            252     0         0      
       memcpy_t2.asm.obj            156     0         0      
       ull_div_t2.asm.obj           150     0         0      
       fd_cmp_t2.asm.obj            134     0         0      
       memset_t2.asm.obj            122     0         0      
       copy_decompress_lzss.c.obj   104     0         0      
       fd_toi_t2.asm.obj            72      0         0      
       autoinit.c.obj               68      0         0      
       fd_tou_t2.asm.obj            68      0         0      
       u_divt2.asm.obj              64      0         0      
       boot_cortex_m.c.obj          52      0         0      
       i_tofd_t2.asm.obj            46      0         0      
       strlen.c.obj                 20      0         0      
       copy_decompress_none.c.obj   14      0         0      
       copy_zero_init.c.obj         12      0         0      
       exit.c.obj                   4       0         0      
       pre_init.c.obj               4       0         0      
       div0.asm.obj                 2       0         0      
    +--+----------------------------+-------+---------+---------+
       Total:                       1782    0         0      
                                                             
       Stack:                       0       0         2048   
       Linker Generated:            0       187       0      
    +--+----------------------------+-------+---------+---------+
       Grand Total:                 29896   1287      76926  


LINKER GENERATED COPY TABLES

__TI_cinit_table @ 000079d8 records: 3, size/record: 8, table size: 24
	.data: load addr=00007930, load size=00000087 bytes, run addr=20008644, run size=00000b13 bytes, compression=lzss
	.bss: load addr=000079c8, load size=00000008 bytes, run addr=20000000, run size=00008644 bytes, compression=zero_init
	.vtable: load addr=000079d0, load size=00000008 bytes, run addr=20009400, run size=000000e8 bytes, compression=zero_init


LINKER GENERATED HANDLER TABLE

__TI_handler_table @ 000079b8 records: 3, size/record: 4, table size: 12
	index: 0, handler: __TI_decompress_lzss
	index: 1, handler: __TI_decompress_none
	index: 2, handler: __TI_zero_init


GLOBAL SYMBOLS: SORTED ALPHABETICALLY BY Name 

address   name                               
-------   ----                               
00003b81  ADC14_configureConversionMemory    
00006e05  ADC14_getResult                    
00006445  ADCMSP432_close                    
000075f3  ADCMSP432_control                  
00002771  ADCMSP432_convert                  
000058dd  ADCMSP432_convertToMicroVolts      
00007844  ADCMSP432_fxnTable                 
00006b4d  ADCMSP432_init                     
00004989  ADCMSP432_open                     
00007581  ADC_Params_init                    
000078d0  ADC_config                         
00007925  ADC_count                          
000078f4  ADC_defaultParams                  
000062ad  ADC_init                           
00006485  ADC_open                           
0000751f  Board_init                         
0000157f  Board_initHook                     
0000761b  C$$EXIT                            
0000752b  CPU_cpsid                          
00007537  CPU_cpsie                          
00006b7d  CS_clearInterruptFlag              
00002a65  CS_getDCOFrequency                 
00006e2d  CS_getMCLK                         
00007129  CS_setExternalClockSourceFrequency 
00002c4d  CS_startHFXTWithTimeout            
00002d31  CS_startLFXTWithTimeout            
00007241  ClockP_Params_init                 
00006745  ClockP_callbackFxn                 
00004399  ClockP_create                      
00005de9  ClockP_delete                      
00007345  ClockP_setTimeout                  
000071c9  ClockP_start                       
0000574d  ClockP_stop                        
00002467  DisplayUartMin_clear               
00003337  DisplayUartMin_clearLines          
0000735b  DisplayUartMin_close               
000075f9  DisplayUartMin_control             
00007804  DisplayUartMin_fxnTable            
000075ff  DisplayUartMin_getType             
000035a7  DisplayUartMin_init                
000060b5  DisplayUartMin_open                
00006221  DisplayUartMin_vprintf             
000078dc  Display_config                     
00007924  Display_count                      
00007919  Display_defaultParams              
00006e55  Display_doInit                     
00005a5d  Display_doOpen                     
00007605  Display_doParamsInit               
00006dd9  Display_doPrintf                   
000071e7  HwiP_Params_init                   
0000593d  HwiP_create                        
0000747d  HwiP_delete                        
00006d29  HwiP_disable                       
00006101  HwiP_dispatch                      
20008644  HwiP_dispatchTable                 
00006e7d  HwiP_inISR                         
00007149  HwiP_restore                       
00004dc5  Interrupt_disableInterrupt         
00004e45  Interrupt_enableInterrupt          
00005ab9  Interrupt_registerInterrupt        
00005e3d  Interrupt_setPriority              
0000725d  Interrupt_unregisterInterrupt      
00006f95  List_put                           
00006fbb  List_remove                        
00007371  PTLS_getBuf                        
00007387  PTLS_setBuf                        
000072b1  PTLS_taskDeleteHook                
00004aa1  PWMTimerMSP432_close               
0000760b  PWMTimerMSP432_control             
000077bc  PWMTimerMSP432_fxnTable            
00004053  PWMTimerMSP432_init                
00000e39  PWMTimerMSP432_open                
000046a9  PWMTimerMSP432_setDuty             
00007611  PWMTimerMSP432_setDutyAndPeriod    
00002249  PWMTimerMSP432_setPeriod           
00004c39  PWMTimerMSP432_start               
000042f5  PWMTimerMSP432_stop                
000073b5  PWM_Params_init                    
0000785c  PWM_config                         
00007926  PWM_count                          
00007874  PWM_defaultParams                  
000062f1  PWM_init                           
000064c5  PWM_open                           
0000758b  PWM_setDuty                        
00007595  PWM_start                          
00007730  PowerMSP432_config                 
00005549  PowerMSP432_getFreqs               
000074b1  PowerMSP432_getNumPerfLevels       
000046a7  PowerMSP432_initPolicy             
200090c8  PowerMSP432_module                 
20008e44  PowerMSP432_perfLevels             
00006929  PowerMSP432_sleepPolicy            
0000759f  PowerMSP432_updateFreqs            
00007545  Power_getConstraintMask            
00007551  Power_getPerformanceLevel          
000073c9  Power_idleFunc                     
000044d9  Power_init                         
00006ea5  Power_registerNotify               
00006149  Power_releaseConstraint            
00006965  Power_setConstraint                
000005e9  Power_sleep                        
00007169  Power_unregisterNotify             
0000748f  RingBuf_construct                  
00006505  RingBuf_get                        
00007189  RingBuf_peek                       
00006267  RingBuf_put                        
0000739d  SemaphoreP_Params_init             
00005d91  SemaphoreP_create                  
00006d55  SemaphoreP_createBinary            
0000755d  SemaphoreP_delete                  
00006a7b  SemaphoreP_pend                    
000070c1  SemaphoreP_post                    
000072e5  SysCtl_A_disableNMISource          
000072fd  SysCtl_A_enableNMISource           
000074c1  SysCtl_A_getNMISourceStatus        
0000473d  SysCtl_A_getTLVInfo                
000074d1  SysCtl_getNMISourceStatus          
000070e3  SystemP_vsnprintf                  
000051ad  TimerMSP432_allocateTimerResource  
00005e91  TimerMSP432_freeTimerResource      
00004865  UARTMSP432_close                   
00003c35  UARTMSP432_control                 
00007794  UARTMSP432_fxnTable                
000034dd  UARTMSP432_hwiIntFxn               
00004c37  UARTMSP432_init                    
000008e1  UARTMSP432_open                    
00006545  UARTMSP432_read                    
00006a45  UARTMSP432_readCancel              
00002ef1  UARTMSP432_readPolling             
00003fab  UARTMSP432_write                   
000053fd  UARTMSP432_writeCancel             
00003ce9  UARTMSP432_writePolling            
00007315  UART_Params_init                   
000075a9  UART_close                         
000078e8  UART_config                        
000075b3  UART_control                       
00007927  UART_count                         
000077e0  UART_defaultParams                 
00006335  UART_init                          
00002011  UART_initModule                    
00006585  UART_open                          
000075bd  UART_write                         
4000480c  WDTCTL_SYM                         
20010000  __STACK_END                        
00000400  __STACK_SIZE                       
000079d8  __TI_CINIT_Base                    
000079f0  __TI_CINIT_Limit                   
000079b8  __TI_Handler_Table_Base            
000079c4  __TI_Handler_Table_Limit           
00006379  __TI_auto_init_nobinit_nopinit     
000055b1  __TI_decompress_lzss               
00007511  __TI_decompress_none               
ffffffff  __TI_pprof_out_hndl                
ffffffff  __TI_prof_data_size                
ffffffff  __TI_prof_data_start               
00007930  __TI_static_base__                 
00007569  __TI_zero_init                     
00004bb1  __aeabi_cdcmpeq                    
00004bb1  __aeabi_cdcmple                    
00006191  __aeabi_d2iz                       
00006401  __aeabi_d2uiz                      
000013d3  __aeabi_dadd                       
0000286d  __aeabi_dmul                       
000013c9  __aeabi_dsub                       
000065c5  __aeabi_errno_addr                 
00006cf9  __aeabi_i2d                        
00005cdf  __aeabi_idiv0                      
00005cdf  __aeabi_ldiv0                      
000050b7  __aeabi_memclr                     
000050b7  __aeabi_memclr4                    
000050b7  __aeabi_memclr8                    
00004575  __aeabi_memcpy                     
00004575  __aeabi_memcpy4                    
00004575  __aeabi_memcpy8                    
000050b9  __aeabi_memset                     
000050b9  __aeabi_memset4                    
000050b9  __aeabi_memset8                    
000066c5  __aeabi_uidiv                      
000066c5  __aeabi_uidivmod                   
00004611  __aeabi_uldivmod                   
ffffffff  __binit__                          
ffffffff  __c_args__                         
UNDEFED   __mpu_init                         
2000fc00  __stack                            
20000000  __start___llvm_prf_cnts            
20000000  __stop___llvm_prf_cnts             
00006ab1  _c_int00_noargs                    
00006fe1  _pthread_cleanup_pop               
UNDEFED   _system_post_cinit                 
00007617  _system_pre_init                   
0000761b  abort                              
000078a0  adcMSP432HWAttrs                   
20008640  adcMSP432Objects                   
ffffffff  binit                              
0000788c  displayUartHWAttrs                 
2000860c  displayUartObject                  
20009400  g_pfnRAMVectors                    
00000000  interruptVectors                   
000057b1  main                               
00001dbd  mainThread                         
00004575  memcpy                             
000050bf  memset                             
00007279  pthread_attr_init                  
00007105  pthread_attr_setdetachstate        
00006f45  pthread_attr_setschedparam         
00007405  pthread_attr_setstacksize          
00001c85  pthread_create                     
00005b71  pthread_exit                       
00007419  pthread_self                       
00006783  pthread_setcancelstate             
00001581  pvPortMalloc                       
00006839  pvTaskGetThreadLocalStoragePointer 
00007295  pvTaskIncrementMutexHeldCount      
00006ccb  pvTimerGetTimerID                  
000078c0  pwmTimerMSP432HWAttrs              
20008568  pwmTimerMSP432Objects              
20009094  pxCurrentTCB                       
0000599d  pxPortInitialiseStack              
0000742d  resetISR                           
00007441  strlen                             
200084c8  uartMSP432Objects                  
000078fc  ulMaxSyscallInterruptPriority      
00003195  ulPortGetIPSR                      
00006875  usleep                             
000061d9  uxListRemove                       
00005de7  vApplicationMallocFailedHook       
000075c7  vApplicationStackOverflowHook      
00006c0d  vListInitialise                    
000074f1  vListInitialiseItem                
000056e7  vListInsert                        
000068b1  vListInsertEnd                     
00003251  vPortEnableVFP                     
0000601d  vPortEnterCritical                 
00006c3d  vPortExitCritical                  
000041a5  vPortFree                          
0000320d  vPortSVCHandler                    
0000529d  vPortSetupTimerInterrupt           
0000322d  vPortStartFirstTask                
000075d1  vPortSuppressTicksAndSleep         
00005389  vPortValidateInterruptPriority     
00007077  vQueueDelete                       
00005bcd  vQueueWaitForMessageRestricted     
00005c29  vTaskDelay                         
00002671  vTaskDelete                        
0000709d  vTaskInternalSetTimeOutState       
00007575  vTaskMissedYield                   
00006b19  vTaskPlaceOnEventList              
00006705  vTaskPlaceOnEventListRestricted    
0000256d  vTaskPriorityDisinheritAfterTimeout
00006d81  vTaskSetApplicationTaskTag         
00006069  vTaskSetThreadLocalStoragePointer  
000047d1  vTaskStartScheduler                
00002969  vTaskSuspend                       
00007501  vTaskSuspendAll                    
000030a9  vTaskSwitchContext                 
000031ad  xPortPendSVHandler                 
0000340d  xPortStartScheduler                
00006dad  xPortSysTickHandler                
00005d39  xQueueCreateCountingSemaphore      
000059fd  xQueueGenericCreate                
00003a11  xQueueGenericReset                 
00001211  xQueueGenericSend                  
0000235d  xQueueGenericSendFromISR           
00002b5d  xQueueGiveFromISR                  
00001705  xQueueReceive                      
0000325f  xQueueReceiveFromISR               
00001041  xQueueSemaphoreTake                
00003e4d  xTaskCheckForTimeOut               
00005131  xTaskCreate                        
00006f6d  xTaskGetApplicationTaskTag         
00007455  xTaskGetCurrentTaskHandle          
00006c6d  xTaskGetSchedulerState             
00007469  xTaskGetTickCount                  
00001b45  xTaskIncrementTick                 
00002e11  xTaskPriorityDisinherit            
00003339  xTaskPriorityInherit               
0000424d  xTaskRemoveFromEventList           
0000212d  xTaskResumeAll                     
000068ed  xTimerCreate                       
00005ee5  xTimerCreateTimerTask              
00004d41  xTimerGenericCommand               


GLOBAL SYMBOLS: SORTED BY Symbol Address 

address   name                               
-------   ----                               
00000000  interruptVectors                   
00000400  __STACK_SIZE                       
000005e9  Power_sleep                        
000008e1  UARTMSP432_open                    
00000e39  PWMTimerMSP432_open                
00001041  xQueueSemaphoreTake                
00001211  xQueueGenericSend                  
000013c9  __aeabi_dsub                       
000013d3  __aeabi_dadd                       
0000157f  Board_initHook                     
00001581  pvPortMalloc                       
00001705  xQueueReceive                      
00001b45  xTaskIncrementTick                 
00001c85  pthread_create                     
00001dbd  mainThread                         
00002011  UART_initModule                    
0000212d  xTaskResumeAll                     
00002249  PWMTimerMSP432_setPeriod           
0000235d  xQueueGenericSendFromISR           
00002467  DisplayUartMin_clear               
0000256d  vTaskPriorityDisinheritAfterTimeout
00002671  vTaskDelete                        
00002771  ADCMSP432_convert                  
0000286d  __aeabi_dmul                       
00002969  vTaskSuspend                       
00002a65  CS_getDCOFrequency                 
00002b5d  xQueueGiveFromISR                  
00002c4d  CS_startHFXTWithTimeout            
00002d31  CS_startLFXTWithTimeout            
00002e11  xTaskPriorityDisinherit            
00002ef1  UARTMSP432_readPolling             
000030a9  vTaskSwitchContext                 
00003195  ulPortGetIPSR                      
000031ad  xPortPendSVHandler                 
0000320d  vPortSVCHandler                    
0000322d  vPortStartFirstTask                
00003251  vPortEnableVFP                     
0000325f  xQueueReceiveFromISR               
00003337  DisplayUartMin_clearLines          
00003339  xTaskPriorityInherit               
0000340d  xPortStartScheduler                
000034dd  UARTMSP432_hwiIntFxn               
000035a7  DisplayUartMin_init                
00003a11  xQueueGenericReset                 
00003b81  ADC14_configureConversionMemory    
00003c35  UARTMSP432_control                 
00003ce9  UARTMSP432_writePolling            
00003e4d  xTaskCheckForTimeOut               
00003fab  UARTMSP432_write                   
00004053  PWMTimerMSP432_init                
000041a5  vPortFree                          
0000424d  xTaskRemoveFromEventList           
000042f5  PWMTimerMSP432_stop                
00004399  ClockP_create                      
000044d9  Power_init                         
00004575  __aeabi_memcpy                     
00004575  __aeabi_memcpy4                    
00004575  __aeabi_memcpy8                    
00004575  memcpy                             
00004611  __aeabi_uldivmod                   
000046a7  PowerMSP432_initPolicy             
000046a9  PWMTimerMSP432_setDuty             
0000473d  SysCtl_A_getTLVInfo                
000047d1  vTaskStartScheduler                
00004865  UARTMSP432_close                   
00004989  ADCMSP432_open                     
00004aa1  PWMTimerMSP432_close               
00004bb1  __aeabi_cdcmpeq                    
00004bb1  __aeabi_cdcmple                    
00004c37  UARTMSP432_init                    
00004c39  PWMTimerMSP432_start               
00004d41  xTimerGenericCommand               
00004dc5  Interrupt_disableInterrupt         
00004e45  Interrupt_enableInterrupt          
000050b7  __aeabi_memclr                     
000050b7  __aeabi_memclr4                    
000050b7  __aeabi_memclr8                    
000050b9  __aeabi_memset                     
000050b9  __aeabi_memset4                    
000050b9  __aeabi_memset8                    
000050bf  memset                             
00005131  xTaskCreate                        
000051ad  TimerMSP432_allocateTimerResource  
0000529d  vPortSetupTimerInterrupt           
00005389  vPortValidateInterruptPriority     
000053fd  UARTMSP432_writeCancel             
00005549  PowerMSP432_getFreqs               
000055b1  __TI_decompress_lzss               
000056e7  vListInsert                        
0000574d  ClockP_stop                        
000057b1  main                               
000058dd  ADCMSP432_convertToMicroVolts      
0000593d  HwiP_create                        
0000599d  pxPortInitialiseStack              
000059fd  xQueueGenericCreate                
00005a5d  Display_doOpen                     
00005ab9  Interrupt_registerInterrupt        
00005b71  pthread_exit                       
00005bcd  vQueueWaitForMessageRestricted     
00005c29  vTaskDelay                         
00005cdf  __aeabi_idiv0                      
00005cdf  __aeabi_ldiv0                      
00005d39  xQueueCreateCountingSemaphore      
00005d91  SemaphoreP_create                  
00005de7  vApplicationMallocFailedHook       
00005de9  ClockP_delete                      
00005e3d  Interrupt_setPriority              
00005e91  TimerMSP432_freeTimerResource      
00005ee5  xTimerCreateTimerTask              
0000601d  vPortEnterCritical                 
00006069  vTaskSetThreadLocalStoragePointer  
000060b5  DisplayUartMin_open                
00006101  HwiP_dispatch                      
00006149  Power_releaseConstraint            
00006191  __aeabi_d2iz                       
000061d9  uxListRemove                       
00006221  DisplayUartMin_vprintf             
00006267  RingBuf_put                        
000062ad  ADC_init                           
000062f1  PWM_init                           
00006335  UART_init                          
00006379  __TI_auto_init_nobinit_nopinit     
00006401  __aeabi_d2uiz                      
00006445  ADCMSP432_close                    
00006485  ADC_open                           
000064c5  PWM_open                           
00006505  RingBuf_get                        
00006545  UARTMSP432_read                    
00006585  UART_open                          
000065c5  __aeabi_errno_addr                 
000066c5  __aeabi_uidiv                      
000066c5  __aeabi_uidivmod                   
00006705  vTaskPlaceOnEventListRestricted    
00006745  ClockP_callbackFxn                 
00006783  pthread_setcancelstate             
00006839  pvTaskGetThreadLocalStoragePointer 
00006875  usleep                             
000068b1  vListInsertEnd                     
000068ed  xTimerCreate                       
00006929  PowerMSP432_sleepPolicy            
00006965  Power_setConstraint                
00006a45  UARTMSP432_readCancel              
00006a7b  SemaphoreP_pend                    
00006ab1  _c_int00_noargs                    
00006b19  vTaskPlaceOnEventList              
00006b4d  ADCMSP432_init                     
00006b7d  CS_clearInterruptFlag              
00006c0d  vListInitialise                    
00006c3d  vPortExitCritical                  
00006c6d  xTaskGetSchedulerState             
00006ccb  pvTimerGetTimerID                  
00006cf9  __aeabi_i2d                        
00006d29  HwiP_disable                       
00006d55  SemaphoreP_createBinary            
00006d81  vTaskSetApplicationTaskTag         
00006dad  xPortSysTickHandler                
00006dd9  Display_doPrintf                   
00006e05  ADC14_getResult                    
00006e2d  CS_getMCLK                         
00006e55  Display_doInit                     
00006e7d  HwiP_inISR                         
00006ea5  Power_registerNotify               
00006f45  pthread_attr_setschedparam         
00006f6d  xTaskGetApplicationTaskTag         
00006f95  List_put                           
00006fbb  List_remove                        
00006fe1  _pthread_cleanup_pop               
00007077  vQueueDelete                       
0000709d  vTaskInternalSetTimeOutState       
000070c1  SemaphoreP_post                    
000070e3  SystemP_vsnprintf                  
00007105  pthread_attr_setdetachstate        
00007129  CS_setExternalClockSourceFrequency 
00007149  HwiP_restore                       
00007169  Power_unregisterNotify             
00007189  RingBuf_peek                       
000071c9  ClockP_start                       
000071e7  HwiP_Params_init                   
00007241  ClockP_Params_init                 
0000725d  Interrupt_unregisterInterrupt      
00007279  pthread_attr_init                  
00007295  pvTaskIncrementMutexHeldCount      
000072b1  PTLS_taskDeleteHook                
000072e5  SysCtl_A_disableNMISource          
000072fd  SysCtl_A_enableNMISource           
00007315  UART_Params_init                   
00007345  ClockP_setTimeout                  
0000735b  DisplayUartMin_close               
00007371  PTLS_getBuf                        
00007387  PTLS_setBuf                        
0000739d  SemaphoreP_Params_init             
000073b5  PWM_Params_init                    
000073c9  Power_idleFunc                     
00007405  pthread_attr_setstacksize          
00007419  pthread_self                       
0000742d  resetISR                           
00007441  strlen                             
00007455  xTaskGetCurrentTaskHandle          
00007469  xTaskGetTickCount                  
0000747d  HwiP_delete                        
0000748f  RingBuf_construct                  
000074b1  PowerMSP432_getNumPerfLevels       
000074c1  SysCtl_A_getNMISourceStatus        
000074d1  SysCtl_getNMISourceStatus          
000074f1  vListInitialiseItem                
00007501  vTaskSuspendAll                    
00007511  __TI_decompress_none               
0000751f  Board_init                         
0000752b  CPU_cpsid                          
00007537  CPU_cpsie                          
00007545  Power_getConstraintMask            
00007551  Power_getPerformanceLevel          
0000755d  SemaphoreP_delete                  
00007569  __TI_zero_init                     
00007575  vTaskMissedYield                   
00007581  ADC_Params_init                    
0000758b  PWM_setDuty                        
00007595  PWM_start                          
0000759f  PowerMSP432_updateFreqs            
000075a9  UART_close                         
000075b3  UART_control                       
000075bd  UART_write                         
000075c7  vApplicationStackOverflowHook      
000075d1  vPortSuppressTicksAndSleep         
000075f3  ADCMSP432_control                  
000075f9  DisplayUartMin_control             
000075ff  DisplayUartMin_getType             
00007605  Display_doParamsInit               
0000760b  PWMTimerMSP432_control             
00007611  PWMTimerMSP432_setDutyAndPeriod    
00007617  _system_pre_init                   
0000761b  C$$EXIT                            
0000761b  abort                              
00007730  PowerMSP432_config                 
00007794  UARTMSP432_fxnTable                
000077bc  PWMTimerMSP432_fxnTable            
000077e0  UART_defaultParams                 
00007804  DisplayUartMin_fxnTable            
00007844  ADCMSP432_fxnTable                 
0000785c  PWM_config                         
00007874  PWM_defaultParams                  
0000788c  displayUartHWAttrs                 
000078a0  adcMSP432HWAttrs                   
000078c0  pwmTimerMSP432HWAttrs              
000078d0  ADC_config                         
000078dc  Display_config                     
000078e8  UART_config                        
000078f4  ADC_defaultParams                  
000078fc  ulMaxSyscallInterruptPriority      
00007919  Display_defaultParams              
00007924  Display_count                      
00007925  ADC_count                          
00007926  PWM_count                          
00007927  UART_count                         
00007930  __TI_static_base__                 
000079b8  __TI_Handler_Table_Base            
000079c4  __TI_Handler_Table_Limit           
000079d8  __TI_CINIT_Base                    
000079f0  __TI_CINIT_Limit                   
20000000  __start___llvm_prf_cnts            
20000000  __stop___llvm_prf_cnts             
200084c8  uartMSP432Objects                  
20008568  pwmTimerMSP432Objects              
2000860c  displayUartObject                  
20008640  adcMSP432Objects                   
20008644  HwiP_dispatchTable                 
20008e44  PowerMSP432_perfLevels             
20009094  pxCurrentTCB                       
200090c8  PowerMSP432_module                 
20009400  g_pfnRAMVectors                    
2000fc00  __stack                            
20010000  __STACK_END                        
4000480c  WDTCTL_SYM                         
ffffffff  __TI_pprof_out_hndl                
ffffffff  __TI_prof_data_size                
ffffffff  __TI_prof_data_start               
ffffffff  __binit__                          
ffffffff  __c_args__                         
ffffffff  binit                              
UNDEFED   __mpu_init                         
UNDEFED   _system_post_cinit                 

[281 symbols]
