<?xml version="1.0" encoding="ISO-8859-1" ?>
<link_info>
   <banner>TI ARM Linker PC v18.12.4.LTS</banner>
   <copyright>Copyright (c) 1996-2018 Texas Instruments Incorporated</copyright>
   <link_time>0x5ff76af1</link_time>
   <link_errors>0x0</link_errors>
   <output_file>gpio_interrupt_led.out</output_file>
   <entry_point>
      <name>resetISR</name>
      <address>0x46b5</address>
   </entry_point>
   <input_file_list>
      <input_file id="fl-2">
         <path>.\</path>
         <kind>object</kind>
         <file>gpioInterrupt.obj</file>
         <name>gpioInterrupt.obj</name>
      </input_file>
      <input_file id="fl-3">
         <path>.\syscfg\</path>
         <kind>object</kind>
         <file>ti_drivers_config.obj</file>
         <name>ti_drivers_config.obj</name>
      </input_file>
      <input_file id="fl-4">
         <path>.\</path>
         <kind>object</kind>
         <file>main_freertos.obj</file>
         <name>main_freertos.obj</name>
      </input_file>
      <input_file id="fl-f">
         <kind>object</kind>
         <file>&lt;internal&gt;</file>
         <name>&lt;internal&gt;</name>
      </input_file>
      <input_file id="fl-10">
         <path>C:\ti\simplelink_msp432p4_sdk_3_40_01_02\source\ti\drivers\lib\</path>
         <kind>archive</kind>
         <file>drivers_msp432p401x.aem4f</file>
         <name>GPIOMSP432.oem4f</name>
      </input_file>
      <input_file id="fl-11">
         <path>C:\ti\simplelink_msp432p4_sdk_3_40_01_02\source\ti\drivers\lib\</path>
         <kind>archive</kind>
         <file>drivers_msp432p401x.aem4f</file>
         <name>PowerMSP432.oem4f</name>
      </input_file>
      <input_file id="fl-12">
         <path>C:\ti\simplelink_msp432p4_sdk_3_40_01_02\source\ti\drivers\lib\</path>
         <kind>archive</kind>
         <file>drivers_msp432p401x.aem4f</file>
         <name>List.oem4f</name>
      </input_file>
      <input_file id="fl-13">
         <path>C:\Users\Jesus Minjares\Desktop\MSP432 FreeRTOS\freertos_builds_MSP_EXP432P401R_release_ccs\Debug\</path>
         <kind>archive</kind>
         <file>freertos_builds_MSP_EXP432P401R_release_ccs.lib</file>
         <name>HwiPMSP432_freertos.obj</name>
      </input_file>
      <input_file id="fl-14">
         <path>C:\Users\Jesus Minjares\Desktop\MSP432 FreeRTOS\freertos_builds_MSP_EXP432P401R_release_ccs\Debug\</path>
         <kind>archive</kind>
         <file>freertos_builds_MSP_EXP432P401R_release_ccs.lib</file>
         <name>PowerMSP432_freertos.obj</name>
      </input_file>
      <input_file id="fl-15">
         <path>C:\Users\Jesus Minjares\Desktop\MSP432 FreeRTOS\freertos_builds_MSP_EXP432P401R_release_ccs\Debug\</path>
         <kind>archive</kind>
         <file>freertos_builds_MSP_EXP432P401R_release_ccs.lib</file>
         <name>SemaphoreP_freertos.obj</name>
      </input_file>
      <input_file id="fl-16">
         <path>C:\Users\Jesus Minjares\Desktop\MSP432 FreeRTOS\freertos_builds_MSP_EXP432P401R_release_ccs\Debug\</path>
         <kind>archive</kind>
         <file>freertos_builds_MSP_EXP432P401R_release_ccs.lib</file>
         <name>queue.obj</name>
      </input_file>
      <input_file id="fl-17">
         <path>C:\Users\Jesus Minjares\Desktop\MSP432 FreeRTOS\freertos_builds_MSP_EXP432P401R_release_ccs\Debug\</path>
         <kind>archive</kind>
         <file>freertos_builds_MSP_EXP432P401R_release_ccs.lib</file>
         <name>tasks.obj</name>
      </input_file>
      <input_file id="fl-18">
         <path>C:\Users\Jesus Minjares\Desktop\MSP432 FreeRTOS\freertos_builds_MSP_EXP432P401R_release_ccs\Debug\</path>
         <kind>archive</kind>
         <file>freertos_builds_MSP_EXP432P401R_release_ccs.lib</file>
         <name>timers.obj</name>
      </input_file>
      <input_file id="fl-19">
         <path>C:\Users\Jesus Minjares\Desktop\MSP432 FreeRTOS\freertos_builds_MSP_EXP432P401R_release_ccs\Debug\</path>
         <kind>archive</kind>
         <file>freertos_builds_MSP_EXP432P401R_release_ccs.lib</file>
         <name>port.obj</name>
      </input_file>
      <input_file id="fl-1a">
         <path>C:\Users\Jesus Minjares\Desktop\MSP432 FreeRTOS\freertos_builds_MSP_EXP432P401R_release_ccs\Debug\</path>
         <kind>archive</kind>
         <file>freertos_builds_MSP_EXP432P401R_release_ccs.lib</file>
         <name>portasm.obj</name>
      </input_file>
      <input_file id="fl-1b">
         <path>C:\Users\Jesus Minjares\Desktop\MSP432 FreeRTOS\freertos_builds_MSP_EXP432P401R_release_ccs\Debug\</path>
         <kind>archive</kind>
         <file>freertos_builds_MSP_EXP432P401R_release_ccs.lib</file>
         <name>startup_msp432_ccs.obj</name>
      </input_file>
      <input_file id="fl-1c">
         <path>C:\Users\Jesus Minjares\Desktop\MSP432 FreeRTOS\freertos_builds_MSP_EXP432P401R_release_ccs\Debug\</path>
         <kind>archive</kind>
         <file>freertos_builds_MSP_EXP432P401R_release_ccs.lib</file>
         <name>PTLS.obj</name>
      </input_file>
      <input_file id="fl-1d">
         <path>C:\Users\Jesus Minjares\Desktop\MSP432 FreeRTOS\freertos_builds_MSP_EXP432P401R_release_ccs\Debug\</path>
         <kind>archive</kind>
         <file>freertos_builds_MSP_EXP432P401R_release_ccs.lib</file>
         <name>pthread.obj</name>
      </input_file>
      <input_file id="fl-1e">
         <path>C:\Users\Jesus Minjares\Desktop\MSP432 FreeRTOS\freertos_builds_MSP_EXP432P401R_release_ccs\Debug\</path>
         <kind>archive</kind>
         <file>freertos_builds_MSP_EXP432P401R_release_ccs.lib</file>
         <name>heap_4.obj</name>
      </input_file>
      <input_file id="fl-1f">
         <path>C:\Users\Jesus Minjares\Desktop\MSP432 FreeRTOS\freertos_builds_MSP_EXP432P401R_release_ccs\Debug\</path>
         <kind>archive</kind>
         <file>freertos_builds_MSP_EXP432P401R_release_ccs.lib</file>
         <name>list.obj</name>
      </input_file>
      <input_file id="fl-20">
         <path>C:\ti\simplelink_msp432p4_sdk_3_40_01_02\source\ti\devices\msp432p4xx\driverlib\ccs\</path>
         <kind>archive</kind>
         <file>msp432p4xx_driverlib.lib</file>
         <name>cpu.o</name>
      </input_file>
      <input_file id="fl-21">
         <path>C:\ti\simplelink_msp432p4_sdk_3_40_01_02\source\ti\devices\msp432p4xx\driverlib\ccs\</path>
         <kind>archive</kind>
         <file>msp432p4xx_driverlib.lib</file>
         <name>cs.o</name>
      </input_file>
      <input_file id="fl-22">
         <path>C:\ti\simplelink_msp432p4_sdk_3_40_01_02\source\ti\devices\msp432p4xx\driverlib\ccs\</path>
         <kind>archive</kind>
         <file>msp432p4xx_driverlib.lib</file>
         <name>interrupt.o</name>
      </input_file>
      <input_file id="fl-23">
         <path>C:\ti\simplelink_msp432p4_sdk_3_40_01_02\source\ti\devices\msp432p4xx\driverlib\ccs\</path>
         <kind>archive</kind>
         <file>msp432p4xx_driverlib.lib</file>
         <name>sysctl.o</name>
      </input_file>
      <input_file id="fl-24">
         <path>C:\ti\simplelink_msp432p4_sdk_3_40_01_02\source\ti\devices\msp432p4xx\driverlib\ccs\</path>
         <kind>archive</kind>
         <file>msp432p4xx_driverlib.lib</file>
         <name>sysctl_a.o</name>
      </input_file>
      <input_file id="fl-da">
         <path>C:\ti\ccs930\ccs\tools\compiler\ti-cgt-arm_18.12.4.LTS\lib\</path>
         <kind>archive</kind>
         <file>rtsv7M4_T_le_v4SPD16_eabi.lib</file>
         <name>memcpy_t2.asm.obj</name>
      </input_file>
      <input_file id="fl-db">
         <path>C:\ti\ccs930\ccs\tools\compiler\ti-cgt-arm_18.12.4.LTS\lib\</path>
         <kind>archive</kind>
         <file>rtsv7M4_T_le_v4SPD16_eabi.lib</file>
         <name>memset_t2.asm.obj</name>
      </input_file>
      <input_file id="fl-dc">
         <path>C:\ti\ccs930\ccs\tools\compiler\ti-cgt-arm_18.12.4.LTS\lib\</path>
         <kind>archive</kind>
         <file>rtsv7M4_T_le_v4SPD16_eabi.lib</file>
         <name>copy_zero_init.c.obj</name>
      </input_file>
      <input_file id="fl-dd">
         <path>C:\ti\ccs930\ccs\tools\compiler\ti-cgt-arm_18.12.4.LTS\lib\</path>
         <kind>archive</kind>
         <file>rtsv7M4_T_le_v4SPD16_eabi.lib</file>
         <name>copy_decompress_none.c.obj</name>
      </input_file>
      <input_file id="fl-de">
         <path>C:\ti\ccs930\ccs\tools\compiler\ti-cgt-arm_18.12.4.LTS\lib\</path>
         <kind>archive</kind>
         <file>rtsv7M4_T_le_v4SPD16_eabi.lib</file>
         <name>copy_decompress_lzss.c.obj</name>
      </input_file>
      <input_file id="fl-df">
         <path>C:\ti\ccs930\ccs\tools\compiler\ti-cgt-arm_18.12.4.LTS\lib\</path>
         <kind>archive</kind>
         <file>rtsv7M4_T_le_v4SPD16_eabi.lib</file>
         <name>boot_cortex_m.c.obj</name>
      </input_file>
      <input_file id="fl-e0">
         <path>C:\ti\ccs930\ccs\tools\compiler\ti-cgt-arm_18.12.4.LTS\lib\</path>
         <kind>archive</kind>
         <file>rtsv7M4_T_le_v4SPD16_eabi.lib</file>
         <name>autoinit.c.obj</name>
      </input_file>
      <input_file id="fl-e1">
         <path>C:\ti\ccs930\ccs\tools\compiler\ti-cgt-arm_18.12.4.LTS\lib\</path>
         <kind>archive</kind>
         <file>rtsv7M4_T_le_v4SPD16_eabi.lib</file>
         <name>pre_init.c.obj</name>
      </input_file>
      <input_file id="fl-e2">
         <path>C:\ti\ccs930\ccs\tools\compiler\ti-cgt-arm_18.12.4.LTS\lib\</path>
         <kind>archive</kind>
         <file>rtsv7M4_T_le_v4SPD16_eabi.lib</file>
         <name>cpy_tbl.c.obj</name>
      </input_file>
      <input_file id="fl-e3">
         <path>C:\ti\ccs930\ccs\tools\compiler\ti-cgt-arm_18.12.4.LTS\lib\</path>
         <kind>archive</kind>
         <file>rtsv7M4_T_le_v4SPD16_eabi.lib</file>
         <name>exit.c.obj</name>
      </input_file>
      <input_file id="fl-e4">
         <path>C:\ti\ccs930\ccs\tools\compiler\ti-cgt-arm_18.12.4.LTS\lib\</path>
         <kind>archive</kind>
         <file>rtsv7M4_T_le_v4SPD16_eabi.lib</file>
         <name>_lock.c.obj</name>
      </input_file>
      <input_file id="fl-e5">
         <path>C:\ti\ccs930\ccs\tools\compiler\ti-cgt-arm_18.12.4.LTS\lib\</path>
         <kind>archive</kind>
         <file>rtsv7M4_T_le_v4SPD16_eabi.lib</file>
         <name>args_main.c.obj</name>
      </input_file>
   </input_file_list>
   <object_component_list>
      <object_component id="oc-58c">
         <name>.text:Power_sleep</name>
         <load_address>0x144</load_address>
         <run_address>0x144</run_address>
         <size>0x2f8</size>
         <input_file_ref idref="fl-11"/>
      </object_component>
      <object_component id="oc-2c9">
         <name>.text:initPerfControl</name>
         <load_address>0x43c</load_address>
         <run_address>0x43c</run_address>
         <size>0x288</size>
         <input_file_ref idref="fl-11"/>
      </object_component>
      <object_component id="oc-505">
         <name>.text:xQueueSemaphoreTake</name>
         <load_address>0x6c4</load_address>
         <run_address>0x6c4</run_address>
         <size>0x1d4</size>
         <input_file_ref idref="fl-16"/>
      </object_component>
      <object_component id="oc-49f">
         <name>.text:xQueueGenericSend</name>
         <load_address>0x898</load_address>
         <run_address>0x898</run_address>
         <size>0x1b8</size>
         <input_file_ref idref="fl-16"/>
      </object_component>
      <object_component id="oc-229">
         <name>.text:pvPortMalloc</name>
         <load_address>0xa50</load_address>
         <run_address>0xa50</run_address>
         <size>0x1ac</size>
         <input_file_ref idref="fl-1e"/>
      </object_component>
      <object_component id="oc-622">
         <name>.text:xQueueReceive</name>
         <load_address>0xbfc</load_address>
         <run_address>0xbfc</run_address>
         <size>0x180</size>
         <input_file_ref idref="fl-16"/>
      </object_component>
      <object_component id="oc-285">
         <name>.text:GPIO_setConfig</name>
         <load_address>0xd7c</load_address>
         <run_address>0xd7c</run_address>
         <size>0x170</size>
         <input_file_ref idref="fl-10"/>
      </object_component>
      <object_component id="oc-4d3">
         <name>.text:prvProcessReceivedCommands</name>
         <load_address>0xeec</load_address>
         <run_address>0xeec</run_address>
         <size>0x164</size>
         <input_file_ref idref="fl-18"/>
      </object_component>
      <object_component id="oc-b3">
         <name>.text:xTaskIncrementTick</name>
         <load_address>0x1050</load_address>
         <run_address>0x1050</run_address>
         <size>0x140</size>
         <input_file_ref idref="fl-17"/>
      </object_component>
      <object_component id="oc-14d">
         <name>.text:pthread_create</name>
         <load_address>0x1190</load_address>
         <run_address>0x1190</run_address>
         <size>0x138</size>
         <input_file_ref idref="fl-1d"/>
      </object_component>
      <object_component id="oc-6d8">
         <name>.text:xQueueGenericSendFromISR</name>
         <load_address>0x12c8</load_address>
         <run_address>0x12c8</run_address>
         <size>0x128</size>
         <input_file_ref idref="fl-16"/>
      </object_component>
      <object_component id="oc-324">
         <name>.text:prvInitialiseNewTask</name>
         <load_address>0x13f0</load_address>
         <run_address>0x13f0</run_address>
         <size>0x120</size>
         <input_file_ref idref="fl-17"/>
      </object_component>
      <object_component id="oc-259">
         <name>.text:xTaskResumeAll</name>
         <load_address>0x1510</load_address>
         <run_address>0x1510</run_address>
         <size>0x11c</size>
         <input_file_ref idref="fl-17"/>
      </object_component>
      <object_component id="oc-4a5">
         <name>.text:vTaskSuspend</name>
         <load_address>0x162c</load_address>
         <run_address>0x162c</run_address>
         <size>0x118</size>
         <input_file_ref idref="fl-17"/>
      </object_component>
      <object_component id="oc-50c">
         <name>.text:xQueueGiveFromISR</name>
         <load_address>0x1744</load_address>
         <run_address>0x1744</run_address>
         <size>0x10e</size>
         <input_file_ref idref="fl-16"/>
      </object_component>
      <object_component id="oc-21a">
         <name>.text:Board_initHook</name>
         <load_address>0x1852</load_address>
         <run_address>0x1852</run_address>
         <size>0x2</size>
         <input_file_ref idref="fl-3"/>
      </object_component>
      <object_component id="oc-629">
         <name>.text:_CSComputeCLKFrequency</name>
         <load_address>0x1854</load_address>
         <run_address>0x1854</run_address>
         <size>0x104</size>
         <input_file_ref idref="fl-21"/>
      </object_component>
      <object_component id="oc-65a">
         <name>.text:vTaskPriorityDisinheritAfterTimeout</name>
         <load_address>0x1958</load_address>
         <run_address>0x1958</run_address>
         <size>0x104</size>
         <input_file_ref idref="fl-17"/>
      </object_component>
      <object_component id="oc-4ab">
         <name>.text:vTaskDelete</name>
         <load_address>0x1a5c</load_address>
         <run_address>0x1a5c</run_address>
         <size>0x100</size>
         <input_file_ref idref="fl-17"/>
      </object_component>
      <object_component id="oc-6ec">
         <name>.text:CS_getDCOFrequency</name>
         <load_address>0x1b5c</load_address>
         <run_address>0x1b5c</run_address>
         <size>0xf8</size>
         <input_file_ref idref="fl-21"/>
      </object_component>
      <object_component id="oc-4ff">
         <name>.text:xQueueReceiveFromISR</name>
         <load_address>0x1c54</load_address>
         <run_address>0x1c54</run_address>
         <size>0xf6</size>
         <input_file_ref idref="fl-16"/>
      </object_component>
      <object_component id="oc-43e">
         <name>.text:PowerMSP432_initPolicy</name>
         <load_address>0x1d4a</load_address>
         <run_address>0x1d4a</run_address>
         <size>0x2</size>
         <input_file_ref idref="fl-14"/>
      </object_component>
      <object_component id="oc-407">
         <name>.text:CS_startHFXTWithTimeout</name>
         <load_address>0x1d4c</load_address>
         <run_address>0x1d4c</run_address>
         <size>0xe4</size>
         <input_file_ref idref="fl-21"/>
      </object_component>
      <object_component id="oc-40d">
         <name>.text:CS_startLFXTWithTimeout</name>
         <load_address>0x1e30</load_address>
         <run_address>0x1e30</run_address>
         <size>0xe0</size>
         <input_file_ref idref="fl-21"/>
      </object_component>
      <object_component id="oc-54c">
         <name>.text:_CSGetHFXTFrequency</name>
         <load_address>0x1f10</load_address>
         <run_address>0x1f10</run_address>
         <size>0xdc</size>
         <input_file_ref idref="fl-21"/>
      </object_component>
      <object_component id="oc-ac">
         <name>.text:vTaskSwitchContext</name>
         <load_address>0x1fec</load_address>
         <run_address>0x1fec</run_address>
         <size>0xdc</size>
         <input_file_ref idref="fl-17"/>
      </object_component>
      <object_component id="oc-60">
         <name>.text</name>
         <load_address>0x20c8</load_address>
         <run_address>0x20c8</run_address>
         <size>0xda</size>
         <input_file_ref idref="fl-1a"/>
      </object_component>
      <object_component id="oc-5a">
         <name>.text:defaultISR</name>
         <load_address>0x21a2</load_address>
         <run_address>0x21a2</run_address>
         <size>0x2</size>
         <input_file_ref idref="fl-1b"/>
      </object_component>
      <object_component id="oc-64e">
         <name>.text:xTaskPriorityInherit</name>
         <load_address>0x21a4</load_address>
         <run_address>0x21a4</run_address>
         <size>0xd8</size>
         <input_file_ref idref="fl-17"/>
      </object_component>
      <object_component id="oc-26f">
         <name>.text:xPortStartScheduler</name>
         <load_address>0x227c</load_address>
         <run_address>0x227c</run_address>
         <size>0xd0</size>
         <input_file_ref idref="fl-19"/>
      </object_component>
      <object_component id="oc-69d">
         <name>.text:xTaskPriorityDisinherit</name>
         <load_address>0x234c</load_address>
         <run_address>0x234c</run_address>
         <size>0xd0</size>
         <input_file_ref idref="fl-17"/>
      </object_component>
      <object_component id="oc-32a">
         <name>.text:prvAddNewTaskToReadyList</name>
         <load_address>0x241c</load_address>
         <run_address>0x241c</run_address>
         <size>0xc4</size>
         <input_file_ref idref="fl-17"/>
      </object_component>
      <object_component id="oc-5c6">
         <name>.text:prvCopyDataToQueue</name>
         <load_address>0x24e0</load_address>
         <run_address>0x24e0</run_address>
         <size>0xbe</size>
         <input_file_ref idref="fl-16"/>
      </object_component>
      <object_component id="oc-54">
         <name>.text:faultISR</name>
         <load_address>0x259e</load_address>
         <run_address>0x259e</run_address>
         <size>0x2</size>
         <input_file_ref idref="fl-1b"/>
      </object_component>
      <object_component id="oc-2fb">
         <name>.text:prvHeapInit</name>
         <load_address>0x25a0</load_address>
         <run_address>0x25a0</run_address>
         <size>0xbc</size>
         <input_file_ref idref="fl-1e"/>
      </object_component>
      <object_component id="oc-6c9">
         <name>.text:prvSwitchTimerLists</name>
         <load_address>0x265c</load_address>
         <run_address>0x265c</run_address>
         <size>0xbc</size>
         <input_file_ref idref="fl-18"/>
      </object_component>
      <object_component id="oc-468">
         <name>.text:xQueueGenericReset</name>
         <load_address>0x2718</load_address>
         <run_address>0x2718</run_address>
         <size>0xb8</size>
         <input_file_ref idref="fl-16"/>
      </object_component>
      <object_component id="oc-5d2">
         <name>.text:xTaskCheckForTimeOut</name>
         <load_address>0x27d0</load_address>
         <run_address>0x27d0</run_address>
         <size>0xb4</size>
         <input_file_ref idref="fl-17"/>
      </object_component>
      <object_component id="oc-6ad">
         <name>.text:prvAddCurrentTaskToDelayedList</name>
         <load_address>0x2884</load_address>
         <run_address>0x2884</run_address>
         <size>0xb0</size>
         <input_file_ref idref="fl-17"/>
      </object_component>
      <object_component id="oc-5e4">
         <name>.text:prvUnlockQueue</name>
         <load_address>0x2934</load_address>
         <run_address>0x2934</run_address>
         <size>0xae</size>
         <input_file_ref idref="fl-16"/>
      </object_component>
      <object_component id="oc-4e">
         <name>.text:nmiISR</name>
         <load_address>0x29e2</load_address>
         <run_address>0x29e2</run_address>
         <size>0x2</size>
         <input_file_ref idref="fl-1b"/>
      </object_component>
      <object_component id="oc-27f">
         <name>.text:GPIO_init</name>
         <load_address>0x29e4</load_address>
         <run_address>0x29e4</run_address>
         <size>0xac</size>
         <input_file_ref idref="fl-10"/>
      </object_component>
      <object_component id="oc-301">
         <name>.text:prvInsertBlockIntoFreeList</name>
         <load_address>0x2a90</load_address>
         <run_address>0x2a90</run_address>
         <size>0xa8</size>
         <input_file_ref idref="fl-1e"/>
      </object_component>
      <object_component id="oc-235">
         <name>.text:vPortFree</name>
         <load_address>0x2b38</load_address>
         <run_address>0x2b38</run_address>
         <size>0xa8</size>
         <input_file_ref idref="fl-1e"/>
      </object_component>
      <object_component id="oc-22f">
         <name>.text:xQueueGenericCreate</name>
         <load_address>0x2be0</load_address>
         <run_address>0x2be0</run_address>
         <size>0xa8</size>
         <input_file_ref idref="fl-16"/>
      </object_component>
      <object_component id="oc-59d">
         <name>.text:xTaskRemoveFromEventList</name>
         <load_address>0x2c88</load_address>
         <run_address>0x2c88</run_address>
         <size>0xa8</size>
         <input_file_ref idref="fl-17"/>
      </object_component>
      <object_component id="oc-214">
         <name>.text:Power_init</name>
         <load_address>0x2d30</load_address>
         <run_address>0x2d30</run_address>
         <size>0x9c</size>
         <input_file_ref idref="fl-11"/>
      </object_component>
      <object_component id="oc-34">
         <name>.text</name>
         <load_address>0x2dcc</load_address>
         <run_address>0x2dcc</run_address>
         <size>0x9c</size>
         <input_file_ref idref="fl-da"/>
      </object_component>
      <object_component id="oc-153">
         <name>.text:vTaskStartScheduler</name>
         <load_address>0x2e68</load_address>
         <run_address>0x2e68</run_address>
         <size>0x9c</size>
         <input_file_ref idref="fl-17"/>
      </object_component>
      <object_component id="oc-711">
         <name>.text:SysCtl_A_getTLVInfo</name>
         <load_address>0x2f04</load_address>
         <run_address>0x2f04</run_address>
         <size>0x94</size>
         <input_file_ref idref="fl-24"/>
      </object_component>
      <object_component id="oc-4cd">
         <name>.text:prvProcessTimerOrBlockTask</name>
         <load_address>0x2f98</load_address>
         <run_address>0x2f98</run_address>
         <size>0x88</size>
         <input_file_ref idref="fl-18"/>
      </object_component>
      <object_component id="oc-68b">
         <name>.text:restartHFXT</name>
         <load_address>0x3020</load_address>
         <run_address>0x3020</run_address>
         <size>0x84</size>
         <input_file_ref idref="fl-11"/>
      </object_component>
      <object_component id="oc-61c">
         <name>.text:xTimerGenericCommand</name>
         <load_address>0x30a4</load_address>
         <run_address>0x30a4</run_address>
         <size>0x84</size>
         <input_file_ref idref="fl-18"/>
      </object_component>
      <object_component id="oc-42c">
         <name>.text:Interrupt_enableInterrupt</name>
         <load_address>0x3128</load_address>
         <run_address>0x3128</run_address>
         <size>0x80</size>
         <input_file_ref idref="fl-22"/>
      </object_component>
      <object_component id="oc-609">
         <name>.text:prvProcessExpiredTimer</name>
         <load_address>0x31a8</load_address>
         <run_address>0x31a8</run_address>
         <size>0x80</size>
         <input_file_ref idref="fl-18"/>
      </object_component>
      <object_component id="oc-717">
         <name>.text:_CSGetDOCFrequency</name>
         <load_address>0x3228</load_address>
         <run_address>0x3228</run_address>
         <size>0x7c</size>
         <input_file_ref idref="fl-21"/>
      </object_component>
      <object_component id="oc-499">
         <name>.text:removeThreadKeys</name>
         <load_address>0x32a4</load_address>
         <run_address>0x32a4</run_address>
         <size>0x7a</size>
         <input_file_ref idref="fl-1d"/>
      </object_component>
      <object_component id="oc-85">
         <name>.text</name>
         <load_address>0x331e</load_address>
         <run_address>0x331e</run_address>
         <size>0x7a</size>
         <input_file_ref idref="fl-db"/>
      </object_component>
      <object_component id="oc-247">
         <name>.text:xTaskCreate</name>
         <load_address>0x3398</load_address>
         <run_address>0x3398</run_address>
         <size>0x7a</size>
         <input_file_ref idref="fl-17"/>
      </object_component>
      <object_component id="oc-307">
         <name>.text:vApplicationMallocFailedHook</name>
         <load_address>0x3412</load_address>
         <run_address>0x3412</run_address>
         <size>0x2</size>
         <input_file_ref idref="fl-4"/>
      </object_component>
      <object_component id="oc-616">
         <name>.text:prvInsertTimerInActiveList</name>
         <load_address>0x3414</load_address>
         <run_address>0x3414</run_address>
         <size>0x78</size>
         <input_file_ref idref="fl-18"/>
      </object_component>
      <object_component id="oc-360">
         <name>.text:vPortSetupTimerInterrupt</name>
         <load_address>0x348c</load_address>
         <run_address>0x348c</run_address>
         <size>0x78</size>
         <input_file_ref idref="fl-19"/>
      </object_component>
      <object_component id="oc-47c">
         <name>.text:prvInitialiseTaskLists</name>
         <load_address>0x3504</load_address>
         <run_address>0x3504</run_address>
         <size>0x74</size>
         <input_file_ref idref="fl-17"/>
      </object_component>
      <object_component id="oc-635">
         <name>.text:vPortValidateInterruptPriority</name>
         <load_address>0x3578</load_address>
         <run_address>0x3578</run_address>
         <size>0x74</size>
         <input_file_ref idref="fl-19"/>
      </object_component>
      <object_component id="oc-3b1">
         <name>.text:GPIO_hwiIntFxn</name>
         <load_address>0x35ec</load_address>
         <run_address>0x35ec</run_address>
         <size>0x68</size>
         <input_file_ref idref="fl-10"/>
      </object_component>
      <object_component id="oc-f">
         <name>.text:decompress:lzss:__TI_decompress_lzss</name>
         <load_address>0x3654</load_address>
         <run_address>0x3654</run_address>
         <size>0x68</size>
         <input_file_ref idref="fl-de"/>
      </object_component>
      <object_component id="oc-6a7">
         <name>.text:vListInsert</name>
         <load_address>0x36bc</load_address>
         <run_address>0x36bc</run_address>
         <size>0x66</size>
         <input_file_ref idref="fl-1f"/>
      </object_component>
      <object_component id="oc-e5">
         <name>.text:main</name>
         <load_address>0x3724</load_address>
         <run_address>0x3724</run_address>
         <size>0x64</size>
         <input_file_ref idref="fl-4"/>
      </object_component>
      <object_component id="oc-370">
         <name>.text:prvGetExpectedIdleTime</name>
         <load_address>0x3788</load_address>
         <run_address>0x3788</run_address>
         <size>0x64</size>
         <input_file_ref idref="fl-17"/>
      </object_component>
      <object_component id="oc-297">
         <name>.text:simpleFunction</name>
         <load_address>0x37ec</load_address>
         <run_address>0x37ec</run_address>
         <size>0x64</size>
         <input_file_ref idref="fl-2"/>
      </object_component>
      <object_component id="oc-6e0">
         <name>.text:_CSGetDividerValue</name>
         <load_address>0x3850</load_address>
         <run_address>0x3850</run_address>
         <size>0x62</size>
         <input_file_ref idref="fl-21"/>
      </object_component>
      <object_component id="oc-28b">
         <name>.text:GPIO_setCallback</name>
         <load_address>0x38b4</load_address>
         <run_address>0x38b4</run_address>
         <size>0x60</size>
         <input_file_ref idref="fl-10"/>
      </object_component>
      <object_component id="oc-2d5">
         <name>.text:HwiP_create</name>
         <load_address>0x3914</load_address>
         <run_address>0x3914</run_address>
         <size>0x60</size>
         <input_file_ref idref="fl-13"/>
      </object_component>
      <object_component id="oc-475">
         <name>.text:pxPortInitialiseStack</name>
         <load_address>0x3974</load_address>
         <run_address>0x3974</run_address>
         <size>0x60</size>
         <input_file_ref idref="fl-19"/>
      </object_component>
      <object_component id="oc-420">
         <name>.text:Interrupt_registerInterrupt</name>
         <load_address>0x39d4</load_address>
         <run_address>0x39d4</run_address>
         <size>0x5c</size>
         <input_file_ref idref="fl-22"/>
      </object_component>
      <object_component id="oc-275">
         <name>.text:prvIdleTask</name>
         <load_address>0x3a30</load_address>
         <run_address>0x3a30</run_address>
         <size>0x5c</size>
         <input_file_ref idref="fl-17"/>
      </object_component>
      <object_component id="oc-346">
         <name>.text:pthread_exit</name>
         <load_address>0x3a8c</load_address>
         <run_address>0x3a8c</run_address>
         <size>0x5c</size>
         <input_file_ref idref="fl-1d"/>
      </object_component>
      <object_component id="oc-60f">
         <name>.text:vQueueWaitForMessageRestricted</name>
         <load_address>0x3ae8</load_address>
         <run_address>0x3ae8</run_address>
         <size>0x5c</size>
         <input_file_ref idref="fl-16"/>
      </object_component>
      <object_component id="oc-3bd">
         <name>.text:GPIO_write</name>
         <load_address>0x3b44</load_address>
         <run_address>0x3b44</run_address>
         <size>0x58</size>
         <input_file_ref idref="fl-10"/>
      </object_component>
      <object_component id="oc-426">
         <name>.text:Interrupt_setPriority</name>
         <load_address>0x3b9c</load_address>
         <run_address>0x3b9c</run_address>
         <size>0x54</size>
         <input_file_ref idref="fl-22"/>
      </object_component>
      <object_component id="oc-269">
         <name>.text:xTimerCreateTimerTask</name>
         <load_address>0x3bf0</load_address>
         <run_address>0x3bf0</run_address>
         <size>0x54</size>
         <input_file_ref idref="fl-18"/>
      </object_component>
      <object_component id="oc-34d">
         <name>.text:prvCheckForValidListAndQueue</name>
         <load_address>0x3c44</load_address>
         <run_address>0x3c44</run_address>
         <size>0x4c</size>
         <input_file_ref idref="fl-18"/>
      </object_component>
      <object_component id="oc-36a">
         <name>.text:prvCheckTasksWaitingTermination</name>
         <load_address>0x3c90</load_address>
         <run_address>0x3c90</run_address>
         <size>0x4c</size>
         <input_file_ref idref="fl-17"/>
      </object_component>
      <object_component id="oc-331">
         <name>.text:vPortEnterCritical</name>
         <load_address>0x3cdc</load_address>
         <run_address>0x3cdc</run_address>
         <size>0x4c</size>
         <input_file_ref idref="fl-19"/>
      </object_component>
      <object_component id="oc-435">
         <name>.text:HwiP_dispatch</name>
         <load_address>0x3d28</load_address>
         <run_address>0x3d28</run_address>
         <size>0x48</size>
         <input_file_ref idref="fl-13"/>
      </object_component>
      <object_component id="oc-117">
         <name>.text:uxListRemove</name>
         <load_address>0x3d70</load_address>
         <run_address>0x3d70</run_address>
         <size>0x48</size>
         <input_file_ref idref="fl-1f"/>
      </object_component>
      <object_component id="oc-176">
         <name>.text:__TI_auto_init_nobinit_nopinit:__TI_auto_init_nobinit_nopinit</name>
         <load_address>0x3db8</load_address>
         <run_address>0x3db8</run_address>
         <size>0x44</size>
         <input_file_ref idref="fl-e0"/>
      </object_component>
      <object_component id="oc-159">
         <name>.text:mainThread</name>
         <load_address>0x3dfc</load_address>
         <run_address>0x3dfc</run_address>
         <size>0x44</size>
         <input_file_ref idref="fl-2"/>
      </object_component>
      <object_component id="oc-315">
         <name>.text:prvInitialiseNewQueue</name>
         <load_address>0x3e40</load_address>
         <run_address>0x3e40</run_address>
         <size>0x44</size>
         <input_file_ref idref="fl-16"/>
      </object_component>
      <object_component id="oc-6d0">
         <name>.text:vTaskPlaceOnEventListRestricted</name>
         <load_address>0x3e84</load_address>
         <run_address>0x3e84</run_address>
         <size>0x40</size>
         <input_file_ref idref="fl-17"/>
      </object_component>
      <object_component id="oc-48d">
         <name>.text:pthread_setcancelstate</name>
         <load_address>0x3ec4</load_address>
         <run_address>0x3ec4</run_address>
         <size>0x3e</size>
         <input_file_ref idref="fl-1d"/>
      </object_component>
      <object_component id="oc-63b">
         <name>.text:prvCopyDataFromQueue</name>
         <load_address>0x3f02</load_address>
         <run_address>0x3f02</run_address>
         <size>0x3c</size>
         <input_file_ref idref="fl-16"/>
      </object_component>
      <object_component id="oc-6bb">
         <name>.text:pvTaskGetThreadLocalStoragePointer</name>
         <load_address>0x3f40</load_address>
         <run_address>0x3f40</run_address>
         <size>0x3c</size>
         <input_file_ref idref="fl-17"/>
      </object_component>
      <object_component id="oc-11d">
         <name>.text:vListInsertEnd</name>
         <load_address>0x3f7c</load_address>
         <run_address>0x3f7c</run_address>
         <size>0x3c</size>
         <input_file_ref idref="fl-1f"/>
      </object_component>
      <object_component id="oc-444">
         <name>.text:PowerMSP432_sleepPolicy</name>
         <load_address>0x3fb8</load_address>
         <run_address>0x3fb8</run_address>
         <size>0x3a</size>
         <input_file_ref idref="fl-14"/>
      </object_component>
      <object_component id="oc-67f">
         <name>.text:notify</name>
         <load_address>0x3ff4</load_address>
         <run_address>0x3ff4</run_address>
         <size>0x38</size>
         <input_file_ref idref="fl-11"/>
      </object_component>
      <object_component id="oc-4c7">
         <name>.text:prvGetNextExpireTime</name>
         <load_address>0x402c</load_address>
         <run_address>0x402c</run_address>
         <size>0x38</size>
         <input_file_ref idref="fl-18"/>
      </object_component>
      <object_component id="oc-5a5">
         <name>.text:prvTaskExitError</name>
         <load_address>0x4064</load_address>
         <run_address>0x4064</run_address>
         <size>0x38</size>
         <input_file_ref idref="fl-19"/>
      </object_component>
      <object_component id="oc-291">
         <name>.text:GPIO_enableInt</name>
         <load_address>0x409c</load_address>
         <run_address>0x409c</run_address>
         <size>0x34</size>
         <input_file_ref idref="fl-10"/>
      </object_component>
      <object_component id="oc-397">
         <name>.text:SemaphoreP_pend</name>
         <load_address>0x40d0</load_address>
         <run_address>0x40d0</run_address>
         <size>0x34</size>
         <input_file_ref idref="fl-15"/>
      </object_component>
      <object_component id="oc-91">
         <name>.text:_c_int00_noargs:_c_int00_noargs</name>
         <load_address>0x4104</load_address>
         <run_address>0x4104</run_address>
         <size>0x34</size>
         <input_file_ref idref="fl-df"/>
      </object_component>
      <object_component id="oc-607">
         <name>.text:prvSampleTimeNow</name>
         <load_address>0x4138</load_address>
         <run_address>0x4138</run_address>
         <size>0x34</size>
         <input_file_ref idref="fl-18"/>
      </object_component>
      <object_component id="oc-5de">
         <name>.text:vTaskPlaceOnEventList</name>
         <load_address>0x416c</load_address>
         <run_address>0x416c</run_address>
         <size>0x34</size>
         <input_file_ref idref="fl-17"/>
      </object_component>
      <object_component id="oc-6e6">
         <name>.text:CS_clearInterruptFlag</name>
         <load_address>0x41a0</load_address>
         <run_address>0x41a0</run_address>
         <size>0x30</size>
         <input_file_ref idref="fl-21"/>
      </object_component>
      <object_component id="oc-111">
         <name>.text:prvResetNextTaskUnblockTime</name>
         <load_address>0x41d0</load_address>
         <run_address>0x41d0</run_address>
         <size>0x30</size>
         <input_file_ref idref="fl-17"/>
      </object_component>
      <object_component id="oc-4b2">
         <name>.text:vListInitialise</name>
         <load_address>0x4200</load_address>
         <run_address>0x4200</run_address>
         <size>0x30</size>
         <input_file_ref idref="fl-1f"/>
      </object_component>
      <object_component id="oc-337">
         <name>.text:vPortExitCritical</name>
         <load_address>0x4230</load_address>
         <run_address>0x4230</run_address>
         <size>0x30</size>
         <input_file_ref idref="fl-19"/>
      </object_component>
      <object_component id="oc-23b">
         <name>.text:xTaskGetSchedulerState</name>
         <load_address>0x4260</load_address>
         <run_address>0x4260</run_address>
         <size>0x30</size>
         <input_file_ref idref="fl-17"/>
      </object_component>
      <object_component id="oc-385">
         <name>.text:HwiP_disable</name>
         <load_address>0x4290</load_address>
         <run_address>0x4290</run_address>
         <size>0x2c</size>
         <input_file_ref idref="fl-13"/>
      </object_component>
      <object_component id="oc-37f">
         <name>.text:SemaphoreP_createBinary</name>
         <load_address>0x42bc</load_address>
         <run_address>0x42bc</run_address>
         <size>0x2c</size>
         <input_file_ref idref="fl-15"/>
      </object_component>
      <object_component id="oc-24d">
         <name>.text:vTaskSetApplicationTaskTag</name>
         <load_address>0x42e8</load_address>
         <run_address>0x42e8</run_address>
         <size>0x2c</size>
         <input_file_ref idref="fl-17"/>
      </object_component>
      <object_component id="oc-65">
         <name>.text:xPortSysTickHandler</name>
         <load_address>0x4314</load_address>
         <run_address>0x4314</run_address>
         <size>0x2c</size>
         <input_file_ref idref="fl-19"/>
      </object_component>
      <object_component id="oc-4da">
         <name>.text:CS_getMCLK</name>
         <load_address>0x4340</load_address>
         <run_address>0x4340</run_address>
         <size>0x28</size>
         <input_file_ref idref="fl-21"/>
      </object_component>
      <object_component id="oc-4f9">
         <name>.text:HwiP_inISR</name>
         <load_address>0x4368</load_address>
         <run_address>0x4368</run_address>
         <size>0x28</size>
         <input_file_ref idref="fl-13"/>
      </object_component>
      <object_component id="oc-401">
         <name>.text:disableFaultCounter</name>
         <load_address>0x4390</load_address>
         <run_address>0x4390</run_address>
         <size>0x28</size>
         <input_file_ref idref="fl-11"/>
      </object_component>
      <object_component id="oc-685">
         <name>.text:disableHFXT</name>
         <load_address>0x43b8</load_address>
         <run_address>0x43b8</run_address>
         <size>0x28</size>
         <input_file_ref idref="fl-11"/>
      </object_component>
      <object_component id="oc-13b">
         <name>.text:pthread_attr_setschedparam</name>
         <load_address>0x43e0</load_address>
         <run_address>0x43e0</run_address>
         <size>0x28</size>
         <input_file_ref idref="fl-1d"/>
      </object_component>
      <object_component id="oc-5bc">
         <name>.text:xTaskGetApplicationTaskTag</name>
         <load_address>0x4408</load_address>
         <run_address>0x4408</run_address>
         <size>0x28</size>
         <input_file_ref idref="fl-17"/>
      </object_component>
      <object_component id="oc-493">
         <name>.text:_pthread_cleanup_pop</name>
         <load_address>0x4430</load_address>
         <run_address>0x4430</run_address>
         <size>0x26</size>
         <input_file_ref idref="fl-1d"/>
      </object_component>
      <object_component id="oc-5d8">
         <name>.text:prvIsQueueFull</name>
         <load_address>0x4456</load_address>
         <run_address>0x4456</run_address>
         <size>0x26</size>
         <input_file_ref idref="fl-16"/>
      </object_component>
      <object_component id="oc-654">
         <name>.text:prvGetDisinheritPriorityAfterTimeout</name>
         <load_address>0x447c</load_address>
         <run_address>0x447c</run_address>
         <size>0x24</size>
         <input_file_ref idref="fl-16"/>
      </object_component>
      <object_component id="oc-253">
         <name>.text:vQueueDelete</name>
         <load_address>0x44a0</load_address>
         <run_address>0x44a0</run_address>
         <size>0x24</size>
         <input_file_ref idref="fl-16"/>
      </object_component>
      <object_component id="oc-5cc">
         <name>.text:vTaskInternalSetTimeOutState</name>
         <load_address>0x44c4</load_address>
         <run_address>0x44c4</run_address>
         <size>0x24</size>
         <input_file_ref idref="fl-17"/>
      </object_component>
      <object_component id="oc-39d">
         <name>.text:SemaphoreP_post</name>
         <load_address>0x44e8</load_address>
         <run_address>0x44e8</run_address>
         <size>0x22</size>
         <input_file_ref idref="fl-15"/>
      </object_component>
      <object_component id="oc-141">
         <name>.text:pthread_attr_setdetachstate</name>
         <load_address>0x450a</load_address>
         <run_address>0x450a</run_address>
         <size>0x22</size>
         <input_file_ref idref="fl-1d"/>
      </object_component>
      <object_component id="oc-3fb">
         <name>.text:CS_setExternalClockSourceFrequency</name>
         <load_address>0x452c</load_address>
         <run_address>0x452c</run_address>
         <size>0x20</size>
         <input_file_ref idref="fl-21"/>
      </object_component>
      <object_component id="oc-38b">
         <name>.text:HwiP_restore</name>
         <load_address>0x454c</load_address>
         <run_address>0x454c</run_address>
         <size>0x20</size>
         <input_file_ref idref="fl-13"/>
      </object_component>
      <object_component id="oc-648">
         <name>.text:prvIsQueueEmpty</name>
         <load_address>0x456c</load_address>
         <run_address>0x456c</run_address>
         <size>0x20</size>
         <input_file_ref idref="fl-16"/>
      </object_component>
      <object_component id="oc-2cf">
         <name>.text:HwiP_Params_init</name>
         <load_address>0x458c</load_address>
         <run_address>0x458c</run_address>
         <size>0x1e</size>
         <input_file_ref idref="fl-13"/>
      </object_component>
      <object_component id="oc-262">
         <name>.text:_pthread_runStub</name>
         <load_address>0x45aa</load_address>
         <run_address>0x45aa</run_address>
         <size>0x1e</size>
         <input_file_ref idref="fl-1d"/>
      </object_component>
      <object_component id="oc-135">
         <name>.text:pthread_attr_init</name>
         <load_address>0x45c8</load_address>
         <run_address>0x45c8</run_address>
         <size>0x1c</size>
         <input_file_ref idref="fl-1d"/>
      </object_component>
      <object_component id="oc-642">
         <name>.text:pvTaskIncrementMutexHeldCount</name>
         <load_address>0x45e4</load_address>
         <run_address>0x45e4</run_address>
         <size>0x1c</size>
         <input_file_ref idref="fl-17"/>
      </object_component>
      <object_component id="oc-5ec">
         <name>.text:PTLS_taskDeleteHook</name>
         <load_address>0x4600</load_address>
         <run_address>0x4600</run_address>
         <size>0x1a</size>
         <input_file_ref idref="fl-1c"/>
      </object_component>
      <object_component id="oc-359">
         <name>.text:prvTimerTask</name>
         <load_address>0x461a</load_address>
         <run_address>0x461a</run_address>
         <size>0x1a</size>
         <input_file_ref idref="fl-18"/>
      </object_component>
      <object_component id="oc-546">
         <name>.text:SysCtl_A_disableNMISource</name>
         <load_address>0x4634</load_address>
         <run_address>0x4634</run_address>
         <size>0x18</size>
         <input_file_ref idref="fl-24"/>
      </object_component>
      <object_component id="oc-552">
         <name>.text:SysCtl_A_enableNMISource</name>
         <load_address>0x464c</load_address>
         <run_address>0x464c</run_address>
         <size>0x18</size>
         <input_file_ref idref="fl-24"/>
      </object_component>
      <object_component id="oc-4ee">
         <name>.text:Power_idleFunc</name>
         <load_address>0x4664</load_address>
         <run_address>0x4664</run_address>
         <size>0x14</size>
         <input_file_ref idref="fl-11"/>
      </object_component>
      <object_component id="oc-4e3">
         <name>.text:prvDeleteTCB</name>
         <load_address>0x4678</load_address>
         <run_address>0x4678</run_address>
         <size>0x14</size>
         <input_file_ref idref="fl-17"/>
      </object_component>
      <object_component id="oc-147">
         <name>.text:pthread_attr_setstacksize</name>
         <load_address>0x468c</load_address>
         <run_address>0x468c</run_address>
         <size>0x14</size>
         <input_file_ref idref="fl-1d"/>
      </object_component>
      <object_component id="oc-487">
         <name>.text:pthread_self</name>
         <load_address>0x46a0</load_address>
         <run_address>0x46a0</run_address>
         <size>0x14</size>
         <input_file_ref idref="fl-1d"/>
      </object_component>
      <object_component id="oc-1c">
         <name>.text:resetISR</name>
         <load_address>0x46b4</load_address>
         <run_address>0x46b4</run_address>
         <size>0x14</size>
         <input_file_ref idref="fl-1b"/>
      </object_component>
      <object_component id="oc-5b6">
         <name>.text:xTaskGetCurrentTaskHandle</name>
         <load_address>0x46c8</load_address>
         <run_address>0x46c8</run_address>
         <size>0x14</size>
         <input_file_ref idref="fl-17"/>
      </object_component>
      <object_component id="oc-6c3">
         <name>.text:xTaskGetTickCount</name>
         <load_address>0x46dc</load_address>
         <run_address>0x46dc</run_address>
         <size>0x14</size>
         <input_file_ref idref="fl-17"/>
      </object_component>
      <object_component id="oc-540">
         <name>.text:SysCtl_A_getNMISourceStatus</name>
         <load_address>0x46f0</load_address>
         <run_address>0x46f0</run_address>
         <size>0x10</size>
         <input_file_ref idref="fl-24"/>
      </object_component>
      <object_component id="oc-6fd">
         <name>.text:SysCtl_getNMISourceStatus</name>
         <load_address>0x4700</load_address>
         <run_address>0x4700</run_address>
         <size>0x10</size>
         <input_file_ref idref="fl-23"/>
      </object_component>
      <object_component id="oc-46f">
         <name>.text:vListInitialiseItem</name>
         <load_address>0x4710</load_address>
         <run_address>0x4710</run_address>
         <size>0x10</size>
         <input_file_ref idref="fl-1f"/>
      </object_component>
      <object_component id="oc-241">
         <name>.text:vTaskSuspendAll</name>
         <load_address>0x4720</load_address>
         <run_address>0x4720</run_address>
         <size>0x10</size>
         <input_file_ref idref="fl-17"/>
      </object_component>
      <object_component id="oc-15">
         <name>.text:decompress:none:__TI_decompress_none</name>
         <load_address>0x4730</load_address>
         <run_address>0x4730</run_address>
         <size>0xe</size>
         <input_file_ref idref="fl-dd"/>
      </object_component>
      <object_component id="oc-12f">
         <name>.text:Board_init</name>
         <load_address>0x473e</load_address>
         <run_address>0x473e</run_address>
         <size>0xc</size>
         <input_file_ref idref="fl-3"/>
      </object_component>
      <object_component id="oc-580">
         <name>.text:CPU_cpsid</name>
         <load_address>0x474a</load_address>
         <run_address>0x474a</run_address>
         <size>0xc</size>
         <input_file_ref idref="fl-20"/>
      </object_component>
      <object_component id="oc-592">
         <name>.text:CPU_cpsie</name>
         <load_address>0x4756</load_address>
         <run_address>0x4756</run_address>
         <size>0xc</size>
         <input_file_ref idref="fl-20"/>
      </object_component>
      <object_component id="oc-586">
         <name>.text:Power_getConstraintMask</name>
         <load_address>0x4764</load_address>
         <run_address>0x4764</run_address>
         <size>0xc</size>
         <input_file_ref idref="fl-11"/>
      </object_component>
      <object_component id="oc-391">
         <name>.text:SemaphoreP_delete</name>
         <load_address>0x4770</load_address>
         <run_address>0x4770</run_address>
         <size>0xc</size>
         <input_file_ref idref="fl-15"/>
      </object_component>
      <object_component id="oc-46">
         <name>.text:decompress:ZI:__TI_zero_init</name>
         <load_address>0x477c</load_address>
         <run_address>0x477c</run_address>
         <size>0xc</size>
         <input_file_ref idref="fl-dc"/>
      </object_component>
      <object_component id="oc-6b4">
         <name>.text:vTaskMissedYield</name>
         <load_address>0x4788</load_address>
         <run_address>0x4788</run_address>
         <size>0xc</size>
         <input_file_ref idref="fl-17"/>
      </object_component>
      <object_component id="oc-413">
         <name>.text:PowerMSP432_updateFreqs</name>
         <load_address>0x4794</load_address>
         <run_address>0x4794</run_address>
         <size>0xa</size>
         <input_file_ref idref="fl-14"/>
      </object_component>
      <object_component id="oc-107">
         <name>.text:vApplicationStackOverflowHook</name>
         <load_address>0x479e</load_address>
         <run_address>0x479e</run_address>
         <size>0xa</size>
         <input_file_ref idref="fl-4"/>
      </object_component>
      <object_component id="oc-376">
         <name>.text:vPortSuppressTicksAndSleep</name>
         <load_address>0x47a8</load_address>
         <run_address>0x47a8</run_address>
         <size>0xa</size>
         <input_file_ref idref="fl-14"/>
      </object_component>
      <object_component id="oc-df">
         <name>.text:_system_pre_init</name>
         <load_address>0x47b2</load_address>
         <run_address>0x47b2</run_address>
         <size>0x4</size>
         <input_file_ref idref="fl-e1"/>
      </object_component>
      <object_component id="oc-16a">
         <name>.text:abort:abort</name>
         <load_address>0x47b6</load_address>
         <run_address>0x47b6</run_address>
         <size>0x4</size>
         <input_file_ref idref="fl-e3"/>
      </object_component>
      <object_component id="oc-571">
         <name>.const:g_pulRegs</name>
         <load_address>0x47bc</load_address>
         <run_address>0x47bc</run_address>
         <size>0x50</size>
         <input_file_ref idref="fl-22"/>
      </object_component>
      <object_component id="oc-2de">
         <name>.const:PowerMSP432_config</name>
         <load_address>0x480c</load_address>
         <run_address>0x480c</run_address>
         <size>0x38</size>
         <input_file_ref idref="fl-3"/>
      </object_component>
      <object_component id="oc-3a7">
         <name>.const:GPIOMSP432_config</name>
         <load_address>0x4844</load_address>
         <run_address>0x4844</run_address>
         <size>0x14</size>
         <input_file_ref idref="fl-3"/>
      </object_component>
      <object_component id="oc-a9">
         <name>.const</name>
         <load_address>0x4858</load_address>
         <run_address>0x4858</run_address>
         <size>0x8</size>
         <input_file_ref idref="fl-19"/>
      </object_component>
      <object_component id="oc-575">
         <name>.const:g_pulEnRegs</name>
         <load_address>0x4860</load_address>
         <run_address>0x4860</run_address>
         <size>0x8</size>
         <input_file_ref idref="fl-22"/>
      </object_component>
      <object_component id="oc-3b7">
         <name>.const:.string:interruptType</name>
         <load_address>0x4868</load_address>
         <run_address>0x4868</run_address>
         <size>0x6</size>
         <input_file_ref idref="fl-10"/>
      </object_component>
      <object_component id="oc-3ae">
         <name>.const:.string:portInterruptIds</name>
         <load_address>0x486e</load_address>
         <run_address>0x486e</run_address>
         <size>0x6</size>
         <input_file_ref idref="fl-10"/>
      </object_component>
      <object_component id="oc-25f">
         <name>.const</name>
         <load_address>0x4874</load_address>
         <run_address>0x4874</run_address>
         <size>0x4</size>
         <input_file_ref idref="fl-1d"/>
      </object_component>
      <object_component id="oc-27b">
         <name>.const</name>
         <load_address>0x4878</load_address>
         <run_address>0x4878</run_address>
         <size>0x4</size>
         <input_file_ref idref="fl-17"/>
      </object_component>
      <object_component id="oc-343">
         <name>.const:.string</name>
         <load_address>0x487c</load_address>
         <run_address>0x487c</run_address>
         <size>0x2</size>
         <input_file_ref idref="fl-1d"/>
      </object_component>
      <object_component id="oc-75b">
         <name>.cinit..data.load</name>
         <load_address>0x4880</load_address>
         <run_address>0x4880</run_address>
         <size>0x93</size>
      </object_component>
      <object_component id="oc-759">
         <name>__TI_handler_table</name>
         <load_address>0x4914</load_address>
         <run_address>0x4914</run_address>
         <size>0xc</size>
      </object_component>
      <object_component id="oc-75c">
         <name>.cinit..bss.load</name>
         <load_address>0x4920</load_address>
         <run_address>0x4920</run_address>
         <size>0x8</size>
      </object_component>
      <object_component id="oc-75d">
         <name>.cinit..vtable.load</name>
         <load_address>0x4928</load_address>
         <run_address>0x4928</run_address>
         <size>0x8</size>
      </object_component>
      <object_component id="oc-75a">
         <name>__TI_cinit_table</name>
         <load_address>0x4930</load_address>
         <run_address>0x4930</run_address>
         <size>0x18</size>
      </object_component>
      <object_component id="oc-3c3">
         <name>.data</name>
         <load_address>0x20008bbe</load_address>
         <run_address>0x20008bbe</run_address>
         <size>0x1</size>
         <input_file_ref idref="fl-2"/>
      </object_component>
      <object_component id="oc-515">
         <name>.data:gpioPinConfigs</name>
         <load_address>0x20008b9c</load_address>
         <run_address>0x20008b9c</run_address>
         <size>0x10</size>
         <input_file_ref idref="fl-3"/>
      </object_component>
      <object_component id="oc-518">
         <name>.data:gpioCallbackFunctions</name>
         <load_address>0x20008b8c</load_address>
         <run_address>0x20008b8c</run_address>
         <size>0x10</size>
         <input_file_ref idref="fl-3"/>
      </object_component>
      <object_component id="oc-3a4">
         <name>.data</name>
         <load_address>0x20008bbc</load_address>
         <run_address>0x20008bbc</run_address>
         <size>0x2</size>
         <input_file_ref idref="fl-10"/>
      </object_component>
      <object_component id="oc-2db">
         <name>.data:PowerMSP432_module</name>
         <load_address>0x20008b1c</load_address>
         <run_address>0x20008b1c</run_address>
         <size>0x2c</size>
         <input_file_ref idref="fl-11"/>
      </object_component>
      <object_component id="oc-419">
         <name>.data:PowerMSP432_perfLevels</name>
         <load_address>0x200089a8</load_address>
         <run_address>0x200089a8</run_address>
         <size>0x140</size>
         <input_file_ref idref="fl-11"/>
      </object_component>
      <object_component id="oc-432">
         <name>.data:HwiP_dispatchTable</name>
         <load_address>0x200081a8</load_address>
         <run_address>0x200081a8</run_address>
         <size>0x800</size>
         <input_file_ref idref="fl-13"/>
      </object_component>
      <object_component id="oc-57b">
         <name>.data</name>
         <load_address>0x20008bb8</load_address>
         <run_address>0x20008bb8</run_address>
         <size>0x4</size>
         <input_file_ref idref="fl-13"/>
      </object_component>
      <object_component id="oc-a6">
         <name>.data</name>
         <load_address>0x20008ae8</load_address>
         <run_address>0x20008ae8</run_address>
         <size>0x34</size>
         <input_file_ref idref="fl-17"/>
      </object_component>
      <object_component id="oc-353">
         <name>.data</name>
         <load_address>0x20008bac</load_address>
         <run_address>0x20008bac</run_address>
         <size>0xc</size>
         <input_file_ref idref="fl-18"/>
      </object_component>
      <object_component id="oc-366">
         <name>.data</name>
         <load_address>0x20008b60</load_address>
         <run_address>0x20008b60</run_address>
         <size>0x18</size>
         <input_file_ref idref="fl-19"/>
      </object_component>
      <object_component id="oc-221">
         <name>.data:defaultPthreadAttrs</name>
         <load_address>0x20008b78</load_address>
         <run_address>0x20008b78</run_address>
         <size>0x14</size>
         <input_file_ref idref="fl-1d"/>
      </object_component>
      <object_component id="oc-30d">
         <name>.data</name>
         <load_address>0x20008b48</load_address>
         <run_address>0x20008b48</run_address>
         <size>0x18</size>
         <input_file_ref idref="fl-1e"/>
      </object_component>
      <object_component id="oc-3aa">
         <name>.bss:gpioCallbackInfo</name>
         <uninitialized>true</uninitialized>
         <run_address>0x200080c8</run_address>
         <size>0x30</size>
         <input_file_ref idref="fl-10"/>
      </object_component>
      <object_component id="oc-3a3">
         <name>.bss</name>
         <uninitialized>true</uninitialized>
         <run_address>0x200081a4</run_address>
         <size>0x4</size>
         <input_file_ref idref="fl-10"/>
      </object_component>
      <object_component id="oc-10d">
         <name>.bss:pxReadyTasksLists</name>
         <uninitialized>true</uninitialized>
         <run_address>0x20008000</run_address>
         <size>0xc8</size>
         <input_file_ref idref="fl-17"/>
      </object_component>
      <object_component id="oc-5ac">
         <name>.bss:xDelayedTaskList1</name>
         <uninitialized>true</uninitialized>
         <run_address>0x20008120</run_address>
         <size>0x14</size>
         <input_file_ref idref="fl-17"/>
      </object_component>
      <object_component id="oc-5af">
         <name>.bss:xDelayedTaskList2</name>
         <uninitialized>true</uninitialized>
         <run_address>0x20008134</run_address>
         <size>0x14</size>
         <input_file_ref idref="fl-17"/>
      </object_component>
      <object_component id="oc-123">
         <name>.bss</name>
         <uninitialized>true</uninitialized>
         <run_address>0x20008184</run_address>
         <size>0x8</size>
         <input_file_ref idref="fl-17"/>
      </object_component>
      <object_component id="oc-33f">
         <name>.bss:xPendingReadyList</name>
         <uninitialized>true</uninitialized>
         <run_address>0x20008148</run_address>
         <size>0x14</size>
         <input_file_ref idref="fl-17"/>
      </object_component>
      <object_component id="oc-4e9">
         <name>.bss:xTasksWaitingTermination</name>
         <uninitialized>true</uninitialized>
         <run_address>0x20008170</run_address>
         <size>0x14</size>
         <input_file_ref idref="fl-17"/>
      </object_component>
      <object_component id="oc-5b2">
         <name>.bss:xSuspendedTaskList</name>
         <uninitialized>true</uninitialized>
         <run_address>0x2000815c</run_address>
         <size>0x14</size>
         <input_file_ref idref="fl-17"/>
      </object_component>
      <object_component id="oc-4b8">
         <name>.bss:xActiveTimerList1</name>
         <uninitialized>true</uninitialized>
         <run_address>0x200080f8</run_address>
         <size>0x14</size>
         <input_file_ref idref="fl-18"/>
      </object_component>
      <object_component id="oc-4bb">
         <name>.bss:xActiveTimerList2</name>
         <uninitialized>true</uninitialized>
         <run_address>0x2000810c</run_address>
         <size>0x14</size>
         <input_file_ref idref="fl-18"/>
      </object_component>
      <object_component id="oc-4be">
         <name>.bss</name>
         <uninitialized>true</uninitialized>
         <run_address>0x2000818c</run_address>
         <size>0x8</size>
         <input_file_ref idref="fl-18"/>
      </object_component>
      <object_component id="oc-452">
         <name>.bss:ucHeap</name>
         <uninitialized>true</uninitialized>
         <run_address>0x20000000</run_address>
         <size>0x8000</size>
         <input_file_ref idref="fl-1e"/>
      </object_component>
      <object_component id="oc-310">
         <name>.bss:xStart</name>
         <uninitialized>true</uninitialized>
         <run_address>0x2000819c</run_address>
         <size>0x8</size>
         <input_file_ref idref="fl-1e"/>
      </object_component>
      <object_component id="oc-53b">
         <name>.bss</name>
         <uninitialized>true</uninitialized>
         <run_address>0x20008194</run_address>
         <size>0x8</size>
         <input_file_ref idref="fl-21"/>
      </object_component>
      <object_component id="oc-26">
         <name>.stack</name>
         <uninitialized>true</uninitialized>
         <run_address>0x2000fc00</run_address>
         <size>0x4</size>
         <input_file_ref idref="fl-df"/>
      </object_component>
      <object_component id="oc-75e">
         <name>.stack</name>
         <uninitialized>true</uninitialized>
         <run_address>0x2000fc00</run_address>
         <size>0x0</size>
      </object_component>
      <object_component id="oc-23">
         <name>.intvecs:retain</name>
         <load_address>0x0</load_address>
         <run_address>0x0</run_address>
         <size>0x144</size>
         <input_file_ref idref="fl-1b"/>
      </object_component>
      <object_component id="oc-56c">
         <name>.vtable</name>
         <uninitialized>true</uninitialized>
         <run_address>0x20008c00</run_address>
         <size>0xe8</size>
         <input_file_ref idref="fl-22"/>
      </object_component>
      <object_component id="oc-12d">
         <name>.debug_info</name>
         <load_address>0x0</load_address>
         <run_address>0x0</run_address>
         <size>0x3b7</size>
         <input_file_ref idref="fl-2"/>
      </object_component>
      <object_component id="oc-3c4">
         <name>.debug_info</name>
         <load_address>0x3b7</load_address>
         <run_address>0x3b7</run_address>
         <size>0xec</size>
         <input_file_ref idref="fl-2"/>
      </object_component>
      <object_component id="oc-15a">
         <name>.debug_info</name>
         <load_address>0x4a3</load_address>
         <run_address>0x4a3</run_address>
         <size>0x1e9</size>
         <input_file_ref idref="fl-2"/>
      </object_component>
      <object_component id="oc-298">
         <name>.debug_info</name>
         <load_address>0x68c</load_address>
         <run_address>0x68c</run_address>
         <size>0x1c7</size>
         <input_file_ref idref="fl-2"/>
      </object_component>
      <object_component id="oc-cb">
         <name>.debug_info</name>
         <load_address>0x853</load_address>
         <run_address>0x853</run_address>
         <size>0x26b</size>
         <input_file_ref idref="fl-2"/>
      </object_component>
      <object_component id="oc-160">
         <name>.debug_info</name>
         <load_address>0xabe</load_address>
         <run_address>0xabe</run_address>
         <size>0x2ff</size>
         <input_file_ref idref="fl-2"/>
      </object_component>
      <object_component id="oc-20a">
         <name>.debug_info</name>
         <load_address>0xdbd</load_address>
         <run_address>0xdbd</run_address>
         <size>0x436</size>
         <input_file_ref idref="fl-2"/>
      </object_component>
      <object_component id="oc-2f">
         <name>.debug_info</name>
         <load_address>0x11f3</load_address>
         <run_address>0x11f3</run_address>
         <size>0x84</size>
         <input_file_ref idref="fl-2"/>
      </object_component>
      <object_component id="oc-203">
         <name>.debug_info</name>
         <load_address>0x1277</load_address>
         <run_address>0x1277</run_address>
         <size>0x3b</size>
         <input_file_ref idref="fl-2"/>
      </object_component>
      <object_component id="oc-128">
         <name>.debug_info</name>
         <load_address>0x12b2</load_address>
         <run_address>0x12b2</run_address>
         <size>0x297</size>
         <input_file_ref idref="fl-2"/>
      </object_component>
      <object_component id="oc-1fe">
         <name>.debug_info</name>
         <load_address>0x1549</load_address>
         <run_address>0x1549</run_address>
         <size>0xef</size>
         <input_file_ref idref="fl-2"/>
      </object_component>
      <object_component id="oc-c6">
         <name>.debug_info</name>
         <load_address>0x1638</load_address>
         <run_address>0x1638</run_address>
         <size>0xbb</size>
         <input_file_ref idref="fl-2"/>
      </object_component>
      <object_component id="oc-1cf">
         <name>.debug_info</name>
         <load_address>0x16f3</load_address>
         <run_address>0x16f3</run_address>
         <size>0x53</size>
         <input_file_ref idref="fl-2"/>
      </object_component>
      <object_component id="oc-20f">
         <name>.debug_info</name>
         <load_address>0x1746</load_address>
         <run_address>0x1746</run_address>
         <size>0x35</size>
         <input_file_ref idref="fl-2"/>
      </object_component>
      <object_component id="oc-2c8">
         <name>.debug_info</name>
         <load_address>0x177b</load_address>
         <run_address>0x177b</run_address>
         <size>0x39e</size>
         <input_file_ref idref="fl-3"/>
      </object_component>
      <object_component id="oc-516">
         <name>.debug_info</name>
         <load_address>0x1b19</load_address>
         <run_address>0x1b19</run_address>
         <size>0x106</size>
         <input_file_ref idref="fl-3"/>
      </object_component>
      <object_component id="oc-519">
         <name>.debug_info</name>
         <load_address>0x1c1f</load_address>
         <run_address>0x1c1f</run_address>
         <size>0x114</size>
         <input_file_ref idref="fl-3"/>
      </object_component>
      <object_component id="oc-3a8">
         <name>.debug_info</name>
         <load_address>0x1d33</load_address>
         <run_address>0x1d33</run_address>
         <size>0x10c</size>
         <input_file_ref idref="fl-3"/>
      </object_component>
      <object_component id="oc-2df">
         <name>.debug_info</name>
         <load_address>0x1e3f</load_address>
         <run_address>0x1e3f</run_address>
         <size>0x10e</size>
         <input_file_ref idref="fl-3"/>
      </object_component>
      <object_component id="oc-21b">
         <name>.debug_info</name>
         <load_address>0x1f4d</load_address>
         <run_address>0x1f4d</run_address>
         <size>0x152</size>
         <input_file_ref idref="fl-3"/>
      </object_component>
      <object_component id="oc-130">
         <name>.debug_info</name>
         <load_address>0x209f</load_address>
         <run_address>0x209f</run_address>
         <size>0x170</size>
         <input_file_ref idref="fl-3"/>
      </object_component>
      <object_component id="oc-1f9">
         <name>.debug_info</name>
         <load_address>0x220f</load_address>
         <run_address>0x220f</run_address>
         <size>0x9a</size>
         <input_file_ref idref="fl-3"/>
      </object_component>
      <object_component id="oc-3f1">
         <name>.debug_info</name>
         <load_address>0x22a9</load_address>
         <run_address>0x22a9</run_address>
         <size>0x4dc</size>
         <input_file_ref idref="fl-3"/>
      </object_component>
      <object_component id="oc-3f6">
         <name>.debug_info</name>
         <load_address>0x2785</load_address>
         <run_address>0x2785</run_address>
         <size>0xa1</size>
         <input_file_ref idref="fl-3"/>
      </object_component>
      <object_component id="oc-536">
         <name>.debug_info</name>
         <load_address>0x2826</load_address>
         <run_address>0x2826</run_address>
         <size>0xb6</size>
         <input_file_ref idref="fl-3"/>
      </object_component>
      <object_component id="oc-1ea">
         <name>.debug_info</name>
         <load_address>0x28dc</load_address>
         <run_address>0x28dc</run_address>
         <size>0x8b</size>
         <input_file_ref idref="fl-3"/>
      </object_component>
      <object_component id="oc-1da">
         <name>.debug_info</name>
         <load_address>0x2967</load_address>
         <run_address>0x2967</run_address>
         <size>0x644</size>
         <input_file_ref idref="fl-4"/>
      </object_component>
      <object_component id="oc-e6">
         <name>.debug_info</name>
         <load_address>0x2fab</load_address>
         <run_address>0x2fab</run_address>
         <size>0x23b</size>
         <input_file_ref idref="fl-4"/>
      </object_component>
      <object_component id="oc-308">
         <name>.debug_info</name>
         <load_address>0x31e6</load_address>
         <run_address>0x31e6</run_address>
         <size>0x14b</size>
         <input_file_ref idref="fl-4"/>
      </object_component>
      <object_component id="oc-108">
         <name>.debug_info</name>
         <load_address>0x3331</load_address>
         <run_address>0x3331</run_address>
         <size>0x1b8</size>
         <input_file_ref idref="fl-4"/>
      </object_component>
      <object_component id="oc-1ca">
         <name>.debug_info</name>
         <load_address>0x34e9</load_address>
         <run_address>0x34e9</run_address>
         <size>0x315</size>
         <input_file_ref idref="fl-4"/>
      </object_component>
      <object_component id="oc-1d4">
         <name>.debug_info</name>
         <load_address>0x37fe</load_address>
         <run_address>0x37fe</run_address>
         <size>0x48b</size>
         <input_file_ref idref="fl-4"/>
      </object_component>
      <object_component id="oc-1c3">
         <name>.debug_info</name>
         <load_address>0x3c89</load_address>
         <run_address>0x3c89</run_address>
         <size>0x2c</size>
         <input_file_ref idref="fl-4"/>
      </object_component>
      <object_component id="oc-fa">
         <name>.debug_info</name>
         <load_address>0x3cb5</load_address>
         <run_address>0x3cb5</run_address>
         <size>0x53</size>
         <input_file_ref idref="fl-4"/>
      </object_component>
      <object_component id="oc-165">
         <name>.debug_info</name>
         <load_address>0x3d08</load_address>
         <run_address>0x3d08</run_address>
         <size>0x41</size>
         <input_file_ref idref="fl-4"/>
      </object_component>
      <object_component id="oc-2c1">
         <name>.debug_info</name>
         <load_address>0x3d49</load_address>
         <run_address>0x3d49</run_address>
         <size>0xe1</size>
         <input_file_ref idref="fl-4"/>
      </object_component>
      <object_component id="oc-1b9">
         <name>.debug_info</name>
         <load_address>0x3e2a</load_address>
         <run_address>0x3e2a</run_address>
         <size>0x14c</size>
         <input_file_ref idref="fl-4"/>
      </object_component>
      <object_component id="oc-127">
         <name>.debug_info</name>
         <load_address>0x3f76</load_address>
         <run_address>0x3f76</run_address>
         <size>0x7d2</size>
         <input_file_ref idref="fl-10"/>
      </object_component>
      <object_component id="oc-3b8">
         <name>.debug_info</name>
         <load_address>0x4748</load_address>
         <run_address>0x4748</run_address>
         <size>0x114</size>
         <input_file_ref idref="fl-10"/>
      </object_component>
      <object_component id="oc-3af">
         <name>.debug_info</name>
         <load_address>0x485c</load_address>
         <run_address>0x485c</run_address>
         <size>0x11a</size>
         <input_file_ref idref="fl-10"/>
      </object_component>
      <object_component id="oc-3ab">
         <name>.debug_info</name>
         <load_address>0x4976</load_address>
         <run_address>0x4976</run_address>
         <size>0x11a</size>
         <input_file_ref idref="fl-10"/>
      </object_component>
      <object_component id="oc-3a5">
         <name>.debug_info</name>
         <load_address>0x4a90</load_address>
         <run_address>0x4a90</run_address>
         <size>0x148</size>
         <input_file_ref idref="fl-10"/>
      </object_component>
      <object_component id="oc-3b3">
         <name>.debug_info</name>
         <load_address>0x4bd8</load_address>
         <run_address>0x4bd8</run_address>
         <size>0x1ee</size>
         <input_file_ref idref="fl-10"/>
      </object_component>
      <object_component id="oc-3bf">
         <name>.debug_info</name>
         <load_address>0x4dc6</load_address>
         <run_address>0x4dc6</run_address>
         <size>0x1f0</size>
         <input_file_ref idref="fl-10"/>
      </object_component>
      <object_component id="oc-287">
         <name>.debug_info</name>
         <load_address>0x4fb6</load_address>
         <run_address>0x4fb6</run_address>
         <size>0x32f</size>
         <input_file_ref idref="fl-10"/>
      </object_component>
      <object_component id="oc-28c">
         <name>.debug_info</name>
         <load_address>0x52e5</load_address>
         <run_address>0x52e5</run_address>
         <size>0x206</size>
         <input_file_ref idref="fl-10"/>
      </object_component>
      <object_component id="oc-280">
         <name>.debug_info</name>
         <load_address>0x54eb</load_address>
         <run_address>0x54eb</run_address>
         <size>0x253</size>
         <input_file_ref idref="fl-10"/>
      </object_component>
      <object_component id="oc-293">
         <name>.debug_info</name>
         <load_address>0x573e</load_address>
         <run_address>0x573e</run_address>
         <size>0x1c9</size>
         <input_file_ref idref="fl-10"/>
      </object_component>
      <object_component id="oc-1ef">
         <name>.debug_info</name>
         <load_address>0x5907</load_address>
         <run_address>0x5907</run_address>
         <size>0x100</size>
         <input_file_ref idref="fl-10"/>
      </object_component>
      <object_component id="oc-1e5">
         <name>.debug_info</name>
         <load_address>0x5a07</load_address>
         <run_address>0x5a07</run_address>
         <size>0xf8</size>
         <input_file_ref idref="fl-10"/>
      </object_component>
      <object_component id="oc-1f4">
         <name>.debug_info</name>
         <load_address>0x5aff</load_address>
         <run_address>0x5aff</run_address>
         <size>0x9d</size>
         <input_file_ref idref="fl-10"/>
      </object_component>
      <object_component id="oc-c1">
         <name>.debug_info</name>
         <load_address>0x5b9c</load_address>
[...]
      </symbol>
      <symbol id="sm-2dd">
         <name>HwiP_restore</name>
         <value>0x454d</value>
         <object_component_ref idref="oc-38b"/>
      </symbol>
      <symbol id="sm-304">
         <name>PowerMSP432_initPolicy</name>
         <value>0x1d4b</value>
         <object_component_ref idref="oc-43e"/>
      </symbol>
      <symbol id="sm-305">
         <name>PowerMSP432_updateFreqs</name>
         <value>0x4795</value>
         <object_component_ref idref="oc-413"/>
      </symbol>
      <symbol id="sm-306">
         <name>PowerMSP432_sleepPolicy</name>
         <value>0x3fb9</value>
         <object_component_ref idref="oc-444"/>
      </symbol>
      <symbol id="sm-307">
         <name>vPortSuppressTicksAndSleep</name>
         <value>0x47a9</value>
         <object_component_ref idref="oc-376"/>
      </symbol>
      <symbol id="sm-33d">
         <name>SemaphoreP_post</name>
         <value>0x44e9</value>
         <object_component_ref idref="oc-39d"/>
      </symbol>
      <symbol id="sm-33e">
         <name>SemaphoreP_pend</name>
         <value>0x40d1</value>
         <object_component_ref idref="oc-397"/>
      </symbol>
      <symbol id="sm-33f">
         <name>SemaphoreP_delete</name>
         <value>0x4771</value>
         <object_component_ref idref="oc-391"/>
      </symbol>
      <symbol id="sm-340">
         <name>SemaphoreP_createBinary</name>
         <value>0x42bd</value>
         <object_component_ref idref="oc-37f"/>
      </symbol>
      <symbol id="sm-4a2">
         <name>xQueueGenericSendFromISR</name>
         <value>0x12c9</value>
         <object_component_ref idref="oc-6d8"/>
      </symbol>
      <symbol id="sm-4a3">
         <name>xQueueGenericCreate</name>
         <value>0x2be1</value>
         <object_component_ref idref="oc-22f"/>
      </symbol>
      <symbol id="sm-4a4">
         <name>xQueueGenericSend</name>
         <value>0x899</value>
         <object_component_ref idref="oc-49f"/>
      </symbol>
      <symbol id="sm-4a5">
         <name>xQueueGenericReset</name>
         <value>0x2719</value>
         <object_component_ref idref="oc-468"/>
      </symbol>
      <symbol id="sm-4a6">
         <name>xQueueReceiveFromISR</name>
         <value>0x1c55</value>
         <object_component_ref idref="oc-4ff"/>
      </symbol>
      <symbol id="sm-4a7">
         <name>xQueueSemaphoreTake</name>
         <value>0x6c5</value>
         <object_component_ref idref="oc-505"/>
      </symbol>
      <symbol id="sm-4a8">
         <name>xQueueGiveFromISR</name>
         <value>0x1745</value>
         <object_component_ref idref="oc-50c"/>
      </symbol>
      <symbol id="sm-4a9">
         <name>vQueueWaitForMessageRestricted</name>
         <value>0x3ae9</value>
         <object_component_ref idref="oc-60f"/>
      </symbol>
      <symbol id="sm-4aa">
         <name>vQueueDelete</name>
         <value>0x44a1</value>
         <object_component_ref idref="oc-253"/>
      </symbol>
      <symbol id="sm-4ab">
         <name>xQueueReceive</name>
         <value>0xbfd</value>
         <object_component_ref idref="oc-622"/>
      </symbol>
      <symbol id="sm-753">
         <name>vTaskSuspendAll</name>
         <value>0x4721</value>
         <object_component_ref idref="oc-241"/>
      </symbol>
      <symbol id="sm-754">
         <name>vTaskPlaceOnEventList</name>
         <value>0x416d</value>
         <object_component_ref idref="oc-5de"/>
      </symbol>
      <symbol id="sm-755">
         <name>pvTaskGetThreadLocalStoragePointer</name>
         <value>0x3f41</value>
         <object_component_ref idref="oc-6bb"/>
      </symbol>
      <symbol id="sm-756">
         <name>xTaskCheckForTimeOut</name>
         <value>0x27d1</value>
         <object_component_ref idref="oc-5d2"/>
      </symbol>
      <symbol id="sm-757">
         <name>xTaskPriorityDisinherit</name>
         <value>0x234d</value>
         <object_component_ref idref="oc-69d"/>
      </symbol>
      <symbol id="sm-758">
         <name>vTaskStartScheduler</name>
         <value>0x2e69</value>
         <object_component_ref idref="oc-153"/>
      </symbol>
      <symbol id="sm-759">
         <name>vTaskInternalSetTimeOutState</name>
         <value>0x44c5</value>
         <object_component_ref idref="oc-5cc"/>
      </symbol>
      <symbol id="sm-75a">
         <name>pvTaskIncrementMutexHeldCount</name>
         <value>0x45e5</value>
         <object_component_ref idref="oc-642"/>
      </symbol>
      <symbol id="sm-75b">
         <name>vTaskPriorityDisinheritAfterTimeout</name>
         <value>0x1959</value>
         <object_component_ref idref="oc-65a"/>
      </symbol>
      <symbol id="sm-75c">
         <name>xTaskCreate</name>
         <value>0x3399</value>
         <object_component_ref idref="oc-247"/>
      </symbol>
      <symbol id="sm-75d">
         <name>vTaskMissedYield</name>
         <value>0x4789</value>
         <object_component_ref idref="oc-6b4"/>
      </symbol>
      <symbol id="sm-75e">
         <name>xTaskResumeAll</name>
         <value>0x1511</value>
         <object_component_ref idref="oc-259"/>
      </symbol>
      <symbol id="sm-75f">
         <name>vTaskSetApplicationTaskTag</name>
         <value>0x42e9</value>
         <object_component_ref idref="oc-24d"/>
      </symbol>
      <symbol id="sm-760">
         <name>xTaskGetTickCount</name>
         <value>0x46dd</value>
         <object_component_ref idref="oc-6c3"/>
      </symbol>
      <symbol id="sm-761">
         <name>vTaskDelete</name>
         <value>0x1a5d</value>
         <object_component_ref idref="oc-4ab"/>
      </symbol>
      <symbol id="sm-762">
         <name>xTaskGetApplicationTaskTag</name>
         <value>0x4409</value>
         <object_component_ref idref="oc-5bc"/>
      </symbol>
      <symbol id="sm-763">
         <name>pxCurrentTCB</name>
         <value>0x20008ae8</value>
         <object_component_ref idref="oc-a6"/>
      </symbol>
      <symbol id="sm-764">
         <name>vTaskSuspend</name>
         <value>0x162d</value>
         <object_component_ref idref="oc-4a5"/>
      </symbol>
      <symbol id="sm-765">
         <name>uxTopUsedPriority</name>
         <value>0x4878</value>
         <object_component_ref idref="oc-27b"/>
      </symbol>
      <symbol id="sm-766">
         <name>vTaskPlaceOnEventListRestricted</name>
         <value>0x3e85</value>
         <object_component_ref idref="oc-6d0"/>
      </symbol>
      <symbol id="sm-767">
         <name>xTaskIncrementTick</name>
         <value>0x1051</value>
         <object_component_ref idref="oc-b3"/>
      </symbol>
      <symbol id="sm-768">
         <name>vTaskSwitchContext</name>
         <value>0x1fed</value>
         <object_component_ref idref="oc-ac"/>
      </symbol>
      <symbol id="sm-769">
         <name>xTaskGetSchedulerState</name>
         <value>0x4261</value>
         <object_component_ref idref="oc-23b"/>
      </symbol>
      <symbol id="sm-76a">
         <name>xTaskGetCurrentTaskHandle</name>
         <value>0x46c9</value>
         <object_component_ref idref="oc-5b6"/>
      </symbol>
      <symbol id="sm-76b">
         <name>xTaskRemoveFromEventList</name>
         <value>0x2c89</value>
         <object_component_ref idref="oc-59d"/>
      </symbol>
      <symbol id="sm-76c">
         <name>xTaskPriorityInherit</name>
         <value>0x21a5</value>
         <object_component_ref idref="oc-64e"/>
      </symbol>
      <symbol id="sm-850">
         <name>xTimerCreateTimerTask</name>
         <value>0x3bf1</value>
         <object_component_ref idref="oc-269"/>
      </symbol>
      <symbol id="sm-851">
         <name>xTimerGenericCommand</name>
         <value>0x30a5</value>
         <object_component_ref idref="oc-61c"/>
      </symbol>
      <symbol id="sm-8e4">
         <name>ulMaxSyscallInterruptPriority</name>
         <value>0x4858</value>
         <object_component_ref idref="oc-a9"/>
      </symbol>
      <symbol id="sm-8e5">
         <name>vPortSetupTimerInterrupt</name>
         <value>0x348d</value>
         <object_component_ref idref="oc-360"/>
      </symbol>
      <symbol id="sm-8e6">
         <name>xPortSysTickHandler</name>
         <value>0x4315</value>
         <object_component_ref idref="oc-65"/>
      </symbol>
      <symbol id="sm-8e7">
         <name>vPortValidateInterruptPriority</name>
         <value>0x3579</value>
         <object_component_ref idref="oc-635"/>
      </symbol>
      <symbol id="sm-8e8">
         <name>pxPortInitialiseStack</name>
         <value>0x3975</value>
         <object_component_ref idref="oc-475"/>
      </symbol>
      <symbol id="sm-8e9">
         <name>vPortExitCritical</name>
         <value>0x4231</value>
         <object_component_ref idref="oc-337"/>
      </symbol>
      <symbol id="sm-8ea">
         <name>xPortStartScheduler</name>
         <value>0x227d</value>
         <object_component_ref idref="oc-26f"/>
      </symbol>
      <symbol id="sm-8eb">
         <name>vPortEnterCritical</name>
         <value>0x3cdd</value>
         <object_component_ref idref="oc-331"/>
      </symbol>
      <symbol id="sm-8fa">
         <name>vPortStartFirstTask</name>
         <value>0x2171</value>
         <object_component_ref idref="oc-60"/>
      </symbol>
      <symbol id="sm-8fb">
         <name>ulPortGetIPSR</name>
         <value>0x20d9</value>
         <object_component_ref idref="oc-60"/>
      </symbol>
      <symbol id="sm-8fc">
         <name>vPortEnableVFP</name>
         <value>0x2195</value>
         <object_component_ref idref="oc-60"/>
      </symbol>
      <symbol id="sm-8fd">
         <name>xPortPendSVHandler</name>
         <value>0x20f1</value>
         <object_component_ref idref="oc-60"/>
      </symbol>
      <symbol id="sm-8fe">
         <name>vPortSVCHandler</name>
         <value>0x2151</value>
         <object_component_ref idref="oc-60"/>
      </symbol>
      <symbol id="sm-931">
         <name>resetISR</name>
         <value>0x46b5</value>
         <object_component_ref idref="oc-1c"/>
      </symbol>
      <symbol id="sm-932">
         <name>interruptVectors</name>
         <value>0x0</value>
         <object_component_ref idref="oc-23"/>
      </symbol>
      <symbol id="sm-940">
         <name>PTLS_taskDeleteHook</name>
         <value>0x4601</value>
         <object_component_ref idref="oc-5ec"/>
      </symbol>
      <symbol id="sm-9e7">
         <name>pthread_create</name>
         <value>0x1191</value>
         <object_component_ref idref="oc-14d"/>
      </symbol>
      <symbol id="sm-9e8">
         <name>pthread_attr_init</name>
         <value>0x45c9</value>
         <object_component_ref idref="oc-135"/>
      </symbol>
      <symbol id="sm-9e9">
         <name>pthread_self</name>
         <value>0x46a1</value>
         <object_component_ref idref="oc-487"/>
      </symbol>
      <symbol id="sm-9ea">
         <name>pthread_attr_setschedparam</name>
         <value>0x43e1</value>
         <object_component_ref idref="oc-13b"/>
      </symbol>
      <symbol id="sm-9eb">
         <name>pthread_attr_setdetachstate</name>
         <value>0x450b</value>
         <object_component_ref idref="oc-141"/>
      </symbol>
      <symbol id="sm-9ec">
         <name>pthread_attr_setstacksize</name>
         <value>0x468d</value>
         <object_component_ref idref="oc-147"/>
      </symbol>
      <symbol id="sm-9ed">
         <name>pthread_setcancelstate</name>
         <value>0x3ec5</value>
         <object_component_ref idref="oc-48d"/>
      </symbol>
      <symbol id="sm-9ee">
         <name>_pthread_cleanup_pop</name>
         <value>0x4431</value>
         <object_component_ref idref="oc-493"/>
      </symbol>
      <symbol id="sm-9ef">
         <name>pthread_exit</name>
         <value>0x3a8d</value>
         <object_component_ref idref="oc-346"/>
      </symbol>
      <symbol id="sm-a70">
         <name>pvPortMalloc</name>
         <value>0xa51</value>
         <object_component_ref idref="oc-229"/>
      </symbol>
      <symbol id="sm-a71">
         <name>vPortFree</name>
         <value>0x2b39</value>
         <object_component_ref idref="oc-235"/>
      </symbol>
      <symbol id="sm-aa3">
         <name>uxListRemove</name>
         <value>0x3d71</value>
         <object_component_ref idref="oc-117"/>
      </symbol>
      <symbol id="sm-aa4">
         <name>vListInsert</name>
         <value>0x36bd</value>
         <object_component_ref idref="oc-6a7"/>
      </symbol>
      <symbol id="sm-aa5">
         <name>vListInitialiseItem</name>
         <value>0x4711</value>
         <object_component_ref idref="oc-46f"/>
      </symbol>
      <symbol id="sm-aa6">
         <name>vListInsertEnd</name>
         <value>0x3f7d</value>
         <object_component_ref idref="oc-11d"/>
      </symbol>
      <symbol id="sm-aa7">
         <name>vListInitialise</name>
         <value>0x4201</value>
         <object_component_ref idref="oc-4b2"/>
      </symbol>
      <symbol id="sm-ac1">
         <name>CPU_cpsie</name>
         <value>0x4757</value>
         <object_component_ref idref="oc-592"/>
      </symbol>
      <symbol id="sm-ac2">
         <name>CPU_cpsid</name>
         <value>0x474b</value>
         <object_component_ref idref="oc-580"/>
      </symbol>
      <symbol id="sm-bac">
         <name>CS_getMCLK</name>
         <value>0x4341</value>
         <object_component_ref idref="oc-4da"/>
      </symbol>
      <symbol id="sm-bad">
         <name>CS_clearInterruptFlag</name>
         <value>0x41a1</value>
         <object_component_ref idref="oc-6e6"/>
      </symbol>
      <symbol id="sm-bae">
         <name>CS_getDCOFrequency</name>
         <value>0x1b5d</value>
         <object_component_ref idref="oc-6ec"/>
      </symbol>
      <symbol id="sm-baf">
         <name>CS_setExternalClockSourceFrequency</name>
         <value>0x452d</value>
         <object_component_ref idref="oc-3fb"/>
      </symbol>
      <symbol id="sm-bb0">
         <name>CS_startHFXTWithTimeout</name>
         <value>0x1d4d</value>
         <object_component_ref idref="oc-407"/>
      </symbol>
      <symbol id="sm-bb1">
         <name>CS_startLFXTWithTimeout</name>
         <value>0x1e31</value>
         <object_component_ref idref="oc-40d"/>
      </symbol>
      <symbol id="sm-bf2">
         <name>Interrupt_setPriority</name>
         <value>0x3b9d</value>
         <object_component_ref idref="oc-426"/>
      </symbol>
      <symbol id="sm-bf3">
         <name>Interrupt_enableInterrupt</name>
         <value>0x3129</value>
         <object_component_ref idref="oc-42c"/>
      </symbol>
      <symbol id="sm-bf4">
         <name>Interrupt_registerInterrupt</name>
         <value>0x39d5</value>
         <object_component_ref idref="oc-420"/>
      </symbol>
      <symbol id="sm-bf5">
         <name>g_pfnRAMVectors</name>
         <value>0x20008c00</value>
         <object_component_ref idref="oc-56c"/>
      </symbol>
      <symbol id="sm-c01">
         <name>SysCtl_getNMISourceStatus</name>
         <value>0x4701</value>
         <object_component_ref idref="oc-6fd"/>
      </symbol>
      <symbol id="sm-c35">
         <name>SysCtl_A_enableNMISource</name>
         <value>0x464d</value>
         <object_component_ref idref="oc-552"/>
      </symbol>
      <symbol id="sm-c36">
         <name>SysCtl_A_getTLVInfo</name>
         <value>0x2f05</value>
         <object_component_ref idref="oc-711"/>
      </symbol>
      <symbol id="sm-c37">
         <name>SysCtl_A_getNMISourceStatus</name>
         <value>0x46f1</value>
         <object_component_ref idref="oc-540"/>
      </symbol>
      <symbol id="sm-c38">
         <name>SysCtl_A_disableNMISource</name>
         <value>0x4635</value>
         <object_component_ref idref="oc-546"/>
      </symbol>
      <symbol id="sm-c53">
         <name>memcpy</name>
         <value>0x2dcd</value>
         <object_component_ref idref="oc-34"/>
      </symbol>
      <symbol id="sm-c54">
         <name>__aeabi_memcpy</name>
         <value>0x2dcd</value>
         <object_component_ref idref="oc-34"/>
      </symbol>
      <symbol id="sm-c55">
         <name>__aeabi_memcpy8</name>
         <value>0x2dcd</value>
         <object_component_ref idref="oc-34"/>
      </symbol>
      <symbol id="sm-c56">
         <name>__aeabi_memcpy4</name>
         <value>0x2dcd</value>
         <object_component_ref idref="oc-34"/>
      </symbol>
      <symbol id="sm-c65">
         <name>__aeabi_memset</name>
         <value>0x3321</value>
         <object_component_ref idref="oc-85"/>
      </symbol>
      <symbol id="sm-c66">
         <name>memset</name>
         <value>0x3327</value>
         <object_component_ref idref="oc-85"/>
      </symbol>
      <symbol id="sm-c67">
         <name>__aeabi_memset8</name>
         <value>0x3321</value>
         <object_component_ref idref="oc-85"/>
      </symbol>
      <symbol id="sm-c68">
         <name>__aeabi_memset4</name>
         <value>0x3321</value>
         <object_component_ref idref="oc-85"/>
      </symbol>
      <symbol id="sm-c69">
         <name>__aeabi_memclr8</name>
         <value>0x331f</value>
         <object_component_ref idref="oc-85"/>
      </symbol>
      <symbol id="sm-c6a">
         <name>__aeabi_memclr4</name>
         <value>0x331f</value>
         <object_component_ref idref="oc-85"/>
      </symbol>
      <symbol id="sm-c6b">
         <name>__aeabi_memclr</name>
         <value>0x331f</value>
         <object_component_ref idref="oc-85"/>
      </symbol>
      <symbol id="sm-c82">
         <name>__TI_zero_init</name>
         <value>0x477d</value>
         <object_component_ref idref="oc-46"/>
      </symbol>
      <symbol id="sm-c99">
         <name>__TI_decompress_none</name>
         <value>0x4731</value>
         <object_component_ref idref="oc-15"/>
      </symbol>
      <symbol id="sm-cbc">
         <name>__TI_decompress_lzss</name>
         <value>0x3655</value>
         <object_component_ref idref="oc-f"/>
      </symbol>
      <symbol id="sm-ccf">
         <name>__stack</name>
         <value>0x2000fc00</value>
         <object_component_ref idref="oc-26"/>
      </symbol>
      <symbol id="sm-cd0">
         <name>_c_int00_noargs</name>
         <value>0x4105</value>
         <object_component_ref idref="oc-91"/>
      </symbol>
      <symbol id="sm-cf8">
         <name>__TI_auto_init_nobinit_nopinit</name>
         <value>0x3db9</value>
         <object_component_ref idref="oc-176"/>
      </symbol>
      <symbol id="sm-d02">
         <name>_system_pre_init</name>
         <value>0x47b3</value>
         <object_component_ref idref="oc-df"/>
      </symbol>
      <symbol id="sm-d0e">
         <name>C$$EXIT</name>
         <value>0x47b7</value>
         <object_component_ref idref="oc-16a"/>
      </symbol>
      <symbol id="sm-d0f">
         <name>abort</name>
         <value>0x47b7</value>
         <object_component_ref idref="oc-16a"/>
      </symbol>
      <symbol id="sm-d12">
         <name>__TI_static_base__</name>
         <value>0x4880</value>
      </symbol>
      <symbol id="sm-d15">
         <name>__mpu_init</name>
         <value>0x0</value>
      </symbol>
      <symbol id="sm-d16">
         <name>_system_post_cinit</name>
         <value>0x0</value>
      </symbol>
   </symbol_table>
   <title>Link successful</title>
</link_info>
