******************************************************************************
                  TI ARM Linker PC v18.12.4                    
******************************************************************************
>> Linked Thu Jan  7 11:05:41 2021

OUTPUT FILE NAME:   <empty_MSP_EXP432P401R_freertos_ccs.out>
ENTRY POINT SYMBOL: "resetISR"  address: 00005349


MEMORY CONFIGURATION

         name            origin    length      used     unused   attr    fill
----------------------  --------  ---------  --------  --------  ----  --------
  MAIN                  00000000   00040000  00005691  0003a96f  R  X
  INFO                  00200000   00004000  00000000  00004000  R  X
  SRAM_CODE             01000000   00010000  000091cb  00006e35  RW X
  SRAM_DATA             20000000   00010000  000091cb  00006e35  RW  


SEGMENT ALLOCATION MAP

run origin  load origin   length   init length attrs members
----------  ----------- ---------- ----------- ----- -------
00000000    00000000    00005698   00005698    r-x
  00000000    00000000    00000144   00000144    r-- .intvecs
  00000144    00000144    00005362   00005362    r-x .text
  000054a8    000054a8    00000123   00000123    r-- .const
  000055d0    000055d0    000000c8   000000c8    r-- .cinit
20000000    20000000    00008ce3   00000000    rw-
  20000000    20000000    000081bc   00000000    rw- .bss
  200081bc    200081bc    00000b27   00000000    rw- .data
20009000    20009000    000000e8   00000000    rw-
  20009000    20009000    000000e8   00000000    rw- .vtable
2000fc00    2000fc00    00000400   00000000    rw-
  2000fc00    2000fc00    00000400   00000000    rw- .stack


SECTION ALLOCATION MAP

 output                                  attributes/
section   page    origin      length       input sections
--------  ----  ----------  ----------   ----------------
.text      0    00000144    00005362     
                  00000144    000002f8     drivers_msp432p401x.aem4f : PowerMSP432.oem4f (.text:Power_sleep)
                  0000043c    00000288                               : PowerMSP432.oem4f (.text:initPerfControl)
                  000006c4    00000208                               : PWMTimerMSP432.oem4f (.text:PWMTimerMSP432_open)
                  000008cc    000001d4     freertos_builds_MSP_EXP432P401R_release_ccs.lib : queue.obj (.text:xQueueSemaphoreTake)
                  00000aa0    000001b8                                                     : queue.obj (.text:xQueueGenericSend)
                  00000c58    000001ac                                                     : heap_4.obj (.text:pvPortMalloc)
                  00000e04    00000180                                                     : queue.obj (.text:xQueueReceive)
                  00000f84    00000170     drivers_msp432p401x.aem4f : GPIOMSP432.oem4f (.text:GPIO_setConfig)
                  000010f4    00000164     freertos_builds_MSP_EXP432P401R_release_ccs.lib : timers.obj (.text:prvProcessReceivedCommands)
                  00001258    00000140                                                     : tasks.obj (.text:xTaskIncrementTick)
                  00001398    00000138                                                     : pthread.obj (.text:pthread_create)
                  000014d0    00000128                                                     : queue.obj (.text:xQueueGenericSendFromISR)
                  000015f8    00000120                                                     : tasks.obj (.text:prvInitialiseNewTask)
                  00001718    0000011c                                                     : tasks.obj (.text:xTaskResumeAll)
                  00001834    00000118                                                     : tasks.obj (.text:vTaskSuspend)
                  0000194c    00000114     drivers_msp432p401x.aem4f : PWMTimerMSP432.oem4f (.text:PWMTimerMSP432_setPeriod)
                  00001a60    0000010e     freertos_builds_MSP_EXP432P401R_release_ccs.lib : queue.obj (.text:xQueueGiveFromISR)
                  00001b6e    00000002     ti_drivers_config.obj (.text:Board_initHook)
                  00001b70    00000104     msp432p4xx_driverlib.lib : cs.o (.text:_CSComputeCLKFrequency)
                  00001c74    00000104     freertos_builds_MSP_EXP432P401R_release_ccs.lib : tasks.obj (.text:vTaskPriorityDisinheritAfterTimeout)
                  00001d78    00000100                                                     : tasks.obj (.text:vTaskDelete)
                  00001e78    000000f8     msp432p4xx_driverlib.lib : cs.o (.text:CS_getDCOFrequency)
                  00001f70    000000f6     freertos_builds_MSP_EXP432P401R_release_ccs.lib : queue.obj (.text:xQueueReceiveFromISR)
                  00002066    00000002     drivers_msp432p401x.aem4f : PWMTimerMSP432.oem4f (.text:PWMTimerMSP432_init)
                  00002068    000000e4     msp432p4xx_driverlib.lib : cs.o (.text:CS_startHFXTWithTimeout)
                  0000214c    000000e0                              : cs.o (.text:CS_startLFXTWithTimeout)
                  0000222c    000000dc                              : cs.o (.text:_CSGetHFXTFrequency)
                  00002308    000000dc     freertos_builds_MSP_EXP432P401R_release_ccs.lib : tasks.obj (.text:vTaskSwitchContext)
                  000023e4    000000da                                                     : portasm.obj (.text)
                  000024be    00000002                                                     : PowerMSP432_freertos.obj (.text:PowerMSP432_initPolicy)
                  000024c0    000000d8                                                     : tasks.obj (.text:xTaskPriorityInherit)
                  00002598    000000d4     empty.obj (.text:mainThread)
                  0000266c    000000d0     freertos_builds_MSP_EXP432P401R_release_ccs.lib : port.obj (.text:xPortStartScheduler)
                  0000273c    000000d0                                                     : tasks.obj (.text:xTaskPriorityDisinherit)
                  0000280c    000000c4                                                     : tasks.obj (.text:prvAddNewTaskToReadyList)
                  000028d0    000000be                                                     : queue.obj (.text:prvCopyDataToQueue)
                  0000298e    00000002                                                     : startup_msp432_ccs.obj (.text:defaultISR)
                  00002990    000000bc                                                     : heap_4.obj (.text:prvHeapInit)
                  00002a4c    000000bc                                                     : timers.obj (.text:prvSwitchTimerLists)
                  00002b08    000000b8                                                     : queue.obj (.text:xQueueGenericReset)
                  00002bc0    000000b4                                                     : tasks.obj (.text:xTaskCheckForTimeOut)
                  00002c74    000000b0                                                     : tasks.obj (.text:prvAddCurrentTaskToDelayedList)
                  00002d24    000000ae                                                     : queue.obj (.text:prvUnlockQueue)
                  00002dd2    00000002                                                     : startup_msp432_ccs.obj (.text:faultISR)
                  00002dd4    000000ac     drivers_msp432p401x.aem4f : GPIOMSP432.oem4f (.text:GPIO_init)
                  00002e80    000000a8     freertos_builds_MSP_EXP432P401R_release_ccs.lib : heap_4.obj (.text:prvInsertBlockIntoFreeList)
                  00002f28    000000a8                                                     : heap_4.obj (.text:vPortFree)
                  00002fd0    000000a8                                                     : queue.obj (.text:xQueueGenericCreate)
                  00003078    000000a8                                                     : tasks.obj (.text:xTaskRemoveFromEventList)
                  00003120    000000a4     drivers_msp432p401x.aem4f : PWMTimerMSP432.oem4f (.text:PWMTimerMSP432_stop)
                  000031c4    0000009c                               : PowerMSP432.oem4f (.text:Power_init)
                  00003260    0000009c     rtsv7M4_T_le_v4SPD16_eabi.lib : memcpy_t2.asm.obj (.text)
                  000032fc    0000009c     freertos_builds_MSP_EXP432P401R_release_ccs.lib : tasks.obj (.text:vTaskStartScheduler)
                  00003398    00000096     rtsv7M4_T_le_v4SPD16_eabi.lib : ull_div_t2.asm.obj (.text)
                  0000342e    00000002     freertos_builds_MSP_EXP432P401R_release_ccs.lib : startup_msp432_ccs.obj (.text:nmiISR)
                  00003430    00000094     drivers_msp432p401x.aem4f : PWMTimerMSP432.oem4f (.text:PWMTimerMSP432_setDuty)
                  000034c4    00000094     msp432p4xx_driverlib.lib : sysctl_a.o (.text:SysCtl_A_getTLVInfo)
                  00003558    00000088     drivers_msp432p401x.aem4f : PWMTimerMSP432.oem4f (.text:PWMTimerMSP432_close)
                  000035e0    00000088     freertos_builds_MSP_EXP432P401R_release_ccs.lib : timers.obj (.text:prvProcessTimerOrBlockTask)
                  00003668    00000084     drivers_msp432p401x.aem4f : PWMTimerMSP432.oem4f (.text:PWMTimerMSP432_start)
                  000036ec    00000084                               : PowerMSP432.oem4f (.text:restartHFXT)
                  00003770    00000084     freertos_builds_MSP_EXP432P401R_release_ccs.lib : timers.obj (.text:xTimerGenericCommand)
                  000037f4    00000080     msp432p4xx_driverlib.lib : interrupt.o (.text:Interrupt_enableInterrupt)
                  00003874    00000080     freertos_builds_MSP_EXP432P401R_release_ccs.lib : timers.obj (.text:prvProcessExpiredTimer)
                  000038f4    0000007c     msp432p4xx_driverlib.lib : cs.o (.text:_CSGetDOCFrequency)
                  00003970    0000007c     drivers_msp432p401x.aem4f : PWMTimerMSP432.oem4f (.text:setConstraints)
                  000039ec    0000007a     freertos_builds_MSP_EXP432P401R_release_ccs.lib : pthread.obj (.text:removeThreadKeys)
                  00003a66    0000007a     rtsv7M4_T_le_v4SPD16_eabi.lib : memset_t2.asm.obj (.text)
                  00003ae0    0000007a     freertos_builds_MSP_EXP432P401R_release_ccs.lib : tasks.obj (.text:xTaskCreate)
                  00003b5a    00000002     rtsv7M4_T_le_v4SPD16_eabi.lib : div0.asm.obj (.text)
                  00003b5c    00000078     drivers_msp432p401x.aem4f : TimerMSP432.oem4f (.text:TimerMSP432_allocateTimerResource)
                  00003bd4    00000078     freertos_builds_MSP_EXP432P401R_release_ccs.lib : timers.obj (.text:prvInsertTimerInActiveList)
                  00003c4c    00000078                                                     : port.obj (.text:vPortSetupTimerInterrupt)
                  00003cc4    00000074                                                     : tasks.obj (.text:prvInitialiseTaskLists)
                  00003d38    00000074                                                     : port.obj (.text:vPortValidateInterruptPriority)
                  00003dac    0000006a     drivers_msp432p401x.aem4f : PWMTimerMSP432.oem4f (.text:perfChangeNotifyFxn)
                  00003e16    00000002     main_freertos.obj (.text:vApplicationMallocFailedHook)
                  00003e18    00000068     drivers_msp432p401x.aem4f : GPIOMSP432.oem4f (.text:GPIO_hwiIntFxn)
                  00003e80    00000068                               : PowerMSP432.oem4f (.text:PowerMSP432_getFreqs)
                  00003ee8    00000068     rtsv7M4_T_le_v4SPD16_eabi.lib : copy_decompress_lzss.c.obj (.text:decompress:lzss:__TI_decompress_lzss)
                  00003f50    00000068     drivers_msp432p401x.aem4f : PWMTimerMSP432.oem4f (.text:initHw)
                  00003fb8    00000066     freertos_builds_MSP_EXP432P401R_release_ccs.lib : list.obj (.text:vListInsert)
                  0000401e    00000002     --HOLE-- [fill = 0]
                  00004020    00000064     main_freertos.obj (.text:main)
                  00004084    00000064     freertos_builds_MSP_EXP432P401R_release_ccs.lib : tasks.obj (.text:prvGetExpectedIdleTime)
                  000040e8    00000062     msp432p4xx_driverlib.lib : cs.o (.text:_CSGetDividerValue)
                  0000414a    00000002     --HOLE-- [fill = 0]
                  0000414c    00000060     drivers_msp432p401x.aem4f : GPIOMSP432.oem4f (.text:GPIO_setCallback)
                  000041ac    00000060     freertos_builds_MSP_EXP432P401R_release_ccs.lib : HwiPMSP432_freertos.obj (.text:HwiP_create)
                  0000420c    00000060                                                     : port.obj (.text:pxPortInitialiseStack)
                  0000426c    0000005c     msp432p4xx_driverlib.lib : interrupt.o (.text:Interrupt_registerInterrupt)
                  000042c8    0000005c     freertos_builds_MSP_EXP432P401R_release_ccs.lib : tasks.obj (.text:prvIdleTask)
                  00004324    0000005c                                                     : pthread.obj (.text:pthread_exit)
                  00004380    0000005c                                                     : queue.obj (.text:vQueueWaitForMessageRestricted)
                  000043dc    0000005c                                                     : tasks.obj (.text:vTaskDelay)
                  00004438    00000054     msp432p4xx_driverlib.lib : interrupt.o (.text:Interrupt_setPriority)
                  0000448c    00000054     drivers_msp432p401x.aem4f : TimerMSP432.oem4f (.text:TimerMSP432_freeTimerResource)
                  000044e0    00000054     freertos_builds_MSP_EXP432P401R_release_ccs.lib : timers.obj (.text:xTimerCreateTimerTask)
                  00004534    0000004c                                                     : timers.obj (.text:prvCheckForValidListAndQueue)
                  00004580    0000004c                                                     : tasks.obj (.text:prvCheckTasksWaitingTermination)
                  000045cc    0000004c                                                     : port.obj (.text:vPortEnterCritical)
                  00004618    0000004c                                                     : tasks.obj (.text:vTaskSetThreadLocalStoragePointer)
                  00004664    00000048                                                     : HwiPMSP432_freertos.obj (.text:HwiP_dispatch)
                  000046ac    00000048     drivers_msp432p401x.aem4f : PowerMSP432.oem4f (.text:Power_releaseConstraint)
                  000046f4    00000048     freertos_builds_MSP_EXP432P401R_release_ccs.lib : list.obj (.text:uxListRemove)
                  0000473c    00000044     drivers_msp432p401x.aem4f : PWM.oem4f (.text:PWM_init)
                  00004780    00000044     rtsv7M4_T_le_v4SPD16_eabi.lib : autoinit.c.obj (.text:__TI_auto_init_nobinit_nopinit:__TI_auto_init_nobinit_nopinit)
                  000047c4    00000044     freertos_builds_MSP_EXP432P401R_release_ccs.lib : queue.obj (.text:prvInitialiseNewQueue)
                  00004808    00000040     drivers_msp432p401x.aem4f : PWM.oem4f (.text:PWM_open)
                  00004848    00000040     freertos_builds_MSP_EXP432P401R_release_ccs.lib : aeabi_portable.obj (.text:__aeabi_errno_addr)
                  00004888    00000040     drivers_msp432p401x.aem4f : PWMTimerMSP432.oem4f (.text:getDutyCounts)
                  000048c8    00000040                               : PWMTimerMSP432.oem4f (.text:getPeriodCounts)
                  00004908    00000040     freertos_builds_MSP_EXP432P401R_release_ccs.lib : tasks.obj (.text:vTaskPlaceOnEventListRestricted)
                  00004948    0000003e                                                     : pthread.obj (.text:pthread_setcancelstate)
                  00004986    0000003c                                                     : queue.obj (.text:prvCopyDataFromQueue)
                  000049c2    00000002     --HOLE-- [fill = 0]
                  000049c4    0000003c                                                     : tasks.obj (.text:pvTaskGetThreadLocalStoragePointer)
                  00004a00    0000003c                                                     : sleep.obj (.text:usleep)
                  00004a3c    0000003c                                                     : list.obj (.text:vListInsertEnd)
                  00004a78    0000003a                                                     : PowerMSP432_freertos.obj (.text:PowerMSP432_sleepPolicy)
                  00004ab2    00000002     --HOLE-- [fill = 0]
                  00004ab4    00000038     drivers_msp432p401x.aem4f : GPIOMSP432.oem4f (.text:GPIO_toggle)
                  00004aec    00000038                               : PowerMSP432.oem4f (.text:Power_setConstraint)
                  00004b24    00000038                               : PowerMSP432.oem4f (.text:notify)
                  00004b5c    00000038     freertos_builds_MSP_EXP432P401R_release_ccs.lib : timers.obj (.text:prvGetNextExpireTime)
                  00004b94    00000038                                                     : port.obj (.text:prvTaskExitError)
                  00004bcc    00000034     drivers_msp432p401x.aem4f : GPIOMSP432.oem4f (.text:GPIO_enableInt)
                  00004c00    00000034     freertos_builds_MSP_EXP432P401R_release_ccs.lib : SemaphoreP_freertos.obj (.text:SemaphoreP_pend)
                  00004c34    00000034     rtsv7M4_T_le_v4SPD16_eabi.lib : boot_cortex_m.c.obj (.text:_c_int00_noargs:_c_int00_noargs)
                  00004c68    00000034     freertos_builds_MSP_EXP432P401R_release_ccs.lib : timers.obj (.text:prvSampleTimeNow)
                  00004c9c    00000034                                                     : tasks.obj (.text:vTaskPlaceOnEventList)
                  00004cd0    00000030     msp432p4xx_driverlib.lib : cs.o (.text:CS_clearInterruptFlag)
                  00004d00    00000030     drivers_msp432p401x.aem4f : PWMTimerMSP432.oem4f (.text:mapPin)
                  00004d30    00000030     freertos_builds_MSP_EXP432P401R_release_ccs.lib : tasks.obj (.text:prvResetNextTaskUnblockTime)
                  00004d60    00000030                                                     : list.obj (.text:vListInitialise)
                  00004d90    00000030                                                     : port.obj (.text:vPortExitCritical)
                  00004dc0    00000030                                                     : tasks.obj (.text:xTaskGetSchedulerState)
                  00004df0    0000002c                                                     : HwiPMSP432_freertos.obj (.text:HwiP_disable)
                  00004e1c    0000002c                                                     : SemaphoreP_freertos.obj (.text:SemaphoreP_createBinary)
                  00004e48    0000002c                                                     : tasks.obj (.text:vTaskSetApplicationTaskTag)
                  00004e74    0000002c                                                     : port.obj (.text:xPortSysTickHandler)
                  00004ea0    00000028     msp432p4xx_driverlib.lib : cs.o (.text:CS_getMCLK)
                  00004ec8    00000028     freertos_builds_MSP_EXP432P401R_release_ccs.lib : HwiPMSP432_freertos.obj (.text:HwiP_inISR)
                  00004ef0    00000028     drivers_msp432p401x.aem4f : PowerMSP432.oem4f (.text:Power_registerNotify)
                  00004f18    00000028                               : PowerMSP432.oem4f (.text:disableFaultCounter)
                  00004f40    00000028                               : PowerMSP432.oem4f (.text:disableHFXT)
                  00004f68    00000028     freertos_builds_MSP_EXP432P401R_release_ccs.lib : pthread.obj (.text:pthread_attr_setschedparam)
                  00004f90    00000028                                                     : tasks.obj (.text:xTaskGetApplicationTaskTag)
                  00004fb8    00000026     drivers_msp432p401x.aem4f : List.oem4f (.text:List_put)
                  00004fde    00000026                               : List.oem4f (.text:List_remove)
                  00005004    00000026     freertos_builds_MSP_EXP432P401R_release_ccs.lib : pthread.obj (.text:_pthread_cleanup_pop)
                  0000502a    00000026                                                     : queue.obj (.text:prvIsQueueFull)
                  00005050    00000026     drivers_msp432p401x.aem4f : PWMTimerMSP432.oem4f (.text:releaseConstraints)
                  00005076    00000024     freertos_builds_MSP_EXP432P401R_release_ccs.lib : queue.obj (.text:prvGetDisinheritPriorityAfterTimeout)
                  0000509a    00000024                                                     : queue.obj (.text:vQueueDelete)
                  000050be    00000002     --HOLE-- [fill = 0]
                  000050c0    00000024                                                     : tasks.obj (.text:vTaskInternalSetTimeOutState)
                  000050e4    00000022                                                     : SemaphoreP_freertos.obj (.text:SemaphoreP_post)
                  00005106    00000022                                                     : pthread.obj (.text:pthread_attr_setdetachstate)
                  00005128    00000020     msp432p4xx_driverlib.lib : cs.o (.text:CS_setExternalClockSourceFrequency)
                  00005148    00000020     freertos_builds_MSP_EXP432P401R_release_ccs.lib : HwiPMSP432_freertos.obj (.text:HwiP_restore)
                  00005168    00000020     drivers_msp432p401x.aem4f : PowerMSP432.oem4f (.text:Power_unregisterNotify)
                  00005188    00000020     freertos_builds_MSP_EXP432P401R_release_ccs.lib : queue.obj (.text:prvIsQueueEmpty)
                  000051a8    0000001e                                                     : HwiPMSP432_freertos.obj (.text:HwiP_Params_init)
                  000051c6    0000001e                                                     : pthread.obj (.text:_pthread_runStub)
                  000051e4    0000001e     drivers_msp432p401x.aem4f : PWMTimerMSP432.oem4f (.text:corroboratePeriod)
                  00005202    00000002     --HOLE-- [fill = 0]
                  00005204    0000001c     freertos_builds_MSP_EXP432P401R_release_ccs.lib : pthread.obj (.text:pthread_attr_init)
                  00005220    0000001c                                                     : tasks.obj (.text:pvTaskIncrementMutexHeldCount)
                  0000523c    0000001a                                                     : PTLS.obj (.text:PTLS_taskDeleteHook)
                  00005256    0000001a                                                     : timers.obj (.text:prvTimerTask)
                  00005270    00000018     msp432p4xx_driverlib.lib : sysctl_a.o (.text:SysCtl_A_disableNMISource)
                  00005288    00000018                              : sysctl_a.o (.text:SysCtl_A_enableNMISource)
                  000052a0    00000018     drivers_msp432p401x.aem4f : PWMTimerMSP432.oem4f (.text:corroborateDuty)
                  000052b8    00000016     freertos_builds_MSP_EXP432P401R_release_ccs.lib : PTLS.obj (.text:PTLS_getBuf)
                  000052ce    00000016                                                     : PTLS.obj (.text:PTLS_setBuf)
                  000052e4    00000014     drivers_msp432p401x.aem4f : PWM.oem4f (.text:PWM_Params_init)
                  000052f8    00000014                               : PowerMSP432.oem4f (.text:Power_idleFunc)
                  0000530c    00000014     freertos_builds_MSP_EXP432P401R_release_ccs.lib : tasks.obj (.text:prvDeleteTCB)
                  00005320    00000014                                                     : pthread.obj (.text:pthread_attr_setstacksize)
                  00005334    00000014                                                     : pthread.obj (.text:pthread_self)
                  00005348    00000014                                                     : startup_msp432_ccs.obj (.text:resetISR)
                  0000535c    00000014                                                     : tasks.obj (.text:xTaskGetCurrentTaskHandle)
                  00005370    00000014                                                     : tasks.obj (.text:xTaskGetTickCount)
                  00005384    00000010     drivers_msp432p401x.aem4f : PowerMSP432.oem4f (.text:PowerMSP432_getNumPerfLevels)
                  00005394    00000010     msp432p4xx_driverlib.lib : sysctl_a.o (.text:SysCtl_A_getNMISourceStatus)
                  000053a4    00000010                              : sysctl.o (.text:SysCtl_getNMISourceStatus)
                  000053b4    00000010     freertos_builds_MSP_EXP432P401R_release_ccs.lib : list.obj (.text:vListInitialiseItem)
                  000053c4    00000010                                                     : tasks.obj (.text:vTaskSuspendAll)
                  000053d4    0000000e     rtsv7M4_T_le_v4SPD16_eabi.lib : copy_decompress_none.c.obj (.text:decompress:none:__TI_decompress_none)
                  000053e2    0000000e     empty.obj (.text:greenCallback)
                  000053f0    0000000e     empty.obj (.text:redCallback)
                  000053fe    0000000c     ti_drivers_config.obj (.text:Board_init)
                  0000540a    0000000c     msp432p4xx_driverlib.lib : cpu.o (.text:CPU_cpsid)
                  00005416    0000000c                              : cpu.o (.text:CPU_cpsie)
                  00005422    00000002     --HOLE-- [fill = 0]
                  00005424    0000000c     drivers_msp432p401x.aem4f : PowerMSP432.oem4f (.text:Power_getConstraintMask)
                  00005430    0000000c                               : PowerMSP432.oem4f (.text:Power_getPerformanceLevel)
                  0000543c    0000000c     freertos_builds_MSP_EXP432P401R_release_ccs.lib : SemaphoreP_freertos.obj (.text:SemaphoreP_delete)
                  00005448    0000000c     rtsv7M4_T_le_v4SPD16_eabi.lib : copy_zero_init.c.obj (.text:decompress:ZI:__TI_zero_init)
                  00005454    0000000c     freertos_builds_MSP_EXP432P401R_release_ccs.lib : tasks.obj (.text:vTaskMissedYield)
                  00005460    0000000a     drivers_msp432p401x.aem4f : PWM.oem4f (.text:PWM_setDuty)
                  0000546a    0000000a                               : PWM.oem4f (.text:PWM_start)
                  00005474    0000000a     freertos_builds_MSP_EXP432P401R_release_ccs.lib : PowerMSP432_freertos.obj (.text:PowerMSP432_updateFreqs)
                  0000547e    0000000a     main_freertos.obj (.text:vApplicationStackOverflowHook)
                  00005488    0000000a     freertos_builds_MSP_EXP432P401R_release_ccs.lib : PowerMSP432_freertos.obj (.text:vPortSuppressTicksAndSleep)
                  00005492    00000006     drivers_msp432p401x.aem4f : PWMTimerMSP432.oem4f (.text:PWMTimerMSP432_control)
                  00005498    00000006                               : PWMTimerMSP432.oem4f (.text:PWMTimerMSP432_setDutyAndPeriod)
                  0000549e    00000004     rtsv7M4_T_le_v4SPD16_eabi.lib : pre_init.c.obj (.text:_system_pre_init)
                  000054a2    00000004                                   : exit.c.obj (.text:abort:abort)

.const     0    000054a8    00000123     
                  000054a8    00000050     msp432p4xx_driverlib.lib : interrupt.o (.const:g_pulRegs)
                  000054f8    00000038     ti_drivers_config.obj (.const:PowerMSP432_config)
                  00005530    00000024     drivers_msp432p401x.aem4f : PWMTimerMSP432.oem4f (.const:PWMTimerMSP432_fxnTable)
                  00005554    00000018                               : PWM.oem4f (.const:PWM_defaultParams)
                  0000556c    00000014     ti_drivers_config.obj (.const:GPIOMSP432_config)
                  00005580    00000010     drivers_msp432p401x.aem4f : PWMTimerMSP432.oem4f (.const:pwmTimerBaseAddr)
                  00005590    0000000c     ti_drivers_config.obj (.const:PWM_config)
                  0000559c    00000008     freertos_builds_MSP_EXP432P401R_release_ccs.lib : port.obj (.const)
                  000055a4    00000008     msp432p4xx_driverlib.lib : interrupt.o (.const:g_pulEnRegs)
                  000055ac    00000008     ti_drivers_config.obj (.const:pwmTimerMSP432HWAttrs)
                  000055b4    00000006     drivers_msp432p401x.aem4f : GPIOMSP432.oem4f (.const:.string:interruptType)
                  000055ba    00000006                               : GPIOMSP432.oem4f (.const:.string:portInterruptIds)
                  000055c0    00000004     freertos_builds_MSP_EXP432P401R_release_ccs.lib : pthread.obj (.const)
                  000055c4    00000004                                                     : tasks.obj (.const)
                  000055c8    00000002                                                     : pthread.obj (.const:.string)
                  000055ca    00000001     ti_drivers_config.obj (.const)

.cinit     0    000055d0    000000c8     
                  000055d0    00000094     (.cinit..data.load) [load image, compression = lzss]
                  00005664    0000000c     (__TI_handler_table)
                  00005670    00000008     (.cinit..bss.load) [load image, compression = zero_init]
                  00005678    00000008     (.cinit..vtable.load) [load image, compression = zero_init]
                  00005680    00000018     (__TI_cinit_table)

.init_array 
*          0    00000000    00000000     UNINITIALIZED

.intvecs   0    00000000    00000144     
                  00000000    00000144     freertos_builds_MSP_EXP432P401R_release_ccs.lib : startup_msp432_ccs.obj (.intvecs:retain)

.bss       0    20000000    000081bc     UNINITIALIZED
                  20000000    00008000     freertos_builds_MSP_EXP432P401R_release_ccs.lib : heap_4.obj (.bss:ucHeap)
                  20008000    000000c8                                                     : tasks.obj (.bss:pxReadyTasksLists)
                  200080c8    00000030     drivers_msp432p401x.aem4f : GPIOMSP432.oem4f (.bss:gpioCallbackInfo)
                  200080f8    00000014     freertos_builds_MSP_EXP432P401R_release_ccs.lib : timers.obj (.bss:xActiveTimerList1)
                  2000810c    00000014                                                     : timers.obj (.bss:xActiveTimerList2)
                  20008120    00000014                                                     : tasks.obj (.bss:xDelayedTaskList1)
                  20008134    00000014                                                     : tasks.obj (.bss:xDelayedTaskList2)
                  20008148    00000014                                                     : tasks.obj (.bss:xPendingReadyList)
                  2000815c    00000014                                                     : tasks.obj (.bss:xSuspendedTaskList)
                  20008170    00000014                                                     : tasks.obj (.bss:xTasksWaitingTermination)
                  20008184    0000000c     (.common:pwmTimerMSP432Objects)
                  20008190    00000008                                                     : tasks.obj (.bss)
                  20008198    00000008                                                     : timers.obj (.bss)
                  200081a0    00000008     msp432p4xx_driverlib.lib : cs.o (.bss)
                  200081a8    00000008     freertos_builds_MSP_EXP432P401R_release_ccs.lib : heap_4.obj (.bss:xStart)
                  200081b0    00000004     drivers_msp432p401x.aem4f : GPIOMSP432.oem4f (.bss)
                  200081b4    00000004     freertos_builds_MSP_EXP432P401R_release_ccs.lib : aeabi_portable.obj (.bss:main_reent)
                  200081b8    00000004     drivers_msp432p401x.aem4f : TimerMSP432.oem4f (.bss:timerState)

.data      0    200081bc    00000b27     UNINITIALIZED
                  200081bc    00000800     freertos_builds_MSP_EXP432P401R_release_ccs.lib : HwiPMSP432_freertos.obj (.data:HwiP_dispatchTable)
                  200089bc    00000140     drivers_msp432p401x.aem4f : PowerMSP432.oem4f (.data:PowerMSP432_perfLevels)
                  20008afc    00000110                               : PWMTimerMSP432.oem4f (.data:pwmTimerStatus)
                  20008c0c    00000034     freertos_builds_MSP_EXP432P401R_release_ccs.lib : tasks.obj (.data)
                  20008c40    0000002c     drivers_msp432p401x.aem4f : PowerMSP432.oem4f (.data:PowerMSP432_module)
                  20008c6c    00000018     freertos_builds_MSP_EXP432P401R_release_ccs.lib : heap_4.obj (.data)
                  20008c84    00000018                                                     : port.obj (.data)
                  20008c9c    00000014                                                     : pthread.obj (.data:defaultPthreadAttrs)
                  20008cb0    00000010     ti_drivers_config.obj (.data:gpioCallbackFunctions)
                  20008cc0    00000010     ti_drivers_config.obj (.data:gpioPinConfigs)
                  20008cd0    0000000c     freertos_builds_MSP_EXP432P401R_release_ccs.lib : timers.obj (.data)
                  20008cdc    00000004                                                     : HwiPMSP432_freertos.obj (.data)
                  20008ce0    00000002     drivers_msp432p401x.aem4f : GPIOMSP432.oem4f (.data)
                  20008ce2    00000001                               : PWM.oem4f (.data)

.vtable    0    20009000    000000e8     UNINITIALIZED
                  20009000    000000e8     msp432p4xx_driverlib.lib : interrupt.o (.vtable)

.stack     0    2000fc00    00000400     UNINITIALIZED
                  2000fc00    00000004     rtsv7M4_T_le_v4SPD16_eabi.lib : boot_cortex_m.c.obj (.stack)
                  2000fc04    000003fc     --HOLE--

.binit     0    00000000    00000000     

MODULE SUMMARY

       Module                       code    ro data   rw data
       ------                       ----    -------   -------
    .\
       empty.obj                    240     0         0      
       main_freertos.obj            112     0         0      
    +--+----------------------------+-------+---------+---------+
       Total:                       352     0         0      
                                                             
    .\syscfg\
       ti_drivers_config.obj        14      97        88     
    +--+----------------------------+-------+---------+---------+
       Total:                       14      97        88     
                                                             
    C:/Users/Jesus Minjares/Desktop/MSP432 FreeRTOS/freertos_builds_MSP_EXP432P401R_release_ccs/Debug/freertos_builds_MSP_EXP432P401R_release_ccs.lib
       heap_4.obj                   952     0         65600  
       tasks.obj                    4390    4         720    
       HwiPMSP432_freertos.obj      314     0         4104   
       queue.obj                    3182    0         0      
       timers.obj                   1354    0         120    
       pthread.obj                  798     6         40     
       port.obj                     764     8         48     
       startup_msp432_ccs.obj       26      324       0      
       list.obj                     298     0         0      
       portasm.obj                  218     0         0      
       SemaphoreP_freertos.obj      142     0         0      
       PowerMSP432_freertos.obj     80      0         0      
       aeabi_portable.obj           64      0         8      
       PTLS.obj                     70      0         0      
       sleep.obj                    60      0         0      
    +--+----------------------------+-------+---------+---------+
       Total:                       12712   342       70640  
                                                             
    C:/ti/simplelink_msp432p4_sdk_3_40_01_02/source/ti/devices/msp432p4xx/driverlib/ccs/msp432p4xx_driverlib.lib
       cs.o                         1522    0         16     
       interrupt.o                  304     88        464    
       sysctl_a.o                   212     0         0      
       cpu.o                        24      0         0      
       sysctl.o                     16      0         0      
    +--+----------------------------+-------+---------+---------+
       Total:                       2078    88        480    
                                                             
    C:/ti/simplelink_msp432p4_sdk_3_40_01_02/source/ti/drivers/lib/drivers_msp432p401x.aem4f
       PowerMSP432.oem4f            2196    0         728    
       PWMTimerMSP432.oem4f         1992    52        544    
       GPIOMSP432.oem4f             848     12        108    
       TimerMSP432.oem4f            204     0         8      
       PWM.oem4f                    172     24        2      
       List.oem4f                   76      0         0      
    +--+----------------------------+-------+---------+---------+
       Total:                       5488    88        1390   
                                                             
    C:\ti\ccs930\ccs\tools\compiler\ti-cgt-arm_18.12.4.LTS\lib\rtsv7M4_T_le_v4SPD16_eabi.lib
       memcpy_t2.asm.obj            156     0         0      
       ull_div_t2.asm.obj           150     0         0      
       memset_t2.asm.obj            122     0         0      
       copy_decompress_lzss.c.obj   104     0         0      
       autoinit.c.obj               68      0         0      
       boot_cortex_m.c.obj          52      0         0      
       copy_decompress_none.c.obj   14      0         0      
       copy_zero_init.c.obj         12      0         0      
       exit.c.obj                   4       0         0      
       pre_init.c.obj               4       0         0      
       div0.asm.obj                 2       0         0      
    +--+----------------------------+-------+---------+---------+
       Total:                       688     0         0      
                                                             
       Stack:                       0       0         2048   
       Linker Generated:            0       200       0      
    +--+----------------------------+-------+---------+---------+
       Grand Total:                 21332   815       74646  


LINKER GENERATED COPY TABLES

__TI_cinit_table @ 00005680 records: 3, size/record: 8, table size: 24
	.data: load addr=000055d0, load size=00000094 bytes, run addr=200081bc, run size=00000b27 bytes, compression=lzss
	.bss: load addr=00005670, load size=00000008 bytes, run addr=20000000, run size=000081bc bytes, compression=zero_init
	.vtable: load addr=00005678, load size=00000008 bytes, run addr=20009000, run size=000000e8 bytes, compression=zero_init


LINKER GENERATED HANDLER TABLE

__TI_handler_table @ 00005664 records: 3, size/record: 4, table size: 12
	index: 0, handler: __TI_decompress_lzss
	index: 1, handler: __TI_decompress_none
	index: 2, handler: __TI_zero_init


GLOBAL SYMBOLS: SORTED ALPHABETICALLY BY Name 

address   name                               
-------   ----                               
000053ff  Board_init                         
00001b6f  Board_initHook                     
000054a3  C$$EXIT                            
0000540b  CPU_cpsid                          
00005417  CPU_cpsie                          
00004cd1  CS_clearInterruptFlag              
00001e79  CS_getDCOFrequency                 
00004ea1  CS_getMCLK                         
00005129  CS_setExternalClockSourceFrequency 
00002069  CS_startHFXTWithTimeout            
0000214d  CS_startLFXTWithTimeout            
0000556c  GPIOMSP432_config                  
00004bcd  GPIO_enableInt                     
00003e19  GPIO_hwiIntFxn                     
00002dd5  GPIO_init                          
0000414d  GPIO_setCallback                   
00000f85  GPIO_setConfig                     
00004ab5  GPIO_toggle                        
000051a9  HwiP_Params_init                   
000041ad  HwiP_create                        
00004df1  HwiP_disable                       
00004665  HwiP_dispatch                      
200081bc  HwiP_dispatchTable                 
00004ec9  HwiP_inISR                         
00005149  HwiP_restore                       
000037f5  Interrupt_enableInterrupt          
0000426d  Interrupt_registerInterrupt        
00004439  Interrupt_setPriority              
00004fb9  List_put                           
00004fdf  List_remove                        
000052b9  PTLS_getBuf                        
000052cf  PTLS_setBuf                        
0000523d  PTLS_taskDeleteHook                
00003559  PWMTimerMSP432_close               
00005493  PWMTimerMSP432_control             
00005530  PWMTimerMSP432_fxnTable            
00002067  PWMTimerMSP432_init                
000006c5  PWMTimerMSP432_open                
00003431  PWMTimerMSP432_setDuty             
00005499  PWMTimerMSP432_setDutyAndPeriod    
0000194d  PWMTimerMSP432_setPeriod           
00003669  PWMTimerMSP432_start               
00003121  PWMTimerMSP432_stop                
000052e5  PWM_Params_init                    
00005590  PWM_config                         
000055ca  PWM_count                          
00005554  PWM_defaultParams                  
0000473d  PWM_init                           
00004809  PWM_open                           
00005461  PWM_setDuty                        
0000546b  PWM_start                          
000054f8  PowerMSP432_config                 
00003e81  PowerMSP432_getFreqs               
00005385  PowerMSP432_getNumPerfLevels       
000024bf  PowerMSP432_initPolicy             
20008c40  PowerMSP432_module                 
200089bc  PowerMSP432_perfLevels             
00004a79  PowerMSP432_sleepPolicy            
00005475  PowerMSP432_updateFreqs            
00005425  Power_getConstraintMask            
00005431  Power_getPerformanceLevel          
000052f9  Power_idleFunc                     
000031c5  Power_init                         
00004ef1  Power_registerNotify               
000046ad  Power_releaseConstraint            
00004aed  Power_setConstraint                
00000145  Power_sleep                        
00005169  Power_unregisterNotify             
00004e1d  SemaphoreP_createBinary            
0000543d  SemaphoreP_delete                  
00004c01  SemaphoreP_pend                    
000050e5  SemaphoreP_post                    
00005271  SysCtl_A_disableNMISource          
00005289  SysCtl_A_enableNMISource           
00005395  SysCtl_A_getNMISourceStatus        
000034c5  SysCtl_A_getTLVInfo                
000053a5  SysCtl_getNMISourceStatus          
00003b5d  TimerMSP432_allocateTimerResource  
0000448d  TimerMSP432_freeTimerResource      
4000480c  WDTCTL_SYM                         
20010000  __STACK_END                        
00000400  __STACK_SIZE                       
00005680  __TI_CINIT_Base                    
00005698  __TI_CINIT_Limit                   
00005664  __TI_Handler_Table_Base            
00005670  __TI_Handler_Table_Limit           
00004781  __TI_auto_init_nobinit_nopinit     
00003ee9  __TI_decompress_lzss               
000053d5  __TI_decompress_none               
ffffffff  __TI_pprof_out_hndl                
ffffffff  __TI_prof_data_size                
ffffffff  __TI_prof_data_start               
000055d0  __TI_static_base__                 
00005449  __TI_zero_init                     
00004849  __aeabi_errno_addr                 
00003b5b  __aeabi_idiv0                      
00003b5b  __aeabi_ldiv0                      
00003a67  __aeabi_memclr                     
00003a67  __aeabi_memclr4                    
00003a67  __aeabi_memclr8                    
00003261  __aeabi_memcpy                     
00003261  __aeabi_memcpy4                    
00003261  __aeabi_memcpy8                    
00003a69  __aeabi_memset                     
00003a69  __aeabi_memset4                    
00003a69  __aeabi_memset8                    
00003399  __aeabi_uldivmod                   
ffffffff  __binit__                          
ffffffff  __c_args__                         
UNDEFED   __mpu_init                         
2000fc00  __stack                            
00004c35  _c_int00_noargs                    
00005005  _pthread_cleanup_pop               
UNDEFED   _system_post_cinit                 
0000549f  _system_pre_init                   
000054a3  abort                              
ffffffff  binit                              
20009000  g_pfnRAMVectors                    
20008cb0  gpioCallbackFunctions              
20008cc0  gpioPinConfigs                     
000053e3  greenCallback                      
00000000  interruptVectors                   
00004021  main                               
00002599  mainThread                         
00003261  memcpy                             
00003a6f  memset                             
00005205  pthread_attr_init                  
00005107  pthread_attr_setdetachstate        
00004f69  pthread_attr_setschedparam         
00005321  pthread_attr_setstacksize          
00001399  pthread_create                     
00004325  pthread_exit                       
00005335  pthread_self                       
00004949  pthread_setcancelstate             
00000c59  pvPortMalloc                       
000049c5  pvTaskGetThreadLocalStoragePointer 
00005221  pvTaskIncrementMutexHeldCount      
000055ac  pwmTimerMSP432HWAttrs              
20008184  pwmTimerMSP432Objects              
20008c0c  pxCurrentTCB                       
0000420d  pxPortInitialiseStack              
000053f1  redCallback                        
00005349  resetISR                           
0000559c  ulMaxSyscallInterruptPriority      
000023f5  ulPortGetIPSR                      
00004a01  usleep                             
000046f5  uxListRemove                       
000055c4  uxTopUsedPriority                  
00003e17  vApplicationMallocFailedHook       
0000547f  vApplicationStackOverflowHook      
00004d61  vListInitialise                    
000053b5  vListInitialiseItem                
00003fb9  vListInsert                        
00004a3d  vListInsertEnd                     
000024b1  vPortEnableVFP                     
000045cd  vPortEnterCritical                 
00004d91  vPortExitCritical                  
00002f29  vPortFree                          
0000246d  vPortSVCHandler                    
00003c4d  vPortSetupTimerInterrupt           
0000248d  vPortStartFirstTask                
00005489  vPortSuppressTicksAndSleep         
00003d39  vPortValidateInterruptPriority     
0000509b  vQueueDelete                       
00004381  vQueueWaitForMessageRestricted     
000043dd  vTaskDelay                         
00001d79  vTaskDelete                        
000050c1  vTaskInternalSetTimeOutState       
00005455  vTaskMissedYield                   
00004c9d  vTaskPlaceOnEventList              
00004909  vTaskPlaceOnEventListRestricted    
00001c75  vTaskPriorityDisinheritAfterTimeout
00004e49  vTaskSetApplicationTaskTag         
00004619  vTaskSetThreadLocalStoragePointer  
000032fd  vTaskStartScheduler                
00001835  vTaskSuspend                       
000053c5  vTaskSuspendAll                    
00002309  vTaskSwitchContext                 
0000240d  xPortPendSVHandler                 
0000266d  xPortStartScheduler                
00004e75  xPortSysTickHandler                
00002fd1  xQueueGenericCreate                
00002b09  xQueueGenericReset                 
00000aa1  xQueueGenericSend                  
000014d1  xQueueGenericSendFromISR           
00001a61  xQueueGiveFromISR                  
00000e05  xQueueReceive                      
00001f71  xQueueReceiveFromISR               
000008cd  xQueueSemaphoreTake                
00002bc1  xTaskCheckForTimeOut               
00003ae1  xTaskCreate                        
00004f91  xTaskGetApplicationTaskTag         
0000535d  xTaskGetCurrentTaskHandle          
00004dc1  xTaskGetSchedulerState             
00005371  xTaskGetTickCount                  
00001259  xTaskIncrementTick                 
0000273d  xTaskPriorityDisinherit            
000024c1  xTaskPriorityInherit               
00003079  xTaskRemoveFromEventList           
00001719  xTaskResumeAll                     
000044e1  xTimerCreateTimerTask              
00003771  xTimerGenericCommand               


GLOBAL SYMBOLS: SORTED BY Symbol Address 

address   name                               
-------   ----                               
00000000  interruptVectors                   
00000145  Power_sleep                        
00000400  __STACK_SIZE                       
000006c5  PWMTimerMSP432_open                
000008cd  xQueueSemaphoreTake                
00000aa1  xQueueGenericSend                  
00000c59  pvPortMalloc                       
00000e05  xQueueReceive                      
00000f85  GPIO_setConfig                     
00001259  xTaskIncrementTick                 
00001399  pthread_create                     
000014d1  xQueueGenericSendFromISR           
00001719  xTaskResumeAll                     
00001835  vTaskSuspend                       
0000194d  PWMTimerMSP432_setPeriod           
00001a61  xQueueGiveFromISR                  
00001b6f  Board_initHook                     
00001c75  vTaskPriorityDisinheritAfterTimeout
00001d79  vTaskDelete                        
00001e79  CS_getDCOFrequency                 
00001f71  xQueueReceiveFromISR               
00002067  PWMTimerMSP432_init                
00002069  CS_startHFXTWithTimeout            
0000214d  CS_startLFXTWithTimeout            
00002309  vTaskSwitchContext                 
000023f5  ulPortGetIPSR                      
0000240d  xPortPendSVHandler                 
0000246d  vPortSVCHandler                    
0000248d  vPortStartFirstTask                
000024b1  vPortEnableVFP                     
000024bf  PowerMSP432_initPolicy             
000024c1  xTaskPriorityInherit               
00002599  mainThread                         
0000266d  xPortStartScheduler                
0000273d  xTaskPriorityDisinherit            
00002b09  xQueueGenericReset                 
00002bc1  xTaskCheckForTimeOut               
00002dd5  GPIO_init                          
00002f29  vPortFree                          
00002fd1  xQueueGenericCreate                
00003079  xTaskRemoveFromEventList           
00003121  PWMTimerMSP432_stop                
000031c5  Power_init                         
00003261  __aeabi_memcpy                     
00003261  __aeabi_memcpy4                    
00003261  __aeabi_memcpy8                    
00003261  memcpy                             
000032fd  vTaskStartScheduler                
00003399  __aeabi_uldivmod                   
00003431  PWMTimerMSP432_setDuty             
000034c5  SysCtl_A_getTLVInfo                
00003559  PWMTimerMSP432_close               
00003669  PWMTimerMSP432_start               
00003771  xTimerGenericCommand               
000037f5  Interrupt_enableInterrupt          
00003a67  __aeabi_memclr                     
00003a67  __aeabi_memclr4                    
00003a67  __aeabi_memclr8                    
00003a69  __aeabi_memset                     
00003a69  __aeabi_memset4                    
00003a69  __aeabi_memset8                    
00003a6f  memset                             
00003ae1  xTaskCreate                        
00003b5b  __aeabi_idiv0                      
00003b5b  __aeabi_ldiv0                      
00003b5d  TimerMSP432_allocateTimerResource  
00003c4d  vPortSetupTimerInterrupt           
00003d39  vPortValidateInterruptPriority     
00003e17  vApplicationMallocFailedHook       
00003e19  GPIO_hwiIntFxn                     
00003e81  PowerMSP432_getFreqs               
00003ee9  __TI_decompress_lzss               
00003fb9  vListInsert                        
00004021  main                               
0000414d  GPIO_setCallback                   
000041ad  HwiP_create                        
0000420d  pxPortInitialiseStack              
0000426d  Interrupt_registerInterrupt        
00004325  pthread_exit                       
00004381  vQueueWaitForMessageRestricted     
000043dd  vTaskDelay                         
00004439  Interrupt_setPriority              
0000448d  TimerMSP432_freeTimerResource      
000044e1  xTimerCreateTimerTask              
000045cd  vPortEnterCritical                 
00004619  vTaskSetThreadLocalStoragePointer  
00004665  HwiP_dispatch                      
000046ad  Power_releaseConstraint            
000046f5  uxListRemove                       
0000473d  PWM_init                           
00004781  __TI_auto_init_nobinit_nopinit     
00004809  PWM_open                           
00004849  __aeabi_errno_addr                 
00004909  vTaskPlaceOnEventListRestricted    
00004949  pthread_setcancelstate             
000049c5  pvTaskGetThreadLocalStoragePointer 
00004a01  usleep                             
00004a3d  vListInsertEnd                     
00004a79  PowerMSP432_sleepPolicy            
00004ab5  GPIO_toggle                        
00004aed  Power_setConstraint                
00004bcd  GPIO_enableInt                     
00004c01  SemaphoreP_pend                    
00004c35  _c_int00_noargs                    
00004c9d  vTaskPlaceOnEventList              
00004cd1  CS_clearInterruptFlag              
00004d61  vListInitialise                    
00004d91  vPortExitCritical                  
00004dc1  xTaskGetSchedulerState             
00004df1  HwiP_disable                       
00004e1d  SemaphoreP_createBinary            
00004e49  vTaskSetApplicationTaskTag         
00004e75  xPortSysTickHandler                
00004ea1  CS_getMCLK                         
00004ec9  HwiP_inISR                         
00004ef1  Power_registerNotify               
00004f69  pthread_attr_setschedparam         
00004f91  xTaskGetApplicationTaskTag         
00004fb9  List_put                           
00004fdf  List_remove                        
00005005  _pthread_cleanup_pop               
0000509b  vQueueDelete                       
000050c1  vTaskInternalSetTimeOutState       
000050e5  SemaphoreP_post                    
00005107  pthread_attr_setdetachstate        
00005129  CS_setExternalClockSourceFrequency 
00005149  HwiP_restore                       
00005169  Power_unregisterNotify             
000051a9  HwiP_Params_init                   
00005205  pthread_attr_init                  
00005221  pvTaskIncrementMutexHeldCount      
0000523d  PTLS_taskDeleteHook                
00005271  SysCtl_A_disableNMISource          
00005289  SysCtl_A_enableNMISource           
000052b9  PTLS_getBuf                        
000052cf  PTLS_setBuf                        
000052e5  PWM_Params_init                    
000052f9  Power_idleFunc                     
00005321  pthread_attr_setstacksize          
00005335  pthread_self                       
00005349  resetISR                           
0000535d  xTaskGetCurrentTaskHandle          
00005371  xTaskGetTickCount                  
00005385  PowerMSP432_getNumPerfLevels       
00005395  SysCtl_A_getNMISourceStatus        
000053a5  SysCtl_getNMISourceStatus          
000053b5  vListInitialiseItem                
000053c5  vTaskSuspendAll                    
000053d5  __TI_decompress_none               
000053e3  greenCallback                      
000053f1  redCallback                        
000053ff  Board_init                         
0000540b  CPU_cpsid                          
00005417  CPU_cpsie                          
00005425  Power_getConstraintMask            
00005431  Power_getPerformanceLevel          
0000543d  SemaphoreP_delete                  
00005449  __TI_zero_init                     
00005455  vTaskMissedYield                   
00005461  PWM_setDuty                        
0000546b  PWM_start                          
00005475  PowerMSP432_updateFreqs            
0000547f  vApplicationStackOverflowHook      
00005489  vPortSuppressTicksAndSleep         
00005493  PWMTimerMSP432_control             
00005499  PWMTimerMSP432_setDutyAndPeriod    
0000549f  _system_pre_init                   
000054a3  C$$EXIT                            
000054a3  abort                              
000054f8  PowerMSP432_config                 
00005530  PWMTimerMSP432_fxnTable            
00005554  PWM_defaultParams                  
0000556c  GPIOMSP432_config                  
00005590  PWM_config                         
0000559c  ulMaxSyscallInterruptPriority      
000055ac  pwmTimerMSP432HWAttrs              
000055c4  uxTopUsedPriority                  
000055ca  PWM_count                          
000055d0  __TI_static_base__                 
00005664  __TI_Handler_Table_Base            
00005670  __TI_Handler_Table_Limit           
00005680  __TI_CINIT_Base                    
00005698  __TI_CINIT_Limit                   
20008184  pwmTimerMSP432Objects              
200081bc  HwiP_dispatchTable                 
200089bc  PowerMSP432_perfLevels             
20008c0c  pxCurrentTCB                       
20008c40  PowerMSP432_module                 
20008cb0  gpioCallbackFunctions              
20008cc0  gpioPinConfigs                     
20009000  g_pfnRAMVectors                    
2000fc00  __stack                            
20010000  __STACK_END                        
4000480c  WDTCTL_SYM                         
ffffffff  __TI_pprof_out_hndl                
ffffffff  __TI_prof_data_size                
ffffffff  __TI_prof_data_start               
ffffffff  __binit__                          
ffffffff  __c_args__                         
ffffffff  binit                              
UNDEFED   __mpu_init                         
UNDEFED   _system_post_cinit                 

[202 symbols]
