<?xml version="1.0" encoding="ISO-8859-1" ?>
<link_info>
   <banner>TI ARM Linker PC v18.12.4.LTS</banner>
   <copyright>Copyright (c) 1996-2018 Texas Instruments Incorporated</copyright>
   <link_time>0x5ff74d75</link_time>
   <link_errors>0x0</link_errors>
   <output_file>empty_MSP_EXP432P401R_freertos_ccs.out</output_file>
   <entry_point>
      <name>resetISR</name>
      <address>0x5349</address>
   </entry_point>
   <input_file_list>
      <input_file id="fl-2">
         <path>.\</path>
         <kind>object</kind>
         <file>empty.obj</file>
         <name>empty.obj</name>
      </input_file>
      <input_file id="fl-3">
         <path>.\syscfg\</path>
         <kind>object</kind>
         <file>ti_drivers_config.obj</file>
         <name>ti_drivers_config.obj</name>
      </input_file>
      <input_file id="fl-4">
         <path>.\</path>
         <kind>object</kind>
         <file>main_freertos.obj</file>
         <name>main_freertos.obj</name>
      </input_file>
      <input_file id="fl-f">
         <kind>object</kind>
         <file>&lt;internal&gt;</file>
         <name>&lt;internal&gt;</name>
      </input_file>
      <input_file id="fl-10">
         <path>C:\ti\simplelink_msp432p4_sdk_3_40_01_02\source\ti\drivers\lib\</path>
         <kind>archive</kind>
         <file>drivers_msp432p401x.aem4f</file>
         <name>GPIOMSP432.oem4f</name>
      </input_file>
      <input_file id="fl-11">
         <path>C:\ti\simplelink_msp432p4_sdk_3_40_01_02\source\ti\drivers\lib\</path>
         <kind>archive</kind>
         <file>drivers_msp432p401x.aem4f</file>
         <name>PowerMSP432.oem4f</name>
      </input_file>
      <input_file id="fl-12">
         <path>C:\ti\simplelink_msp432p4_sdk_3_40_01_02\source\ti\drivers\lib\</path>
         <kind>archive</kind>
         <file>drivers_msp432p401x.aem4f</file>
         <name>PWM.oem4f</name>
      </input_file>
      <input_file id="fl-13">
         <path>C:\ti\simplelink_msp432p4_sdk_3_40_01_02\source\ti\drivers\lib\</path>
         <kind>archive</kind>
         <file>drivers_msp432p401x.aem4f</file>
         <name>PWMTimerMSP432.oem4f</name>
      </input_file>
      <input_file id="fl-14">
         <path>C:\ti\simplelink_msp432p4_sdk_3_40_01_02\source\ti\drivers\lib\</path>
         <kind>archive</kind>
         <file>drivers_msp432p401x.aem4f</file>
         <name>TimerMSP432.oem4f</name>
      </input_file>
      <input_file id="fl-15">
         <path>C:\ti\simplelink_msp432p4_sdk_3_40_01_02\source\ti\drivers\lib\</path>
         <kind>archive</kind>
         <file>drivers_msp432p401x.aem4f</file>
         <name>List.oem4f</name>
      </input_file>
      <input_file id="fl-16">
         <path>C:\Users\Jesus Minjares\Desktop\MSP432 FreeRTOS\freertos_builds_MSP_EXP432P401R_release_ccs\Debug\</path>
         <kind>archive</kind>
         <file>freertos_builds_MSP_EXP432P401R_release_ccs.lib</file>
         <name>HwiPMSP432_freertos.obj</name>
      </input_file>
      <input_file id="fl-17">
         <path>C:\Users\Jesus Minjares\Desktop\MSP432 FreeRTOS\freertos_builds_MSP_EXP432P401R_release_ccs\Debug\</path>
         <kind>archive</kind>
         <file>freertos_builds_MSP_EXP432P401R_release_ccs.lib</file>
         <name>PowerMSP432_freertos.obj</name>
      </input_file>
      <input_file id="fl-18">
         <path>C:\Users\Jesus Minjares\Desktop\MSP432 FreeRTOS\freertos_builds_MSP_EXP432P401R_release_ccs\Debug\</path>
         <kind>archive</kind>
         <file>freertos_builds_MSP_EXP432P401R_release_ccs.lib</file>
         <name>SemaphoreP_freertos.obj</name>
      </input_file>
      <input_file id="fl-19">
         <path>C:\Users\Jesus Minjares\Desktop\MSP432 FreeRTOS\freertos_builds_MSP_EXP432P401R_release_ccs\Debug\</path>
         <kind>archive</kind>
         <file>freertos_builds_MSP_EXP432P401R_release_ccs.lib</file>
         <name>queue.obj</name>
      </input_file>
      <input_file id="fl-1a">
         <path>C:\Users\Jesus Minjares\Desktop\MSP432 FreeRTOS\freertos_builds_MSP_EXP432P401R_release_ccs\Debug\</path>
         <kind>archive</kind>
         <file>freertos_builds_MSP_EXP432P401R_release_ccs.lib</file>
         <name>tasks.obj</name>
      </input_file>
      <input_file id="fl-1b">
         <path>C:\Users\Jesus Minjares\Desktop\MSP432 FreeRTOS\freertos_builds_MSP_EXP432P401R_release_ccs\Debug\</path>
         <kind>archive</kind>
         <file>freertos_builds_MSP_EXP432P401R_release_ccs.lib</file>
         <name>timers.obj</name>
      </input_file>
      <input_file id="fl-1c">
         <path>C:\Users\Jesus Minjares\Desktop\MSP432 FreeRTOS\freertos_builds_MSP_EXP432P401R_release_ccs\Debug\</path>
         <kind>archive</kind>
         <file>freertos_builds_MSP_EXP432P401R_release_ccs.lib</file>
         <name>port.obj</name>
      </input_file>
      <input_file id="fl-1d">
         <path>C:\Users\Jesus Minjares\Desktop\MSP432 FreeRTOS\freertos_builds_MSP_EXP432P401R_release_ccs\Debug\</path>
         <kind>archive</kind>
         <file>freertos_builds_MSP_EXP432P401R_release_ccs.lib</file>
         <name>portasm.obj</name>
      </input_file>
      <input_file id="fl-1e">
         <path>C:\Users\Jesus Minjares\Desktop\MSP432 FreeRTOS\freertos_builds_MSP_EXP432P401R_release_ccs\Debug\</path>
         <kind>archive</kind>
         <file>freertos_builds_MSP_EXP432P401R_release_ccs.lib</file>
         <name>startup_msp432_ccs.obj</name>
      </input_file>
      <input_file id="fl-1f">
         <path>C:\Users\Jesus Minjares\Desktop\MSP432 FreeRTOS\freertos_builds_MSP_EXP432P401R_release_ccs\Debug\</path>
         <kind>archive</kind>
         <file>freertos_builds_MSP_EXP432P401R_release_ccs.lib</file>
         <name>PTLS.obj</name>
      </input_file>
      <input_file id="fl-20">
         <path>C:\Users\Jesus Minjares\Desktop\MSP432 FreeRTOS\freertos_builds_MSP_EXP432P401R_release_ccs\Debug\</path>
         <kind>archive</kind>
         <file>freertos_builds_MSP_EXP432P401R_release_ccs.lib</file>
         <name>pthread.obj</name>
      </input_file>
      <input_file id="fl-21">
         <path>C:\Users\Jesus Minjares\Desktop\MSP432 FreeRTOS\freertos_builds_MSP_EXP432P401R_release_ccs\Debug\</path>
         <kind>archive</kind>
         <file>freertos_builds_MSP_EXP432P401R_release_ccs.lib</file>
         <name>sleep.obj</name>
      </input_file>
      <input_file id="fl-22">
         <path>C:\Users\Jesus Minjares\Desktop\MSP432 FreeRTOS\freertos_builds_MSP_EXP432P401R_release_ccs\Debug\</path>
         <kind>archive</kind>
         <file>freertos_builds_MSP_EXP432P401R_release_ccs.lib</file>
         <name>heap_4.obj</name>
      </input_file>
      <input_file id="fl-23">
         <path>C:\Users\Jesus Minjares\Desktop\MSP432 FreeRTOS\freertos_builds_MSP_EXP432P401R_release_ccs\Debug\</path>
         <kind>archive</kind>
         <file>freertos_builds_MSP_EXP432P401R_release_ccs.lib</file>
         <name>list.obj</name>
      </input_file>
      <input_file id="fl-24">
         <path>C:\Users\Jesus Minjares\Desktop\MSP432 FreeRTOS\freertos_builds_MSP_EXP432P401R_release_ccs\Debug\</path>
         <kind>archive</kind>
         <file>freertos_builds_MSP_EXP432P401R_release_ccs.lib</file>
         <name>aeabi_portable.obj</name>
      </input_file>
      <input_file id="fl-25">
         <path>C:\ti\simplelink_msp432p4_sdk_3_40_01_02\source\ti\devices\msp432p4xx\driverlib\ccs\</path>
         <kind>archive</kind>
         <file>msp432p4xx_driverlib.lib</file>
         <name>cpu.o</name>
      </input_file>
      <input_file id="fl-26">
         <path>C:\ti\simplelink_msp432p4_sdk_3_40_01_02\source\ti\devices\msp432p4xx\driverlib\ccs\</path>
         <kind>archive</kind>
         <file>msp432p4xx_driverlib.lib</file>
         <name>cs.o</name>
      </input_file>
      <input_file id="fl-27">
         <path>C:\ti\simplelink_msp432p4_sdk_3_40_01_02\source\ti\devices\msp432p4xx\driverlib\ccs\</path>
         <kind>archive</kind>
         <file>msp432p4xx_driverlib.lib</file>
         <name>interrupt.o</name>
      </input_file>
      <input_file id="fl-28">
         <path>C:\ti\simplelink_msp432p4_sdk_3_40_01_02\source\ti\devices\msp432p4xx\driverlib\ccs\</path>
         <kind>archive</kind>
         <file>msp432p4xx_driverlib.lib</file>
         <name>sysctl.o</name>
      </input_file>
      <input_file id="fl-29">
         <path>C:\ti\simplelink_msp432p4_sdk_3_40_01_02\source\ti\devices\msp432p4xx\driverlib\ccs\</path>
         <kind>archive</kind>
         <file>msp432p4xx_driverlib.lib</file>
         <name>sysctl_a.o</name>
      </input_file>
      <input_file id="fl-df">
         <path>C:\ti\ccs930\ccs\tools\compiler\ti-cgt-arm_18.12.4.LTS\lib\</path>
         <kind>archive</kind>
         <file>rtsv7M4_T_le_v4SPD16_eabi.lib</file>
         <name>memcpy_t2.asm.obj</name>
      </input_file>
      <input_file id="fl-e0">
         <path>C:\ti\ccs930\ccs\tools\compiler\ti-cgt-arm_18.12.4.LTS\lib\</path>
         <kind>archive</kind>
         <file>rtsv7M4_T_le_v4SPD16_eabi.lib</file>
         <name>ull_div_t2.asm.obj</name>
      </input_file>
      <input_file id="fl-e1">
         <path>C:\ti\ccs930\ccs\tools\compiler\ti-cgt-arm_18.12.4.LTS\lib\</path>
         <kind>archive</kind>
         <file>rtsv7M4_T_le_v4SPD16_eabi.lib</file>
         <name>memset_t2.asm.obj</name>
      </input_file>
      <input_file id="fl-e2">
         <path>C:\ti\ccs930\ccs\tools\compiler\ti-cgt-arm_18.12.4.LTS\lib\</path>
         <kind>archive</kind>
         <file>rtsv7M4_T_le_v4SPD16_eabi.lib</file>
         <name>copy_zero_init.c.obj</name>
      </input_file>
      <input_file id="fl-e3">
         <path>C:\ti\ccs930\ccs\tools\compiler\ti-cgt-arm_18.12.4.LTS\lib\</path>
         <kind>archive</kind>
         <file>rtsv7M4_T_le_v4SPD16_eabi.lib</file>
         <name>copy_decompress_none.c.obj</name>
      </input_file>
      <input_file id="fl-e4">
         <path>C:\ti\ccs930\ccs\tools\compiler\ti-cgt-arm_18.12.4.LTS\lib\</path>
         <kind>archive</kind>
         <file>rtsv7M4_T_le_v4SPD16_eabi.lib</file>
         <name>copy_decompress_lzss.c.obj</name>
      </input_file>
      <input_file id="fl-e5">
         <path>C:\ti\ccs930\ccs\tools\compiler\ti-cgt-arm_18.12.4.LTS\lib\</path>
         <kind>archive</kind>
         <file>rtsv7M4_T_le_v4SPD16_eabi.lib</file>
         <name>boot_cortex_m.c.obj</name>
      </input_file>
      <input_file id="fl-e6">
         <path>C:\ti\ccs930\ccs\tools\compiler\ti-cgt-arm_18.12.4.LTS\lib\</path>
         <kind>archive</kind>
         <file>rtsv7M4_T_le_v4SPD16_eabi.lib</file>
         <name>div0.asm.obj</name>
      </input_file>
      <input_file id="fl-e7">
         <path>C:\ti\ccs930\ccs\tools\compiler\ti-cgt-arm_18.12.4.LTS\lib\</path>
         <kind>archive</kind>
         <file>rtsv7M4_T_le_v4SPD16_eabi.lib</file>
         <name>autoinit.c.obj</name>
      </input_file>
      <input_file id="fl-e8">
         <path>C:\ti\ccs930\ccs\tools\compiler\ti-cgt-arm_18.12.4.LTS\lib\</path>
         <kind>archive</kind>
         <file>rtsv7M4_T_le_v4SPD16_eabi.lib</file>
         <name>pre_init.c.obj</name>
      </input_file>
      <input_file id="fl-e9">
         <path>C:\ti\ccs930\ccs\tools\compiler\ti-cgt-arm_18.12.4.LTS\lib\</path>
         <kind>archive</kind>
         <file>rtsv7M4_T_le_v4SPD16_eabi.lib</file>
         <name>cpy_tbl.c.obj</name>
      </input_file>
      <input_file id="fl-ea">
         <path>C:\ti\ccs930\ccs\tools\compiler\ti-cgt-arm_18.12.4.LTS\lib\</path>
         <kind>archive</kind>
         <file>rtsv7M4_T_le_v4SPD16_eabi.lib</file>
         <name>exit.c.obj</name>
      </input_file>
      <input_file id="fl-eb">
         <path>C:\ti\ccs930\ccs\tools\compiler\ti-cgt-arm_18.12.4.LTS\lib\</path>
         <kind>archive</kind>
         <file>rtsv7M4_T_le_v4SPD16_eabi.lib</file>
         <name>_lock.c.obj</name>
      </input_file>
      <input_file id="fl-ec">
         <path>C:\ti\ccs930\ccs\tools\compiler\ti-cgt-arm_18.12.4.LTS\lib\</path>
         <kind>archive</kind>
         <file>rtsv7M4_T_le_v4SPD16_eabi.lib</file>
         <name>args_main.c.obj</name>
      </input_file>
   </input_file_list>
   <object_component_list>
      <object_component id="oc-605">
         <name>.text:Power_sleep</name>
         <load_address>0x144</load_address>
         <run_address>0x144</run_address>
         <size>0x2f8</size>
         <input_file_ref idref="fl-11"/>
      </object_component>
      <object_component id="oc-2fe">
         <name>.text:initPerfControl</name>
         <load_address>0x43c</load_address>
         <run_address>0x43c</run_address>
         <size>0x288</size>
         <input_file_ref idref="fl-11"/>
      </object_component>
      <object_component id="oc-6bf">
         <name>.text:PWMTimerMSP432_open</name>
         <load_address>0x6c4</load_address>
         <run_address>0x6c4</run_address>
         <size>0x208</size>
         <input_file_ref idref="fl-13"/>
      </object_component>
      <object_component id="oc-564">
         <name>.text:xQueueSemaphoreTake</name>
         <load_address>0x8cc</load_address>
         <run_address>0x8cc</run_address>
         <size>0x1d4</size>
         <input_file_ref idref="fl-19"/>
      </object_component>
      <object_component id="oc-4f1">
         <name>.text:xQueueGenericSend</name>
         <load_address>0xaa0</load_address>
         <run_address>0xaa0</run_address>
         <size>0x1b8</size>
         <input_file_ref idref="fl-19"/>
      </object_component>
      <object_component id="oc-22f">
         <name>.text:pvPortMalloc</name>
         <load_address>0xc58</load_address>
         <run_address>0xc58</run_address>
         <size>0x1ac</size>
         <input_file_ref idref="fl-22"/>
      </object_component>
      <object_component id="oc-69b">
         <name>.text:xQueueReceive</name>
         <load_address>0xe04</load_address>
         <run_address>0xe04</run_address>
         <size>0x180</size>
         <input_file_ref idref="fl-19"/>
      </object_component>
      <object_component id="oc-291">
         <name>.text:GPIO_setConfig</name>
         <load_address>0xf84</load_address>
         <run_address>0xf84</run_address>
         <size>0x170</size>
         <input_file_ref idref="fl-10"/>
      </object_component>
      <object_component id="oc-525">
         <name>.text:prvProcessReceivedCommands</name>
         <load_address>0x10f4</load_address>
         <run_address>0x10f4</run_address>
         <size>0x164</size>
         <input_file_ref idref="fl-1b"/>
      </object_component>
      <object_component id="oc-b3">
         <name>.text:xTaskIncrementTick</name>
         <load_address>0x1258</load_address>
         <run_address>0x1258</run_address>
         <size>0x140</size>
         <input_file_ref idref="fl-1a"/>
      </object_component>
      <object_component id="oc-14e">
         <name>.text:pthread_create</name>
         <load_address>0x1398</load_address>
         <run_address>0x1398</run_address>
         <size>0x138</size>
         <input_file_ref idref="fl-20"/>
      </object_component>
      <object_component id="oc-798">
         <name>.text:xQueueGenericSendFromISR</name>
         <load_address>0x14d0</load_address>
         <run_address>0x14d0</run_address>
         <size>0x128</size>
         <input_file_ref idref="fl-19"/>
      </object_component>
      <object_component id="oc-35e">
         <name>.text:prvInitialiseNewTask</name>
         <load_address>0x15f8</load_address>
         <run_address>0x15f8</run_address>
         <size>0x120</size>
         <input_file_ref idref="fl-1a"/>
      </object_component>
      <object_component id="oc-25f">
         <name>.text:xTaskResumeAll</name>
         <load_address>0x1718</load_address>
         <run_address>0x1718</run_address>
         <size>0x11c</size>
         <input_file_ref idref="fl-1a"/>
      </object_component>
      <object_component id="oc-4f7">
         <name>.text:vTaskSuspend</name>
         <load_address>0x1834</load_address>
         <run_address>0x1834</run_address>
         <size>0x118</size>
         <input_file_ref idref="fl-1a"/>
      </object_component>
      <object_component id="oc-6cb">
         <name>.text:PWMTimerMSP432_setPeriod</name>
         <load_address>0x194c</load_address>
         <run_address>0x194c</run_address>
         <size>0x114</size>
         <input_file_ref idref="fl-13"/>
      </object_component>
      <object_component id="oc-56b">
         <name>.text:xQueueGiveFromISR</name>
         <load_address>0x1a60</load_address>
         <run_address>0x1a60</run_address>
         <size>0x10e</size>
         <input_file_ref idref="fl-19"/>
      </object_component>
      <object_component id="oc-220">
         <name>.text:Board_initHook</name>
         <load_address>0x1b6e</load_address>
         <run_address>0x1b6e</run_address>
         <size>0x2</size>
         <input_file_ref idref="fl-3"/>
      </object_component>
      <object_component id="oc-6a2">
         <name>.text:_CSComputeCLKFrequency</name>
         <load_address>0x1b70</load_address>
         <run_address>0x1b70</run_address>
         <size>0x104</size>
         <input_file_ref idref="fl-26"/>
      </object_component>
      <object_component id="oc-70e">
         <name>.text:vTaskPriorityDisinheritAfterTimeout</name>
         <load_address>0x1c74</load_address>
         <run_address>0x1c74</run_address>
         <size>0x104</size>
         <input_file_ref idref="fl-1a"/>
      </object_component>
      <object_component id="oc-4fd">
         <name>.text:vTaskDelete</name>
         <load_address>0x1d78</load_address>
         <run_address>0x1d78</run_address>
         <size>0x100</size>
         <input_file_ref idref="fl-1a"/>
      </object_component>
      <object_component id="oc-7ac">
         <name>.text:CS_getDCOFrequency</name>
         <load_address>0x1e78</load_address>
         <run_address>0x1e78</run_address>
         <size>0xf8</size>
         <input_file_ref idref="fl-26"/>
      </object_component>
      <object_component id="oc-55e">
         <name>.text:xQueueReceiveFromISR</name>
         <load_address>0x1f70</load_address>
         <run_address>0x1f70</run_address>
         <size>0xf6</size>
         <input_file_ref idref="fl-19"/>
      </object_component>
      <object_component id="oc-6b9">
         <name>.text:PWMTimerMSP432_init</name>
         <load_address>0x2066</load_address>
         <run_address>0x2066</run_address>
         <size>0x2</size>
         <input_file_ref idref="fl-13"/>
      </object_component>
      <object_component id="oc-459">
         <name>.text:CS_startHFXTWithTimeout</name>
         <load_address>0x2068</load_address>
         <run_address>0x2068</run_address>
         <size>0xe4</size>
         <input_file_ref idref="fl-26"/>
      </object_component>
      <object_component id="oc-45f">
         <name>.text:CS_startLFXTWithTimeout</name>
         <load_address>0x214c</load_address>
         <run_address>0x214c</run_address>
         <size>0xe0</size>
         <input_file_ref idref="fl-26"/>
      </object_component>
      <object_component id="oc-5c5">
         <name>.text:_CSGetHFXTFrequency</name>
         <load_address>0x222c</load_address>
         <run_address>0x222c</run_address>
         <size>0xdc</size>
         <input_file_ref idref="fl-26"/>
      </object_component>
      <object_component id="oc-ac">
         <name>.text:vTaskSwitchContext</name>
         <load_address>0x2308</load_address>
         <run_address>0x2308</run_address>
         <size>0xdc</size>
         <input_file_ref idref="fl-1a"/>
      </object_component>
      <object_component id="oc-60">
         <name>.text</name>
         <load_address>0x23e4</load_address>
         <run_address>0x23e4</run_address>
         <size>0xda</size>
         <input_file_ref idref="fl-1d"/>
      </object_component>
      <object_component id="oc-490">
         <name>.text:PowerMSP432_initPolicy</name>
         <load_address>0x24be</load_address>
         <run_address>0x24be</run_address>
         <size>0x2</size>
         <input_file_ref idref="fl-17"/>
      </object_component>
      <object_component id="oc-702">
         <name>.text:xTaskPriorityInherit</name>
         <load_address>0x24c0</load_address>
         <run_address>0x24c0</run_address>
         <size>0xd8</size>
         <input_file_ref idref="fl-1a"/>
      </object_component>
      <object_component id="oc-15a">
         <name>.text:mainThread</name>
         <load_address>0x2598</load_address>
         <run_address>0x2598</run_address>
         <size>0xd4</size>
         <input_file_ref idref="fl-2"/>
      </object_component>
      <object_component id="oc-275">
         <name>.text:xPortStartScheduler</name>
         <load_address>0x266c</load_address>
         <run_address>0x266c</run_address>
         <size>0xd0</size>
         <input_file_ref idref="fl-1c"/>
      </object_component>
      <object_component id="oc-770">
         <name>.text:xTaskPriorityDisinherit</name>
         <load_address>0x273c</load_address>
         <run_address>0x273c</run_address>
         <size>0xd0</size>
         <input_file_ref idref="fl-1a"/>
      </object_component>
      <object_component id="oc-364">
         <name>.text:prvAddNewTaskToReadyList</name>
         <load_address>0x280c</load_address>
         <run_address>0x280c</run_address>
         <size>0xc4</size>
         <input_file_ref idref="fl-1a"/>
      </object_component>
      <object_component id="oc-63f">
         <name>.text:prvCopyDataToQueue</name>
         <load_address>0x28d0</load_address>
         <run_address>0x28d0</run_address>
         <size>0xbe</size>
         <input_file_ref idref="fl-19"/>
      </object_component>
      <object_component id="oc-5a">
         <name>.text:defaultISR</name>
         <load_address>0x298e</load_address>
         <run_address>0x298e</run_address>
         <size>0x2</size>
         <input_file_ref idref="fl-1e"/>
      </object_component>
      <object_component id="oc-335">
         <name>.text:prvHeapInit</name>
         <load_address>0x2990</load_address>
         <run_address>0x2990</run_address>
         <size>0xbc</size>
         <input_file_ref idref="fl-22"/>
      </object_component>
      <object_component id="oc-789">
         <name>.text:prvSwitchTimerLists</name>
         <load_address>0x2a4c</load_address>
         <run_address>0x2a4c</run_address>
         <size>0xbc</size>
         <input_file_ref idref="fl-1b"/>
      </object_component>
      <object_component id="oc-4ba">
         <name>.text:xQueueGenericReset</name>
         <load_address>0x2b08</load_address>
         <run_address>0x2b08</run_address>
         <size>0xb8</size>
         <input_file_ref idref="fl-19"/>
      </object_component>
      <object_component id="oc-64b">
         <name>.text:xTaskCheckForTimeOut</name>
         <load_address>0x2bc0</load_address>
         <run_address>0x2bc0</run_address>
         <size>0xb4</size>
         <input_file_ref idref="fl-1a"/>
      </object_component>
      <object_component id="oc-59d">
         <name>.text:prvAddCurrentTaskToDelayedList</name>
         <load_address>0x2c74</load_address>
         <run_address>0x2c74</run_address>
         <size>0xb0</size>
         <input_file_ref idref="fl-1a"/>
      </object_component>
      <object_component id="oc-65d">
         <name>.text:prvUnlockQueue</name>
         <load_address>0x2d24</load_address>
         <run_address>0x2d24</run_address>
         <size>0xae</size>
         <input_file_ref idref="fl-19"/>
      </object_component>
      <object_component id="oc-54">
         <name>.text:faultISR</name>
         <load_address>0x2dd2</load_address>
         <run_address>0x2dd2</run_address>
         <size>0x2</size>
         <input_file_ref idref="fl-1e"/>
      </object_component>
      <object_component id="oc-28b">
         <name>.text:GPIO_init</name>
         <load_address>0x2dd4</load_address>
         <run_address>0x2dd4</run_address>
         <size>0xac</size>
         <input_file_ref idref="fl-10"/>
      </object_component>
      <object_component id="oc-33b">
         <name>.text:prvInsertBlockIntoFreeList</name>
         <load_address>0x2e80</load_address>
         <run_address>0x2e80</run_address>
         <size>0xa8</size>
         <input_file_ref idref="fl-22"/>
      </object_component>
      <object_component id="oc-23b">
         <name>.text:vPortFree</name>
         <load_address>0x2f28</load_address>
         <run_address>0x2f28</run_address>
         <size>0xa8</size>
         <input_file_ref idref="fl-22"/>
      </object_component>
      <object_component id="oc-235">
         <name>.text:xQueueGenericCreate</name>
         <load_address>0x2fd0</load_address>
         <run_address>0x2fd0</run_address>
         <size>0xa8</size>
         <input_file_ref idref="fl-19"/>
      </object_component>
      <object_component id="oc-616">
         <name>.text:xTaskRemoveFromEventList</name>
         <load_address>0x3078</load_address>
         <run_address>0x3078</run_address>
         <size>0xa8</size>
         <input_file_ref idref="fl-1a"/>
      </object_component>
      <object_component id="oc-6dd">
         <name>.text:PWMTimerMSP432_stop</name>
         <load_address>0x3120</load_address>
         <run_address>0x3120</run_address>
         <size>0xa4</size>
         <input_file_ref idref="fl-13"/>
      </object_component>
      <object_component id="oc-21a">
         <name>.text:Power_init</name>
         <load_address>0x31c4</load_address>
         <run_address>0x31c4</run_address>
         <size>0x9c</size>
         <input_file_ref idref="fl-11"/>
      </object_component>
      <object_component id="oc-34">
         <name>.text</name>
         <load_address>0x3260</load_address>
         <run_address>0x3260</run_address>
         <size>0x9c</size>
         <input_file_ref idref="fl-df"/>
      </object_component>
      <object_component id="oc-154">
         <name>.text:vTaskStartScheduler</name>
         <load_address>0x32fc</load_address>
         <run_address>0x32fc</run_address>
         <size>0x9c</size>
         <input_file_ref idref="fl-1a"/>
      </object_component>
      <object_component id="oc-871">
         <name>.text</name>
         <load_address>0x3398</load_address>
         <run_address>0x3398</run_address>
         <size>0x96</size>
         <input_file_ref idref="fl-e0"/>
      </object_component>
      <object_component id="oc-4e">
         <name>.text:nmiISR</name>
         <load_address>0x342e</load_address>
         <run_address>0x342e</run_address>
         <size>0x2</size>
         <input_file_ref idref="fl-1e"/>
      </object_component>
      <object_component id="oc-6c5">
         <name>.text:PWMTimerMSP432_setDuty</name>
         <load_address>0x3430</load_address>
         <run_address>0x3430</run_address>
         <size>0x94</size>
         <input_file_ref idref="fl-13"/>
      </object_component>
      <object_component id="oc-852">
         <name>.text:SysCtl_A_getTLVInfo</name>
         <load_address>0x34c4</load_address>
         <run_address>0x34c4</run_address>
         <size>0x94</size>
         <input_file_ref idref="fl-29"/>
      </object_component>
      <object_component id="oc-6ad">
         <name>.text:PWMTimerMSP432_close</name>
         <load_address>0x3558</load_address>
         <run_address>0x3558</run_address>
         <size>0x88</size>
         <input_file_ref idref="fl-13"/>
      </object_component>
      <object_component id="oc-51f">
         <name>.text:prvProcessTimerOrBlockTask</name>
         <load_address>0x35e0</load_address>
         <run_address>0x35e0</run_address>
         <size>0x88</size>
         <input_file_ref idref="fl-1b"/>
      </object_component>
      <object_component id="oc-6d7">
         <name>.text:PWMTimerMSP432_start</name>
         <load_address>0x3668</load_address>
         <run_address>0x3668</run_address>
         <size>0x84</size>
         <input_file_ref idref="fl-13"/>
      </object_component>
      <object_component id="oc-75e">
         <name>.text:restartHFXT</name>
         <load_address>0x36ec</load_address>
         <run_address>0x36ec</run_address>
         <size>0x84</size>
         <input_file_ref idref="fl-11"/>
      </object_component>
      <object_component id="oc-695">
         <name>.text:xTimerGenericCommand</name>
         <load_address>0x3770</load_address>
         <run_address>0x3770</run_address>
         <size>0x84</size>
         <input_file_ref idref="fl-1b"/>
      </object_component>
      <object_component id="oc-47e">
         <name>.text:Interrupt_enableInterrupt</name>
         <load_address>0x37f4</load_address>
         <run_address>0x37f4</run_address>
         <size>0x80</size>
         <input_file_ref idref="fl-27"/>
      </object_component>
      <object_component id="oc-682">
         <name>.text:prvProcessExpiredTimer</name>
         <load_address>0x3874</load_address>
         <run_address>0x3874</run_address>
         <size>0x80</size>
         <input_file_ref idref="fl-1b"/>
      </object_component>
      <object_component id="oc-858">
         <name>.text:_CSGetDOCFrequency</name>
         <load_address>0x38f4</load_address>
         <run_address>0x38f4</run_address>
         <size>0x7c</size>
         <input_file_ref idref="fl-26"/>
      </object_component>
      <object_component id="oc-7fe">
         <name>.text:setConstraints</name>
         <load_address>0x3970</load_address>
         <run_address>0x3970</run_address>
         <size>0x7c</size>
         <input_file_ref idref="fl-13"/>
      </object_component>
      <object_component id="oc-4eb">
         <name>.text:removeThreadKeys</name>
         <load_address>0x39ec</load_address>
         <run_address>0x39ec</run_address>
         <size>0x7a</size>
         <input_file_ref idref="fl-20"/>
      </object_component>
      <object_component id="oc-85">
         <name>.text</name>
         <load_address>0x3a66</load_address>
         <run_address>0x3a66</run_address>
         <size>0x7a</size>
         <input_file_ref idref="fl-e1"/>
      </object_component>
      <object_component id="oc-24d">
         <name>.text:xTaskCreate</name>
         <load_address>0x3ae0</load_address>
         <run_address>0x3ae0</run_address>
         <size>0x7a</size>
         <input_file_ref idref="fl-1a"/>
      </object_component>
      <object_component id="oc-8a5">
         <name>.text</name>
         <load_address>0x3b5a</load_address>
         <run_address>0x3b5a</run_address>
         <size>0x2</size>
         <input_file_ref idref="fl-e6"/>
      </object_component>
      <object_component id="oc-7f8">
         <name>.text:TimerMSP432_allocateTimerResource</name>
         <load_address>0x3b5c</load_address>
         <run_address>0x3b5c</run_address>
         <size>0x78</size>
         <input_file_ref idref="fl-14"/>
      </object_component>
      <object_component id="oc-68f">
         <name>.text:prvInsertTimerInActiveList</name>
         <load_address>0x3bd4</load_address>
         <run_address>0x3bd4</run_address>
         <size>0x78</size>
         <input_file_ref idref="fl-1b"/>
      </object_component>
      <object_component id="oc-39a">
         <name>.text:vPortSetupTimerInterrupt</name>
         <load_address>0x3c4c</load_address>
         <run_address>0x3c4c</run_address>
         <size>0x78</size>
         <input_file_ref idref="fl-1c"/>
      </object_component>
      <object_component id="oc-4ce">
         <name>.text:prvInitialiseTaskLists</name>
         <load_address>0x3cc4</load_address>
         <run_address>0x3cc4</run_address>
         <size>0x74</size>
         <input_file_ref idref="fl-1a"/>
      </object_component>
      <object_component id="oc-6e9">
         <name>.text:vPortValidateInterruptPriority</name>
         <load_address>0x3d38</load_address>
         <run_address>0x3d38</run_address>
         <size>0x74</size>
         <input_file_ref idref="fl-1c"/>
      </object_component>
      <object_component id="oc-81c">
         <name>.text:perfChangeNotifyFxn</name>
         <load_address>0x3dac</load_address>
         <run_address>0x3dac</run_address>
         <size>0x6a</size>
         <input_file_ref idref="fl-13"/>
      </object_component>
      <object_component id="oc-341">
         <name>.text:vApplicationMallocFailedHook</name>
         <load_address>0x3e16</load_address>
         <run_address>0x3e16</run_address>
         <size>0x2</size>
         <input_file_ref idref="fl-4"/>
      </object_component>
      <object_component id="oc-3fa">
         <name>.text:GPIO_hwiIntFxn</name>
         <load_address>0x3e18</load_address>
         <run_address>0x3e18</run_address>
         <size>0x68</size>
         <input_file_ref idref="fl-10"/>
      </object_component>
      <object_component id="oc-7da">
         <name>.text:PowerMSP432_getFreqs</name>
         <load_address>0x3e80</load_address>
         <run_address>0x3e80</run_address>
         <size>0x68</size>
         <input_file_ref idref="fl-11"/>
      </object_component>
      <object_component id="oc-f">
         <name>.text:decompress:lzss:__TI_decompress_lzss</name>
         <load_address>0x3ee8</load_address>
         <run_address>0x3ee8</run_address>
         <size>0x68</size>
         <input_file_ref idref="fl-e4"/>
      </object_component>
      <object_component id="oc-810">
         <name>.text:initHw</name>
         <load_address>0x3f50</load_address>
         <run_address>0x3f50</run_address>
         <size>0x68</size>
         <input_file_ref idref="fl-13"/>
      </object_component>
      <object_component id="oc-732">
         <name>.text:vListInsert</name>
         <load_address>0x3fb8</load_address>
         <run_address>0x3fb8</run_address>
         <size>0x66</size>
         <input_file_ref idref="fl-23"/>
      </object_component>
      <object_component id="oc-e5">
         <name>.text:main</name>
         <load_address>0x4020</load_address>
         <run_address>0x4020</run_address>
         <size>0x64</size>
         <input_file_ref idref="fl-4"/>
      </object_component>
      <object_component id="oc-3aa">
         <name>.text:prvGetExpectedIdleTime</name>
         <load_address>0x4084</load_address>
         <run_address>0x4084</run_address>
         <size>0x64</size>
         <input_file_ref idref="fl-1a"/>
      </object_component>
      <object_component id="oc-7a0">
         <name>.text:_CSGetDividerValue</name>
         <load_address>0x40e8</load_address>
         <run_address>0x40e8</run_address>
         <size>0x62</size>
         <input_file_ref idref="fl-26"/>
      </object_component>
      <object_component id="oc-297">
         <name>.text:GPIO_setCallback</name>
         <load_address>0x414c</load_address>
         <run_address>0x414c</run_address>
         <size>0x60</size>
         <input_file_ref idref="fl-10"/>
      </object_component>
      <object_component id="oc-30a">
         <name>.text:HwiP_create</name>
         <load_address>0x41ac</load_address>
         <run_address>0x41ac</run_address>
         <size>0x60</size>
         <input_file_ref idref="fl-16"/>
      </object_component>
      <object_component id="oc-4c7">
         <name>.text:pxPortInitialiseStack</name>
         <load_address>0x420c</load_address>
         <run_address>0x420c</run_address>
         <size>0x60</size>
         <input_file_ref idref="fl-1c"/>
      </object_component>
      <object_component id="oc-472">
         <name>.text:Interrupt_registerInterrupt</name>
         <load_address>0x426c</load_address>
         <run_address>0x426c</run_address>
         <size>0x5c</size>
         <input_file_ref idref="fl-27"/>
      </object_component>
      <object_component id="oc-27b">
         <name>.text:prvIdleTask</name>
         <load_address>0x42c8</load_address>
         <run_address>0x42c8</run_address>
         <size>0x5c</size>
         <input_file_ref idref="fl-1a"/>
      </object_component>
      <object_component id="oc-380">
         <name>.text:pthread_exit</name>
         <load_address>0x4324</load_address>
         <run_address>0x4324</run_address>
         <size>0x5c</size>
         <input_file_ref idref="fl-20"/>
      </object_component>
      <object_component id="oc-688">
         <name>.text:vQueueWaitForMessageRestricted</name>
         <load_address>0x4380</load_address>
         <run_address>0x4380</run_address>
         <size>0x5c</size>
         <input_file_ref idref="fl-19"/>
      </object_component>
      <object_component id="oc-414">
         <name>.text:vTaskDelay</name>
         <load_address>0x43dc</load_address>
         <run_address>0x43dc</run_address>
         <size>0x5c</size>
         <input_file_ref idref="fl-1a"/>
      </object_component>
      <object_component id="oc-478">
         <name>.text:Interrupt_setPriority</name>
         <load_address>0x4438</load_address>
         <run_address>0x4438</run_address>
         <size>0x54</size>
         <input_file_ref idref="fl-27"/>
      </object_component>
      <object_component id="oc-7bf">
         <name>.text:TimerMSP432_freeTimerResource</name>
         <load_address>0x448c</load_address>
         <run_address>0x448c</run_address>
         <size>0x54</size>
         <input_file_ref idref="fl-14"/>
      </object_component>
      <object_component id="oc-26f">
         <name>.text:xTimerCreateTimerTask</name>
         <load_address>0x44e0</load_address>
         <run_address>0x44e0</run_address>
         <size>0x54</size>
         <input_file_ref idref="fl-1b"/>
      </object_component>
      <object_component id="oc-387">
         <name>.text:prvCheckForValidListAndQueue</name>
         <load_address>0x4534</load_address>
         <run_address>0x4534</run_address>
         <size>0x4c</size>
         <input_file_ref idref="fl-1b"/>
      </object_component>
      <object_component id="oc-3a4">
         <name>.text:prvCheckTasksWaitingTermination</name>
         <load_address>0x4580</load_address>
         <run_address>0x4580</run_address>
         <size>0x4c</size>
         <input_file_ref idref="fl-1a"/>
      </object_component>
      <object_component id="oc-36b">
         <name>.text:vPortEnterCritical</name>
         <load_address>0x45cc</load_address>
         <run_address>0x45cc</run_address>
         <size>0x4c</size>
         <input_file_ref idref="fl-1c"/>
      </object_component>
      <object_component id="oc-722">
         <name>.text:vTaskSetThreadLocalStoragePointer</name>
         <load_address>0x4618</load_address>
         <run_address>0x4618</run_address>
         <size>0x4c</size>
         <input_file_ref idref="fl-1a"/>
      </object_component>
      <object_component id="oc-487">
         <name>.text:HwiP_dispatch</name>
         <load_address>0x4664</load_address>
         <run_address>0x4664</run_address>
         <size>0x48</size>
         <input_file_ref idref="fl-16"/>
      </object_component>
      <object_component id="oc-80a">
         <name>.text:Power_releaseConstraint</name>
         <load_address>0x46ac</load_address>
         <run_address>0x46ac</run_address>
         <size>0x48</size>
         <input_file_ref idref="fl-11"/>
      </object_component>
      <object_component id="oc-117">
         <name>.text:uxListRemove</name>
         <load_address>0x46f4</load_address>
         <run_address>0x46f4</run_address>
         <size>0x48</size>
         <input_file_ref idref="fl-23"/>
      </object_component>
      <object_component id="oc-285">
         <name>.text:PWM_init</name>
         <load_address>0x473c</load_address>
         <run_address>0x473c</run_address>
         <size>0x44</size>
         <input_file_ref idref="fl-12"/>
      </object_component>
      <object_component id="oc-177">
         <name>.text:__TI_auto_init_nobinit_nopinit:__TI_auto_init_nobinit_nopinit</name>
         <load_address>0x4780</load_address>
         <run_address>0x4780</run_address>
         <size>0x44</size>
         <input_file_ref idref="fl-e7"/>
      </object_component>
      <object_component id="oc-34f">
         <name>.text:prvInitialiseNewQueue</name>
         <load_address>0x47c4</load_address>
         <run_address>0x47c4</run_address>
         <size>0x44</size>
         <input_file_ref idref="fl-19"/>
      </object_component>
      <object_component id="oc-2a9">
         <name>.text:PWM_open</name>
         <load_address>0x4808</load_address>
         <run_address>0x4808</run_address>
         <size>0x40</size>
         <input_file_ref idref="fl-12"/>
      </object_component>
      <object_component id="oc-40e">
         <name>.text:__aeabi_errno_addr</name>
         <load_address>0x4848</load_address>
         <run_address>0x4848</run_address>
         <size>0x40</size>
         <input_file_ref idref="fl-24"/>
      </object_component>
      <object_component id="oc-7e6">
         <name>.text:getDutyCounts</name>
         <load_address>0x4888</load_address>
         <run_address>0x4888</run_address>
         <size>0x40</size>
         <input_file_ref idref="fl-13"/>
      </object_component>
      <object_component id="oc-7e0">
         <name>.text:getPeriodCounts</name>
         <load_address>0x48c8</load_address>
         <run_address>0x48c8</run_address>
         <size>0x40</size>
         <input_file_ref idref="fl-13"/>
      </object_component>
      <object_component id="oc-790">
         <name>.text:vTaskPlaceOnEventListRestricted</name>
         <load_address>0x4908</load_address>
         <run_address>0x4908</run_address>
         <size>0x40</size>
         <input_file_ref idref="fl-1a"/>
      </object_component>
      <object_component id="oc-4df">
         <name>.text:pthread_setcancelstate</name>
         <load_address>0x4948</load_address>
         <run_address>0x4948</run_address>
         <size>0x3e</size>
         <input_file_ref idref="fl-20"/>
      </object_component>
      <object_component id="oc-6ef">
         <name>.text:prvCopyDataFromQueue</name>
         <load_address>0x4986</load_address>
         <run_address>0x4986</run_address>
         <size>0x3c</size>
         <input_file_ref idref="fl-19"/>
      </object_component>
      <object_component id="oc-71a">
         <name>.text:pvTaskGetThreadLocalStoragePointer</name>
         <load_address>0x49c4</load_address>
         <run_address>0x49c4</run_address>
         <size>0x3c</size>
         <input_file_ref idref="fl-1a"/>
      </object_component>
      <object_component id="oc-2bb">
         <name>.text:usleep</name>
         <load_address>0x4a00</load_address>
         <run_address>0x4a00</run_address>
         <size>0x3c</size>
         <input_file_ref idref="fl-21"/>
      </object_component>
      <object_component id="oc-11d">
         <name>.text:vListInsertEnd</name>
         <load_address>0x4a3c</load_address>
         <run_address>0x4a3c</run_address>
         <size>0x3c</size>
         <input_file_ref idref="fl-23"/>
      </object_component>
      <object_component id="oc-496">
         <name>.text:PowerMSP432_sleepPolicy</name>
         <load_address>0x4a78</load_address>
         <run_address>0x4a78</run_address>
         <size>0x3a</size>
         <input_file_ref idref="fl-17"/>
      </object_component>
      <object_component id="oc-41b">
         <name>.text:GPIO_toggle</name>
         <load_address>0x4ab4</load_address>
         <run_address>0x4ab4</run_address>
         <size>0x38</size>
         <input_file_ref idref="fl-10"/>
      </object_component>
      <object_component id="oc-7ce">
         <name>.text:Power_setConstraint</name>
         <load_address>0x4aec</load_address>
         <run_address>0x4aec</run_address>
         <size>0x38</size>
         <input_file_ref idref="fl-11"/>
      </object_component>
      <object_component id="oc-752">
         <name>.text:notify</name>
         <load_address>0x4b24</load_address>
         <run_address>0x4b24</run_address>
         <size>0x38</size>
         <input_file_ref idref="fl-11"/>
      </object_component>
      <object_component id="oc-519">
         <name>.text:prvGetNextExpireTime</name>
         <load_address>0x4b5c</load_address>
         <run_address>0x4b5c</run_address>
         <size>0x38</size>
         <input_file_ref idref="fl-1b"/>
      </object_component>
      <object_component id="oc-61e">
         <name>.text:prvTaskExitError</name>
         <load_address>0x4b94</load_address>
         <run_address>0x4b94</run_address>
         <size>0x38</size>
         <input_file_ref idref="fl-1c"/>
      </object_component>
      <object_component id="oc-29d">
         <name>.text:GPIO_enableInt</name>
         <load_address>0x4bcc</load_address>
         <run_address>0x4bcc</run_address>
         <size>0x34</size>
         <input_file_ref idref="fl-10"/>
      </object_component>
      <object_component id="oc-3db">
         <name>.text:SemaphoreP_pend</name>
         <load_address>0x4c00</load_address>
         <run_address>0x4c00</run_address>
         <size>0x34</size>
         <input_file_ref idref="fl-18"/>
      </object_component>
      <object_component id="oc-91">
         <name>.text:_c_int00_noargs:_c_int00_noargs</name>
         <load_address>0x4c34</load_address>
         <run_address>0x4c34</run_address>
         <size>0x34</size>
         <input_file_ref idref="fl-e5"/>
      </object_component>
      <object_component id="oc-680">
         <name>.text:prvSampleTimeNow</name>
         <load_address>0x4c68</load_address>
         <run_address>0x4c68</run_address>
         <size>0x34</size>
         <input_file_ref idref="fl-1b"/>
      </object_component>
      <object_component id="oc-657">
         <name>.text:vTaskPlaceOnEventList</name>
         <load_address>0x4c9c</load_address>
         <run_address>0x4c9c</run_address>
         <size>0x34</size>
         <input_file_ref idref="fl-1a"/>
      </object_component>
      <object_component id="oc-7a6">
         <name>.text:CS_clearInterruptFlag</name>
         <load_address>0x4cd0</load_address>
         <run_address>0x4cd0</run_address>
         <size>0x30</size>
         <input_file_ref idref="fl-26"/>
      </object_component>
      <object_component id="oc-7c5">
         <name>.text:mapPin</name>
         <load_address>0x4d00</load_address>
         <run_address>0x4d00</run_address>
         <size>0x30</size>
         <input_file_ref idref="fl-13"/>
      </object_component>
      <object_component id="oc-111">
         <name>.text:prvResetNextTaskUnblockTime</name>
         <load_address>0x4d30</load_address>
         <run_address>0x4d30</run_address>
         <size>0x30</size>
         <input_file_ref idref="fl-1a"/>
      </object_component>
      <object_component id="oc-504">
         <name>.text:vListInitialise</name>
         <load_address>0x4d60</load_address>
         <run_address>0x4d60</run_address>
         <size>0x30</size>
         <input_file_ref idref="fl-23"/>
      </object_component>
      <object_component id="oc-371">
         <name>.text:vPortExitCritical</name>
         <load_address>0x4d90</load_address>
         <run_address>0x4d90</run_address>
         <size>0x30</size>
         <input_file_ref idref="fl-1c"/>
      </object_component>
      <object_component id="oc-241">
         <name>.text:xTaskGetSchedulerState</name>
         <load_address>0x4dc0</load_address>
         <run_address>0x4dc0</run_address>
         <size>0x30</size>
         <input_file_ref idref="fl-1a"/>
      </object_component>
      <object_component id="oc-3b9">
         <name>.text:HwiP_disable</name>
         <load_address>0x4df0</load_address>
         <run_address>0x4df0</run_address>
         <size>0x2c</size>
         <input_file_ref idref="fl-16"/>
      </object_component>
      <object_component id="oc-3cf">
         <name>.text:SemaphoreP_createBinary</name>
         <load_address>0x4e1c</load_address>
         <run_address>0x4e1c</run_address>
         <size>0x2c</size>
         <input_file_ref idref="fl-18"/>
      </object_component>
      <object_component id="oc-253">
         <name>.text:vTaskSetApplicationTaskTag</name>
         <load_address>0x4e48</load_address>
         <run_address>0x4e48</run_address>
         <size>0x2c</size>
         <input_file_ref idref="fl-1a"/>
      </object_component>
      <object_component id="oc-65">
         <name>.text:xPortSysTickHandler</name>
         <load_address>0x4e74</load_address>
         <run_address>0x4e74</run_address>
         <size>0x2c</size>
         <input_file_ref idref="fl-1c"/>
      </object_component>
      <object_component id="oc-52c">
         <name>.text:CS_getMCLK</name>
         <load_address>0x4ea0</load_address>
         <run_address>0x4ea0</run_address>
         <size>0x28</size>
         <input_file_ref idref="fl-26"/>
      </object_component>
      <object_component id="oc-558">
         <name>.text:HwiP_inISR</name>
         <load_address>0x4ec8</load_address>
         <run_address>0x4ec8</run_address>
         <size>0x28</size>
         <input_file_ref idref="fl-16"/>
      </object_component>
      <object_component id="oc-804">
         <name>.text:Power_registerNotify</name>
         <load_address>0x4ef0</load_address>
         <run_address>0x4ef0</run_address>
         <size>0x28</size>
         <input_file_ref idref="fl-11"/>
      </object_component>
      <object_component id="oc-453">
         <name>.text:disableFaultCounter</name>
         <load_address>0x4f18</load_address>
         <run_address>0x4f18</run_address>
         <size>0x28</size>
         <input_file_ref idref="fl-11"/>
      </object_component>
      <object_component id="oc-758">
         <name>.text:disableHFXT</name>
         <load_address>0x4f40</load_address>
         <run_address>0x4f40</run_address>
         <size>0x28</size>
         <input_file_ref idref="fl-11"/>
      </object_component>
      <object_component id="oc-13c">
         <name>.text:pthread_attr_setschedparam</name>
         <load_address>0x4f68</load_address>
         <run_address>0x4f68</run_address>
         <size>0x28</size>
         <input_file_ref idref="fl-20"/>
      </object_component>
      <object_component id="oc-635">
         <name>.text:xTaskGetApplicationTaskTag</name>
         <load_address>0x4f90</load_address>
         <run_address>0x4f90</run_address>
         <size>0x28</size>
         <input_file_ref idref="fl-1a"/>
      </object_component>
      <object_component id="oc-882">
         <name>.text:List_put</name>
         <load_address>0x4fb8</load_address>
         <run_address>0x4fb8</run_address>
         <size>0x26</size>
         <input_file_ref idref="fl-15"/>
      </object_component>
      <object_component id="oc-861">
         <name>.text:List_remove</name>
         <load_address>0x4fde</load_address>
         <run_address>0x4fde</run_address>
         <size>0x26</size>
         <input_file_ref idref="fl-15"/>
      </object_component>
      <object_component id="oc-4e5">
         <name>.text:_pthread_cleanup_pop</name>
         <load_address>0x5004</load_address>
         <run_address>0x5004</run_address>
         <size>0x26</size>
         <input_file_ref idref="fl-20"/>
      </object_component>
      <object_component id="oc-651">
         <name>.text:prvIsQueueFull</name>
         <load_address>0x502a</load_address>
         <run_address>0x502a</run_address>
         <size>0x26</size>
         <input_file_ref idref="fl-19"/>
      </object_component>
      <object_component id="oc-7b3">
         <name>.text:releaseConstraints</name>
         <load_address>0x5050</load_address>
         <run_address>0x5050</run_address>
         <size>0x26</size>
         <input_file_ref idref="fl-13"/>
      </object_component>
      <object_component id="oc-708">
         <name>.text:prvGetDisinheritPriorityAfterTimeout</name>
         <load_address>0x5076</load_address>
         <run_address>0x5076</run_address>
         <size>0x24</size>
         <input_file_ref idref="fl-19"/>
      </object_component>
      <object_component id="oc-259">
         <name>.text:vQueueDelete</name>
         <load_address>0x509a</load_address>
         <run_address>0x509a</run_address>
         <size>0x24</size>
         <input_file_ref idref="fl-19"/>
      </object_component>
      <object_component id="oc-645">
         <name>.text:vTaskInternalSetTimeOutState</name>
         <load_address>0x50c0</load_address>
         <run_address>0x50c0</run_address>
         <size>0x24</size>
         <input_file_ref idref="fl-1a"/>
      </object_component>
      <object_component id="oc-3e1">
         <name>.text:SemaphoreP_post</name>
         <load_address>0x50e4</load_address>
         <run_address>0x50e4</run_address>
         <size>0x22</size>
         <input_file_ref idref="fl-18"/>
      </object_component>
      <object_component id="oc-142">
         <name>.text:pthread_attr_setdetachstate</name>
         <load_address>0x5106</load_address>
         <run_address>0x5106</run_address>
         <size>0x22</size>
         <input_file_ref idref="fl-20"/>
      </object_component>
      <object_component id="oc-44d">
         <name>.text:CS_setExternalClockSourceFrequency</name>
         <load_address>0x5128</load_address>
         <run_address>0x5128</run_address>
         <size>0x20</size>
         <input_file_ref idref="fl-26"/>
      </object_component>
      <object_component id="oc-3bf">
         <name>.text:HwiP_restore</name>
         <load_address>0x5148</load_address>
         <run_address>0x5148</run_address>
         <size>0x20</size>
         <input_file_ref idref="fl-16"/>
      </object_component>
      <object_component id="oc-7b9">
         <name>.text:Power_unregisterNotify</name>
         <load_address>0x5168</load_address>
         <run_address>0x5168</run_address>
         <size>0x20</size>
         <input_file_ref idref="fl-11"/>
      </object_component>
      <object_component id="oc-6fc">
         <name>.text:prvIsQueueEmpty</name>
         <load_address>0x5188</load_address>
         <run_address>0x5188</run_address>
         <size>0x20</size>
         <input_file_ref idref="fl-19"/>
      </object_component>
      <object_component id="oc-304">
         <name>.text:HwiP_Params_init</name>
         <load_address>0x51a8</load_address>
         <run_address>0x51a8</run_address>
         <size>0x1e</size>
         <input_file_ref idref="fl-16"/>
      </object_component>
      <object_component id="oc-268">
         <name>.text:_pthread_runStub</name>
         <load_address>0x51c6</load_address>
         <run_address>0x51c6</run_address>
         <size>0x1e</size>
         <input_file_ref idref="fl-20"/>
      </object_component>
      <object_component id="oc-7ec">
         <name>.text:corroboratePeriod</name>
         <load_address>0x51e4</load_address>
         <run_address>0x51e4</run_address>
         <size>0x1e</size>
         <input_file_ref idref="fl-13"/>
      </object_component>
      <object_component id="oc-136">
         <name>.text:pthread_attr_init</name>
         <load_address>0x5204</load_address>
         <run_address>0x5204</run_address>
         <size>0x1c</size>
         <input_file_ref idref="fl-20"/>
      </object_component>
      <object_component id="oc-6f6">
         <name>.text:pvTaskIncrementMutexHeldCount</name>
         <load_address>0x5220</load_address>
         <run_address>0x5220</run_address>
         <size>0x1c</size>
         <input_file_ref idref="fl-1a"/>
      </object_component>
      <object_component id="oc-665">
         <name>.text:PTLS_taskDeleteHook</name>
         <load_address>0x523c</load_address>
         <run_address>0x523c</run_address>
         <size>0x1a</size>
         <input_file_ref idref="fl-1f"/>
      </object_component>
      <object_component id="oc-393">
         <name>.text:prvTimerTask</name>
         <load_address>0x5256</load_address>
         <run_address>0x5256</run_address>
         <size>0x1a</size>
         <input_file_ref idref="fl-1b"/>
      </object_component>
      <object_component id="oc-5bf">
         <name>.text:SysCtl_A_disableNMISource</name>
         <load_address>0x5270</load_address>
         <run_address>0x5270</run_address>
         <size>0x18</size>
         <input_file_ref idref="fl-29"/>
      </object_component>
      <object_component id="oc-5cb">
         <name>.text:SysCtl_A_enableNMISource</name>
         <load_address>0x5288</load_address>
         <run_address>0x5288</run_address>
         <size>0x18</size>
         <input_file_ref idref="fl-29"/>
      </object_component>
      <object_component id="oc-7f2">
         <name>.text:corroborateDuty</name>
         <load_address>0x52a0</load_address>
         <run_address>0x52a0</run_address>
         <size>0x18</size>
         <input_file_ref idref="fl-13"/>
      </object_component>
      <object_component id="oc-58c">
         <name>.text:PTLS_getBuf</name>
         <load_address>0x52b8</load_address>
         <run_address>0x52b8</run_address>
         <size>0x16</size>
         <input_file_ref idref="fl-1f"/>
      </object_component>
      <object_component id="oc-592">
         <name>.text:PTLS_setBuf</name>
         <load_address>0x52ce</load_address>
         <run_address>0x52ce</run_address>
         <size>0x16</size>
         <input_file_ref idref="fl-1f"/>
      </object_component>
      <object_component id="oc-2a3">
         <name>.text:PWM_Params_init</name>
         <load_address>0x52e4</load_address>
         <run_address>0x52e4</run_address>
         <size>0x14</size>
         <input_file_ref idref="fl-12"/>
      </object_component>
      <object_component id="oc-540">
         <name>.text:Power_idleFunc</name>
         <load_address>0x52f8</load_address>
         <run_address>0x52f8</run_address>
         <size>0x14</size>
         <input_file_ref idref="fl-11"/>
      </object_component>
      <object_component id="oc-535">
         <name>.text:prvDeleteTCB</name>
         <load_address>0x530c</load_address>
         <run_address>0x530c</run_address>
         <size>0x14</size>
         <input_file_ref idref="fl-1a"/>
      </object_component>
      <object_component id="oc-148">
         <name>.text:pthread_attr_setstacksize</name>
         <load_address>0x5320</load_address>
         <run_address>0x5320</run_address>
         <size>0x14</size>
         <input_file_ref idref="fl-20"/>
      </object_component>
      <object_component id="oc-4d9">
         <name>.text:pthread_self</name>
         <load_address>0x5334</load_address>
         <run_address>0x5334</run_address>
         <size>0x14</size>
         <input_file_ref idref="fl-20"/>
      </object_component>
      <object_component id="oc-1c">
         <name>.text:resetISR</name>
         <load_address>0x5348</load_address>
         <run_address>0x5348</run_address>
         <size>0x14</size>
         <input_file_ref idref="fl-1e"/>
      </object_component>
      <object_component id="oc-62f">
         <name>.text:xTaskGetCurrentTaskHandle</name>
         <load_address>0x535c</load_address>
         <run_address>0x535c</run_address>
         <size>0x14</size>
         <input_file_ref idref="fl-1a"/>
      </object_component>
      <object_component id="oc-783">
         <name>.text:xTaskGetTickCount</name>
         <load_address>0x5370</load_address>
         <run_address>0x5370</run_address>
         <size>0x14</size>
         <input_file_ref idref="fl-1a"/>
      </object_component>
      <object_component id="oc-87b">
         <name>.text:PowerMSP432_getNumPerfLevels</name>
         <load_address>0x5384</load_address>
         <run_address>0x5384</run_address>
         <size>0x10</size>
         <input_file_ref idref="fl-11"/>
      </object_component>
      <object_component id="oc-5b9">
         <name>.text:SysCtl_A_getNMISourceStatus</name>
         <load_address>0x5394</load_address>
         <run_address>0x5394</run_address>
         <size>0x10</size>
         <input_file_ref idref="fl-29"/>
      </object_component>
      <object_component id="oc-843">
         <name>.text:SysCtl_getNMISourceStatus</name>
         <load_address>0x53a4</load_address>
         <run_address>0x53a4</run_address>
         <size>0x10</size>
         <input_file_ref idref="fl-28"/>
      </object_component>
      <object_component id="oc-4c1">
         <name>.text:vListInitialiseItem</name>
         <load_address>0x53b4</load_address>
         <run_address>0x53b4</run_address>
         <size>0x10</size>
         <input_file_ref idref="fl-23"/>
      </object_component>
      <object_component id="oc-247">
         <name>.text:vTaskSuspendAll</name>
         <load_address>0x53c4</load_address>
         <run_address>0x53c4</run_address>
         <size>0x10</size>
         <input_file_ref idref="fl-1a"/>
      </object_component>
      <object_component id="oc-15">
         <name>.text:decompress:none:__TI_decompress_none</name>
         <load_address>0x53d4</load_address>
         <run_address>0x53d4</run_address>
         <size>0xe</size>
         <input_file_ref idref="fl-e3"/>
      </object_component>
      <object_component id="oc-2c7">
         <name>.text:greenCallback</name>
         <load_address>0x53e2</load_address>
         <run_address>0x53e2</run_address>
         <size>0xe</size>
         <input_file_ref idref="fl-2"/>
      </object_component>
      <object_component id="oc-2c1">
         <name>.text:redCallback</name>
         <load_address>0x53f0</load_address>
         <run_address>0x53f0</run_address>
         <size>0xe</size>
         <input_file_ref idref="fl-2"/>
      </object_component>
      <object_component id="oc-130">
         <name>.text:Board_init</name>
         <load_address>0x53fe</load_address>
         <run_address>0x53fe</run_address>
         <size>0xc</size>
         <input_file_ref idref="fl-3"/>
      </object_component>
      <object_component id="oc-5f9">
         <name>.text:CPU_cpsid</name>
         <load_address>0x540a</load_address>
         <run_address>0x540a</run_address>
         <size>0xc</size>
         <input_file_ref idref="fl-25"/>
      </object_component>
      <object_component id="oc-60b">
         <name>.text:CPU_cpsie</name>
         <load_address>0x5416</load_address>
         <run_address>0x5416</run_address>
         <size>0xc</size>
         <input_file_ref idref="fl-25"/>
      </object_component>
      <object_component id="oc-5ff">
         <name>.text:Power_getConstraintMask</name>
         <load_address>0x5424</load_address>
         <run_address>0x5424</run_address>
         <size>0xc</size>
         <input_file_ref idref="fl-11"/>
      </object_component>
      <object_component id="oc-7d4">
         <name>.text:Power_getPerformanceLevel</name>
         <load_address>0x5430</load_address>
         <run_address>0x5430</run_address>
         <size>0xc</size>
         <input_file_ref idref="fl-11"/>
      </object_component>
      <object_component id="oc-3d5">
         <name>.text:SemaphoreP_delete</name>
         <load_address>0x543c</load_address>
         <run_address>0x543c</run_address>
         <size>0xc</size>
         <input_file_ref idref="fl-18"/>
      </object_component>
      <object_component id="oc-46">
         <name>.text:decompress:ZI:__TI_zero_init</name>
         <load_address>0x5448</load_address>
         <run_address>0x5448</run_address>
         <size>0xc</size>
         <input_file_ref idref="fl-e2"/>
      </object_component>
      <object_component id="oc-77b">
         <name>.text:vTaskMissedYield</name>
         <load_address>0x5454</load_address>
         <run_address>0x5454</run_address>
         <size>0xc</size>
         <input_file_ref idref="fl-1a"/>
      </object_component>
      <object_component id="oc-2b5">
         <name>.text:PWM_setDuty</name>
         <load_address>0x5460</load_address>
         <run_address>0x5460</run_address>
         <size>0xa</size>
         <input_file_ref idref="fl-12"/>
      </object_component>
      <object_component id="oc-2af">
         <name>.text:PWM_start</name>
         <load_address>0x546a</load_address>
         <run_address>0x546a</run_address>
         <size>0xa</size>
         <input_file_ref idref="fl-12"/>
      </object_component>
      <object_component id="oc-465">
         <name>.text:PowerMSP432_updateFreqs</name>
         <load_address>0x5474</load_address>
         <run_address>0x5474</run_address>
         <size>0xa</size>
         <input_file_ref idref="fl-17"/>
      </object_component>
      <object_component id="oc-107">
         <name>.text:vApplicationStackOverflowHook</name>
         <load_address>0x547e</load_address>
         <run_address>0x547e</run_address>
         <size>0xa</size>
         <input_file_ref idref="fl-4"/>
      </object_component>
      <object_component id="oc-3b0">
         <name>.text:vPortSuppressTicksAndSleep</name>
         <load_address>0x5488</load_address>
         <run_address>0x5488</run_address>
         <size>0xa</size>
         <input_file_ref idref="fl-17"/>
      </object_component>
      <object_component id="oc-6b3">
         <name>.text:PWMTimerMSP432_control</name>
         <load_address>0x5492</load_address>
         <run_address>0x5492</run_address>
         <size>0x6</size>
         <input_file_ref idref="fl-13"/>
      </object_component>
      <object_component id="oc-6d1">
         <name>.text:PWMTimerMSP432_setDutyAndPeriod</name>
         <load_address>0x5498</load_address>
         <run_address>0x5498</run_address>
         <size>0x6</size>
         <input_file_ref idref="fl-13"/>
      </object_component>
      <object_component id="oc-df">
         <name>.text:_system_pre_init</name>
         <load_address>0x549e</load_address>
         <run_address>0x549e</run_address>
         <size>0x4</size>
         <input_file_ref idref="fl-e8"/>
      </object_component>
      <object_component id="oc-16b">
         <name>.text:abort:abort</name>
         <load_address>0x54a2</load_address>
         <run_address>0x54a2</run_address>
         <size>0x4</size>
         <input_file_ref idref="fl-ea"/>
      </object_component>
      <object_component id="oc-5ea">
         <name>.const:g_pulRegs</name>
         <load_address>0x54a8</load_address>
         <run_address>0x54a8</run_address>
         <size>0x50</size>
         <input_file_ref idref="fl-27"/>
      </object_component>
      <object_component id="oc-313">
         <name>.const:PowerMSP432_config</name>
         <load_address>0x54f8</load_address>
         <run_address>0x54f8</run_address>
         <size>0x38</size>
         <input_file_ref idref="fl-3"/>
      </object_component>
      <object_component id="oc-54d">
         <name>.const:PWMTimerMSP432_fxnTable</name>
         <load_address>0x5530</load_address>
         <run_address>0x5530</run_address>
         <size>0x24</size>
         <input_file_ref idref="fl-13"/>
      </object_component>
      <object_component id="oc-407">
         <name>.const:PWM_defaultParams</name>
         <load_address>0x5554</load_address>
         <run_address>0x5554</run_address>
         <size>0x18</size>
         <input_file_ref idref="fl-12"/>
      </object_component>
      <object_component id="oc-3eb">
         <name>.const:GPIOMSP432_config</name>
         <load_address>0x556c</load_address>
         <run_address>0x556c</run_address>
         <size>0x14</size>
         <input_file_ref idref="fl-3"/>
      </object_component>
      <object_component id="oc-819">
         <name>.const:pwmTimerBaseAddr</name>
         <load_address>0x5580</load_address>
         <run_address>0x5580</run_address>
         <size>0x10</size>
         <input_file_ref idref="fl-13"/>
      </object_component>
      <object_component id="oc-3cb">
         <name>.const:PWM_config</name>
         <load_address>0x5590</load_address>
         <run_address>0x5590</run_address>
         <size>0xc</size>
         <input_file_ref idref="fl-3"/>
      </object_component>
      <object_component id="oc-a9">
         <name>.const</name>
         <load_address>0x559c</load_address>
         <run_address>0x559c</run_address>
         <size>0x8</size>
         <input_file_ref idref="fl-1c"/>
      </object_component>
      <object_component id="oc-5ee">
         <name>.const:g_pulEnRegs</name>
         <load_address>0x55a4</load_address>
         <run_address>0x55a4</run_address>
         <size>0x8</size>
         <input_file_ref idref="fl-27"/>
      </object_component>
      <object_component id="oc-551">
         <name>.const:pwmTimerMSP432HWAttrs</name>
         <load_address>0x55ac</load_address>
         <run_address>0x55ac</run_address>
         <size>0x8</size>
         <input_file_ref idref="fl-3"/>
      </object_component>
      <object_component id="oc-400">
         <name>.const:.string:interruptType</name>
         <load_address>0x55b4</load_address>
         <run_address>0x55b4</run_address>
         <size>0x6</size>
         <input_file_ref idref="fl-10"/>
      </object_component>
      <object_component id="oc-3f7">
         <name>.const:.string:portInterruptIds</name>
         <load_address>0x55ba</load_address>
         <run_address>0x55ba</run_address>
         <size>0x6</size>
         <input_file_ref idref="fl-10"/>
      </object_component>
      <object_component id="oc-265">
         <name>.const</name>
         <load_address>0x55c0</load_address>
         <run_address>0x55c0</run_address>
         <size>0x4</size>
         <input_file_ref idref="fl-20"/>
      </object_component>
      <object_component id="oc-281">
         <name>.const</name>
         <load_address>0x55c4</load_address>
         <run_address>0x55c4</run_address>
         <size>0x4</size>
         <input_file_ref idref="fl-1a"/>
      </object_component>
      <object_component id="oc-37d">
         <name>.const:.string</name>
         <load_address>0x55c8</load_address>
         <run_address>0x55c8</run_address>
         <size>0x2</size>
         <input_file_ref idref="fl-20"/>
      </object_component>
      <object_component id="oc-3c8">
         <name>.const</name>
         <load_address>0x55ca</load_address>
         <run_address>0x55ca</run_address>
         <size>0x1</size>
         <input_file_ref idref="fl-3"/>
      </object_component>
      <object_component id="oc-8e6">
         <name>.cinit..data.load</name>
         <load_address>0x55d0</load_address>
         <run_address>0x55d0</run_address>
         <size>0x94</size>
      </object_component>
      <object_component id="oc-8e4">
         <name>__TI_handler_table</name>
         <load_address>0x5664</load_address>
         <run_address>0x5664</run_address>
         <size>0xc</size>
      </object_component>
      <object_component id="oc-8e7">
         <name>.cinit..bss.load</name>
         <load_address>0x5670</load_address>
         <run_address>0x5670</run_address>
         <size>0x8</size>
      </object_component>
      <object_component id="oc-8e8">
         <name>.cinit..vtable.load</name>
         <load_address>0x5678</load_address>
         <run_address>0x5678</run_address>
         <size>0x8</size>
      </object_component>
      <object_component id="oc-8e5">
         <name>__TI_cinit_table</name>
         <load_address>0x5680</load_address>
         <run_address>0x5680</run_address>
         <size>0x18</size>
      </object_component>
      <object_component id="oc-574">
         <name>.data:gpioPinConfigs</name>
         <load_address>0x20008cc0</load_address>
         <run_address>0x20008cc0</run_address>
         <size>0x10</size>
         <input_file_ref idref="fl-3"/>
      </object_component>
      <object_component id="oc-577">
         <name>.data:gpioCallbackFunctions</name>
         <load_address>0x20008cb0</load_address>
         <run_address>0x20008cb0</run_address>
         <size>0x10</size>
         <input_file_ref idref="fl-3"/>
      </object_component>
      <object_component id="oc-3e8">
         <name>.data</name>
         <load_address>0x20008ce0</load_address>
         <run_address>0x20008ce0</run_address>
         <size>0x2</size>
         <input_file_ref idref="fl-10"/>
      </object_component>
      <object_component id="oc-310">
         <name>.data:PowerMSP432_module</name>
         <load_address>0x20008c40</load_address>
         <run_address>0x20008c40</run_address>
         <size>0x2c</size>
         <input_file_ref idref="fl-11"/>
      </object_component>
      <object_component id="oc-46b">
         <name>.data:PowerMSP432_perfLevels</name>
         <load_address>0x200089bc</load_address>
         <run_address>0x200089bc</run_address>
         <size>0x140</size>
         <input_file_ref idref="fl-11"/>
      </object_component>
      <object_component id="oc-3c5">
         <name>.data</name>
         <load_address>0x20008ce2</load_address>
         <run_address>0x20008ce2</run_address>
         <size>0x1</size>
         <input_file_ref idref="fl-12"/>
      </object_component>
      <object_component id="oc-816">
         <name>.data:pwmTimerStatus</name>
         <load_address>0x20008afc</load_address>
         <run_address>0x20008afc</run_address>
         <size>0x110</size>
         <input_file_ref idref="fl-13"/>
      </object_component>
      <object_component id="oc-484">
         <name>.data:HwiP_dispatchTable</name>
         <load_address>0x200081bc</load_address>
         <run_address>0x200081bc</run_address>
         <size>0x800</size>
         <input_file_ref idref="fl-16"/>
      </object_component>
      <object_component id="oc-5f4">
         <name>.data</name>
         <load_address>0x20008cdc</load_address>
         <run_address>0x20008cdc</run_address>
         <size>0x4</size>
         <input_file_ref idref="fl-16"/>
      </object_component>
      <object_component id="oc-a6">
         <name>.data</name>
         <load_address>0x20008c0c</load_address>
         <run_address>0x20008c0c</run_address>
         <size>0x34</size>
         <input_file_ref idref="fl-1a"/>
      </object_component>
      <object_component id="oc-38d">
         <name>.data</name>
         <load_address>0x20008cd0</load_address>
         <run_address>0x20008cd0</run_address>
         <size>0xc</size>
         <input_file_ref idref="fl-1b"/>
      </object_component>
      <object_component id="oc-3a0">
         <name>.data</name>
         <load_address>0x20008c84</load_address>
         <run_address>0x20008c84</run_address>
         <size>0x18</size>
         <input_file_ref idref="fl-1c"/>
      </object_component>
      <object_component id="oc-227">
         <name>.data:defaultPthreadAttrs</name>
         <load_address>0x20008c9c</load_address>
         <run_address>0x20008c9c</run_address>
         <size>0x14</size>
         <input_file_ref idref="fl-20"/>
      </object_component>
      <object_component id="oc-347">
         <name>.data</name>
         <load_address>0x20008c6c</load_address>
         <run_address>0x20008c6c</run_address>
         <size>0x18</size>
         <input_file_ref idref="fl-22"/>
      </object_component>
      <object_component id="oc-3ee">
         <name>.bss:gpioCallbackInfo</name>
         <uninitialized>true</uninitialized>
         <run_address>0x200080c8</run_address>
         <size>0x30</size>
         <input_file_ref idref="fl-10"/>
      </object_component>
      <object_component id="oc-3e7">
         <name>.bss</name>
         <uninitialized>true</uninitialized>
         <run_address>0x200081b0</run_address>
         <size>0x4</size>
         <input_file_ref idref="fl-10"/>
      </object_component>
      <object_component id="oc-868">
         <name>.bss:timerState</name>
         <uninitialized>true</uninitialized>
         <run_address>0x200081b8</run_address>
         <size>0x4</size>
         <input_file_ref idref="fl-14"/>
      </object_component>
      <object_component id="oc-10d">
         <name>.bss:pxReadyTasksLists</name>
         <uninitialized>true</uninitialized>
         <run_address>0x20008000</run_address>
         <size>0xc8</size>
         <input_file_ref idref="fl-1a"/>
      </object_component>
      <object_component id="oc-625">
         <name>.bss:xDelayedTaskList1</name>
         <uninitialized>true</uninitialized>
         <run_address>0x20008120</run_address>
         <size>0x14</size>
         <input_file_ref idref="fl-1a"/>
      </object_component>
      <object_component id="oc-628">
         <name>.bss:xDelayedTaskList2</name>
         <uninitialized>true</uninitialized>
         <run_address>0x20008134</run_address>
         <size>0x14</size>
         <input_file_ref idref="fl-1a"/>
      </object_component>
      <object_component id="oc-123">
         <name>.bss</name>
         <uninitialized>true</uninitialized>
         <run_address>0x20008190</run_address>
         <size>0x8</size>
         <input_file_ref idref="fl-1a"/>
      </object_component>
      <object_component id="oc-379">
         <name>.bss:xPendingReadyList</name>
         <uninitialized>true</uninitialized>
         <run_address>0x20008148</run_address>
         <size>0x14</size>
         <input_file_ref idref="fl-1a"/>
      </object_component>
      <object_component id="oc-53b">
         <name>.bss:xTasksWaitingTermination</name>
         <uninitialized>true</uninitialized>
         <run_address>0x20008170</run_address>
         <size>0x14</size>
         <input_file_ref idref="fl-1a"/>
      </object_component>
      <object_component id="oc-62b">
         <name>.bss:xSuspendedTaskList</name>
         <uninitialized>true</uninitialized>
         <run_address>0x2000815c</run_address>
         <size>0x14</size>
         <input_file_ref idref="fl-1a"/>
      </object_component>
      <object_component id="oc-50a">
         <name>.bss:xActiveTimerList1</name>
         <uninitialized>true</uninitialized>
         <run_address>0x200080f8</run_address>
         <size>0x14</size>
[...]
         <value>0x4e1d</value>
         <object_component_ref idref="oc-3cf"/>
      </symbol>
      <symbol id="sm-6c8">
         <name>xQueueGenericSendFromISR</name>
         <value>0x14d1</value>
         <object_component_ref idref="oc-798"/>
      </symbol>
      <symbol id="sm-6c9">
         <name>xQueueGenericCreate</name>
         <value>0x2fd1</value>
         <object_component_ref idref="oc-235"/>
      </symbol>
      <symbol id="sm-6ca">
         <name>xQueueGenericSend</name>
         <value>0xaa1</value>
         <object_component_ref idref="oc-4f1"/>
      </symbol>
      <symbol id="sm-6cb">
         <name>xQueueGenericReset</name>
         <value>0x2b09</value>
         <object_component_ref idref="oc-4ba"/>
      </symbol>
      <symbol id="sm-6cc">
         <name>xQueueReceiveFromISR</name>
         <value>0x1f71</value>
         <object_component_ref idref="oc-55e"/>
      </symbol>
      <symbol id="sm-6cd">
         <name>xQueueSemaphoreTake</name>
         <value>0x8cd</value>
         <object_component_ref idref="oc-564"/>
      </symbol>
      <symbol id="sm-6ce">
         <name>xQueueGiveFromISR</name>
         <value>0x1a61</value>
         <object_component_ref idref="oc-56b"/>
      </symbol>
      <symbol id="sm-6cf">
         <name>vQueueWaitForMessageRestricted</name>
         <value>0x4381</value>
         <object_component_ref idref="oc-688"/>
      </symbol>
      <symbol id="sm-6d0">
         <name>vQueueDelete</name>
         <value>0x509b</value>
         <object_component_ref idref="oc-259"/>
      </symbol>
      <symbol id="sm-6d1">
         <name>xQueueReceive</name>
         <value>0xe05</value>
         <object_component_ref idref="oc-69b"/>
      </symbol>
      <symbol id="sm-999">
         <name>vTaskDelay</name>
         <value>0x43dd</value>
         <object_component_ref idref="oc-414"/>
      </symbol>
      <symbol id="sm-99a">
         <name>vTaskSuspendAll</name>
         <value>0x53c5</value>
         <object_component_ref idref="oc-247"/>
      </symbol>
      <symbol id="sm-99b">
         <name>vTaskPlaceOnEventList</name>
         <value>0x4c9d</value>
         <object_component_ref idref="oc-657"/>
      </symbol>
      <symbol id="sm-99c">
         <name>pvTaskGetThreadLocalStoragePointer</name>
         <value>0x49c5</value>
         <object_component_ref idref="oc-71a"/>
      </symbol>
      <symbol id="sm-99d">
         <name>xTaskCheckForTimeOut</name>
         <value>0x2bc1</value>
         <object_component_ref idref="oc-64b"/>
      </symbol>
      <symbol id="sm-99e">
         <name>xTaskPriorityDisinherit</name>
         <value>0x273d</value>
         <object_component_ref idref="oc-770"/>
      </symbol>
      <symbol id="sm-99f">
         <name>vTaskStartScheduler</name>
         <value>0x32fd</value>
         <object_component_ref idref="oc-154"/>
      </symbol>
      <symbol id="sm-9a0">
         <name>vTaskInternalSetTimeOutState</name>
         <value>0x50c1</value>
         <object_component_ref idref="oc-645"/>
      </symbol>
      <symbol id="sm-9a1">
         <name>pvTaskIncrementMutexHeldCount</name>
         <value>0x5221</value>
         <object_component_ref idref="oc-6f6"/>
      </symbol>
      <symbol id="sm-9a2">
         <name>vTaskSetThreadLocalStoragePointer</name>
         <value>0x4619</value>
         <object_component_ref idref="oc-722"/>
      </symbol>
      <symbol id="sm-9a3">
         <name>vTaskPriorityDisinheritAfterTimeout</name>
         <value>0x1c75</value>
         <object_component_ref idref="oc-70e"/>
      </symbol>
      <symbol id="sm-9a4">
         <name>xTaskCreate</name>
         <value>0x3ae1</value>
         <object_component_ref idref="oc-24d"/>
      </symbol>
      <symbol id="sm-9a5">
         <name>vTaskMissedYield</name>
         <value>0x5455</value>
         <object_component_ref idref="oc-77b"/>
      </symbol>
      <symbol id="sm-9a6">
         <name>xTaskResumeAll</name>
         <value>0x1719</value>
         <object_component_ref idref="oc-25f"/>
      </symbol>
      <symbol id="sm-9a7">
         <name>vTaskSetApplicationTaskTag</name>
         <value>0x4e49</value>
         <object_component_ref idref="oc-253"/>
      </symbol>
      <symbol id="sm-9a8">
         <name>xTaskGetTickCount</name>
         <value>0x5371</value>
         <object_component_ref idref="oc-783"/>
      </symbol>
      <symbol id="sm-9a9">
         <name>vTaskDelete</name>
         <value>0x1d79</value>
         <object_component_ref idref="oc-4fd"/>
      </symbol>
      <symbol id="sm-9aa">
         <name>xTaskGetApplicationTaskTag</name>
         <value>0x4f91</value>
         <object_component_ref idref="oc-635"/>
      </symbol>
      <symbol id="sm-9ab">
         <name>pxCurrentTCB</name>
         <value>0x20008c0c</value>
         <object_component_ref idref="oc-a6"/>
      </symbol>
      <symbol id="sm-9ac">
         <name>vTaskSuspend</name>
         <value>0x1835</value>
         <object_component_ref idref="oc-4f7"/>
      </symbol>
      <symbol id="sm-9ad">
         <name>uxTopUsedPriority</name>
         <value>0x55c4</value>
         <object_component_ref idref="oc-281"/>
      </symbol>
      <symbol id="sm-9ae">
         <name>vTaskPlaceOnEventListRestricted</name>
         <value>0x4909</value>
         <object_component_ref idref="oc-790"/>
      </symbol>
      <symbol id="sm-9af">
         <name>xTaskIncrementTick</name>
         <value>0x1259</value>
         <object_component_ref idref="oc-b3"/>
      </symbol>
      <symbol id="sm-9b0">
         <name>vTaskSwitchContext</name>
         <value>0x2309</value>
         <object_component_ref idref="oc-ac"/>
      </symbol>
      <symbol id="sm-9b1">
         <name>xTaskGetSchedulerState</name>
         <value>0x4dc1</value>
         <object_component_ref idref="oc-241"/>
      </symbol>
      <symbol id="sm-9b2">
         <name>xTaskGetCurrentTaskHandle</name>
         <value>0x535d</value>
         <object_component_ref idref="oc-62f"/>
      </symbol>
      <symbol id="sm-9b3">
         <name>xTaskRemoveFromEventList</name>
         <value>0x3079</value>
         <object_component_ref idref="oc-616"/>
      </symbol>
      <symbol id="sm-9b4">
         <name>xTaskPriorityInherit</name>
         <value>0x24c1</value>
         <object_component_ref idref="oc-702"/>
      </symbol>
      <symbol id="sm-a98">
         <name>xTimerCreateTimerTask</name>
         <value>0x44e1</value>
         <object_component_ref idref="oc-26f"/>
      </symbol>
      <symbol id="sm-a99">
         <name>xTimerGenericCommand</name>
         <value>0x3771</value>
         <object_component_ref idref="oc-695"/>
      </symbol>
      <symbol id="sm-b2c">
         <name>ulMaxSyscallInterruptPriority</name>
         <value>0x559c</value>
         <object_component_ref idref="oc-a9"/>
      </symbol>
      <symbol id="sm-b2d">
         <name>vPortSetupTimerInterrupt</name>
         <value>0x3c4d</value>
         <object_component_ref idref="oc-39a"/>
      </symbol>
      <symbol id="sm-b2e">
         <name>xPortSysTickHandler</name>
         <value>0x4e75</value>
         <object_component_ref idref="oc-65"/>
      </symbol>
      <symbol id="sm-b2f">
         <name>vPortValidateInterruptPriority</name>
         <value>0x3d39</value>
         <object_component_ref idref="oc-6e9"/>
      </symbol>
      <symbol id="sm-b30">
         <name>pxPortInitialiseStack</name>
         <value>0x420d</value>
         <object_component_ref idref="oc-4c7"/>
      </symbol>
      <symbol id="sm-b31">
         <name>vPortExitCritical</name>
         <value>0x4d91</value>
         <object_component_ref idref="oc-371"/>
      </symbol>
      <symbol id="sm-b32">
         <name>xPortStartScheduler</name>
         <value>0x266d</value>
         <object_component_ref idref="oc-275"/>
      </symbol>
      <symbol id="sm-b33">
         <name>vPortEnterCritical</name>
         <value>0x45cd</value>
         <object_component_ref idref="oc-36b"/>
      </symbol>
      <symbol id="sm-b42">
         <name>vPortStartFirstTask</name>
         <value>0x248d</value>
         <object_component_ref idref="oc-60"/>
      </symbol>
      <symbol id="sm-b43">
         <name>ulPortGetIPSR</name>
         <value>0x23f5</value>
         <object_component_ref idref="oc-60"/>
      </symbol>
      <symbol id="sm-b44">
         <name>vPortEnableVFP</name>
         <value>0x24b1</value>
         <object_component_ref idref="oc-60"/>
      </symbol>
      <symbol id="sm-b45">
         <name>xPortPendSVHandler</name>
         <value>0x240d</value>
         <object_component_ref idref="oc-60"/>
      </symbol>
      <symbol id="sm-b46">
         <name>vPortSVCHandler</name>
         <value>0x246d</value>
         <object_component_ref idref="oc-60"/>
      </symbol>
      <symbol id="sm-b79">
         <name>resetISR</name>
         <value>0x5349</value>
         <object_component_ref idref="oc-1c"/>
      </symbol>
      <symbol id="sm-b7a">
         <name>interruptVectors</name>
         <value>0x0</value>
         <object_component_ref idref="oc-23"/>
      </symbol>
      <symbol id="sm-b98">
         <name>PTLS_getBuf</name>
         <value>0x52b9</value>
         <object_component_ref idref="oc-58c"/>
      </symbol>
      <symbol id="sm-b99">
         <name>PTLS_setBuf</name>
         <value>0x52cf</value>
         <object_component_ref idref="oc-592"/>
      </symbol>
      <symbol id="sm-b9a">
         <name>PTLS_taskDeleteHook</name>
         <value>0x523d</value>
         <object_component_ref idref="oc-665"/>
      </symbol>
      <symbol id="sm-c41">
         <name>pthread_create</name>
         <value>0x1399</value>
         <object_component_ref idref="oc-14e"/>
      </symbol>
      <symbol id="sm-c42">
         <name>pthread_attr_init</name>
         <value>0x5205</value>
         <object_component_ref idref="oc-136"/>
      </symbol>
      <symbol id="sm-c43">
         <name>pthread_self</name>
         <value>0x5335</value>
         <object_component_ref idref="oc-4d9"/>
      </symbol>
      <symbol id="sm-c44">
         <name>pthread_attr_setschedparam</name>
         <value>0x4f69</value>
         <object_component_ref idref="oc-13c"/>
      </symbol>
      <symbol id="sm-c45">
         <name>pthread_attr_setdetachstate</name>
         <value>0x5107</value>
         <object_component_ref idref="oc-142"/>
      </symbol>
      <symbol id="sm-c46">
         <name>pthread_attr_setstacksize</name>
         <value>0x5321</value>
         <object_component_ref idref="oc-148"/>
      </symbol>
      <symbol id="sm-c47">
         <name>pthread_setcancelstate</name>
         <value>0x4949</value>
         <object_component_ref idref="oc-4df"/>
      </symbol>
      <symbol id="sm-c48">
         <name>_pthread_cleanup_pop</name>
         <value>0x5005</value>
         <object_component_ref idref="oc-4e5"/>
      </symbol>
      <symbol id="sm-c49">
         <name>pthread_exit</name>
         <value>0x4325</value>
         <object_component_ref idref="oc-380"/>
      </symbol>
      <symbol id="sm-c57">
         <name>usleep</name>
         <value>0x4a01</value>
         <object_component_ref idref="oc-2bb"/>
      </symbol>
      <symbol id="sm-cd8">
         <name>pvPortMalloc</name>
         <value>0xc59</value>
         <object_component_ref idref="oc-22f"/>
      </symbol>
      <symbol id="sm-cd9">
         <name>vPortFree</name>
         <value>0x2f29</value>
         <object_component_ref idref="oc-23b"/>
      </symbol>
      <symbol id="sm-d0b">
         <name>uxListRemove</name>
         <value>0x46f5</value>
         <object_component_ref idref="oc-117"/>
      </symbol>
      <symbol id="sm-d0c">
         <name>vListInsert</name>
         <value>0x3fb9</value>
         <object_component_ref idref="oc-732"/>
      </symbol>
      <symbol id="sm-d0d">
         <name>vListInitialiseItem</name>
         <value>0x53b5</value>
         <object_component_ref idref="oc-4c1"/>
      </symbol>
      <symbol id="sm-d0e">
         <name>vListInsertEnd</name>
         <value>0x4a3d</value>
         <object_component_ref idref="oc-11d"/>
      </symbol>
      <symbol id="sm-d0f">
         <name>vListInitialise</name>
         <value>0x4d61</value>
         <object_component_ref idref="oc-504"/>
      </symbol>
      <symbol id="sm-d2c">
         <name>__aeabi_errno_addr</name>
         <value>0x4849</value>
         <object_component_ref idref="oc-40e"/>
      </symbol>
      <symbol id="sm-d46">
         <name>CPU_cpsie</name>
         <value>0x5417</value>
         <object_component_ref idref="oc-60b"/>
      </symbol>
      <symbol id="sm-d47">
         <name>CPU_cpsid</name>
         <value>0x540b</value>
         <object_component_ref idref="oc-5f9"/>
      </symbol>
      <symbol id="sm-e31">
         <name>CS_getMCLK</name>
         <value>0x4ea1</value>
         <object_component_ref idref="oc-52c"/>
      </symbol>
      <symbol id="sm-e32">
         <name>CS_clearInterruptFlag</name>
         <value>0x4cd1</value>
         <object_component_ref idref="oc-7a6"/>
      </symbol>
      <symbol id="sm-e33">
         <name>CS_getDCOFrequency</name>
         <value>0x1e79</value>
         <object_component_ref idref="oc-7ac"/>
      </symbol>
      <symbol id="sm-e34">
         <name>CS_setExternalClockSourceFrequency</name>
         <value>0x5129</value>
         <object_component_ref idref="oc-44d"/>
      </symbol>
      <symbol id="sm-e35">
         <name>CS_startHFXTWithTimeout</name>
         <value>0x2069</value>
         <object_component_ref idref="oc-459"/>
      </symbol>
      <symbol id="sm-e36">
         <name>CS_startLFXTWithTimeout</name>
         <value>0x214d</value>
         <object_component_ref idref="oc-45f"/>
      </symbol>
      <symbol id="sm-e77">
         <name>Interrupt_setPriority</name>
         <value>0x4439</value>
         <object_component_ref idref="oc-478"/>
      </symbol>
      <symbol id="sm-e78">
         <name>Interrupt_enableInterrupt</name>
         <value>0x37f5</value>
         <object_component_ref idref="oc-47e"/>
      </symbol>
      <symbol id="sm-e79">
         <name>Interrupt_registerInterrupt</name>
         <value>0x426d</value>
         <object_component_ref idref="oc-472"/>
      </symbol>
      <symbol id="sm-e7a">
         <name>g_pfnRAMVectors</name>
         <value>0x20009000</value>
         <object_component_ref idref="oc-5e5"/>
      </symbol>
      <symbol id="sm-e86">
         <name>SysCtl_getNMISourceStatus</name>
         <value>0x53a5</value>
         <object_component_ref idref="oc-843"/>
      </symbol>
      <symbol id="sm-eba">
         <name>SysCtl_A_enableNMISource</name>
         <value>0x5289</value>
         <object_component_ref idref="oc-5cb"/>
      </symbol>
      <symbol id="sm-ebb">
         <name>SysCtl_A_getTLVInfo</name>
         <value>0x34c5</value>
         <object_component_ref idref="oc-852"/>
      </symbol>
      <symbol id="sm-ebc">
         <name>SysCtl_A_getNMISourceStatus</name>
         <value>0x5395</value>
         <object_component_ref idref="oc-5b9"/>
      </symbol>
      <symbol id="sm-ebd">
         <name>SysCtl_A_disableNMISource</name>
         <value>0x5271</value>
         <object_component_ref idref="oc-5bf"/>
      </symbol>
      <symbol id="sm-ed8">
         <name>memcpy</name>
         <value>0x3261</value>
         <object_component_ref idref="oc-34"/>
      </symbol>
      <symbol id="sm-ed9">
         <name>__aeabi_memcpy</name>
         <value>0x3261</value>
         <object_component_ref idref="oc-34"/>
      </symbol>
      <symbol id="sm-eda">
         <name>__aeabi_memcpy8</name>
         <value>0x3261</value>
         <object_component_ref idref="oc-34"/>
      </symbol>
      <symbol id="sm-edb">
         <name>__aeabi_memcpy4</name>
         <value>0x3261</value>
         <object_component_ref idref="oc-34"/>
      </symbol>
      <symbol id="sm-ee8">
         <name>__aeabi_uldivmod</name>
         <value>0x3399</value>
         <object_component_ref idref="oc-871"/>
      </symbol>
      <symbol id="sm-ef7">
         <name>__aeabi_memset</name>
         <value>0x3a69</value>
         <object_component_ref idref="oc-85"/>
      </symbol>
      <symbol id="sm-ef8">
         <name>memset</name>
         <value>0x3a6f</value>
         <object_component_ref idref="oc-85"/>
      </symbol>
      <symbol id="sm-ef9">
         <name>__aeabi_memset8</name>
         <value>0x3a69</value>
         <object_component_ref idref="oc-85"/>
      </symbol>
      <symbol id="sm-efa">
         <name>__aeabi_memset4</name>
         <value>0x3a69</value>
         <object_component_ref idref="oc-85"/>
      </symbol>
      <symbol id="sm-efb">
         <name>__aeabi_memclr8</name>
         <value>0x3a67</value>
         <object_component_ref idref="oc-85"/>
      </symbol>
      <symbol id="sm-efc">
         <name>__aeabi_memclr4</name>
         <value>0x3a67</value>
         <object_component_ref idref="oc-85"/>
      </symbol>
      <symbol id="sm-efd">
         <name>__aeabi_memclr</name>
         <value>0x3a67</value>
         <object_component_ref idref="oc-85"/>
      </symbol>
      <symbol id="sm-f14">
         <name>__TI_zero_init</name>
         <value>0x5449</value>
         <object_component_ref idref="oc-46"/>
      </symbol>
      <symbol id="sm-f2b">
         <name>__TI_decompress_none</name>
         <value>0x53d5</value>
         <object_component_ref idref="oc-15"/>
      </symbol>
      <symbol id="sm-f4e">
         <name>__TI_decompress_lzss</name>
         <value>0x3ee9</value>
         <object_component_ref idref="oc-f"/>
      </symbol>
      <symbol id="sm-f61">
         <name>__stack</name>
         <value>0x2000fc00</value>
         <object_component_ref idref="oc-26"/>
      </symbol>
      <symbol id="sm-f62">
         <name>_c_int00_noargs</name>
         <value>0x4c35</value>
         <object_component_ref idref="oc-91"/>
      </symbol>
      <symbol id="sm-f6c">
         <name>__aeabi_idiv0</name>
         <value>0x3b5b</value>
         <object_component_ref idref="oc-8a5"/>
      </symbol>
      <symbol id="sm-f6d">
         <name>__aeabi_ldiv0</name>
         <value>0x3b5b</value>
         <object_component_ref idref="oc-8a5"/>
      </symbol>
      <symbol id="sm-f95">
         <name>__TI_auto_init_nobinit_nopinit</name>
         <value>0x4781</value>
         <object_component_ref idref="oc-177"/>
      </symbol>
      <symbol id="sm-f9f">
         <name>_system_pre_init</name>
         <value>0x549f</value>
         <object_component_ref idref="oc-df"/>
      </symbol>
      <symbol id="sm-fab">
         <name>C$$EXIT</name>
         <value>0x54a3</value>
         <object_component_ref idref="oc-16b"/>
      </symbol>
      <symbol id="sm-fac">
         <name>abort</name>
         <value>0x54a3</value>
         <object_component_ref idref="oc-16b"/>
      </symbol>
      <symbol id="sm-faf">
         <name>__TI_static_base__</name>
         <value>0x55d0</value>
      </symbol>
      <symbol id="sm-fb2">
         <name>__mpu_init</name>
         <value>0x0</value>
      </symbol>
      <symbol id="sm-fb3">
         <name>_system_post_cinit</name>
         <value>0x0</value>
      </symbol>
   </symbol_table>
   <title>Link successful</title>
</link_info>
